<?xml version="1.0" encoding="utf-8"?>
<CoverageSession xmlns:xsd="http://www.w3.org/2001/XMLSchema" xmlns:xsi="http://www.w3.org/2001/XMLSchema-instance">
  <Summary numSequencePoints="803" visitedSequencePoints="624" numBranchPoints="263" visitedBranchPoints="186" sequenceCoverage="77.71" branchCoverage="70.72" maxCyclomaticComplexity="25" minCyclomaticComplexity="1" visitedClasses="45" numClasses="61" visitedMethods="106" numMethods="143" />
  <Modules>
    <Module skippedDueTo="Filter" hash="B2-E7-C6-75-5A-8F-45-0B-CA-A7-A6-86-F2-5E-94-26-D2-45-2F-3F">
      <ModulePath>C:\Program Files\dotnet\shared\Microsoft.NETCore.App\2.1.0\System.Private.CoreLib.dll</ModulePath>
      <ModuleTime>2018-05-15T21:03:40Z</ModuleTime>
      <ModuleName>System.Private.CoreLib</ModuleName>
      <Classes />
    </Module>
    <Module skippedDueTo="MissingPdb" hash="2B-FA-51-67-24-04-EA-9E-F0-4F-31-BC-83-93-95-5A-B6-73-00-98">
      <ModulePath>C:\Program Files\dotnet\sdk\2.1.300\dotnet.dll</ModulePath>
      <ModuleTime>2018-05-22T22:56:18Z</ModuleTime>
      <ModuleName>dotnet</ModuleName>
      <Classes />
    </Module>
    <Module skippedDueTo="Filter" hash="9F-39-BF-B3-E6-CA-45-5F-FF-EC-C9-17-D3-19-65-B0-6E-2F-17-4E">
      <ModulePath>C:\Program Files\dotnet\shared\Microsoft.NETCore.App\2.1.0\System.Runtime.dll</ModulePath>
      <ModuleTime>2018-05-15T21:03:38Z</ModuleTime>
      <ModuleName>System.Runtime</ModuleName>
      <Classes />
    </Module>
    <Module skippedDueTo="MissingPdb" hash="10-D9-5E-5F-C1-30-6D-DC-D5-57-8D-8E-D0-DC-07-D7-C0-91-30-27">
      <ModulePath>C:\Program Files\dotnet\sdk\2.1.300\Microsoft.DotNet.Cli.Utils.dll</ModulePath>
      <ModuleTime>2018-05-22T23:00:08Z</ModuleTime>
      <ModuleName>Microsoft.DotNet.Cli.Utils</ModuleName>
      <Classes />
    </Module>
    <Module skippedDueTo="MissingPdb" hash="CE-9A-28-50-C8-7A-CB-EA-AB-DB-66-61-78-38-6D-69-39-93-C5-40">
      <ModulePath>C:\Program Files\dotnet\shared\Microsoft.NETCore.App\2.1.0\netstandard.dll</ModulePath>
      <ModuleTime>2018-05-15T21:03:40Z</ModuleTime>
      <ModuleName>netstandard</ModuleName>
      <Classes />
    </Module>
    <Module skippedDueTo="Filter" hash="8D-7A-CE-FA-10-05-D7-6F-3C-AC-3E-F0-BA-01-AD-CE-0B-22-99-8B">
      <ModulePath>C:\Program Files\dotnet\shared\Microsoft.NETCore.App\2.1.0\System.Runtime.Extensions.dll</ModulePath>
      <ModuleTime>2018-05-15T21:03:38Z</ModuleTime>
      <ModuleName>System.Runtime.Extensions</ModuleName>
      <Classes />
    </Module>
    <Module skippedDueTo="Filter" hash="40-85-75-1E-6D-24-67-1C-AF-4E-3B-D9-80-9C-3F-AB-6D-60-D4-C0">
      <ModulePath>C:\Program Files\dotnet\shared\Microsoft.NETCore.App\2.1.0\System.Runtime.Loader.dll</ModulePath>
      <ModuleTime>2018-05-15T21:03:38Z</ModuleTime>
      <ModuleName>System.Runtime.Loader</ModuleName>
      <Classes />
    </Module>
    <Module skippedDueTo="MissingPdb" hash="25-FE-65-CF-8D-DE-90-81-68-78-51-35-16-D5-62-62-94-42-F1-2D">
      <ModulePath>C:\Program Files\dotnet\sdk\2.1.300\Microsoft.DotNet.PlatformAbstractions.dll</ModulePath>
      <ModuleTime>2018-05-22T23:00:08Z</ModuleTime>
      <ModuleName>Microsoft.DotNet.PlatformAbstractions</ModuleName>
      <Classes />
    </Module>
    <Module skippedDueTo="Filter" hash="BD-CE-88-18-22-8A-25-85-EF-42-FE-24-18-B9-4F-9D-F6-47-F0-A9">
      <ModulePath>C:\Program Files\dotnet\shared\Microsoft.NETCore.App\2.1.0\System.Runtime.InteropServices.RuntimeInformation.dll</ModulePath>
      <ModuleTime>2018-05-15T21:03:38Z</ModuleTime>
      <ModuleName>System.Runtime.InteropServices.RuntimeInformation</ModuleName>
      <Classes />
    </Module>
    <Module skippedDueTo="Filter" hash="7C-48-0B-B8-42-17-41-57-6D-4B-89-E5-56-89-D0-D0-8F-11-92-5B">
      <ModulePath>C:\Program Files\dotnet\shared\Microsoft.NETCore.App\2.1.0\System.Runtime.InteropServices.dll</ModulePath>
      <ModuleTime>2018-05-15T21:03:38Z</ModuleTime>
      <ModuleName>System.Runtime.InteropServices</ModuleName>
      <Classes />
    </Module>
    <Module skippedDueTo="Filter" hash="DC-82-33-86-1B-03-21-60-3C-01-E1-E1-DD-56-79-12-7A-1D-2E-21">
      <ModulePath>C:\Program Files\dotnet\shared\Microsoft.NETCore.App\2.1.0\System.Threading.dll</ModulePath>
      <ModuleTime>2018-05-15T21:03:38Z</ModuleTime>
      <ModuleName>System.Threading</ModuleName>
      <Classes />
    </Module>
    <Module skippedDueTo="Filter" hash="25-50-01-7A-06-31-FD-01-25-66-B3-FF-54-A1-13-10-BF-28-EA-43">
      <ModulePath>C:\Program Files\dotnet\shared\Microsoft.NETCore.App\2.1.0\System.IO.FileSystem.dll</ModulePath>
      <ModuleTime>2018-05-15T21:03:34Z</ModuleTime>
      <ModuleName>System.IO.FileSystem</ModuleName>
      <Classes />
    </Module>
    <Module skippedDueTo="Filter" hash="66-45-6C-B8-6E-33-46-CE-D5-9F-71-FB-DC-B0-1E-2B-68-D1-4A-7D">
      <ModulePath>C:\Program Files\dotnet\sdk\2.1.300\runtimes\win\lib\netcoreapp2.0\System.Text.Encoding.CodePages.dll</ModulePath>
      <ModuleTime>2018-05-22T22:56:18Z</ModuleTime>
      <ModuleName>System.Text.Encoding.CodePages</ModuleName>
      <Classes />
    </Module>
    <Module skippedDueTo="Filter" hash="24-71-BF-19-D6-43-AE-96-67-A7-D6-7A-23-51-8F-EA-D9-BB-9E-0B">
      <ModulePath>C:\Program Files\dotnet\shared\Microsoft.NETCore.App\2.1.0\System.Collections.dll</ModulePath>
      <ModuleTime>2018-05-15T21:03:34Z</ModuleTime>
      <ModuleName>System.Collections</ModuleName>
      <Classes />
    </Module>
    <Module skippedDueTo="Filter" hash="9E-5F-AD-60-04-57-6F-40-C1-C3-F9-E2-BC-8E-5E-64-5E-61-98-48">
      <ModulePath>C:\Program Files\dotnet\shared\Microsoft.NETCore.App\2.1.0\System.Collections.Concurrent.dll</ModulePath>
      <ModuleTime>2018-05-15T21:03:34Z</ModuleTime>
      <ModuleName>System.Collections.Concurrent</ModuleName>
      <Classes />
    </Module>
    <Module skippedDueTo="Filter" hash="D0-AD-42-F2-E9-D2-D4-94-0D-63-8C-61-4E-52-4F-0D-DA-1A-CD-6F">
      <ModulePath>C:\Program Files\dotnet\shared\Microsoft.NETCore.App\2.1.0\System.Threading.Thread.dll</ModulePath>
      <ModuleTime>2018-05-15T21:03:38Z</ModuleTime>
      <ModuleName>System.Threading.Thread</ModuleName>
      <Classes />
    </Module>
    <Module skippedDueTo="MissingPdb" hash="43-AC-B9-A0-7E-21-D1-DB-A8-42-3B-84-83-FD-34-8D-97-77-3A-87">
      <ModulePath>C:\Program Files\dotnet\sdk\2.1.300\Microsoft.DotNet.Configurer.dll</ModulePath>
      <ModuleTime>2018-05-22T23:00:08Z</ModuleTime>
      <ModuleName>Microsoft.DotNet.Configurer</ModuleName>
      <Classes />
    </Module>
    <Module skippedDueTo="MissingPdb" hash="98-6B-2F-2D-04-DB-0A-94-C1-B7-FA-63-EF-04-60-1A-1E-61-B4-43">
      <ModulePath>C:\Program Files\dotnet\sdk\2.1.300\Microsoft.DotNet.Cli.CommandLine.dll</ModulePath>
      <ModuleTime>2018-05-22T23:00:08Z</ModuleTime>
      <ModuleName>Microsoft.DotNet.Cli.CommandLine</ModuleName>
      <Classes />
    </Module>
    <Module skippedDueTo="Filter" hash="75-89-4A-9A-A6-FC-DB-A1-DD-35-84-48-C9-3B-21-8A-92-4A-92-5F">
      <ModulePath>C:\Program Files\dotnet\shared\Microsoft.NETCore.App\2.1.0\System.Diagnostics.Process.dll</ModulePath>
      <ModuleTime>2018-05-15T21:03:34Z</ModuleTime>
      <ModuleName>System.Diagnostics.Process</ModuleName>
      <Classes />
    </Module>
    <Module skippedDueTo="MissingPdb" hash="5D-42-85-92-97-CA-1E-FF-47-73-15-41-50-01-36-CD-4A-CD-55-6C">
      <ModulePath>C:\Program Files\dotnet\sdk\2.1.300\Microsoft.DotNet.InternalAbstractions.dll</ModulePath>
      <ModuleTime>2018-05-22T23:00:08Z</ModuleTime>
      <ModuleName>Microsoft.DotNet.InternalAbstractions</ModuleName>
      <Classes />
    </Module>
    <Module skippedDueTo="Filter" hash="9F-99-A9-A6-DD-81-FE-32-D3-9F-D2-E3-AD-B9-5F-98-E3-C3-D3-BD">
      <ModulePath>C:\Program Files\dotnet\shared\Microsoft.NETCore.App\2.1.0\System.Linq.dll</ModulePath>
      <ModuleTime>2018-05-15T21:03:36Z</ModuleTime>
      <ModuleName>System.Linq</ModuleName>
      <Classes />
    </Module>
    <Module skippedDueTo="MissingPdb" hash="D2-56-A4-DE-8B-E4-74-DB-2A-9D-96-42-3C-8E-47-75-8A-85-8F-DA">
      <ModulePath>C:\Program Files\dotnet\sdk\2.1.300\NuGet.Frameworks.dll</ModulePath>
      <ModuleTime>2018-05-22T23:03:40Z</ModuleTime>
      <ModuleName>NuGet.Frameworks</ModuleName>
      <Classes />
    </Module>
    <Module skippedDueTo="Filter" hash="FB-2A-22-7D-6B-48-6C-07-93-20-FE-9E-D2-85-0C-2E-DA-B6-18-C7">
      <ModulePath>C:\Program Files\dotnet\shared\Microsoft.NETCore.App\2.1.0\System.Console.dll</ModulePath>
      <ModuleTime>2018-05-15T21:03:34Z</ModuleTime>
      <ModuleName>System.Console</ModuleName>
      <Classes />
    </Module>
    <Module skippedDueTo="Filter" hash="3C-1A-D1-7D-BD-42-C9-7D-FE-CD-90-2F-00-88-4C-15-52-1E-4E-0F">
      <ModulePath>C:\Program Files\dotnet\shared\Microsoft.NETCore.App\2.1.0\System.IO.FileSystem.Primitives.dll</ModulePath>
      <ModuleTime>2018-05-15T21:03:34Z</ModuleTime>
      <ModuleName>System.IO.FileSystem.Primitives</ModuleName>
      <Classes />
    </Module>
    <Module skippedDueTo="Filter" hash="AE-68-82-F2-C5-D2-6B-96-09-C2-97-18-05-09-35-66-CE-14-B6-EC">
      <ModulePath>C:\Program Files\dotnet\shared\Microsoft.NETCore.App\2.1.0\System.AppContext.dll</ModulePath>
      <ModuleTime>2018-05-15T21:03:32Z</ModuleTime>
      <ModuleName>System.AppContext</ModuleName>
      <Classes />
    </Module>
    <Module skippedDueTo="Filter" hash="99-33-4D-CD-87-78-88-0E-F6-12-EF-CA-31-D9-97-F4-A8-D8-3D-E1">
      <ModulePath>C:\Program Files\dotnet\shared\Microsoft.NETCore.App\2.1.0\System.Memory.dll</ModulePath>
      <ModuleTime>2018-05-15T21:03:36Z</ModuleTime>
      <ModuleName>System.Memory</ModuleName>
      <Classes />
    </Module>
    <Module skippedDueTo="Filter" hash="93-AD-CD-25-C3-0E-A0-A6-7A-07-9E-D5-7A-CB-BF-3D-90-A1-F9-C5">
      <ModulePath>C:\Program Files\dotnet\shared\Microsoft.NETCore.App\2.1.0\System.IO.dll</ModulePath>
      <ModuleTime>2018-05-15T21:03:36Z</ModuleTime>
      <ModuleName>System.IO</ModuleName>
      <Classes />
    </Module>
    <Module skippedDueTo="Filter" hash="4B-C9-61-40-58-3E-0C-63-D9-7B-DD-60-9F-00-0F-85-73-7E-F7-06">
      <ModulePath>C:\Program Files\dotnet\shared\Microsoft.NETCore.App\2.1.0\System.Text.Encoding.Extensions.dll</ModulePath>
      <ModuleTime>2018-05-15T21:03:38Z</ModuleTime>
      <ModuleName>System.Text.Encoding.Extensions</ModuleName>
      <Classes />
    </Module>
    <Module skippedDueTo="MissingPdb" hash="0D-0F-7D-34-CA-A6-65-47-7B-9A-11-AC-9B-85-8D-E3-52-ED-44-21">
      <ModulePath>C:\Program Files\dotnet\sdk\2.1.300\Microsoft.ApplicationInsights.dll</ModulePath>
      <ModuleTime>2018-05-22T23:00:08Z</ModuleTime>
      <ModuleName>Microsoft.ApplicationInsights</ModuleName>
      <Classes />
    </Module>
    <Module skippedDueTo="Filter" hash="99-CC-76-16-41-8D-C7-16-82-C9-39-01-13-46-6B-62-39-B8-7E-32">
      <ModulePath>C:\Program Files\dotnet\shared\Microsoft.NETCore.App\2.1.0\System.Reflection.Extensions.dll</ModulePath>
      <ModuleTime>2018-05-15T21:03:38Z</ModuleTime>
      <ModuleName>System.Reflection.Extensions</ModuleName>
      <Classes />
    </Module>
    <Module skippedDueTo="Filter" hash="1E-3D-7F-D9-96-A2-6B-1F-8A-00-47-08-B1-B4-3D-4B-FC-82-C0-E0">
      <ModulePath>C:\Program Files\dotnet\shared\Microsoft.NETCore.App\2.1.0\System.Reflection.dll</ModulePath>
      <ModuleTime>2018-05-15T21:03:38Z</ModuleTime>
      <ModuleName>System.Reflection</ModuleName>
      <Classes />
    </Module>
    <Module skippedDueTo="Filter" hash="7B-69-F4-1E-A3-58-9E-D6-28-EB-77-F1-9D-13-F7-D8-20-E7-06-CC">
      <ModulePath>C:\Program Files\dotnet\shared\Microsoft.NETCore.App\2.1.0\System.Xml.XDocument.dll</ModulePath>
      <ModuleTime>2018-05-15T21:03:38Z</ModuleTime>
      <ModuleName>System.Xml.XDocument</ModuleName>
      <Classes />
    </Module>
    <Module skippedDueTo="Filter" hash="21-08-D5-0F-67-C7-B3-A5-F0-0B-F9-E9-57-C9-65-4E-BD-60-05-42">
      <ModulePath>C:\Program Files\dotnet\shared\Microsoft.NETCore.App\2.1.0\System.Private.Xml.Linq.dll</ModulePath>
      <ModuleTime>2018-05-15T21:03:36Z</ModuleTime>
      <ModuleName>System.Private.Xml.Linq</ModuleName>
      <Classes />
    </Module>
    <Module skippedDueTo="Filter" hash="6C-10-44-7E-EF-B7-6F-EF-94-1C-16-FA-4B-F1-3F-1A-2E-B7-36-36">
      <ModulePath>C:\Program Files\dotnet\shared\Microsoft.NETCore.App\2.1.0\System.Security.Cryptography.Algorithms.dll</ModulePath>
      <ModuleTime>2018-05-15T21:03:38Z</ModuleTime>
      <ModuleName>System.Security.Cryptography.Algorithms</ModuleName>
      <Classes />
    </Module>
    <Module skippedDueTo="Filter" hash="96-1F-A5-9A-60-99-81-FC-8E-F0-9A-6E-0B-B0-7C-FD-63-B6-C5-CD">
      <ModulePath>C:\Program Files\dotnet\shared\Microsoft.NETCore.App\2.1.0\System.Security.Cryptography.Primitives.dll</ModulePath>
      <ModuleTime>2018-05-15T21:03:38Z</ModuleTime>
      <ModuleName>System.Security.Cryptography.Primitives</ModuleName>
      <Classes />
    </Module>
    <Module skippedDueTo="Filter" hash="59-22-E0-A2-F3-0C-E7-ED-94-CC-53-3D-C8-3A-1A-1E-27-CB-A9-37">
      <ModulePath>C:\Program Files\dotnet\shared\Microsoft.NETCore.App\2.1.0\System.Private.Xml.dll</ModulePath>
      <ModuleTime>2018-05-15T21:03:36Z</ModuleTime>
      <ModuleName>System.Private.Xml</ModuleName>
      <Classes />
    </Module>
    <Module skippedDueTo="Filter" hash="A7-E9-86-00-CF-78-E5-77-89-9A-59-FD-9F-AE-61-2D-6A-36-CF-91">
      <ModulePath>C:\Program Files\dotnet\shared\Microsoft.NETCore.App\2.1.0\System.Text.RegularExpressions.dll</ModulePath>
      <ModuleTime>2018-05-15T21:03:38Z</ModuleTime>
      <ModuleName>System.Text.RegularExpressions</ModuleName>
      <Classes />
    </Module>
    <Module skippedDueTo="Filter" hash="5E-40-03-20-BE-51-A5-B8-5B-25-4F-F1-25-17-FA-A8-F7-D6-1D-75">
      <ModulePath>C:\Program Files\dotnet\shared\Microsoft.NETCore.App\2.1.0\System.Xml.ReaderWriter.dll</ModulePath>
      <ModuleTime>2018-05-15T21:03:38Z</ModuleTime>
      <ModuleName>System.Xml.ReaderWriter</ModuleName>
      <Classes />
    </Module>
    <Module skippedDueTo="Filter" hash="D8-1F-91-FC-FE-F3-18-9C-C0-64-98-06-CA-A4-4A-14-A8-D4-E1-A1">
      <ModulePath>C:\Program Files\dotnet\shared\Microsoft.NETCore.App\2.1.0\System.Diagnostics.Tracing.dll</ModulePath>
      <ModuleTime>2018-05-15T21:03:34Z</ModuleTime>
      <ModuleName>System.Diagnostics.Tracing</ModuleName>
      <Classes />
    </Module>
    <Module skippedDueTo="Filter" hash="9D-16-07-1F-E6-AE-43-F8-08-7D-77-2C-41-30-DA-C0-55-6C-5D-B8">
      <ModulePath>C:\Program Files\dotnet\shared\Microsoft.NETCore.App\2.1.0\System.Private.Uri.dll</ModulePath>
      <ModuleTime>2018-05-15T21:03:36Z</ModuleTime>
      <ModuleName>System.Private.Uri</ModuleName>
      <Classes />
    </Module>
    <Module skippedDueTo="Filter" hash="4F-1F-3B-7B-DB-07-CF-E1-A3-99-93-8D-8C-97-A1-6A-0C-41-8E-E9">
      <ModulePath>C:\Program Files\dotnet\shared\Microsoft.NETCore.App\2.1.0\System.Threading.Tasks.dll</ModulePath>
      <ModuleTime>2018-05-15T21:03:38Z</ModuleTime>
      <ModuleName>System.Threading.Tasks</ModuleName>
      <Classes />
    </Module>
    <Module skippedDueTo="Filter" hash="42-A9-56-1E-D9-D8-E5-61-4B-B5-2A-4C-CA-8E-A6-DE-FB-9F-B4-71">
      <ModulePath>C:\Program Files\dotnet\shared\Microsoft.NETCore.App\2.1.0\System.Globalization.dll</ModulePath>
      <ModuleTime>2018-05-15T21:03:34Z</ModuleTime>
      <ModuleName>System.Globalization</ModuleName>
      <Classes />
    </Module>
    <Module skippedDueTo="Filter" hash="0A-4E-6E-9A-77-64-F6-77-BF-DB-19-83-60-08-67-E6-59-D4-B5-89">
      <ModulePath>C:\Program Files\dotnet\shared\Microsoft.NETCore.App\2.1.0\System.Buffers.dll</ModulePath>
      <ModuleTime>2018-05-15T21:03:34Z</ModuleTime>
      <ModuleName>System.Buffers</ModuleName>
      <Classes />
    </Module>
    <Module skippedDueTo="Filter" hash="BB-70-F4-68-DD-92-B3-F6-FB-00-D6-D4-4C-56-CB-EF-A3-91-1B-0D">
      <ModulePath>C:\Program Files\dotnet\shared\Microsoft.NETCore.App\2.1.0\System.Reflection.Emit.ILGeneration.dll</ModulePath>
      <ModuleTime>2018-05-15T21:03:38Z</ModuleTime>
      <ModuleName>System.Reflection.Emit.ILGeneration</ModuleName>
      <Classes />
    </Module>
    <Module skippedDueTo="Filter" hash="38-CE-AE-5A-FB-25-CF-0E-7C-94-96-84-5F-7C-AD-3A-56-F4-A2-A4">
      <ModulePath>C:\Program Files\dotnet\shared\Microsoft.NETCore.App\2.1.0\System.Reflection.Emit.Lightweight.dll</ModulePath>
      <ModuleTime>2018-05-15T21:03:38Z</ModuleTime>
      <ModuleName>System.Reflection.Emit.Lightweight</ModuleName>
      <Classes />
    </Module>
    <Module skippedDueTo="Filter" hash="CC-EB-DD-C7-0A-85-19-06-8D-84-86-4E-4E-44-CF-17-AF-4A-84-68">
      <ModulePath>C:\Program Files\dotnet\shared\Microsoft.NETCore.App\2.1.0\System.Reflection.Primitives.dll</ModulePath>
      <ModuleTime>2018-05-15T21:03:38Z</ModuleTime>
      <ModuleName>System.Reflection.Primitives</ModuleName>
      <Classes />
    </Module>
    <Module skippedDueTo="Filter" hash="B1-14-2E-2B-2D-74-A8-39-95-C9-CD-C4-2D-7C-86-6D-97-7E-30-39">
      <ModulePath>C:\Program Files\dotnet\shared\Microsoft.NETCore.App\2.1.0\System.Resources.ResourceManager.dll</ModulePath>
      <ModuleTime>2018-05-15T21:03:38Z</ModuleTime>
      <ModuleName>System.Resources.ResourceManager</ModuleName>
      <Classes />
    </Module>
    <Module skippedDueTo="MissingPdb" hash="20-B2-59-8F-C7-14-4E-F0-13-BD-7E-A3-10-08-23-76-28-0E-DB-8D">
      <ModulePath>C:\Program Files\dotnet\shared\Microsoft.NETCore.App\2.1.0\Microsoft.Win32.Registry.dll</ModulePath>
      <ModuleTime>2018-05-15T21:03:32Z</ModuleTime>
      <ModuleName>Microsoft.Win32.Registry</ModuleName>
      <Classes />
    </Module>
    <Module skippedDueTo="Filter" hash="CB-39-E5-B1-B4-D2-03-F7-BD-8B-F2-1B-FF-A9-EA-6F-4B-61-93-6D">
      <ModulePath>C:\Program Files\dotnet\shared\Microsoft.NETCore.App\2.1.0\System.Diagnostics.Tools.dll</ModulePath>
      <ModuleTime>2018-05-15T21:03:34Z</ModuleTime>
      <ModuleName>System.Diagnostics.Tools</ModuleName>
      <Classes />
    </Module>
    <Module skippedDueTo="Filter" hash="20-62-97-87-EA-D6-D2-70-FB-5A-D2-29-1E-B7-32-2D-E1-23-80-FA">
      <ModulePath>C:\Program Files\dotnet\shared\Microsoft.NETCore.App\2.1.0\System.Diagnostics.Debug.dll</ModulePath>
      <ModuleTime>2018-05-15T21:03:34Z</ModuleTime>
      <ModuleName>System.Diagnostics.Debug</ModuleName>
      <Classes />
    </Module>
    <Module skippedDueTo="Filter" hash="6D-9D-C3-30-B6-80-47-63-E9-F9-98-B3-86-27-D0-F5-80-75-FE-62">
      <ModulePath>C:\Program Files\dotnet\shared\Microsoft.NETCore.App\2.1.0\System.Text.Encoding.dll</ModulePath>
      <ModuleTime>2018-05-15T21:03:38Z</ModuleTime>
      <ModuleName>System.Text.Encoding</ModuleName>
      <Classes />
    </Module>
    <Module skippedDueTo="Filter" hash="66-3E-96-27-78-BC-78-E5-7A-31-7D-F8-36-DC-98-0F-1D-42-CC-49">
      <ModulePath>C:\Program Files\dotnet\shared\Microsoft.NETCore.App\2.1.0\System.IO.Compression.dll</ModulePath>
      <ModuleTime>2018-05-15T21:03:34Z</ModuleTime>
      <ModuleName>System.IO.Compression</ModuleName>
      <Classes />
    </Module>
    <Module skippedDueTo="Filter" hash="66-30-70-85-91-ED-55-B3-0B-E6-B9-A6-64-9D-CC-CC-94-0A-EE-C8">
      <ModulePath>C:\Program Files\dotnet\shared\Microsoft.NETCore.App\2.1.0\System.Net.Http.dll</ModulePath>
      <ModuleTime>2018-05-15T21:03:36Z</ModuleTime>
      <ModuleName>System.Net.Http</ModuleName>
      <Classes />
    </Module>
    <Module skippedDueTo="MissingPdb" hash="41-4A-9A-A2-E1-F8-6E-7D-B4-28-4D-C5-7A-5F-EF-78-9E-E6-46-F4">
      <ModulePath>C:\Program Files\dotnet\sdk\2.1.300\Microsoft.Build.Framework.dll</ModulePath>
      <ModuleTime>2018-05-22T23:00:08Z</ModuleTime>
      <ModuleName>Microsoft.Build.Framework</ModuleName>
      <Classes />
    </Module>
    <Module skippedDueTo="Filter" hash="B1-C8-79-68-C3-E4-96-D6-C7-EB-75-26-AC-CE-24-90-57-2E-90-BA">
      <ModulePath>C:\Program Files\dotnet\shared\Microsoft.NETCore.App\2.1.0\System.Net.Primitives.dll</ModulePath>
      <ModuleTime>2018-05-15T21:03:36Z</ModuleTime>
      <ModuleName>System.Net.Primitives</ModuleName>
      <Classes />
    </Module>
    <Module skippedDueTo="Filter" hash="CB-26-D8-B4-F5-C0-85-70-AA-9F-52-97-F5-68-EC-32-9B-2D-73-B3">
      <ModulePath>C:\Program Files\dotnet\shared\Microsoft.NETCore.App\2.1.0\System.Net.Security.dll</ModulePath>
      <ModuleTime>2018-05-15T21:03:36Z</ModuleTime>
      <ModuleName>System.Net.Security</ModuleName>
      <Classes />
    </Module>
    <Module skippedDueTo="Filter" hash="98-96-3F-E5-73-90-B1-DF-65-97-14-A3-21-62-18-F5-77-F5-B3-B6">
      <ModulePath>C:\Program Files\dotnet\shared\Microsoft.NETCore.App\2.1.0\System.Security.Cryptography.X509Certificates.dll</ModulePath>
      <ModuleTime>2018-05-15T21:03:38Z</ModuleTime>
      <ModuleName>System.Security.Cryptography.X509Certificates</ModuleName>
      <Classes />
    </Module>
    <Module skippedDueTo="Filter" hash="F9-67-FE-2B-96-8A-EC-95-FB-27-2A-27-AA-B3-38-DC-99-35-B9-A1">
      <ModulePath>C:\Program Files\dotnet\shared\Microsoft.NETCore.App\2.1.0\System.ComponentModel.Primitives.dll</ModulePath>
      <ModuleTime>2018-05-15T21:03:34Z</ModuleTime>
      <ModuleName>System.ComponentModel.Primitives</ModuleName>
      <Classes />
    </Module>
    <Module skippedDueTo="MissingPdb" hash="0F-17-E9-42-47-D4-6C-92-50-FA-03-31-93-DC-B9-61-95-E3-80-A2">
      <ModulePath>C:\Program Files\dotnet\shared\Microsoft.NETCore.App\2.1.0\Microsoft.Win32.Primitives.dll</ModulePath>
      <ModuleTime>2018-05-15T21:03:32Z</ModuleTime>
      <ModuleName>Microsoft.Win32.Primitives</ModuleName>
      <Classes />
    </Module>
    <Module skippedDueTo="Filter" hash="0F-DB-A7-E6-AA-F8-E5-3E-DE-54-3D-EA-49-AC-84-46-97-51-FA-C2">
      <ModulePath>C:\Program Files\dotnet\shared\Microsoft.NETCore.App\2.1.0\System.Diagnostics.DiagnosticSource.dll</ModulePath>
      <ModuleTime>2018-05-15T21:03:34Z</ModuleTime>
      <ModuleName>System.Diagnostics.DiagnosticSource</ModuleName>
      <Classes />
    </Module>
    <Module skippedDueTo="Filter" hash="C0-16-E9-9B-FF-FA-5B-79-E3-1C-03-FB-3D-CB-62-55-5D-54-B0-65">
      <ModulePath>C:\Program Files\dotnet\shared\Microsoft.NETCore.App\2.1.0\System.Collections.NonGeneric.dll</ModulePath>
      <ModuleTime>2018-05-15T21:03:34Z</ModuleTime>
      <ModuleName>System.Collections.NonGeneric</ModuleName>
      <Classes />
    </Module>
    <Module skippedDueTo="Filter" hash="83-47-75-52-B4-4C-F0-7A-DA-4F-28-C8-7A-7F-40-D2-DB-8A-36-84">
      <ModulePath>C:\Program Files\dotnet\shared\Microsoft.NETCore.App\2.1.0\System.Threading.Timer.dll</ModulePath>
      <ModuleTime>2018-05-15T21:03:38Z</ModuleTime>
      <ModuleName>System.Threading.Timer</ModuleName>
      <Classes />
    </Module>
    <Module skippedDueTo="Filter" hash="0A-B2-E4-7B-B0-E9-FD-9C-A8-4F-38-C9-DE-41-06-D4-7B-D0-78-CC">
      <ModulePath>C:\Program Files\dotnet\shared\Microsoft.NETCore.App\2.1.0\System.Net.NetworkInformation.dll</ModulePath>
      <ModuleTime>2018-05-15T21:03:36Z</ModuleTime>
      <ModuleName>System.Net.NetworkInformation</ModuleName>
      <Classes />
    </Module>
    <Module skippedDueTo="Filter" hash="3F-BD-5F-B2-1B-D5-24-D9-56-14-4D-D5-55-71-7D-18-8E-58-FE-39">
      <ModulePath>C:\Program Files\dotnet\shared\Microsoft.NETCore.App\2.1.0\System.Net.Sockets.dll</ModulePath>
      <ModuleTime>2018-05-15T21:03:36Z</ModuleTime>
      <ModuleName>System.Net.Sockets</ModuleName>
      <Classes />
    </Module>
    <Module skippedDueTo="Filter" hash="16-06-8F-98-40-06-94-A2-59-B4-EB-EA-21-F3-79-D0-0A-AD-45-7D">
      <ModulePath>C:\Program Files\dotnet\shared\Microsoft.NETCore.App\2.1.0\System.Threading.Overlapped.dll</ModulePath>
      <ModuleTime>2018-05-15T21:03:38Z</ModuleTime>
      <ModuleName>System.Threading.Overlapped</ModuleName>
      <Classes />
    </Module>
    <Module skippedDueTo="Filter" hash="B2-E7-C6-75-5A-8F-45-0B-CA-A7-A6-86-F2-5E-94-26-D2-45-2F-3F">
      <ModulePath>C:\Program Files\dotnet\shared\Microsoft.NETCore.App\2.1.0\System.Private.CoreLib.dll</ModulePath>
      <ModuleTime>2018-05-15T21:03:40Z</ModuleTime>
      <ModuleName>System.Private.CoreLib</ModuleName>
      <Classes />
    </Module>
    <Module skippedDueTo="Filter" hash="EC-3F-C7-DD-79-2E-04-92-8D-F3-A5-60-2F-FB-16-43-DD-1B-31-10">
      <ModulePath>C:\Program Files\dotnet\shared\Microsoft.NETCore.App\2.1.0\System.Net.NameResolution.dll</ModulePath>
      <ModuleTime>2018-05-15T21:03:36Z</ModuleTime>
      <ModuleName>System.Net.NameResolution</ModuleName>
      <Classes />
    </Module>
    <Module skippedDueTo="Filter" hash="FE-78-53-9B-1A-13-3F-2F-ED-91-53-E1-AA-73-FA-63-EF-04-D3-99">
      <ModulePath>C:\Program Files\dotnet\shared\Microsoft.NETCore.App\2.1.0\System.Security.Principal.Windows.dll</ModulePath>
      <ModuleTime>2018-05-15T21:03:38Z</ModuleTime>
      <ModuleName>System.Security.Principal.Windows</ModuleName>
      <Classes />
    </Module>
    <Module skippedDueTo="Filter" hash="D3-0C-F6-3D-A6-F7-83-3E-1E-46-C2-F3-6F-5E-E8-35-37-73-4B-30">
      <ModulePath>C:\Program Files\dotnet\shared\Microsoft.NETCore.App\2.1.0\System.Security.Claims.dll</ModulePath>
      <ModuleTime>2018-05-15T21:03:38Z</ModuleTime>
      <ModuleName>System.Security.Claims</ModuleName>
      <Classes />
    </Module>
    <Module skippedDueTo="Filter" hash="12-B7-51-68-45-5A-41-43-72-AB-32-1D-14-F1-4B-C8-FE-3E-0C-95">
      <ModulePath>C:\Program Files\dotnet\shared\Microsoft.NETCore.App\2.1.0\System.Security.Principal.dll</ModulePath>
      <ModuleTime>2018-05-15T21:03:38Z</ModuleTime>
      <ModuleName>System.Security.Principal</ModuleName>
      <Classes />
    </Module>
    <Module skippedDueTo="MissingPdb" hash="0B-00-63-62-08-97-52-5E-F9-8B-EB-3C-D1-A6-54-CE-C0-73-A7-B0">
      <ModulePath>C:\Program Files\dotnet\sdk\2.1.300\MSBuild.dll</ModulePath>
      <ModuleTime>2018-05-22T23:04:42Z</ModuleTime>
      <ModuleName>MSBuild</ModuleName>
      <Classes />
    </Module>
    <Module skippedDueTo="Filter" hash="9F-39-BF-B3-E6-CA-45-5F-FF-EC-C9-17-D3-19-65-B0-6E-2F-17-4E">
      <ModulePath>C:\Program Files\dotnet\shared\Microsoft.NETCore.App\2.1.0\System.Runtime.dll</ModulePath>
      <ModuleTime>2018-05-15T21:03:38Z</ModuleTime>
      <ModuleName>System.Runtime</ModuleName>
      <Classes />
    </Module>
    <Module skippedDueTo="Filter" hash="8D-7A-CE-FA-10-05-D7-6F-3C-AC-3E-F0-BA-01-AD-CE-0B-22-99-8B">
      <ModulePath>C:\Program Files\dotnet\shared\Microsoft.NETCore.App\2.1.0\System.Runtime.Extensions.dll</ModulePath>
      <ModuleTime>2018-05-15T21:03:38Z</ModuleTime>
      <ModuleName>System.Runtime.Extensions</ModuleName>
      <Classes />
    </Module>
    <Module skippedDueTo="Filter" hash="DC-82-33-86-1B-03-21-60-3C-01-E1-E1-DD-56-79-12-7A-1D-2E-21">
      <ModulePath>C:\Program Files\dotnet\shared\Microsoft.NETCore.App\2.1.0\System.Threading.dll</ModulePath>
      <ModuleTime>2018-05-15T21:03:38Z</ModuleTime>
      <ModuleName>System.Threading</ModuleName>
      <Classes />
    </Module>
    <Module skippedDueTo="Filter" hash="25-50-01-7A-06-31-FD-01-25-66-B3-FF-54-A1-13-10-BF-28-EA-43">
      <ModulePath>C:\Program Files\dotnet\shared\Microsoft.NETCore.App\2.1.0\System.IO.FileSystem.dll</ModulePath>
      <ModuleTime>2018-05-15T21:03:34Z</ModuleTime>
      <ModuleName>System.IO.FileSystem</ModuleName>
      <Classes />
    </Module>
    <Module skippedDueTo="Filter" hash="BD-CE-88-18-22-8A-25-85-EF-42-FE-24-18-B9-4F-9D-F6-47-F0-A9">
      <ModulePath>C:\Program Files\dotnet\shared\Microsoft.NETCore.App\2.1.0\System.Runtime.InteropServices.RuntimeInformation.dll</ModulePath>
      <ModuleTime>2018-05-15T21:03:38Z</ModuleTime>
      <ModuleName>System.Runtime.InteropServices.RuntimeInformation</ModuleName>
      <Classes />
    </Module>
    <Module skippedDueTo="Filter" hash="9F-99-A9-A6-DD-81-FE-32-D3-9F-D2-E3-AD-B9-5F-98-E3-C3-D3-BD">
      <ModulePath>C:\Program Files\dotnet\shared\Microsoft.NETCore.App\2.1.0\System.Linq.dll</ModulePath>
      <ModuleTime>2018-05-15T21:03:36Z</ModuleTime>
      <ModuleName>System.Linq</ModuleName>
      <Classes />
    </Module>
    <Module skippedDueTo="Filter" hash="A7-E9-86-00-CF-78-E5-77-89-9A-59-FD-9F-AE-61-2D-6A-36-CF-91">
      <ModulePath>C:\Program Files\dotnet\shared\Microsoft.NETCore.App\2.1.0\System.Text.RegularExpressions.dll</ModulePath>
      <ModuleTime>2018-05-15T21:03:38Z</ModuleTime>
      <ModuleName>System.Text.RegularExpressions</ModuleName>
      <Classes />
    </Module>
    <Module skippedDueTo="Filter" hash="24-71-BF-19-D6-43-AE-96-67-A7-D6-7A-23-51-8F-EA-D9-BB-9E-0B">
      <ModulePath>C:\Program Files\dotnet\shared\Microsoft.NETCore.App\2.1.0\System.Collections.dll</ModulePath>
      <ModuleTime>2018-05-15T21:03:34Z</ModuleTime>
      <ModuleName>System.Collections</ModuleName>
      <Classes />
    </Module>
    <Module skippedDueTo="Filter" hash="06-17-26-DD-65-DD-EF-6E-2E-D9-3B-5F-6B-34-E5-D7-6D-F3-F7-E0">
      <ModulePath>C:\Program Files\dotnet\shared\Microsoft.NETCore.App\2.1.0\System.Security.Cryptography.Encoding.dll</ModulePath>
      <ModuleTime>2018-05-15T21:03:38Z</ModuleTime>
      <ModuleName>System.Security.Cryptography.Encoding</ModuleName>
      <Classes />
    </Module>
    <Module skippedDueTo="Filter" hash="0A-4E-6E-9A-77-64-F6-77-BF-DB-19-83-60-08-67-E6-59-D4-B5-89">
      <ModulePath>C:\Program Files\dotnet\shared\Microsoft.NETCore.App\2.1.0\System.Buffers.dll</ModulePath>
      <ModuleTime>2018-05-15T21:03:34Z</ModuleTime>
      <ModuleName>System.Buffers</ModuleName>
      <Classes />
    </Module>
    <Module skippedDueTo="Filter" hash="99-33-4D-CD-87-78-88-0E-F6-12-EF-CA-31-D9-97-F4-A8-D8-3D-E1">
      <ModulePath>C:\Program Files\dotnet\shared\Microsoft.NETCore.App\2.1.0\System.Memory.dll</ModulePath>
      <ModuleTime>2018-05-15T21:03:36Z</ModuleTime>
      <ModuleName>System.Memory</ModuleName>
      <Classes />
    </Module>
    <Module skippedDueTo="Filter" hash="7C-48-0B-B8-42-17-41-57-6D-4B-89-E5-56-89-D0-D0-8F-11-92-5B">
      <ModulePath>C:\Program Files\dotnet\shared\Microsoft.NETCore.App\2.1.0\System.Runtime.InteropServices.dll</ModulePath>
      <ModuleTime>2018-05-15T21:03:38Z</ModuleTime>
      <ModuleName>System.Runtime.InteropServices</ModuleName>
      <Classes />
    </Module>
    <Module skippedDueTo="Filter" hash="FB-2A-22-7D-6B-48-6C-07-93-20-FE-9E-D2-85-0C-2E-DA-B6-18-C7">
      <ModulePath>C:\Program Files\dotnet\shared\Microsoft.NETCore.App\2.1.0\System.Console.dll</ModulePath>
      <ModuleTime>2018-05-15T21:03:34Z</ModuleTime>
      <ModuleName>System.Console</ModuleName>
      <Classes />
    </Module>
    <Module skippedDueTo="Filter" hash="75-89-4A-9A-A6-FC-DB-A1-DD-35-84-48-C9-3B-21-8A-92-4A-92-5F">
      <ModulePath>C:\Program Files\dotnet\shared\Microsoft.NETCore.App\2.1.0\System.Diagnostics.Process.dll</ModulePath>
      <ModuleTime>2018-05-15T21:03:34Z</ModuleTime>
      <ModuleName>System.Diagnostics.Process</ModuleName>
      <Classes />
    </Module>
    <Module skippedDueTo="Filter" hash="F9-67-FE-2B-96-8A-EC-95-FB-27-2A-27-AA-B3-38-DC-99-35-B9-A1">
      <ModulePath>C:\Program Files\dotnet\shared\Microsoft.NETCore.App\2.1.0\System.ComponentModel.Primitives.dll</ModulePath>
      <ModuleTime>2018-05-15T21:03:34Z</ModuleTime>
      <ModuleName>System.ComponentModel.Primitives</ModuleName>
      <Classes />
    </Module>
    <Module skippedDueTo="MissingPdb" hash="41-4A-9A-A2-E1-F8-6E-7D-B4-28-4D-C5-7A-5F-EF-78-9E-E6-46-F4">
      <ModulePath>C:\Program Files\dotnet\sdk\2.1.300\Microsoft.Build.Framework.dll</ModulePath>
      <ModuleTime>2018-05-22T23:00:08Z</ModuleTime>
      <ModuleName>Microsoft.Build.Framework</ModuleName>
      <Classes />
    </Module>
    <Module skippedDueTo="MissingPdb" hash="CE-9A-28-50-C8-7A-CB-EA-AB-DB-66-61-78-38-6D-69-39-93-C5-40">
      <ModulePath>C:\Program Files\dotnet\shared\Microsoft.NETCore.App\2.1.0\netstandard.dll</ModulePath>
      <ModuleTime>2018-05-15T21:03:40Z</ModuleTime>
      <ModuleName>netstandard</ModuleName>
      <Classes />
    </Module>
    <Module skippedDueTo="MissingPdb" hash="98-42-51-D3-30-C9-87-5D-C1-EF-E3-90-DF-95-44-6C-CA-37-C8-1B">
      <ModulePath>C:\Program Files\dotnet\sdk\2.1.300\Microsoft.Build.dll</ModulePath>
      <ModuleTime>2018-05-22T23:00:20Z</ModuleTime>
      <ModuleName>Microsoft.Build</ModuleName>
      <Classes />
    </Module>
    <Module skippedDueTo="Filter" hash="66-45-6C-B8-6E-33-46-CE-D5-9F-71-FB-DC-B0-1E-2B-68-D1-4A-7D">
      <ModulePath>C:\Program Files\dotnet\sdk\2.1.300\runtimes\win\lib\netcoreapp2.0\System.Text.Encoding.CodePages.dll</ModulePath>
      <ModuleTime>2018-05-22T22:56:18Z</ModuleTime>
      <ModuleName>System.Text.Encoding.CodePages</ModuleName>
      <Classes />
    </Module>
    <Module skippedDueTo="Filter" hash="90-9A-ED-47-04-2B-8A-42-2C-26-2D-AC-58-1F-41-AA-7C-AB-DA-48">
      <ModulePath>C:\Program Files\dotnet\shared\Microsoft.NETCore.App\2.1.0\System.Threading.ThreadPool.dll</ModulePath>
      <ModuleTime>2018-05-15T21:03:38Z</ModuleTime>
      <ModuleName>System.Threading.ThreadPool</ModuleName>
      <Classes />
    </Module>
    <Module skippedDueTo="Filter" hash="81-A4-25-B6-D3-88-DA-45-70-D0-3A-2D-05-DE-62-CD-FB-83-91-B1">
      <ModulePath>C:\Program Files\dotnet\shared\Microsoft.NETCore.App\2.1.0\System.Diagnostics.FileVersionInfo.dll</ModulePath>
      <ModuleTime>2018-05-15T21:03:34Z</ModuleTime>
      <ModuleName>System.Diagnostics.FileVersionInfo</ModuleName>
      <Classes />
    </Module>
    <Module skippedDueTo="Filter" hash="B1-14-2E-2B-2D-74-A8-39-95-C9-CD-C4-2D-7C-86-6D-97-7E-30-39">
      <ModulePath>C:\Program Files\dotnet\shared\Microsoft.NETCore.App\2.1.0\System.Resources.ResourceManager.dll</ModulePath>
      <ModuleTime>2018-05-15T21:03:38Z</ModuleTime>
      <ModuleName>System.Resources.ResourceManager</ModuleName>
      <Classes />
    </Module>
    <Module skippedDueTo="Filter" hash="4B-C9-61-40-58-3E-0C-63-D9-7B-DD-60-9F-00-0F-85-73-7E-F7-06">
      <ModulePath>C:\Program Files\dotnet\shared\Microsoft.NETCore.App\2.1.0\System.Text.Encoding.Extensions.dll</ModulePath>
      <ModuleTime>2018-05-15T21:03:38Z</ModuleTime>
      <ModuleName>System.Text.Encoding.Extensions</ModuleName>
      <Classes />
    </Module>
    <Module skippedDueTo="Filter" hash="9E-5F-AD-60-04-57-6F-40-C1-C3-F9-E2-BC-8E-5E-64-5E-61-98-48">
      <ModulePath>C:\Program Files\dotnet\shared\Microsoft.NETCore.App\2.1.0\System.Collections.Concurrent.dll</ModulePath>
      <ModuleTime>2018-05-15T21:03:34Z</ModuleTime>
      <ModuleName>System.Collections.Concurrent</ModuleName>
      <Classes />
    </Module>
    <Module skippedDueTo="MissingPdb" hash="2B-FA-51-67-24-04-EA-9E-F0-4F-31-BC-83-93-95-5A-B6-73-00-98">
      <ModulePath>C:\Program Files\dotnet\sdk\2.1.300\dotnet.dll</ModulePath>
      <ModuleTime>2018-05-22T22:56:18Z</ModuleTime>
      <ModuleName>dotnet</ModuleName>
      <Classes />
    </Module>
    <Module skippedDueTo="MissingPdb" hash="24-55-3A-CA-4E-C6-90-35-58-6E-6F-30-28-3D-A3-E0-18-20-89-47">
      <ModulePath>C:\Program Files\dotnet\sdk\2.1.300\Microsoft.DotNet.Tools.MigrateCommand.dll</ModulePath>
      <ModuleTime>2018-05-22T23:00:08Z</ModuleTime>
      <ModuleName>Microsoft.DotNet.Tools.MigrateCommand</ModuleName>
      <Classes />
    </Module>
    <Module skippedDueTo="MissingPdb" hash="43-AC-B9-A0-7E-21-D1-DB-A8-42-3B-84-83-FD-34-8D-97-77-3A-87">
      <ModulePath>C:\Program Files\dotnet\sdk\2.1.300\Microsoft.DotNet.Configurer.dll</ModulePath>
      <ModuleTime>2018-05-22T23:00:08Z</ModuleTime>
      <ModuleName>Microsoft.DotNet.Configurer</ModuleName>
      <Classes />
    </Module>
    <Module skippedDueTo="MissingPdb" hash="10-D9-5E-5F-C1-30-6D-DC-D5-57-8D-8E-D0-DC-07-D7-C0-91-30-27">
      <ModulePath>C:\Program Files\dotnet\sdk\2.1.300\Microsoft.DotNet.Cli.Utils.dll</ModulePath>
      <ModuleTime>2018-05-22T23:00:08Z</ModuleTime>
      <ModuleName>Microsoft.DotNet.Cli.Utils</ModuleName>
      <Classes />
    </Module>
    <Module skippedDueTo="MissingPdb" hash="D2-56-A4-DE-8B-E4-74-DB-2A-9D-96-42-3C-8E-47-75-8A-85-8F-DA">
      <ModulePath>C:\Program Files\dotnet\sdk\2.1.300\NuGet.Frameworks.dll</ModulePath>
      <ModuleTime>2018-05-22T23:03:40Z</ModuleTime>
      <ModuleName>NuGet.Frameworks</ModuleName>
      <Classes />
    </Module>
    <Module skippedDueTo="MissingPdb" hash="5D-42-85-92-97-CA-1E-FF-47-73-15-41-50-01-36-CD-4A-CD-55-6C">
      <ModulePath>C:\Program Files\dotnet\sdk\2.1.300\Microsoft.DotNet.InternalAbstractions.dll</ModulePath>
      <ModuleTime>2018-05-22T23:00:08Z</ModuleTime>
      <ModuleName>Microsoft.DotNet.InternalAbstractions</ModuleName>
      <Classes />
    </Module>
    <Module skippedDueTo="Filter" hash="3C-1A-D1-7D-BD-42-C9-7D-FE-CD-90-2F-00-88-4C-15-52-1E-4E-0F">
      <ModulePath>C:\Program Files\dotnet\shared\Microsoft.NETCore.App\2.1.0\System.IO.FileSystem.Primitives.dll</ModulePath>
      <ModuleTime>2018-05-15T21:03:34Z</ModuleTime>
      <ModuleName>System.IO.FileSystem.Primitives</ModuleName>
      <Classes />
    </Module>
    <Module skippedDueTo="MissingPdb" hash="0D-0F-7D-34-CA-A6-65-47-7B-9A-11-AC-9B-85-8D-E3-52-ED-44-21">
      <ModulePath>C:\Program Files\dotnet\sdk\2.1.300\Microsoft.ApplicationInsights.dll</ModulePath>
      <ModuleTime>2018-05-22T23:00:08Z</ModuleTime>
      <ModuleName>Microsoft.ApplicationInsights</ModuleName>
      <Classes />
    </Module>
    <Module skippedDueTo="MissingPdb" hash="25-FE-65-CF-8D-DE-90-81-68-78-51-35-16-D5-62-62-94-42-F1-2D">
      <ModulePath>C:\Program Files\dotnet\sdk\2.1.300\Microsoft.DotNet.PlatformAbstractions.dll</ModulePath>
      <ModuleTime>2018-05-22T23:00:08Z</ModuleTime>
      <ModuleName>Microsoft.DotNet.PlatformAbstractions</ModuleName>
      <Classes />
    </Module>
    <Module skippedDueTo="Filter" hash="99-CC-76-16-41-8D-C7-16-82-C9-39-01-13-46-6B-62-39-B8-7E-32">
      <ModulePath>C:\Program Files\dotnet\shared\Microsoft.NETCore.App\2.1.0\System.Reflection.Extensions.dll</ModulePath>
      <ModuleTime>2018-05-15T21:03:38Z</ModuleTime>
      <ModuleName>System.Reflection.Extensions</ModuleName>
      <Classes />
    </Module>
    <Module skippedDueTo="Filter" hash="1E-3D-7F-D9-96-A2-6B-1F-8A-00-47-08-B1-B4-3D-4B-FC-82-C0-E0">
      <ModulePath>C:\Program Files\dotnet\shared\Microsoft.NETCore.App\2.1.0\System.Reflection.dll</ModulePath>
      <ModuleTime>2018-05-15T21:03:38Z</ModuleTime>
      <ModuleName>System.Reflection</ModuleName>
      <Classes />
    </Module>
    <Module skippedDueTo="Filter" hash="7B-69-F4-1E-A3-58-9E-D6-28-EB-77-F1-9D-13-F7-D8-20-E7-06-CC">
      <ModulePath>C:\Program Files\dotnet\shared\Microsoft.NETCore.App\2.1.0\System.Xml.XDocument.dll</ModulePath>
      <ModuleTime>2018-05-15T21:03:38Z</ModuleTime>
      <ModuleName>System.Xml.XDocument</ModuleName>
      <Classes />
    </Module>
    <Module skippedDueTo="Filter" hash="21-08-D5-0F-67-C7-B3-A5-F0-0B-F9-E9-57-C9-65-4E-BD-60-05-42">
      <ModulePath>C:\Program Files\dotnet\shared\Microsoft.NETCore.App\2.1.0\System.Private.Xml.Linq.dll</ModulePath>
      <ModuleTime>2018-05-15T21:03:36Z</ModuleTime>
      <ModuleName>System.Private.Xml.Linq</ModuleName>
      <Classes />
    </Module>
    <Module skippedDueTo="Filter" hash="59-22-E0-A2-F3-0C-E7-ED-94-CC-53-3D-C8-3A-1A-1E-27-CB-A9-37">
      <ModulePath>C:\Program Files\dotnet\shared\Microsoft.NETCore.App\2.1.0\System.Private.Xml.dll</ModulePath>
      <ModuleTime>2018-05-15T21:03:36Z</ModuleTime>
      <ModuleName>System.Private.Xml</ModuleName>
      <Classes />
    </Module>
    <Module skippedDueTo="Filter" hash="5E-40-03-20-BE-51-A5-B8-5B-25-4F-F1-25-17-FA-A8-F7-D6-1D-75">
      <ModulePath>C:\Program Files\dotnet\shared\Microsoft.NETCore.App\2.1.0\System.Xml.ReaderWriter.dll</ModulePath>
      <ModuleTime>2018-05-15T21:03:38Z</ModuleTime>
      <ModuleName>System.Xml.ReaderWriter</ModuleName>
      <Classes />
    </Module>
    <Module skippedDueTo="Filter" hash="D8-1F-91-FC-FE-F3-18-9C-C0-64-98-06-CA-A4-4A-14-A8-D4-E1-A1">
      <ModulePath>C:\Program Files\dotnet\shared\Microsoft.NETCore.App\2.1.0\System.Diagnostics.Tracing.dll</ModulePath>
      <ModuleTime>2018-05-15T21:03:34Z</ModuleTime>
      <ModuleName>System.Diagnostics.Tracing</ModuleName>
      <Classes />
    </Module>
    <Module skippedDueTo="Filter" hash="9D-16-07-1F-E6-AE-43-F8-08-7D-77-2C-41-30-DA-C0-55-6C-5D-B8">
      <ModulePath>C:\Program Files\dotnet\shared\Microsoft.NETCore.App\2.1.0\System.Private.Uri.dll</ModulePath>
      <ModuleTime>2018-05-15T21:03:36Z</ModuleTime>
      <ModuleName>System.Private.Uri</ModuleName>
      <Classes />
    </Module>
    <Module skippedDueTo="Filter" hash="4F-1F-3B-7B-DB-07-CF-E1-A3-99-93-8D-8C-97-A1-6A-0C-41-8E-E9">
      <ModulePath>C:\Program Files\dotnet\shared\Microsoft.NETCore.App\2.1.0\System.Threading.Tasks.dll</ModulePath>
      <ModuleTime>2018-05-15T21:03:38Z</ModuleTime>
      <ModuleName>System.Threading.Tasks</ModuleName>
      <Classes />
    </Module>
    <Module skippedDueTo="Filter" hash="42-A9-56-1E-D9-D8-E5-61-4B-B5-2A-4C-CA-8E-A6-DE-FB-9F-B4-71">
      <ModulePath>C:\Program Files\dotnet\shared\Microsoft.NETCore.App\2.1.0\System.Globalization.dll</ModulePath>
      <ModuleTime>2018-05-15T21:03:34Z</ModuleTime>
      <ModuleName>System.Globalization</ModuleName>
      <Classes />
    </Module>
    <Module skippedDueTo="Filter" hash="2B-15-19-D9-E6-56-DC-AC-E0-43-94-94-4C-00-47-20-93-31-C3-E5">
      <ModulePath>C:\Program Files\dotnet\shared\Microsoft.NETCore.App\2.1.0\System.Threading.Tasks.Dataflow.dll</ModulePath>
      <ModuleTime>2018-05-15T21:03:38Z</ModuleTime>
      <ModuleName>System.Threading.Tasks.Dataflow</ModuleName>
      <Classes />
    </Module>
    <Module skippedDueTo="Filter" hash="6C-10-44-7E-EF-B7-6F-EF-94-1C-16-FA-4B-F1-3F-1A-2E-B7-36-36">
      <ModulePath>C:\Program Files\dotnet\shared\Microsoft.NETCore.App\2.1.0\System.Security.Cryptography.Algorithms.dll</ModulePath>
      <ModuleTime>2018-05-15T21:03:38Z</ModuleTime>
      <ModuleName>System.Security.Cryptography.Algorithms</ModuleName>
      <Classes />
    </Module>
    <Module skippedDueTo="Filter" hash="96-1F-A5-9A-60-99-81-FC-8E-F0-9A-6E-0B-B0-7C-FD-63-B6-C5-CD">
      <ModulePath>C:\Program Files\dotnet\shared\Microsoft.NETCore.App\2.1.0\System.Security.Cryptography.Primitives.dll</ModulePath>
      <ModuleTime>2018-05-15T21:03:38Z</ModuleTime>
      <ModuleName>System.Security.Cryptography.Primitives</ModuleName>
      <Classes />
    </Module>
    <Module skippedDueTo="MissingPdb" hash="20-B2-59-8F-C7-14-4E-F0-13-BD-7E-A3-10-08-23-76-28-0E-DB-8D">
      <ModulePath>C:\Program Files\dotnet\shared\Microsoft.NETCore.App\2.1.0\Microsoft.Win32.Registry.dll</ModulePath>
      <ModuleTime>2018-05-15T21:03:32Z</ModuleTime>
      <ModuleName>Microsoft.Win32.Registry</ModuleName>
      <Classes />
    </Module>
    <Module skippedDueTo="Filter" hash="41-ED-E1-98-BB-A2-1A-69-AC-77-E0-4E-8D-36-CF-B1-5A-52-81-B9">
      <ModulePath>C:\Program Files\dotnet\shared\Microsoft.NETCore.App\2.1.0\System.ObjectModel.dll</ModulePath>
      <ModuleTime>2018-05-15T21:03:36Z</ModuleTime>
      <ModuleName>System.ObjectModel</ModuleName>
      <Classes />
    </Module>
    <Module skippedDueTo="Filter" hash="D0-AD-42-F2-E9-D2-D4-94-0D-63-8C-61-4E-52-4F-0D-DA-1A-CD-6F">
      <ModulePath>C:\Program Files\dotnet\shared\Microsoft.NETCore.App\2.1.0\System.Threading.Thread.dll</ModulePath>
      <ModuleTime>2018-05-15T21:03:38Z</ModuleTime>
      <ModuleName>System.Threading.Thread</ModuleName>
      <Classes />
    </Module>
    <Module skippedDueTo="Filter" hash="BB-70-F4-68-DD-92-B3-F6-FB-00-D6-D4-4C-56-CB-EF-A3-91-1B-0D">
      <ModulePath>C:\Program Files\dotnet\shared\Microsoft.NETCore.App\2.1.0\System.Reflection.Emit.ILGeneration.dll</ModulePath>
      <ModuleTime>2018-05-15T21:03:38Z</ModuleTime>
      <ModuleName>System.Reflection.Emit.ILGeneration</ModuleName>
      <Classes />
    </Module>
    <Module skippedDueTo="Filter" hash="38-CE-AE-5A-FB-25-CF-0E-7C-94-96-84-5F-7C-AD-3A-56-F4-A2-A4">
      <ModulePath>C:\Program Files\dotnet\shared\Microsoft.NETCore.App\2.1.0\System.Reflection.Emit.Lightweight.dll</ModulePath>
      <ModuleTime>2018-05-15T21:03:38Z</ModuleTime>
      <ModuleName>System.Reflection.Emit.Lightweight</ModuleName>
      <Classes />
    </Module>
    <Module skippedDueTo="Filter" hash="CC-EB-DD-C7-0A-85-19-06-8D-84-86-4E-4E-44-CF-17-AF-4A-84-68">
      <ModulePath>C:\Program Files\dotnet\shared\Microsoft.NETCore.App\2.1.0\System.Reflection.Primitives.dll</ModulePath>
      <ModuleTime>2018-05-15T21:03:38Z</ModuleTime>
      <ModuleName>System.Reflection.Primitives</ModuleName>
      <Classes />
    </Module>
    <Module skippedDueTo="Filter" hash="9A-D5-0C-A3-5D-58-2D-DE-6A-31-89-EE-94-D7-1F-CA-8E-4A-4A-3A">
      <ModulePath>C:\Program Files\dotnet\shared\Microsoft.NETCore.App\2.1.0\System.Diagnostics.TraceSource.dll</ModulePath>
      <ModuleTime>2018-05-15T21:03:34Z</ModuleTime>
      <ModuleName>System.Diagnostics.TraceSource</ModuleName>
      <Classes />
    </Module>
    <Module skippedDueTo="Filter" hash="0B-FA-56-19-85-6A-C4-75-4C-10-0F-DC-F8-D1-5B-9B-CD-DC-C3-F6">
      <ModulePath>C:\Program Files\dotnet\shared\Microsoft.NETCore.App\2.1.0\System.Collections.Immutable.dll</ModulePath>
      <ModuleTime>2018-05-15T21:03:34Z</ModuleTime>
      <ModuleName>System.Collections.Immutable</ModuleName>
      <Classes />
    </Module>
    <Module skippedDueTo="Filter" hash="DC-EE-C1-38-F2-18-91-33-F1-C3-BD-36-22-CF-EB-CB-64-37-AA-32">
      <ModulePath>C:\Program Files\dotnet\shared\Microsoft.NETCore.App\2.1.0\System.Threading.Tasks.Parallel.dll</ModulePath>
      <ModuleTime>2018-05-15T21:03:38Z</ModuleTime>
      <ModuleName>System.Threading.Tasks.Parallel</ModuleName>
      <Classes />
    </Module>
    <Module skippedDueTo="MissingPdb" hash="FB-DC-55-48-ED-9E-8C-F4-0E-8F-50-C4-94-E6-C5-79-7F-EF-F6-51">
      <ModulePath>C:\Program Files\dotnet\sdk\2.1.300\Microsoft.Build.Tasks.Core.dll</ModulePath>
      <ModuleTime>2018-05-22T23:00:10Z</ModuleTime>
      <ModuleName>Microsoft.Build.Tasks.Core</ModuleName>
      <Classes />
    </Module>
    <Module skippedDueTo="MissingPdb" hash="8A-24-7E-36-DC-BB-93-15-20-2B-32-6B-08-66-22-C1-4D-10-12-59">
      <ModulePath>C:\Program Files\dotnet\sdk\2.1.300\Microsoft.Build.Utilities.Core.dll</ModulePath>
      <ModuleTime>2018-05-22T23:00:08Z</ModuleTime>
      <ModuleName>Microsoft.Build.Utilities.Core</ModuleName>
      <Classes />
    </Module>
    <Module skippedDueTo="MissingPdb" hash="45-E8-37-82-07-7C-14-A6-76-78-F5-22-C0-05-EC-D7-5D-4B-94-AA">
      <ModulePath>C:\Program Files\dotnet\sdk\2.1.300\NuGet.Build.Tasks.dll</ModulePath>
      <ModuleTime>2018-05-22T23:03:50Z</ModuleTime>
      <ModuleName>NuGet.Build.Tasks</ModuleName>
      <Classes />
    </Module>
    <Module skippedDueTo="MissingPdb" hash="76-2C-1F-A8-5E-1D-6D-0A-BF-30-D7-DF-D2-DD-CE-44-DC-89-D8-AD">
      <ModulePath>C:\Program Files\dotnet\sdk\2.1.300\NuGet.Commands.dll</ModulePath>
      <ModuleTime>2018-05-22T23:04:18Z</ModuleTime>
      <ModuleName>NuGet.Commands</ModuleName>
      <Classes />
    </Module>
    <Module skippedDueTo="MissingPdb" hash="2C-A4-74-D9-53-AC-74-18-35-67-84-A6-39-4E-8C-96-9E-71-6B-DD">
      <ModulePath>C:\Program Files\dotnet\sdk\2.1.300\NuGet.Common.dll</ModulePath>
      <ModuleTime>2018-05-22T23:03:32Z</ModuleTime>
      <ModuleName>NuGet.Common</ModuleName>
      <Classes />
    </Module>
    <Module skippedDueTo="Filter" hash="C0-16-E9-9B-FF-FA-5B-79-E3-1C-03-FB-3D-CB-62-55-5D-54-B0-65">
      <ModulePath>C:\Program Files\dotnet\shared\Microsoft.NETCore.App\2.1.0\System.Collections.NonGeneric.dll</ModulePath>
      <ModuleTime>2018-05-15T21:03:34Z</ModuleTime>
      <ModuleName>System.Collections.NonGeneric</ModuleName>
      <Classes />
    </Module>
    <Module skippedDueTo="MissingPdb" hash="0F-17-E9-42-47-D4-6C-92-50-FA-03-31-93-DC-B9-61-95-E3-80-A2">
      <ModulePath>C:\Program Files\dotnet\shared\Microsoft.NETCore.App\2.1.0\Microsoft.Win32.Primitives.dll</ModulePath>
      <ModuleTime>2018-05-15T21:03:32Z</ModuleTime>
      <ModuleName>Microsoft.Win32.Primitives</ModuleName>
      <Classes />
    </Module>
    <Module skippedDueTo="Filter" hash="90-9A-ED-47-04-2B-8A-42-2C-26-2D-AC-58-1F-41-AA-7C-AB-DA-48">
      <ModulePath>C:\Program Files\dotnet\shared\Microsoft.NETCore.App\2.1.0\System.Threading.ThreadPool.dll</ModulePath>
      <ModuleTime>2018-05-15T21:03:38Z</ModuleTime>
      <ModuleName>System.Threading.ThreadPool</ModuleName>
      <Classes />
    </Module>
    <Module skippedDueTo="Filter" hash="2F-11-F8-D5-E0-AB-58-10-94-51-27-E6-DD-B3-17-15-E3-AC-0F-2D">
      <ModulePath>C:\Program Files\dotnet\shared\Microsoft.NETCore.App\2.1.0\System.IO.Pipes.dll</ModulePath>
      <ModuleTime>2018-05-15T21:03:36Z</ModuleTime>
      <ModuleName>System.IO.Pipes</ModuleName>
      <Classes />
    </Module>
    <Module skippedDueTo="Filter" hash="40-85-75-1E-6D-24-67-1C-AF-4E-3B-D9-80-9C-3F-AB-6D-60-D4-C0">
      <ModulePath>C:\Program Files\dotnet\shared\Microsoft.NETCore.App\2.1.0\System.Runtime.Loader.dll</ModulePath>
      <ModuleTime>2018-05-15T21:03:38Z</ModuleTime>
      <ModuleName>System.Runtime.Loader</ModuleName>
      <Classes />
    </Module>
    <Module skippedDueTo="Filter" hash="12-B7-51-68-45-5A-41-43-72-AB-32-1D-14-F1-4B-C8-FE-3E-0C-95">
      <ModulePath>C:\Program Files\dotnet\shared\Microsoft.NETCore.App\2.1.0\System.Security.Principal.dll</ModulePath>
      <ModuleTime>2018-05-15T21:03:38Z</ModuleTime>
      <ModuleName>System.Security.Principal</ModuleName>
      <Classes />
    </Module>
    <Module skippedDueTo="MissingPdb" hash="72-0A-30-A7-22-EC-F1-8C-49-6B-B1-CA-D6-E7-A8-7F-FE-63-FD-8E">
      <ModulePath>C:\Program Files\dotnet\sdk\2.1.300\SdkResolvers\NuGet.MSBuildSdkResolver\NuGet.MSBuildSdkResolver.dll</ModulePath>
      <ModuleTime>2018-05-22T23:04:32Z</ModuleTime>
      <ModuleName>NuGet.MSBuildSdkResolver</ModuleName>
      <Classes />
    </Module>
    <Module skippedDueTo="Filter" hash="16-06-8F-98-40-06-94-A2-59-B4-EB-EA-21-F3-79-D0-0A-AD-45-7D">
      <ModulePath>C:\Program Files\dotnet\shared\Microsoft.NETCore.App\2.1.0\System.Threading.Overlapped.dll</ModulePath>
      <ModuleTime>2018-05-15T21:03:38Z</ModuleTime>
      <ModuleName>System.Threading.Overlapped</ModuleName>
      <Classes />
    </Module>
    <Module skippedDueTo="Filter" hash="4D-3B-78-35-B5-9F-C7-B1-D7-A9-36-5D-11-38-17-02-11-F8-23-B6">
      <ModulePath>C:\Program Files\dotnet\shared\Microsoft.NETCore.App\2.1.0\System.Security.AccessControl.dll</ModulePath>
      <ModuleTime>2018-05-15T21:03:38Z</ModuleTime>
      <ModuleName>System.Security.AccessControl</ModuleName>
      <Classes />
    </Module>
    <Module skippedDueTo="Filter" hash="FE-78-53-9B-1A-13-3F-2F-ED-91-53-E1-AA-73-FA-63-EF-04-D3-99">
      <ModulePath>C:\Program Files\dotnet\shared\Microsoft.NETCore.App\2.1.0\System.Security.Principal.Windows.dll</ModulePath>
      <ModuleTime>2018-05-15T21:03:38Z</ModuleTime>
      <ModuleName>System.Security.Principal.Windows</ModuleName>
      <Classes />
    </Module>
    <Module skippedDueTo="Filter" hash="D3-0C-F6-3D-A6-F7-83-3E-1E-46-C2-F3-6F-5E-E8-35-37-73-4B-30">
      <ModulePath>C:\Program Files\dotnet\shared\Microsoft.NETCore.App\2.1.0\System.Security.Claims.dll</ModulePath>
      <ModuleTime>2018-05-15T21:03:38Z</ModuleTime>
      <ModuleName>System.Security.Claims</ModuleName>
      <Classes />
    </Module>
    <Module skippedDueTo="Filter" hash="CB-12-65-F6-90-16-FC-23-6A-26-15-3E-1B-83-6E-7F-57-AF-33-D3">
      <ModulePath>C:\Program Files\dotnet\shared\Microsoft.NETCore.App\2.1.0\System.Runtime.Serialization.Formatters.dll</ModulePath>
      <ModuleTime>2018-05-15T21:03:38Z</ModuleTime>
      <ModuleName>System.Runtime.Serialization.Formatters</ModuleName>
      <Classes />
    </Module>
    <Module skippedDueTo="Filter" hash="67-F3-8D-FF-58-30-5E-3A-00-E2-F7-7A-6C-29-19-0F-81-5F-8A-FB">
      <ModulePath>C:\Program Files\dotnet\shared\Microsoft.NETCore.App\2.1.0\System.ComponentModel.dll</ModulePath>
      <ModuleTime>2018-05-15T21:03:34Z</ModuleTime>
      <ModuleName>System.ComponentModel</ModuleName>
      <Classes />
    </Module>
    <Module skippedDueTo="MissingPdb" hash="23-3A-A4-7A-36-EC-A3-70-6E-B5-09-91-2C-F4-8E-8F-AA-2F-DE-A9">
      <ModulePath>C:\Program Files\dotnet\sdk\2.1.300\NuGet.Configuration.dll</ModulePath>
      <ModuleTime>2018-05-22T23:03:30Z</ModuleTime>
      <ModuleName>NuGet.Configuration</ModuleName>
      <Classes />
    </Module>
    <Module skippedDueTo="Filter" hash="93-AD-CD-25-C3-0E-A0-A6-7A-07-9E-D5-7A-CB-BF-3D-90-A1-F9-C5">
      <ModulePath>C:\Program Files\dotnet\shared\Microsoft.NETCore.App\2.1.0\System.IO.dll</ModulePath>
      <ModuleTime>2018-05-15T21:03:36Z</ModuleTime>
      <ModuleName>System.IO</ModuleName>
      <Classes />
    </Module>
    <Module skippedDueTo="Filter" hash="6D-9D-C3-30-B6-80-47-63-E9-F9-98-B3-86-27-D0-F5-80-75-FE-62">
      <ModulePath>C:\Program Files\dotnet\shared\Microsoft.NETCore.App\2.1.0\System.Text.Encoding.dll</ModulePath>
      <ModuleTime>2018-05-15T21:03:38Z</ModuleTime>
      <ModuleName>System.Text.Encoding</ModuleName>
      <Classes />
    </Module>
    <Module skippedDueTo="MissingPdb" hash="3E-25-59-81-49-B6-49-57-56-FF-D9-5C-4B-08-B7-27-B7-81-A7-8F">
      <ModulePath>C:\Program Files\dotnet\sdk\2.1.300\NuGet.ProjectModel.dll</ModulePath>
      <ModuleTime>2018-05-22T23:03:40Z</ModuleTime>
      <ModuleName>NuGet.ProjectModel</ModuleName>
      <Classes />
    </Module>
    <Module skippedDueTo="MissingPdb" hash="20-7F-00-FC-3F-E3-AB-6E-61-FC-BD-E1-3D-E4-4F-9D-FE-09-D7-CB">
      <ModulePath>C:\Program Files\dotnet\sdk\2.1.300\NuGet.Versioning.dll</ModulePath>
      <ModuleTime>2018-05-22T23:04:12Z</ModuleTime>
      <ModuleName>NuGet.Versioning</ModuleName>
      <Classes />
    </Module>
    <Module skippedDueTo="MissingPdb" hash="F6-7D-06-AB-0A-DD-57-07-A5-9F-0A-74-76-42-ED-D8-C9-54-86-8E">
      <ModulePath>C:\Program Files\dotnet\sdk\2.1.300\Sdks\Microsoft.NET.Sdk\targets\..\tools\netcoreapp2.0/Microsoft.NET.Build.Tasks.dll</ModulePath>
      <ModuleTime>2018-05-22T23:02:10Z</ModuleTime>
      <ModuleName>Microsoft.NET.Build.Tasks</ModuleName>
      <Classes />
    </Module>
    <Module skippedDueTo="MissingPdb" hash="99-00-E7-0F-FA-F3-87-12-D8-F0-39-9C-2B-4D-3A-07-8B-AB-ED-89">
      <ModulePath>C:\Program Files\dotnet\sdk\2.1.300\NuGet.Protocol.dll</ModulePath>
      <ModuleTime>2018-05-22T23:03:52Z</ModuleTime>
      <ModuleName>NuGet.Protocol</ModuleName>
      <Classes />
    </Module>
    <Module skippedDueTo="MissingPdb" hash="8E-3C-D3-59-57-AC-63-41-38-8B-D3-5F-74-49-A4-8A-CC-5B-52-6C">
      <ModulePath>C:\Program Files\dotnet\sdk\2.1.300\NuGet.Packaging.dll</ModulePath>
      <ModuleTime>2018-05-22T23:04:10Z</ModuleTime>
      <ModuleName>NuGet.Packaging</ModuleName>
      <Classes />
    </Module>
    <Module skippedDueTo="MissingPdb" hash="38-7F-D5-52-6F-41-2C-19-D1-9E-F2-9A-3F-F3-DA-90-66-09-B6-B1">
      <ModulePath>C:\Program Files\dotnet\sdk\2.1.300\NuGet.DependencyResolver.Core.dll</ModulePath>
      <ModuleTime>2018-05-22T23:03:30Z</ModuleTime>
      <ModuleName>NuGet.DependencyResolver.Core</ModuleName>
      <Classes />
    </Module>
    <Module skippedDueTo="MissingPdb" hash="78-5F-43-09-56-00-5D-EE-14-3C-FD-1E-43-95-CE-09-20-8A-AB-90">
      <ModulePath>C:\Program Files\dotnet\sdk\2.1.300\NuGet.Packaging.Core.dll</ModulePath>
      <ModuleTime>2018-05-22T23:03:36Z</ModuleTime>
      <ModuleName>NuGet.Packaging.Core</ModuleName>
      <Classes />
    </Module>
    <Module skippedDueTo="MissingPdb" hash="B2-5D-47-CA-28-5B-B0-0E-FC-29-D9-01-B2-8D-36-88-65-61-54-0E">
      <ModulePath>C:\Program Files\dotnet\sdk\2.1.300\Newtonsoft.Json.dll</ModulePath>
      <ModuleTime>2018-05-22T23:05:00Z</ModuleTime>
      <ModuleName>Newtonsoft.Json</ModuleName>
      <Classes />
    </Module>
    <Module skippedDueTo="Filter" hash="E2-DD-41-07-A9-AC-5B-84-49-B7-E1-85-68-3D-69-DC-84-4B-3D-06">
      <ModulePath>C:\Program Files\dotnet\shared\Microsoft.NETCore.App\2.1.0\System.Dynamic.Runtime.dll</ModulePath>
      <ModuleTime>2018-05-15T21:03:34Z</ModuleTime>
      <ModuleName>System.Dynamic.Runtime</ModuleName>
      <Classes />
    </Module>
    <Module skippedDueTo="Filter" hash="CF-C6-6D-CD-52-19-4F-3F-36-51-5E-56-26-3A-93-A5-02-E2-58-2A">
      <ModulePath>C:\Program Files\dotnet\shared\Microsoft.NETCore.App\2.1.0\System.Linq.Expressions.dll</ModulePath>
      <ModuleTime>2018-05-15T21:03:36Z</ModuleTime>
      <ModuleName>System.Linq.Expressions</ModuleName>
      <Classes />
    </Module>
    <Module skippedDueTo="MissingPdb" hash="B4-5A-77-C2-C0-65-10-A3-89-5F-99-44-14-C7-A5-80-D0-90-02-8E">
      <ModulePath>C:\Program Files\dotnet\sdk\2.1.300\NuGet.LibraryModel.dll</ModulePath>
      <ModuleTime>2018-05-22T23:03:30Z</ModuleTime>
      <ModuleName>NuGet.LibraryModel</ModuleName>
      <Classes />
    </Module>
    <Module skippedDueTo="Filter" hash="0C-56-98-AE-50-0E-32-FC-94-AE-26-B2-60-30-BD-89-B1-8D-D3-D4">
      <ModulePath>C:\Program Files\dotnet\shared\Microsoft.NETCore.App\2.1.0\System.Runtime.Serialization.Primitives.dll</ModulePath>
      <ModuleTime>2018-05-15T21:03:38Z</ModuleTime>
      <ModuleName>System.Runtime.Serialization.Primitives</ModuleName>
      <Classes />
    </Module>
    <Module skippedDueTo="Filter" hash="B2-E7-C6-75-5A-8F-45-0B-CA-A7-A6-86-F2-5E-94-26-D2-45-2F-3F">
      <ModulePath>C:\Program Files\dotnet\shared\Microsoft.NETCore.App\2.1.0\System.Private.CoreLib.dll</ModulePath>
      <ModuleTime>2018-05-15T21:03:40Z</ModuleTime>
      <ModuleName>System.Private.CoreLib</ModuleName>
      <Classes />
    </Module>
    <Module skippedDueTo="MissingPdb" hash="0B-00-63-62-08-97-52-5E-F9-8B-EB-3C-D1-A6-54-CE-C0-73-A7-B0">
      <ModulePath>C:\Program Files\dotnet\sdk\2.1.300\MSBuild.dll</ModulePath>
      <ModuleTime>2018-05-22T23:04:42Z</ModuleTime>
      <ModuleName>MSBuild</ModuleName>
      <Classes />
    </Module>
    <Module skippedDueTo="Filter" hash="9F-39-BF-B3-E6-CA-45-5F-FF-EC-C9-17-D3-19-65-B0-6E-2F-17-4E">
      <ModulePath>C:\Program Files\dotnet\shared\Microsoft.NETCore.App\2.1.0\System.Runtime.dll</ModulePath>
      <ModuleTime>2018-05-15T21:03:38Z</ModuleTime>
      <ModuleName>System.Runtime</ModuleName>
      <Classes />
    </Module>
    <Module skippedDueTo="Filter" hash="8D-7A-CE-FA-10-05-D7-6F-3C-AC-3E-F0-BA-01-AD-CE-0B-22-99-8B">
      <ModulePath>C:\Program Files\dotnet\shared\Microsoft.NETCore.App\2.1.0\System.Runtime.Extensions.dll</ModulePath>
      <ModuleTime>2018-05-15T21:03:38Z</ModuleTime>
      <ModuleName>System.Runtime.Extensions</ModuleName>
      <Classes />
    </Module>
    <Module skippedDueTo="Filter" hash="DC-82-33-86-1B-03-21-60-3C-01-E1-E1-DD-56-79-12-7A-1D-2E-21">
      <ModulePath>C:\Program Files\dotnet\shared\Microsoft.NETCore.App\2.1.0\System.Threading.dll</ModulePath>
      <ModuleTime>2018-05-15T21:03:38Z</ModuleTime>
      <ModuleName>System.Threading</ModuleName>
      <Classes />
    </Module>
    <Module skippedDueTo="Filter" hash="25-50-01-7A-06-31-FD-01-25-66-B3-FF-54-A1-13-10-BF-28-EA-43">
      <ModulePath>C:\Program Files\dotnet\shared\Microsoft.NETCore.App\2.1.0\System.IO.FileSystem.dll</ModulePath>
      <ModuleTime>2018-05-15T21:03:34Z</ModuleTime>
      <ModuleName>System.IO.FileSystem</ModuleName>
      <Classes />
    </Module>
    <Module skippedDueTo="Filter" hash="BD-CE-88-18-22-8A-25-85-EF-42-FE-24-18-B9-4F-9D-F6-47-F0-A9">
      <ModulePath>C:\Program Files\dotnet\shared\Microsoft.NETCore.App\2.1.0\System.Runtime.InteropServices.RuntimeInformation.dll</ModulePath>
      <ModuleTime>2018-05-15T21:03:38Z</ModuleTime>
      <ModuleName>System.Runtime.InteropServices.RuntimeInformation</ModuleName>
      <Classes />
    </Module>
    <Module skippedDueTo="Filter" hash="9F-99-A9-A6-DD-81-FE-32-D3-9F-D2-E3-AD-B9-5F-98-E3-C3-D3-BD">
      <ModulePath>C:\Program Files\dotnet\shared\Microsoft.NETCore.App\2.1.0\System.Linq.dll</ModulePath>
      <ModuleTime>2018-05-15T21:03:36Z</ModuleTime>
      <ModuleName>System.Linq</ModuleName>
      <Classes />
    </Module>
    <Module skippedDueTo="Filter" hash="A7-E9-86-00-CF-78-E5-77-89-9A-59-FD-9F-AE-61-2D-6A-36-CF-91">
      <ModulePath>C:\Program Files\dotnet\shared\Microsoft.NETCore.App\2.1.0\System.Text.RegularExpressions.dll</ModulePath>
      <ModuleTime>2018-05-15T21:03:38Z</ModuleTime>
      <ModuleName>System.Text.RegularExpressions</ModuleName>
      <Classes />
    </Module>
    <Module skippedDueTo="Filter" hash="24-71-BF-19-D6-43-AE-96-67-A7-D6-7A-23-51-8F-EA-D9-BB-9E-0B">
      <ModulePath>C:\Program Files\dotnet\shared\Microsoft.NETCore.App\2.1.0\System.Collections.dll</ModulePath>
      <ModuleTime>2018-05-15T21:03:34Z</ModuleTime>
      <ModuleName>System.Collections</ModuleName>
      <Classes />
    </Module>
    <Module skippedDueTo="Filter" hash="0A-4E-6E-9A-77-64-F6-77-BF-DB-19-83-60-08-67-E6-59-D4-B5-89">
      <ModulePath>C:\Program Files\dotnet\shared\Microsoft.NETCore.App\2.1.0\System.Buffers.dll</ModulePath>
      <ModuleTime>2018-05-15T21:03:34Z</ModuleTime>
      <ModuleName>System.Buffers</ModuleName>
      <Classes />
    </Module>
    <Module skippedDueTo="Filter" hash="99-33-4D-CD-87-78-88-0E-F6-12-EF-CA-31-D9-97-F4-A8-D8-3D-E1">
      <ModulePath>C:\Program Files\dotnet\shared\Microsoft.NETCore.App\2.1.0\System.Memory.dll</ModulePath>
      <ModuleTime>2018-05-15T21:03:36Z</ModuleTime>
      <ModuleName>System.Memory</ModuleName>
      <Classes />
    </Module>
    <Module skippedDueTo="Filter" hash="7C-48-0B-B8-42-17-41-57-6D-4B-89-E5-56-89-D0-D0-8F-11-92-5B">
      <ModulePath>C:\Program Files\dotnet\shared\Microsoft.NETCore.App\2.1.0\System.Runtime.InteropServices.dll</ModulePath>
      <ModuleTime>2018-05-15T21:03:38Z</ModuleTime>
      <ModuleName>System.Runtime.InteropServices</ModuleName>
      <Classes />
    </Module>
    <Module skippedDueTo="Filter" hash="FB-2A-22-7D-6B-48-6C-07-93-20-FE-9E-D2-85-0C-2E-DA-B6-18-C7">
      <ModulePath>C:\Program Files\dotnet\shared\Microsoft.NETCore.App\2.1.0\System.Console.dll</ModulePath>
      <ModuleTime>2018-05-15T21:03:34Z</ModuleTime>
      <ModuleName>System.Console</ModuleName>
      <Classes />
    </Module>
    <Module skippedDueTo="Filter" hash="75-89-4A-9A-A6-FC-DB-A1-DD-35-84-48-C9-3B-21-8A-92-4A-92-5F">
      <ModulePath>C:\Program Files\dotnet\shared\Microsoft.NETCore.App\2.1.0\System.Diagnostics.Process.dll</ModulePath>
      <ModuleTime>2018-05-15T21:03:34Z</ModuleTime>
      <ModuleName>System.Diagnostics.Process</ModuleName>
      <Classes />
    </Module>
    <Module skippedDueTo="Filter" hash="F9-67-FE-2B-96-8A-EC-95-FB-27-2A-27-AA-B3-38-DC-99-35-B9-A1">
      <ModulePath>C:\Program Files\dotnet\shared\Microsoft.NETCore.App\2.1.0\System.ComponentModel.Primitives.dll</ModulePath>
      <ModuleTime>2018-05-15T21:03:34Z</ModuleTime>
      <ModuleName>System.ComponentModel.Primitives</ModuleName>
      <Classes />
    </Module>
    <Module skippedDueTo="MissingPdb" hash="41-4A-9A-A2-E1-F8-6E-7D-B4-28-4D-C5-7A-5F-EF-78-9E-E6-46-F4">
      <ModulePath>C:\Program Files\dotnet\sdk\2.1.300\Microsoft.Build.Framework.dll</ModulePath>
      <ModuleTime>2018-05-22T23:00:08Z</ModuleTime>
      <ModuleName>Microsoft.Build.Framework</ModuleName>
      <Classes />
    </Module>
    <Module skippedDueTo="MissingPdb" hash="CE-9A-28-50-C8-7A-CB-EA-AB-DB-66-61-78-38-6D-69-39-93-C5-40">
      <ModulePath>C:\Program Files\dotnet\shared\Microsoft.NETCore.App\2.1.0\netstandard.dll</ModulePath>
      <ModuleTime>2018-05-15T21:03:40Z</ModuleTime>
      <ModuleName>netstandard</ModuleName>
      <Classes />
    </Module>
    <Module skippedDueTo="MissingPdb" hash="98-42-51-D3-30-C9-87-5D-C1-EF-E3-90-DF-95-44-6C-CA-37-C8-1B">
      <ModulePath>C:\Program Files\dotnet\sdk\2.1.300\Microsoft.Build.dll</ModulePath>
      <ModuleTime>2018-05-22T23:00:20Z</ModuleTime>
      <ModuleName>Microsoft.Build</ModuleName>
      <Classes />
    </Module>
    <Module skippedDueTo="Filter" hash="66-45-6C-B8-6E-33-46-CE-D5-9F-71-FB-DC-B0-1E-2B-68-D1-4A-7D">
      <ModulePath>C:\Program Files\dotnet\sdk\2.1.300\runtimes\win\lib\netcoreapp2.0\System.Text.Encoding.CodePages.dll</ModulePath>
      <ModuleTime>2018-05-22T22:56:18Z</ModuleTime>
      <ModuleName>System.Text.Encoding.CodePages</ModuleName>
      <Classes />
    </Module>
    <Module skippedDueTo="Filter" hash="9E-5F-AD-60-04-57-6F-40-C1-C3-F9-E2-BC-8E-5E-64-5E-61-98-48">
      <ModulePath>C:\Program Files\dotnet\shared\Microsoft.NETCore.App\2.1.0\System.Collections.Concurrent.dll</ModulePath>
      <ModuleTime>2018-05-15T21:03:34Z</ModuleTime>
      <ModuleName>System.Collections.Concurrent</ModuleName>
      <Classes />
    </Module>
    <Module skippedDueTo="MissingPdb" hash="2B-FA-51-67-24-04-EA-9E-F0-4F-31-BC-83-93-95-5A-B6-73-00-98">
      <ModulePath>C:\Program Files\dotnet\sdk\2.1.300\dotnet.dll</ModulePath>
      <ModuleTime>2018-05-22T22:56:18Z</ModuleTime>
      <ModuleName>dotnet</ModuleName>
      <Classes />
    </Module>
    <Module skippedDueTo="MissingPdb" hash="24-55-3A-CA-4E-C6-90-35-58-6E-6F-30-28-3D-A3-E0-18-20-89-47">
      <ModulePath>C:\Program Files\dotnet\sdk\2.1.300\Microsoft.DotNet.Tools.MigrateCommand.dll</ModulePath>
      <ModuleTime>2018-05-22T23:00:08Z</ModuleTime>
      <ModuleName>Microsoft.DotNet.Tools.MigrateCommand</ModuleName>
      <Classes />
    </Module>
    <Module skippedDueTo="MissingPdb" hash="43-AC-B9-A0-7E-21-D1-DB-A8-42-3B-84-83-FD-34-8D-97-77-3A-87">
      <ModulePath>C:\Program Files\dotnet\sdk\2.1.300\Microsoft.DotNet.Configurer.dll</ModulePath>
      <ModuleTime>2018-05-22T23:00:08Z</ModuleTime>
      <ModuleName>Microsoft.DotNet.Configurer</ModuleName>
      <Classes />
    </Module>
    <Module skippedDueTo="MissingPdb" hash="10-D9-5E-5F-C1-30-6D-DC-D5-57-8D-8E-D0-DC-07-D7-C0-91-30-27">
      <ModulePath>C:\Program Files\dotnet\sdk\2.1.300\Microsoft.DotNet.Cli.Utils.dll</ModulePath>
      <ModuleTime>2018-05-22T23:00:08Z</ModuleTime>
      <ModuleName>Microsoft.DotNet.Cli.Utils</ModuleName>
      <Classes />
    </Module>
    <Module skippedDueTo="MissingPdb" hash="D2-56-A4-DE-8B-E4-74-DB-2A-9D-96-42-3C-8E-47-75-8A-85-8F-DA">
      <ModulePath>C:\Program Files\dotnet\sdk\2.1.300\NuGet.Frameworks.dll</ModulePath>
      <ModuleTime>2018-05-22T23:03:40Z</ModuleTime>
      <ModuleName>NuGet.Frameworks</ModuleName>
      <Classes />
    </Module>
    <Module skippedDueTo="MissingPdb" hash="5D-42-85-92-97-CA-1E-FF-47-73-15-41-50-01-36-CD-4A-CD-55-6C">
      <ModulePath>C:\Program Files\dotnet\sdk\2.1.300\Microsoft.DotNet.InternalAbstractions.dll</ModulePath>
      <ModuleTime>2018-05-22T23:00:08Z</ModuleTime>
      <ModuleName>Microsoft.DotNet.InternalAbstractions</ModuleName>
      <Classes />
    </Module>
    <Module skippedDueTo="Filter" hash="3C-1A-D1-7D-BD-42-C9-7D-FE-CD-90-2F-00-88-4C-15-52-1E-4E-0F">
      <ModulePath>C:\Program Files\dotnet\shared\Microsoft.NETCore.App\2.1.0\System.IO.FileSystem.Primitives.dll</ModulePath>
      <ModuleTime>2018-05-15T21:03:34Z</ModuleTime>
      <ModuleName>System.IO.FileSystem.Primitives</ModuleName>
      <Classes />
    </Module>
    <Module skippedDueTo="MissingPdb" hash="0D-0F-7D-34-CA-A6-65-47-7B-9A-11-AC-9B-85-8D-E3-52-ED-44-21">
      <ModulePath>C:\Program Files\dotnet\sdk\2.1.300\Microsoft.ApplicationInsights.dll</ModulePath>
      <ModuleTime>2018-05-22T23:00:08Z</ModuleTime>
      <ModuleName>Microsoft.ApplicationInsights</ModuleName>
      <Classes />
    </Module>
    <Module skippedDueTo="MissingPdb" hash="25-FE-65-CF-8D-DE-90-81-68-78-51-35-16-D5-62-62-94-42-F1-2D">
      <ModulePath>C:\Program Files\dotnet\sdk\2.1.300\Microsoft.DotNet.PlatformAbstractions.dll</ModulePath>
      <ModuleTime>2018-05-22T23:00:08Z</ModuleTime>
      <ModuleName>Microsoft.DotNet.PlatformAbstractions</ModuleName>
      <Classes />
    </Module>
    <Module skippedDueTo="Filter" hash="99-CC-76-16-41-8D-C7-16-82-C9-39-01-13-46-6B-62-39-B8-7E-32">
      <ModulePath>C:\Program Files\dotnet\shared\Microsoft.NETCore.App\2.1.0\System.Reflection.Extensions.dll</ModulePath>
      <ModuleTime>2018-05-15T21:03:38Z</ModuleTime>
      <ModuleName>System.Reflection.Extensions</ModuleName>
      <Classes />
    </Module>
    <Module skippedDueTo="Filter" hash="1E-3D-7F-D9-96-A2-6B-1F-8A-00-47-08-B1-B4-3D-4B-FC-82-C0-E0">
      <ModulePath>C:\Program Files\dotnet\shared\Microsoft.NETCore.App\2.1.0\System.Reflection.dll</ModulePath>
      <ModuleTime>2018-05-15T21:03:38Z</ModuleTime>
      <ModuleName>System.Reflection</ModuleName>
      <Classes />
    </Module>
    <Module skippedDueTo="Filter" hash="7B-69-F4-1E-A3-58-9E-D6-28-EB-77-F1-9D-13-F7-D8-20-E7-06-CC">
      <ModulePath>C:\Program Files\dotnet\shared\Microsoft.NETCore.App\2.1.0\System.Xml.XDocument.dll</ModulePath>
      <ModuleTime>2018-05-15T21:03:38Z</ModuleTime>
      <ModuleName>System.Xml.XDocument</ModuleName>
      <Classes />
    </Module>
    <Module skippedDueTo="Filter" hash="21-08-D5-0F-67-C7-B3-A5-F0-0B-F9-E9-57-C9-65-4E-BD-60-05-42">
      <ModulePath>C:\Program Files\dotnet\shared\Microsoft.NETCore.App\2.1.0\System.Private.Xml.Linq.dll</ModulePath>
      <ModuleTime>2018-05-15T21:03:36Z</ModuleTime>
      <ModuleName>System.Private.Xml.Linq</ModuleName>
      <Classes />
    </Module>
    <Module skippedDueTo="Filter" hash="4B-C9-61-40-58-3E-0C-63-D9-7B-DD-60-9F-00-0F-85-73-7E-F7-06">
      <ModulePath>C:\Program Files\dotnet\shared\Microsoft.NETCore.App\2.1.0\System.Text.Encoding.Extensions.dll</ModulePath>
      <ModuleTime>2018-05-15T21:03:38Z</ModuleTime>
      <ModuleName>System.Text.Encoding.Extensions</ModuleName>
      <Classes />
    </Module>
    <Module skippedDueTo="Filter" hash="59-22-E0-A2-F3-0C-E7-ED-94-CC-53-3D-C8-3A-1A-1E-27-CB-A9-37">
      <ModulePath>C:\Program Files\dotnet\shared\Microsoft.NETCore.App\2.1.0\System.Private.Xml.dll</ModulePath>
      <ModuleTime>2018-05-15T21:03:36Z</ModuleTime>
      <ModuleName>System.Private.Xml</ModuleName>
      <Classes />
    </Module>
    <Module skippedDueTo="Filter" hash="5E-40-03-20-BE-51-A5-B8-5B-25-4F-F1-25-17-FA-A8-F7-D6-1D-75">
      <ModulePath>C:\Program Files\dotnet\shared\Microsoft.NETCore.App\2.1.0\System.Xml.ReaderWriter.dll</ModulePath>
      <ModuleTime>2018-05-15T21:03:38Z</ModuleTime>
      <ModuleName>System.Xml.ReaderWriter</ModuleName>
      <Classes />
    </Module>
    <Module skippedDueTo="Filter" hash="D8-1F-91-FC-FE-F3-18-9C-C0-64-98-06-CA-A4-4A-14-A8-D4-E1-A1">
      <ModulePath>C:\Program Files\dotnet\shared\Microsoft.NETCore.App\2.1.0\System.Diagnostics.Tracing.dll</ModulePath>
      <ModuleTime>2018-05-15T21:03:34Z</ModuleTime>
      <ModuleName>System.Diagnostics.Tracing</ModuleName>
      <Classes />
    </Module>
    <Module skippedDueTo="Filter" hash="9D-16-07-1F-E6-AE-43-F8-08-7D-77-2C-41-30-DA-C0-55-6C-5D-B8">
      <ModulePath>C:\Program Files\dotnet\shared\Microsoft.NETCore.App\2.1.0\System.Private.Uri.dll</ModulePath>
      <ModuleTime>2018-05-15T21:03:36Z</ModuleTime>
      <ModuleName>System.Private.Uri</ModuleName>
      <Classes />
    </Module>
    <Module skippedDueTo="Filter" hash="4F-1F-3B-7B-DB-07-CF-E1-A3-99-93-8D-8C-97-A1-6A-0C-41-8E-E9">
      <ModulePath>C:\Program Files\dotnet\shared\Microsoft.NETCore.App\2.1.0\System.Threading.Tasks.dll</ModulePath>
      <ModuleTime>2018-05-15T21:03:38Z</ModuleTime>
      <ModuleName>System.Threading.Tasks</ModuleName>
      <Classes />
    </Module>
    <Module skippedDueTo="Filter" hash="42-A9-56-1E-D9-D8-E5-61-4B-B5-2A-4C-CA-8E-A6-DE-FB-9F-B4-71">
      <ModulePath>C:\Program Files\dotnet\shared\Microsoft.NETCore.App\2.1.0\System.Globalization.dll</ModulePath>
      <ModuleTime>2018-05-15T21:03:34Z</ModuleTime>
      <ModuleName>System.Globalization</ModuleName>
      <Classes />
    </Module>
    <Module skippedDueTo="Filter" hash="2B-15-19-D9-E6-56-DC-AC-E0-43-94-94-4C-00-47-20-93-31-C3-E5">
      <ModulePath>C:\Program Files\dotnet\shared\Microsoft.NETCore.App\2.1.0\System.Threading.Tasks.Dataflow.dll</ModulePath>
      <ModuleTime>2018-05-15T21:03:38Z</ModuleTime>
      <ModuleName>System.Threading.Tasks.Dataflow</ModuleName>
      <Classes />
    </Module>
    <Module skippedDueTo="Filter" hash="6C-10-44-7E-EF-B7-6F-EF-94-1C-16-FA-4B-F1-3F-1A-2E-B7-36-36">
      <ModulePath>C:\Program Files\dotnet\shared\Microsoft.NETCore.App\2.1.0\System.Security.Cryptography.Algorithms.dll</ModulePath>
      <ModuleTime>2018-05-15T21:03:38Z</ModuleTime>
      <ModuleName>System.Security.Cryptography.Algorithms</ModuleName>
      <Classes />
    </Module>
    <Module skippedDueTo="Filter" hash="96-1F-A5-9A-60-99-81-FC-8E-F0-9A-6E-0B-B0-7C-FD-63-B6-C5-CD">
      <ModulePath>C:\Program Files\dotnet\shared\Microsoft.NETCore.App\2.1.0\System.Security.Cryptography.Primitives.dll</ModulePath>
      <ModuleTime>2018-05-15T21:03:38Z</ModuleTime>
      <ModuleName>System.Security.Cryptography.Primitives</ModuleName>
      <Classes />
    </Module>
    <Module skippedDueTo="MissingPdb" hash="20-B2-59-8F-C7-14-4E-F0-13-BD-7E-A3-10-08-23-76-28-0E-DB-8D">
      <ModulePath>C:\Program Files\dotnet\shared\Microsoft.NETCore.App\2.1.0\Microsoft.Win32.Registry.dll</ModulePath>
      <ModuleTime>2018-05-15T21:03:32Z</ModuleTime>
      <ModuleName>Microsoft.Win32.Registry</ModuleName>
      <Classes />
    </Module>
    <Module skippedDueTo="Filter" hash="B1-14-2E-2B-2D-74-A8-39-95-C9-CD-C4-2D-7C-86-6D-97-7E-30-39">
      <ModulePath>C:\Program Files\dotnet\shared\Microsoft.NETCore.App\2.1.0\System.Resources.ResourceManager.dll</ModulePath>
      <ModuleTime>2018-05-15T21:03:38Z</ModuleTime>
      <ModuleName>System.Resources.ResourceManager</ModuleName>
      <Classes />
    </Module>
    <Module skippedDueTo="Filter" hash="41-ED-E1-98-BB-A2-1A-69-AC-77-E0-4E-8D-36-CF-B1-5A-52-81-B9">
      <ModulePath>C:\Program Files\dotnet\shared\Microsoft.NETCore.App\2.1.0\System.ObjectModel.dll</ModulePath>
      <ModuleTime>2018-05-15T21:03:36Z</ModuleTime>
      <ModuleName>System.ObjectModel</ModuleName>
      <Classes />
    </Module>
    <Module skippedDueTo="Filter" hash="D0-AD-42-F2-E9-D2-D4-94-0D-63-8C-61-4E-52-4F-0D-DA-1A-CD-6F">
      <ModulePath>C:\Program Files\dotnet\shared\Microsoft.NETCore.App\2.1.0\System.Threading.Thread.dll</ModulePath>
      <ModuleTime>2018-05-15T21:03:38Z</ModuleTime>
      <ModuleName>System.Threading.Thread</ModuleName>
      <Classes />
    </Module>
    <Module skippedDueTo="Filter" hash="BB-70-F4-68-DD-92-B3-F6-FB-00-D6-D4-4C-56-CB-EF-A3-91-1B-0D">
      <ModulePath>C:\Program Files\dotnet\shared\Microsoft.NETCore.App\2.1.0\System.Reflection.Emit.ILGeneration.dll</ModulePath>
      <ModuleTime>2018-05-15T21:03:38Z</ModuleTime>
      <ModuleName>System.Reflection.Emit.ILGeneration</ModuleName>
      <Classes />
    </Module>
    <Module skippedDueTo="Filter" hash="38-CE-AE-5A-FB-25-CF-0E-7C-94-96-84-5F-7C-AD-3A-56-F4-A2-A4">
      <ModulePath>C:\Program Files\dotnet\shared\Microsoft.NETCore.App\2.1.0\System.Reflection.Emit.Lightweight.dll</ModulePath>
      <ModuleTime>2018-05-15T21:03:38Z</ModuleTime>
      <ModuleName>System.Reflection.Emit.Lightweight</ModuleName>
      <Classes />
    </Module>
    <Module skippedDueTo="Filter" hash="CC-EB-DD-C7-0A-85-19-06-8D-84-86-4E-4E-44-CF-17-AF-4A-84-68">
      <ModulePath>C:\Program Files\dotnet\shared\Microsoft.NETCore.App\2.1.0\System.Reflection.Primitives.dll</ModulePath>
      <ModuleTime>2018-05-15T21:03:38Z</ModuleTime>
      <ModuleName>System.Reflection.Primitives</ModuleName>
      <Classes />
    </Module>
    <Module skippedDueTo="Filter" hash="9A-D5-0C-A3-5D-58-2D-DE-6A-31-89-EE-94-D7-1F-CA-8E-4A-4A-3A">
      <ModulePath>C:\Program Files\dotnet\shared\Microsoft.NETCore.App\2.1.0\System.Diagnostics.TraceSource.dll</ModulePath>
      <ModuleTime>2018-05-15T21:03:34Z</ModuleTime>
      <ModuleName>System.Diagnostics.TraceSource</ModuleName>
      <Classes />
    </Module>
    <Module skippedDueTo="Filter" hash="0B-FA-56-19-85-6A-C4-75-4C-10-0F-DC-F8-D1-5B-9B-CD-DC-C3-F6">
      <ModulePath>C:\Program Files\dotnet\shared\Microsoft.NETCore.App\2.1.0\System.Collections.Immutable.dll</ModulePath>
      <ModuleTime>2018-05-15T21:03:34Z</ModuleTime>
      <ModuleName>System.Collections.Immutable</ModuleName>
      <Classes />
    </Module>
    <Module skippedDueTo="Filter" hash="DC-EE-C1-38-F2-18-91-33-F1-C3-BD-36-22-CF-EB-CB-64-37-AA-32">
      <ModulePath>C:\Program Files\dotnet\shared\Microsoft.NETCore.App\2.1.0\System.Threading.Tasks.Parallel.dll</ModulePath>
      <ModuleTime>2018-05-15T21:03:38Z</ModuleTime>
      <ModuleName>System.Threading.Tasks.Parallel</ModuleName>
      <Classes />
    </Module>
    <Module skippedDueTo="MissingPdb" hash="FB-DC-55-48-ED-9E-8C-F4-0E-8F-50-C4-94-E6-C5-79-7F-EF-F6-51">
      <ModulePath>C:\Program Files\dotnet\sdk\2.1.300\Microsoft.Build.Tasks.Core.dll</ModulePath>
      <ModuleTime>2018-05-22T23:00:10Z</ModuleTime>
      <ModuleName>Microsoft.Build.Tasks.Core</ModuleName>
      <Classes />
    </Module>
    <Module skippedDueTo="MissingPdb" hash="8A-24-7E-36-DC-BB-93-15-20-2B-32-6B-08-66-22-C1-4D-10-12-59">
      <ModulePath>C:\Program Files\dotnet\sdk\2.1.300\Microsoft.Build.Utilities.Core.dll</ModulePath>
      <ModuleTime>2018-05-22T23:00:08Z</ModuleTime>
      <ModuleName>Microsoft.Build.Utilities.Core</ModuleName>
      <Classes />
    </Module>
    <Module skippedDueTo="Filter" hash="90-9A-ED-47-04-2B-8A-42-2C-26-2D-AC-58-1F-41-AA-7C-AB-DA-48">
      <ModulePath>C:\Program Files\dotnet\shared\Microsoft.NETCore.App\2.1.0\System.Threading.ThreadPool.dll</ModulePath>
      <ModuleTime>2018-05-15T21:03:38Z</ModuleTime>
      <ModuleName>System.Threading.ThreadPool</ModuleName>
      <Classes />
    </Module>
    <Module skippedDueTo="MissingPdb" hash="0F-17-E9-42-47-D4-6C-92-50-FA-03-31-93-DC-B9-61-95-E3-80-A2">
      <ModulePath>C:\Program Files\dotnet\shared\Microsoft.NETCore.App\2.1.0\Microsoft.Win32.Primitives.dll</ModulePath>
      <ModuleTime>2018-05-15T21:03:32Z</ModuleTime>
      <ModuleName>Microsoft.Win32.Primitives</ModuleName>
      <Classes />
    </Module>
    <Module skippedDueTo="Filter" hash="C0-16-E9-9B-FF-FA-5B-79-E3-1C-03-FB-3D-CB-62-55-5D-54-B0-65">
      <ModulePath>C:\Program Files\dotnet\shared\Microsoft.NETCore.App\2.1.0\System.Collections.NonGeneric.dll</ModulePath>
      <ModuleTime>2018-05-15T21:03:34Z</ModuleTime>
      <ModuleName>System.Collections.NonGeneric</ModuleName>
      <Classes />
    </Module>
    <Module skippedDueTo="Filter" hash="40-85-75-1E-6D-24-67-1C-AF-4E-3B-D9-80-9C-3F-AB-6D-60-D4-C0">
      <ModulePath>C:\Program Files\dotnet\shared\Microsoft.NETCore.App\2.1.0\System.Runtime.Loader.dll</ModulePath>
      <ModuleTime>2018-05-15T21:03:38Z</ModuleTime>
      <ModuleName>System.Runtime.Loader</ModuleName>
      <Classes />
    </Module>
    <Module skippedDueTo="Filter" hash="2F-11-F8-D5-E0-AB-58-10-94-51-27-E6-DD-B3-17-15-E3-AC-0F-2D">
      <ModulePath>C:\Program Files\dotnet\shared\Microsoft.NETCore.App\2.1.0\System.IO.Pipes.dll</ModulePath>
      <ModuleTime>2018-05-15T21:03:36Z</ModuleTime>
      <ModuleName>System.IO.Pipes</ModuleName>
      <Classes />
    </Module>
    <Module skippedDueTo="MissingPdb" hash="72-0A-30-A7-22-EC-F1-8C-49-6B-B1-CA-D6-E7-A8-7F-FE-63-FD-8E">
      <ModulePath>C:\Program Files\dotnet\sdk\2.1.300\SdkResolvers\NuGet.MSBuildSdkResolver\NuGet.MSBuildSdkResolver.dll</ModulePath>
      <ModuleTime>2018-05-22T23:04:32Z</ModuleTime>
      <ModuleName>NuGet.MSBuildSdkResolver</ModuleName>
      <Classes />
    </Module>
    <Module skippedDueTo="Filter" hash="12-B7-51-68-45-5A-41-43-72-AB-32-1D-14-F1-4B-C8-FE-3E-0C-95">
      <ModulePath>C:\Program Files\dotnet\shared\Microsoft.NETCore.App\2.1.0\System.Security.Principal.dll</ModulePath>
      <ModuleTime>2018-05-15T21:03:38Z</ModuleTime>
      <ModuleName>System.Security.Principal</ModuleName>
      <Classes />
    </Module>
    <Module skippedDueTo="Filter" hash="81-A4-25-B6-D3-88-DA-45-70-D0-3A-2D-05-DE-62-CD-FB-83-91-B1">
      <ModulePath>C:\Program Files\dotnet\shared\Microsoft.NETCore.App\2.1.0\System.Diagnostics.FileVersionInfo.dll</ModulePath>
      <ModuleTime>2018-05-15T21:03:34Z</ModuleTime>
      <ModuleName>System.Diagnostics.FileVersionInfo</ModuleName>
      <Classes />
    </Module>
    <Module skippedDueTo="Filter" hash="B2-E7-C6-75-5A-8F-45-0B-CA-A7-A6-86-F2-5E-94-26-D2-45-2F-3F">
      <ModulePath>C:\Program Files\dotnet\shared\Microsoft.NETCore.App\2.1.0\System.Private.CoreLib.dll</ModulePath>
      <ModuleTime>2018-05-15T21:03:40Z</ModuleTime>
      <ModuleName>System.Private.CoreLib</ModuleName>
      <Classes />
    </Module>
    <Module skippedDueTo="Filter" hash="B1-C8-79-68-C3-E4-96-D6-C7-EB-75-26-AC-CE-24-90-57-2E-90-BA">
      <ModulePath>C:\Program Files\dotnet\shared\Microsoft.NETCore.App\2.1.0\System.Net.Primitives.dll</ModulePath>
      <ModuleTime>2018-05-15T21:03:36Z</ModuleTime>
      <ModuleName>System.Net.Primitives</ModuleName>
      <Classes />
    </Module>
    <Module skippedDueTo="MissingPdb" hash="0B-00-63-62-08-97-52-5E-F9-8B-EB-3C-D1-A6-54-CE-C0-73-A7-B0">
      <ModulePath>C:\Program Files\dotnet\sdk\2.1.300\MSBuild.dll</ModulePath>
      <ModuleTime>2018-05-22T23:04:42Z</ModuleTime>
      <ModuleName>MSBuild</ModuleName>
      <Classes />
    </Module>
    <Module skippedDueTo="Filter" hash="9F-39-BF-B3-E6-CA-45-5F-FF-EC-C9-17-D3-19-65-B0-6E-2F-17-4E">
      <ModulePath>C:\Program Files\dotnet\shared\Microsoft.NETCore.App\2.1.0\System.Runtime.dll</ModulePath>
      <ModuleTime>2018-05-15T21:03:38Z</ModuleTime>
      <ModuleName>System.Runtime</ModuleName>
      <Classes />
    </Module>
    <Module skippedDueTo="Filter" hash="8D-7A-CE-FA-10-05-D7-6F-3C-AC-3E-F0-BA-01-AD-CE-0B-22-99-8B">
      <ModulePath>C:\Program Files\dotnet\shared\Microsoft.NETCore.App\2.1.0\System.Runtime.Extensions.dll</ModulePath>
      <ModuleTime>2018-05-15T21:03:38Z</ModuleTime>
      <ModuleName>System.Runtime.Extensions</ModuleName>
      <Classes />
    </Module>
    <Module skippedDueTo="Filter" hash="DC-82-33-86-1B-03-21-60-3C-01-E1-E1-DD-56-79-12-7A-1D-2E-21">
      <ModulePath>C:\Program Files\dotnet\shared\Microsoft.NETCore.App\2.1.0\System.Threading.dll</ModulePath>
      <ModuleTime>2018-05-15T21:03:38Z</ModuleTime>
      <ModuleName>System.Threading</ModuleName>
      <Classes />
    </Module>
    <Module skippedDueTo="Filter" hash="25-50-01-7A-06-31-FD-01-25-66-B3-FF-54-A1-13-10-BF-28-EA-43">
      <ModulePath>C:\Program Files\dotnet\shared\Microsoft.NETCore.App\2.1.0\System.IO.FileSystem.dll</ModulePath>
      <ModuleTime>2018-05-15T21:03:34Z</ModuleTime>
      <ModuleName>System.IO.FileSystem</ModuleName>
      <Classes />
    </Module>
    <Module skippedDueTo="Filter" hash="BD-CE-88-18-22-8A-25-85-EF-42-FE-24-18-B9-4F-9D-F6-47-F0-A9">
      <ModulePath>C:\Program Files\dotnet\shared\Microsoft.NETCore.App\2.1.0\System.Runtime.InteropServices.RuntimeInformation.dll</ModulePath>
      <ModuleTime>2018-05-15T21:03:38Z</ModuleTime>
      <ModuleName>System.Runtime.InteropServices.RuntimeInformation</ModuleName>
      <Classes />
    </Module>
    <Module skippedDueTo="Filter" hash="9F-99-A9-A6-DD-81-FE-32-D3-9F-D2-E3-AD-B9-5F-98-E3-C3-D3-BD">
      <ModulePath>C:\Program Files\dotnet\shared\Microsoft.NETCore.App\2.1.0\System.Linq.dll</ModulePath>
      <ModuleTime>2018-05-15T21:03:36Z</ModuleTime>
      <ModuleName>System.Linq</ModuleName>
      <Classes />
    </Module>
    <Module skippedDueTo="Filter" hash="A7-E9-86-00-CF-78-E5-77-89-9A-59-FD-9F-AE-61-2D-6A-36-CF-91">
      <ModulePath>C:\Program Files\dotnet\shared\Microsoft.NETCore.App\2.1.0\System.Text.RegularExpressions.dll</ModulePath>
      <ModuleTime>2018-05-15T21:03:38Z</ModuleTime>
      <ModuleName>System.Text.RegularExpressions</ModuleName>
      <Classes />
    </Module>
    <Module skippedDueTo="Filter" hash="24-71-BF-19-D6-43-AE-96-67-A7-D6-7A-23-51-8F-EA-D9-BB-9E-0B">
      <ModulePath>C:\Program Files\dotnet\shared\Microsoft.NETCore.App\2.1.0\System.Collections.dll</ModulePath>
      <ModuleTime>2018-05-15T21:03:34Z</ModuleTime>
      <ModuleName>System.Collections</ModuleName>
      <Classes />
    </Module>
    <Module skippedDueTo="Filter" hash="0A-4E-6E-9A-77-64-F6-77-BF-DB-19-83-60-08-67-E6-59-D4-B5-89">
      <ModulePath>C:\Program Files\dotnet\shared\Microsoft.NETCore.App\2.1.0\System.Buffers.dll</ModulePath>
      <ModuleTime>2018-05-15T21:03:34Z</ModuleTime>
      <ModuleName>System.Buffers</ModuleName>
      <Classes />
    </Module>
    <Module skippedDueTo="Filter" hash="99-33-4D-CD-87-78-88-0E-F6-12-EF-CA-31-D9-97-F4-A8-D8-3D-E1">
      <ModulePath>C:\Program Files\dotnet\shared\Microsoft.NETCore.App\2.1.0\System.Memory.dll</ModulePath>
      <ModuleTime>2018-05-15T21:03:36Z</ModuleTime>
      <ModuleName>System.Memory</ModuleName>
      <Classes />
    </Module>
    <Module skippedDueTo="Filter" hash="7C-48-0B-B8-42-17-41-57-6D-4B-89-E5-56-89-D0-D0-8F-11-92-5B">
      <ModulePath>C:\Program Files\dotnet\shared\Microsoft.NETCore.App\2.1.0\System.Runtime.InteropServices.dll</ModulePath>
      <ModuleTime>2018-05-15T21:03:38Z</ModuleTime>
      <ModuleName>System.Runtime.InteropServices</ModuleName>
      <Classes />
    </Module>
    <Module skippedDueTo="Filter" hash="FB-2A-22-7D-6B-48-6C-07-93-20-FE-9E-D2-85-0C-2E-DA-B6-18-C7">
      <ModulePath>C:\Program Files\dotnet\shared\Microsoft.NETCore.App\2.1.0\System.Console.dll</ModulePath>
      <ModuleTime>2018-05-15T21:03:34Z</ModuleTime>
      <ModuleName>System.Console</ModuleName>
      <Classes />
    </Module>
    <Module skippedDueTo="Filter" hash="75-89-4A-9A-A6-FC-DB-A1-DD-35-84-48-C9-3B-21-8A-92-4A-92-5F">
      <ModulePath>C:\Program Files\dotnet\shared\Microsoft.NETCore.App\2.1.0\System.Diagnostics.Process.dll</ModulePath>
      <ModuleTime>2018-05-15T21:03:34Z</ModuleTime>
      <ModuleName>System.Diagnostics.Process</ModuleName>
      <Classes />
    </Module>
    <Module skippedDueTo="Filter" hash="F9-67-FE-2B-96-8A-EC-95-FB-27-2A-27-AA-B3-38-DC-99-35-B9-A1">
      <ModulePath>C:\Program Files\dotnet\shared\Microsoft.NETCore.App\2.1.0\System.ComponentModel.Primitives.dll</ModulePath>
      <ModuleTime>2018-05-15T21:03:34Z</ModuleTime>
      <ModuleName>System.ComponentModel.Primitives</ModuleName>
      <Classes />
    </Module>
    <Module skippedDueTo="MissingPdb" hash="41-4A-9A-A2-E1-F8-6E-7D-B4-28-4D-C5-7A-5F-EF-78-9E-E6-46-F4">
      <ModulePath>C:\Program Files\dotnet\sdk\2.1.300\Microsoft.Build.Framework.dll</ModulePath>
      <ModuleTime>2018-05-22T23:00:08Z</ModuleTime>
      <ModuleName>Microsoft.Build.Framework</ModuleName>
      <Classes />
    </Module>
    <Module skippedDueTo="MissingPdb" hash="CE-9A-28-50-C8-7A-CB-EA-AB-DB-66-61-78-38-6D-69-39-93-C5-40">
      <ModulePath>C:\Program Files\dotnet\shared\Microsoft.NETCore.App\2.1.0\netstandard.dll</ModulePath>
      <ModuleTime>2018-05-15T21:03:40Z</ModuleTime>
      <ModuleName>netstandard</ModuleName>
      <Classes />
    </Module>
    <Module skippedDueTo="MissingPdb" hash="98-42-51-D3-30-C9-87-5D-C1-EF-E3-90-DF-95-44-6C-CA-37-C8-1B">
      <ModulePath>C:\Program Files\dotnet\sdk\2.1.300\Microsoft.Build.dll</ModulePath>
      <ModuleTime>2018-05-22T23:00:20Z</ModuleTime>
      <ModuleName>Microsoft.Build</ModuleName>
      <Classes />
    </Module>
    <Module skippedDueTo="Filter" hash="66-45-6C-B8-6E-33-46-CE-D5-9F-71-FB-DC-B0-1E-2B-68-D1-4A-7D">
      <ModulePath>C:\Program Files\dotnet\sdk\2.1.300\runtimes\win\lib\netcoreapp2.0\System.Text.Encoding.CodePages.dll</ModulePath>
      <ModuleTime>2018-05-22T22:56:18Z</ModuleTime>
      <ModuleName>System.Text.Encoding.CodePages</ModuleName>
      <Classes />
    </Module>
    <Module skippedDueTo="MissingPdb" hash="18-EE-CC-43-F3-5A-28-5D-B0-E2-E8-22-54-66-C0-45-22-26-87-06">
      <ModulePath>C:\Program Files\dotnet\sdk\2.1.300\Microsoft.TestPlatform.Build.dll</ModulePath>
      <ModuleTime>2018-05-22T23:00:08Z</ModuleTime>
      <ModuleName>Microsoft.TestPlatform.Build</ModuleName>
      <Classes />
    </Module>
    <Module skippedDueTo="Filter" hash="9E-5F-AD-60-04-57-6F-40-C1-C3-F9-E2-BC-8E-5E-64-5E-61-98-48">
      <ModulePath>C:\Program Files\dotnet\shared\Microsoft.NETCore.App\2.1.0\System.Collections.Concurrent.dll</ModulePath>
      <ModuleTime>2018-05-15T21:03:34Z</ModuleTime>
      <ModuleName>System.Collections.Concurrent</ModuleName>
      <Classes />
    </Module>
    <Module skippedDueTo="Filter" hash="2F-11-F8-D5-E0-AB-58-10-94-51-27-E6-DD-B3-17-15-E3-AC-0F-2D">
      <ModulePath>C:\Program Files\dotnet\shared\Microsoft.NETCore.App\2.1.0\System.IO.Pipes.dll</ModulePath>
      <ModuleTime>2018-05-15T21:03:36Z</ModuleTime>
      <ModuleName>System.IO.Pipes</ModuleName>
      <Classes />
    </Module>
    <Module skippedDueTo="Filter" hash="4B-C9-61-40-58-3E-0C-63-D9-7B-DD-60-9F-00-0F-85-73-7E-F7-06">
      <ModulePath>C:\Program Files\dotnet\shared\Microsoft.NETCore.App\2.1.0\System.Text.Encoding.Extensions.dll</ModulePath>
      <ModuleTime>2018-05-15T21:03:38Z</ModuleTime>
      <ModuleName>System.Text.Encoding.Extensions</ModuleName>
      <Classes />
    </Module>
    <Module skippedDueTo="Filter" hash="4D-3B-78-35-B5-9F-C7-B1-D7-A9-36-5D-11-38-17-02-11-F8-23-B6">
      <ModulePath>C:\Program Files\dotnet\shared\Microsoft.NETCore.App\2.1.0\System.Security.AccessControl.dll</ModulePath>
      <ModuleTime>2018-05-15T21:03:38Z</ModuleTime>
      <ModuleName>System.Security.AccessControl</ModuleName>
      <Classes />
    </Module>
    <Module skippedDueTo="Filter" hash="FE-78-53-9B-1A-13-3F-2F-ED-91-53-E1-AA-73-FA-63-EF-04-D3-99">
      <ModulePath>C:\Program Files\dotnet\shared\Microsoft.NETCore.App\2.1.0\System.Security.Principal.Windows.dll</ModulePath>
      <ModuleTime>2018-05-15T21:03:38Z</ModuleTime>
      <ModuleName>System.Security.Principal.Windows</ModuleName>
      <Classes />
    </Module>
    <Module skippedDueTo="Filter" hash="D3-0C-F6-3D-A6-F7-83-3E-1E-46-C2-F3-6F-5E-E8-35-37-73-4B-30">
      <ModulePath>C:\Program Files\dotnet\shared\Microsoft.NETCore.App\2.1.0\System.Security.Claims.dll</ModulePath>
      <ModuleTime>2018-05-15T21:03:38Z</ModuleTime>
      <ModuleName>System.Security.Claims</ModuleName>
      <Classes />
    </Module>
    <Module skippedDueTo="Filter" hash="12-B7-51-68-45-5A-41-43-72-AB-32-1D-14-F1-4B-C8-FE-3E-0C-95">
      <ModulePath>C:\Program Files\dotnet\shared\Microsoft.NETCore.App\2.1.0\System.Security.Principal.dll</ModulePath>
      <ModuleTime>2018-05-15T21:03:38Z</ModuleTime>
      <ModuleName>System.Security.Principal</ModuleName>
      <Classes />
    </Module>
    <Module skippedDueTo="Filter" hash="16-06-8F-98-40-06-94-A2-59-B4-EB-EA-21-F3-79-D0-0A-AD-45-7D">
      <ModulePath>C:\Program Files\dotnet\shared\Microsoft.NETCore.App\2.1.0\System.Threading.Overlapped.dll</ModulePath>
      <ModuleTime>2018-05-15T21:03:38Z</ModuleTime>
      <ModuleName>System.Threading.Overlapped</ModuleName>
      <Classes />
    </Module>
    <Module skippedDueTo="Filter" hash="16-06-8F-98-40-06-94-A2-59-B4-EB-EA-21-F3-79-D0-0A-AD-45-7D">
      <ModulePath>C:\Program Files\dotnet\shared\Microsoft.NETCore.App\2.1.0\System.Threading.Overlapped.dll</ModulePath>
      <ModuleTime>2018-05-15T21:03:38Z</ModuleTime>
      <ModuleName>System.Threading.Overlapped</ModuleName>
      <Classes />
    </Module>
    <Module skippedDueTo="Filter" hash="D0-AD-42-F2-E9-D2-D4-94-0D-63-8C-61-4E-52-4F-0D-DA-1A-CD-6F">
      <ModulePath>C:\Program Files\dotnet\shared\Microsoft.NETCore.App\2.1.0\System.Threading.Thread.dll</ModulePath>
      <ModuleTime>2018-05-15T21:03:38Z</ModuleTime>
      <ModuleName>System.Threading.Thread</ModuleName>
      <Classes />
    </Module>
    <Module skippedDueTo="Filter" hash="4D-3B-78-35-B5-9F-C7-B1-D7-A9-36-5D-11-38-17-02-11-F8-23-B6">
      <ModulePath>C:\Program Files\dotnet\shared\Microsoft.NETCore.App\2.1.0\System.Security.AccessControl.dll</ModulePath>
      <ModuleTime>2018-05-15T21:03:38Z</ModuleTime>
      <ModuleName>System.Security.AccessControl</ModuleName>
      <Classes />
    </Module>
    <Module skippedDueTo="Filter" hash="FE-78-53-9B-1A-13-3F-2F-ED-91-53-E1-AA-73-FA-63-EF-04-D3-99">
      <ModulePath>C:\Program Files\dotnet\shared\Microsoft.NETCore.App\2.1.0\System.Security.Principal.Windows.dll</ModulePath>
      <ModuleTime>2018-05-15T21:03:38Z</ModuleTime>
      <ModuleName>System.Security.Principal.Windows</ModuleName>
      <Classes />
    </Module>
    <Module skippedDueTo="Filter" hash="D3-0C-F6-3D-A6-F7-83-3E-1E-46-C2-F3-6F-5E-E8-35-37-73-4B-30">
      <ModulePath>C:\Program Files\dotnet\shared\Microsoft.NETCore.App\2.1.0\System.Security.Claims.dll</ModulePath>
      <ModuleTime>2018-05-15T21:03:38Z</ModuleTime>
      <ModuleName>System.Security.Claims</ModuleName>
      <Classes />
    </Module>
    <Module skippedDueTo="Filter" hash="4F-1F-3B-7B-DB-07-CF-E1-A3-99-93-8D-8C-97-A1-6A-0C-41-8E-E9">
      <ModulePath>C:\Program Files\dotnet\shared\Microsoft.NETCore.App\2.1.0\System.Threading.Tasks.dll</ModulePath>
      <ModuleTime>2018-05-15T21:03:38Z</ModuleTime>
      <ModuleName>System.Threading.Tasks</ModuleName>
      <Classes />
    </Module>
    <Module skippedDueTo="Filter" hash="67-F3-8D-FF-58-30-5E-3A-00-E2-F7-7A-6C-29-19-0F-81-5F-8A-FB">
      <ModulePath>C:\Program Files\dotnet\shared\Microsoft.NETCore.App\2.1.0\System.ComponentModel.dll</ModulePath>
      <ModuleTime>2018-05-15T21:03:34Z</ModuleTime>
      <ModuleName>System.ComponentModel</ModuleName>
      <Classes />
    </Module>
    <Module skippedDueTo="MissingPdb" hash="F6-7D-06-AB-0A-DD-57-07-A5-9F-0A-74-76-42-ED-D8-C9-54-86-8E">
      <ModulePath>C:\Program Files\dotnet\sdk\2.1.300\Sdks\Microsoft.NET.Sdk\targets\..\tools\netcoreapp2.0/Microsoft.NET.Build.Tasks.dll</ModulePath>
      <ModuleTime>2018-05-22T23:02:10Z</ModuleTime>
      <ModuleName>Microsoft.NET.Build.Tasks</ModuleName>
      <Classes />
    </Module>
    <Module skippedDueTo="Filter" hash="CB-39-E5-B1-B4-D2-03-F7-BD-8B-F2-1B-FF-A9-EA-6F-4B-61-93-6D">
      <ModulePath>C:\Program Files\dotnet\shared\Microsoft.NETCore.App\2.1.0\System.Diagnostics.Tools.dll</ModulePath>
      <ModuleTime>2018-05-15T21:03:34Z</ModuleTime>
      <ModuleName>System.Diagnostics.Tools</ModuleName>
      <Classes />
    </Module>
    <Module skippedDueTo="Filter" hash="20-62-97-87-EA-D6-D2-70-FB-5A-D2-29-1E-B7-32-2D-E1-23-80-FA">
      <ModulePath>C:\Program Files\dotnet\shared\Microsoft.NETCore.App\2.1.0\System.Diagnostics.Debug.dll</ModulePath>
      <ModuleTime>2018-05-15T21:03:34Z</ModuleTime>
      <ModuleName>System.Diagnostics.Debug</ModuleName>
      <Classes />
    </Module>
    <Module skippedDueTo="Filter" hash="93-AD-CD-25-C3-0E-A0-A6-7A-07-9E-D5-7A-CB-BF-3D-90-A1-F9-C5">
      <ModulePath>C:\Program Files\dotnet\shared\Microsoft.NETCore.App\2.1.0\System.IO.dll</ModulePath>
      <ModuleTime>2018-05-15T21:03:36Z</ModuleTime>
      <ModuleName>System.IO</ModuleName>
      <Classes />
    </Module>
    <Module skippedDueTo="Filter" hash="6D-9D-C3-30-B6-80-47-63-E9-F9-98-B3-86-27-D0-F5-80-75-FE-62">
      <ModulePath>C:\Program Files\dotnet\shared\Microsoft.NETCore.App\2.1.0\System.Text.Encoding.dll</ModulePath>
      <ModuleTime>2018-05-15T21:03:38Z</ModuleTime>
      <ModuleName>System.Text.Encoding</ModuleName>
      <Classes />
    </Module>
    <Module skippedDueTo="Filter" hash="66-3E-96-27-78-BC-78-E5-7A-31-7D-F8-36-DC-98-0F-1D-42-CC-49">
      <ModulePath>C:\Program Files\dotnet\shared\Microsoft.NETCore.App\2.1.0\System.IO.Compression.dll</ModulePath>
      <ModuleTime>2018-05-15T21:03:34Z</ModuleTime>
      <ModuleName>System.IO.Compression</ModuleName>
      <Classes />
    </Module>
    <Module skippedDueTo="Filter" hash="41-ED-E1-98-BB-A2-1A-69-AC-77-E0-4E-8D-36-CF-B1-5A-52-81-B9">
      <ModulePath>C:\Program Files\dotnet\shared\Microsoft.NETCore.App\2.1.0\System.ObjectModel.dll</ModulePath>
      <ModuleTime>2018-05-15T21:03:36Z</ModuleTime>
      <ModuleName>System.ObjectModel</ModuleName>
      <Classes />
    </Module>
    <Module skippedDueTo="Filter" hash="66-30-70-85-91-ED-55-B3-0B-E6-B9-A6-64-9D-CC-CC-94-0A-EE-C8">
      <ModulePath>C:\Program Files\dotnet\shared\Microsoft.NETCore.App\2.1.0\System.Net.Http.dll</ModulePath>
      <ModuleTime>2018-05-15T21:03:36Z</ModuleTime>
      <ModuleName>System.Net.Http</ModuleName>
      <Classes />
    </Module>
    <Module skippedDueTo="MissingPdb" hash="3E-25-59-81-49-B6-49-57-56-FF-D9-5C-4B-08-B7-27-B7-81-A7-8F">
      <ModulePath>C:\Program Files\dotnet\sdk\2.1.300\NuGet.ProjectModel.dll</ModulePath>
      <ModuleTime>2018-05-22T23:03:40Z</ModuleTime>
      <ModuleName>NuGet.ProjectModel</ModuleName>
      <Classes />
    </Module>
    <Module skippedDueTo="Filter" hash="CB-26-D8-B4-F5-C0-85-70-AA-9F-52-97-F5-68-EC-32-9B-2D-73-B3">
      <ModulePath>C:\Program Files\dotnet\shared\Microsoft.NETCore.App\2.1.0\System.Net.Security.dll</ModulePath>
      <ModuleTime>2018-05-15T21:03:36Z</ModuleTime>
      <ModuleName>System.Net.Security</ModuleName>
      <Classes />
    </Module>
    <Module skippedDueTo="Filter" hash="98-96-3F-E5-73-90-B1-DF-65-97-14-A3-21-62-18-F5-77-F5-B3-B6">
      <ModulePath>C:\Program Files\dotnet\shared\Microsoft.NETCore.App\2.1.0\System.Security.Cryptography.X509Certificates.dll</ModulePath>
      <ModuleTime>2018-05-15T21:03:38Z</ModuleTime>
      <ModuleName>System.Security.Cryptography.X509Certificates</ModuleName>
      <Classes />
    </Module>
    <Module skippedDueTo="Filter" hash="2B-15-19-D9-E6-56-DC-AC-E0-43-94-94-4C-00-47-20-93-31-C3-E5">
      <ModulePath>C:\Program Files\dotnet\shared\Microsoft.NETCore.App\2.1.0\System.Threading.Tasks.Dataflow.dll</ModulePath>
      <ModuleTime>2018-05-15T21:03:38Z</ModuleTime>
      <ModuleName>System.Threading.Tasks.Dataflow</ModuleName>
      <Classes />
    </Module>
    <Module skippedDueTo="Filter" hash="D8-1F-91-FC-FE-F3-18-9C-C0-64-98-06-CA-A4-4A-14-A8-D4-E1-A1">
      <ModulePath>C:\Program Files\dotnet\shared\Microsoft.NETCore.App\2.1.0\System.Diagnostics.Tracing.dll</ModulePath>
      <ModuleTime>2018-05-15T21:03:34Z</ModuleTime>
      <ModuleName>System.Diagnostics.Tracing</ModuleName>
      <Classes />
    </Module>
    <Module skippedDueTo="Filter" hash="0F-DB-A7-E6-AA-F8-E5-3E-DE-54-3D-EA-49-AC-84-46-97-51-FA-C2">
      <ModulePath>C:\Program Files\dotnet\shared\Microsoft.NETCore.App\2.1.0\System.Diagnostics.DiagnosticSource.dll</ModulePath>
      <ModuleTime>2018-05-15T21:03:34Z</ModuleTime>
      <ModuleName>System.Diagnostics.DiagnosticSource</ModuleName>
      <Classes />
    </Module>
    <Module skippedDueTo="Filter" hash="83-47-75-52-B4-4C-F0-7A-DA-4F-28-C8-7A-7F-40-D2-DB-8A-36-84">
      <ModulePath>C:\Program Files\dotnet\shared\Microsoft.NETCore.App\2.1.0\System.Threading.Timer.dll</ModulePath>
      <ModuleTime>2018-05-15T21:03:38Z</ModuleTime>
      <ModuleName>System.Threading.Timer</ModuleName>
      <Classes />
    </Module>
    <Module skippedDueTo="Filter" hash="0A-B2-E4-7B-B0-E9-FD-9C-A8-4F-38-C9-DE-41-06-D4-7B-D0-78-CC">
      <ModulePath>C:\Program Files\dotnet\shared\Microsoft.NETCore.App\2.1.0\System.Net.NetworkInformation.dll</ModulePath>
      <ModuleTime>2018-05-15T21:03:36Z</ModuleTime>
      <ModuleName>System.Net.NetworkInformation</ModuleName>
      <Classes />
    </Module>
    <Module skippedDueTo="MissingPdb" hash="2C-A4-74-D9-53-AC-74-18-35-67-84-A6-39-4E-8C-96-9E-71-6B-DD">
      <ModulePath>C:\Program Files\dotnet\sdk\2.1.300\NuGet.Common.dll</ModulePath>
      <ModuleTime>2018-05-22T23:03:32Z</ModuleTime>
      <ModuleName>NuGet.Common</ModuleName>
      <Classes />
    </Module>
    <Module skippedDueTo="MissingPdb" hash="B2-5D-47-CA-28-5B-B0-0E-FC-29-D9-01-B2-8D-36-88-65-61-54-0E">
      <ModulePath>C:\Program Files\dotnet\sdk\2.1.300\Newtonsoft.Json.dll</ModulePath>
      <ModuleTime>2018-05-22T23:05:00Z</ModuleTime>
      <ModuleName>Newtonsoft.Json</ModuleName>
      <Classes />
    </Module>
    <Module skippedDueTo="Filter" hash="3F-BD-5F-B2-1B-D5-24-D9-56-14-4D-D5-55-71-7D-18-8E-58-FE-39">
      <ModulePath>C:\Program Files\dotnet\shared\Microsoft.NETCore.App\2.1.0\System.Net.Sockets.dll</ModulePath>
      <ModuleTime>2018-05-15T21:03:36Z</ModuleTime>
      <ModuleName>System.Net.Sockets</ModuleName>
      <Classes />
    </Module>
    <Module skippedDueTo="Filter" hash="E2-DD-41-07-A9-AC-5B-84-49-B7-E1-85-68-3D-69-DC-84-4B-3D-06">
      <ModulePath>C:\Program Files\dotnet\shared\Microsoft.NETCore.App\2.1.0\System.Dynamic.Runtime.dll</ModulePath>
      <ModuleTime>2018-05-15T21:03:34Z</ModuleTime>
      <ModuleName>System.Dynamic.Runtime</ModuleName>
      <Classes />
    </Module>
    <Module skippedDueTo="Filter" hash="CF-C6-6D-CD-52-19-4F-3F-36-51-5E-56-26-3A-93-A5-02-E2-58-2A">
      <ModulePath>C:\Program Files\dotnet\shared\Microsoft.NETCore.App\2.1.0\System.Linq.Expressions.dll</ModulePath>
      <ModuleTime>2018-05-15T21:03:36Z</ModuleTime>
      <ModuleName>System.Linq.Expressions</ModuleName>
      <Classes />
    </Module>
    <Module skippedDueTo="Filter" hash="EC-3F-C7-DD-79-2E-04-92-8D-F3-A5-60-2F-FB-16-43-DD-1B-31-10">
      <ModulePath>C:\Program Files\dotnet\shared\Microsoft.NETCore.App\2.1.0\System.Net.NameResolution.dll</ModulePath>
      <ModuleTime>2018-05-15T21:03:36Z</ModuleTime>
      <ModuleName>System.Net.NameResolution</ModuleName>
      <Classes />
    </Module>
    <Module skippedDueTo="MissingPdb" hash="2B-FA-51-67-24-04-EA-9E-F0-4F-31-BC-83-93-95-5A-B6-73-00-98">
      <ModulePath>C:\Program Files\dotnet\sdk\2.1.300\dotnet.dll</ModulePath>
      <ModuleTime>2018-05-22T22:56:18Z</ModuleTime>
      <ModuleName>dotnet</ModuleName>
      <Classes />
    </Module>
    <Module skippedDueTo="MissingPdb" hash="24-55-3A-CA-4E-C6-90-35-58-6E-6F-30-28-3D-A3-E0-18-20-89-47">
      <ModulePath>C:\Program Files\dotnet\sdk\2.1.300\Microsoft.DotNet.Tools.MigrateCommand.dll</ModulePath>
      <ModuleTime>2018-05-22T23:00:08Z</ModuleTime>
      <ModuleName>Microsoft.DotNet.Tools.MigrateCommand</ModuleName>
      <Classes />
    </Module>
    <Module skippedDueTo="MissingPdb" hash="43-AC-B9-A0-7E-21-D1-DB-A8-42-3B-84-83-FD-34-8D-97-77-3A-87">
      <ModulePath>C:\Program Files\dotnet\sdk\2.1.300\Microsoft.DotNet.Configurer.dll</ModulePath>
      <ModuleTime>2018-05-22T23:00:08Z</ModuleTime>
      <ModuleName>Microsoft.DotNet.Configurer</ModuleName>
      <Classes />
    </Module>
    <Module skippedDueTo="MissingPdb" hash="10-D9-5E-5F-C1-30-6D-DC-D5-57-8D-8E-D0-DC-07-D7-C0-91-30-27">
      <ModulePath>C:\Program Files\dotnet\sdk\2.1.300\Microsoft.DotNet.Cli.Utils.dll</ModulePath>
      <ModuleTime>2018-05-22T23:00:08Z</ModuleTime>
      <ModuleName>Microsoft.DotNet.Cli.Utils</ModuleName>
      <Classes />
    </Module>
    <Module skippedDueTo="MissingPdb" hash="D2-56-A4-DE-8B-E4-74-DB-2A-9D-96-42-3C-8E-47-75-8A-85-8F-DA">
      <ModulePath>C:\Program Files\dotnet\sdk\2.1.300\NuGet.Frameworks.dll</ModulePath>
      <ModuleTime>2018-05-22T23:03:40Z</ModuleTime>
      <ModuleName>NuGet.Frameworks</ModuleName>
      <Classes />
    </Module>
    <Module skippedDueTo="Filter" hash="B1-14-2E-2B-2D-74-A8-39-95-C9-CD-C4-2D-7C-86-6D-97-7E-30-39">
      <ModulePath>C:\Program Files\dotnet\shared\Microsoft.NETCore.App\2.1.0\System.Resources.ResourceManager.dll</ModulePath>
      <ModuleTime>2018-05-15T21:03:38Z</ModuleTime>
      <ModuleName>System.Resources.ResourceManager</ModuleName>
      <Classes />
    </Module>
    <Module skippedDueTo="MissingPdb" hash="20-7F-00-FC-3F-E3-AB-6E-61-FC-BD-E1-3D-E4-4F-9D-FE-09-D7-CB">
      <ModulePath>C:\Program Files\dotnet\sdk\2.1.300\NuGet.Versioning.dll</ModulePath>
      <ModuleTime>2018-05-22T23:04:12Z</ModuleTime>
      <ModuleName>NuGet.Versioning</ModuleName>
      <Classes />
    </Module>
    <Module skippedDueTo="MissingPdb" hash="78-5F-43-09-56-00-5D-EE-14-3C-FD-1E-43-95-CE-09-20-8A-AB-90">
      <ModulePath>C:\Program Files\dotnet\sdk\2.1.300\NuGet.Packaging.Core.dll</ModulePath>
      <ModuleTime>2018-05-22T23:03:36Z</ModuleTime>
      <ModuleName>NuGet.Packaging.Core</ModuleName>
      <Classes />
    </Module>
    <Module skippedDueTo="MissingPdb" hash="B4-5A-77-C2-C0-65-10-A3-89-5F-99-44-14-C7-A5-80-D0-90-02-8E">
      <ModulePath>C:\Program Files\dotnet\sdk\2.1.300\NuGet.LibraryModel.dll</ModulePath>
      <ModuleTime>2018-05-22T23:03:30Z</ModuleTime>
      <ModuleName>NuGet.LibraryModel</ModuleName>
      <Classes />
    </Module>
    <Module skippedDueTo="MissingPdb" hash="8E-3C-D3-59-57-AC-63-41-38-8B-D3-5F-74-49-A4-8A-CC-5B-52-6C">
      <ModulePath>C:\Program Files\dotnet\sdk\2.1.300\NuGet.Packaging.dll</ModulePath>
      <ModuleTime>2018-05-22T23:04:10Z</ModuleTime>
      <ModuleName>NuGet.Packaging</ModuleName>
      <Classes />
    </Module>
    <Module skippedDueTo="Filter" hash="0C-56-98-AE-50-0E-32-FC-94-AE-26-B2-60-30-BD-89-B1-8D-D3-D4">
      <ModulePath>C:\Program Files\dotnet\shared\Microsoft.NETCore.App\2.1.0\System.Runtime.Serialization.Primitives.dll</ModulePath>
      <ModuleTime>2018-05-15T21:03:38Z</ModuleTime>
      <ModuleName>System.Runtime.Serialization.Primitives</ModuleName>
      <Classes />
    </Module>
    <Module skippedDueTo="MissingPdb" hash="23-3A-A4-7A-36-EC-A3-70-6E-B5-09-91-2C-F4-8E-8F-AA-2F-DE-A9">
      <ModulePath>C:\Program Files\dotnet\sdk\2.1.300\NuGet.Configuration.dll</ModulePath>
      <ModuleTime>2018-05-22T23:03:30Z</ModuleTime>
      <ModuleName>NuGet.Configuration</ModuleName>
      <Classes />
    </Module>
    <Module skippedDueTo="Filter" hash="5E-40-03-20-BE-51-A5-B8-5B-25-4F-F1-25-17-FA-A8-F7-D6-1D-75">
      <ModulePath>C:\Program Files\dotnet\shared\Microsoft.NETCore.App\2.1.0\System.Xml.ReaderWriter.dll</ModulePath>
      <ModuleTime>2018-05-15T21:03:38Z</ModuleTime>
      <ModuleName>System.Xml.ReaderWriter</ModuleName>
      <Classes />
    </Module>
    <Module skippedDueTo="Filter" hash="06-17-26-DD-65-DD-EF-6E-2E-D9-3B-5F-6B-34-E5-D7-6D-F3-F7-E0">
      <ModulePath>C:\Program Files\dotnet\shared\Microsoft.NETCore.App\2.1.0\System.Security.Cryptography.Encoding.dll</ModulePath>
      <ModuleTime>2018-05-15T21:03:38Z</ModuleTime>
      <ModuleName>System.Security.Cryptography.Encoding</ModuleName>
      <Classes />
    </Module>
    <Module skippedDueTo="Filter" hash="59-22-E0-A2-F3-0C-E7-ED-94-CC-53-3D-C8-3A-1A-1E-27-CB-A9-37">
      <ModulePath>C:\Program Files\dotnet\shared\Microsoft.NETCore.App\2.1.0\System.Private.Xml.dll</ModulePath>
      <ModuleTime>2018-05-15T21:03:36Z</ModuleTime>
      <ModuleName>System.Private.Xml</ModuleName>
      <Classes />
    </Module>
    <Module skippedDueTo="Filter" hash="6C-10-44-7E-EF-B7-6F-EF-94-1C-16-FA-4B-F1-3F-1A-2E-B7-36-36">
      <ModulePath>C:\Program Files\dotnet\shared\Microsoft.NETCore.App\2.1.0\System.Security.Cryptography.Algorithms.dll</ModulePath>
      <ModuleTime>2018-05-15T21:03:38Z</ModuleTime>
      <ModuleName>System.Security.Cryptography.Algorithms</ModuleName>
      <Classes />
    </Module>
    <Module skippedDueTo="Filter" hash="9D-16-07-1F-E6-AE-43-F8-08-7D-77-2C-41-30-DA-C0-55-6C-5D-B8">
      <ModulePath>C:\Program Files\dotnet\shared\Microsoft.NETCore.App\2.1.0\System.Private.Uri.dll</ModulePath>
      <ModuleTime>2018-05-15T21:03:36Z</ModuleTime>
      <ModuleName>System.Private.Uri</ModuleName>
      <Classes />
    </Module>
    <Module skippedDueTo="Filter" hash="9A-D5-0C-A3-5D-58-2D-DE-6A-31-89-EE-94-D7-1F-CA-8E-4A-4A-3A">
      <ModulePath>C:\Program Files\dotnet\shared\Microsoft.NETCore.App\2.1.0\System.Diagnostics.TraceSource.dll</ModulePath>
      <ModuleTime>2018-05-15T21:03:34Z</ModuleTime>
      <ModuleName>System.Diagnostics.TraceSource</ModuleName>
      <Classes />
    </Module>
    <Module skippedDueTo="Filter" hash="0B-FA-56-19-85-6A-C4-75-4C-10-0F-DC-F8-D1-5B-9B-CD-DC-C3-F6">
      <ModulePath>C:\Program Files\dotnet\shared\Microsoft.NETCore.App\2.1.0\System.Collections.Immutable.dll</ModulePath>
      <ModuleTime>2018-05-15T21:03:34Z</ModuleTime>
      <ModuleName>System.Collections.Immutable</ModuleName>
      <Classes />
    </Module>
    <Module skippedDueTo="Filter" hash="DC-EE-C1-38-F2-18-91-33-F1-C3-BD-36-22-CF-EB-CB-64-37-AA-32">
      <ModulePath>C:\Program Files\dotnet\shared\Microsoft.NETCore.App\2.1.0\System.Threading.Tasks.Parallel.dll</ModulePath>
      <ModuleTime>2018-05-15T21:03:38Z</ModuleTime>
      <ModuleName>System.Threading.Tasks.Parallel</ModuleName>
      <Classes />
    </Module>
    <Module skippedDueTo="MissingPdb" hash="8A-24-7E-36-DC-BB-93-15-20-2B-32-6B-08-66-22-C1-4D-10-12-59">
      <ModulePath>C:\Program Files\dotnet\sdk\2.1.300\Microsoft.Build.Utilities.Core.dll</ModulePath>
      <ModuleTime>2018-05-22T23:00:08Z</ModuleTime>
      <ModuleName>Microsoft.Build.Utilities.Core</ModuleName>
      <Classes />
    </Module>
    <Module skippedDueTo="Filter" hash="B1-C8-79-68-C3-E4-96-D6-C7-EB-75-26-AC-CE-24-90-57-2E-90-BA">
      <ModulePath>C:\Program Files\dotnet\shared\Microsoft.NETCore.App\2.1.0\System.Net.Primitives.dll</ModulePath>
      <ModuleTime>2018-05-15T21:03:36Z</ModuleTime>
      <ModuleName>System.Net.Primitives</ModuleName>
      <Classes />
    </Module>
    <Module skippedDueTo="Filter" hash="BB-70-F4-68-DD-92-B3-F6-FB-00-D6-D4-4C-56-CB-EF-A3-91-1B-0D">
      <ModulePath>C:\Program Files\dotnet\shared\Microsoft.NETCore.App\2.1.0\System.Reflection.Emit.ILGeneration.dll</ModulePath>
      <ModuleTime>2018-05-15T21:03:38Z</ModuleTime>
      <ModuleName>System.Reflection.Emit.ILGeneration</ModuleName>
      <Classes />
    </Module>
    <Module skippedDueTo="Filter" hash="38-CE-AE-5A-FB-25-CF-0E-7C-94-96-84-5F-7C-AD-3A-56-F4-A2-A4">
      <ModulePath>C:\Program Files\dotnet\shared\Microsoft.NETCore.App\2.1.0\System.Reflection.Emit.Lightweight.dll</ModulePath>
      <ModuleTime>2018-05-15T21:03:38Z</ModuleTime>
      <ModuleName>System.Reflection.Emit.Lightweight</ModuleName>
      <Classes />
    </Module>
    <Module skippedDueTo="Filter" hash="CC-EB-DD-C7-0A-85-19-06-8D-84-86-4E-4E-44-CF-17-AF-4A-84-68">
      <ModulePath>C:\Program Files\dotnet\shared\Microsoft.NETCore.App\2.1.0\System.Reflection.Primitives.dll</ModulePath>
      <ModuleTime>2018-05-15T21:03:38Z</ModuleTime>
      <ModuleName>System.Reflection.Primitives</ModuleName>
      <Classes />
    </Module>
    <Module skippedDueTo="MissingPdb" hash="FB-DC-55-48-ED-9E-8C-F4-0E-8F-50-C4-94-E6-C5-79-7F-EF-F6-51">
      <ModulePath>C:\Program Files\dotnet\sdk\2.1.300\Microsoft.Build.Tasks.Core.dll</ModulePath>
      <ModuleTime>2018-05-22T23:00:10Z</ModuleTime>
      <ModuleName>Microsoft.Build.Tasks.Core</ModuleName>
      <Classes />
    </Module>
    <Module skippedDueTo="MissingPdb" hash="18-EE-CC-43-F3-5A-28-5D-B0-E2-E8-22-54-66-C0-45-22-26-87-06">
      <ModulePath>C:\Program Files\dotnet\sdk\2.1.300\Microsoft.TestPlatform.Build.dll</ModulePath>
      <ModuleTime>2018-05-22T23:00:08Z</ModuleTime>
      <ModuleName>Microsoft.TestPlatform.Build</ModuleName>
      <Classes />
    </Module>
    <Module skippedDueTo="Filter" hash="42-A9-56-1E-D9-D8-E5-61-4B-B5-2A-4C-CA-8E-A6-DE-FB-9F-B4-71">
      <ModulePath>C:\Program Files\dotnet\shared\Microsoft.NETCore.App\2.1.0\System.Globalization.dll</ModulePath>
      <ModuleTime>2018-05-15T21:03:34Z</ModuleTime>
      <ModuleName>System.Globalization</ModuleName>
      <Classes />
    </Module>
    <Module skippedDueTo="Filter" hash="1E-3D-7F-D9-96-A2-6B-1F-8A-00-47-08-B1-B4-3D-4B-FC-82-C0-E0">
      <ModulePath>C:\Program Files\dotnet\shared\Microsoft.NETCore.App\2.1.0\System.Reflection.dll</ModulePath>
      <ModuleTime>2018-05-15T21:03:38Z</ModuleTime>
      <ModuleName>System.Reflection</ModuleName>
      <Classes />
    </Module>
    <Module skippedDueTo="Filter" hash="90-9A-ED-47-04-2B-8A-42-2C-26-2D-AC-58-1F-41-AA-7C-AB-DA-48">
      <ModulePath>C:\Program Files\dotnet\shared\Microsoft.NETCore.App\2.1.0\System.Threading.ThreadPool.dll</ModulePath>
      <ModuleTime>2018-05-15T21:03:38Z</ModuleTime>
      <ModuleName>System.Threading.ThreadPool</ModuleName>
      <Classes />
    </Module>
    <Module skippedDueTo="Filter" hash="CB-12-65-F6-90-16-FC-23-6A-26-15-3E-1B-83-6E-7F-57-AF-33-D3">
      <ModulePath>C:\Program Files\dotnet\shared\Microsoft.NETCore.App\2.1.0\System.Runtime.Serialization.Formatters.dll</ModulePath>
      <ModuleTime>2018-05-15T21:03:38Z</ModuleTime>
      <ModuleName>System.Runtime.Serialization.Formatters</ModuleName>
      <Classes />
    </Module>
    <Module skippedDueTo="Filter" hash="40-85-75-1E-6D-24-67-1C-AF-4E-3B-D9-80-9C-3F-AB-6D-60-D4-C0">
      <ModulePath>C:\Program Files\dotnet\shared\Microsoft.NETCore.App\2.1.0\System.Runtime.Loader.dll</ModulePath>
      <ModuleTime>2018-05-15T21:03:38Z</ModuleTime>
      <ModuleName>System.Runtime.Loader</ModuleName>
      <Classes />
    </Module>
    <Module skippedDueTo="MissingPdb" hash="F6-7D-06-AB-0A-DD-57-07-A5-9F-0A-74-76-42-ED-D8-C9-54-86-8E">
      <ModulePath>C:\Program Files\dotnet\sdk\2.1.300\Sdks\Microsoft.NET.Sdk\targets\..\tools\netcoreapp2.0/Microsoft.NET.Build.Tasks.dll</ModulePath>
      <ModuleTime>2018-05-22T23:02:10Z</ModuleTime>
      <ModuleName>Microsoft.NET.Build.Tasks</ModuleName>
      <Classes />
    </Module>
    <Module skippedDueTo="Filter" hash="44-8B-AD-FD-2A-B5-FE-44-6C-1A-41-86-21-22-10-6D-A9-78-FA-D1">
      <ModulePath>C:\Program Files\dotnet\shared\Microsoft.NETCore.App\2.1.0\mscorlib.dll</ModulePath>
      <ModuleTime>2018-05-15T21:03:32Z</ModuleTime>
      <ModuleName>mscorlib</ModuleName>
      <Classes />
    </Module>
    <Module skippedDueTo="Filter" hash="CB-12-65-F6-90-16-FC-23-6A-26-15-3E-1B-83-6E-7F-57-AF-33-D3">
      <ModulePath>C:\Program Files\dotnet\shared\Microsoft.NETCore.App\2.1.0\System.Runtime.Serialization.Formatters.dll</ModulePath>
      <ModuleTime>2018-05-15T21:03:38Z</ModuleTime>
      <ModuleName>System.Runtime.Serialization.Formatters</ModuleName>
      <Classes />
    </Module>
    <Module skippedDueTo="Filter" hash="44-8B-AD-FD-2A-B5-FE-44-6C-1A-41-86-21-22-10-6D-A9-78-FA-D1">
      <ModulePath>C:\Program Files\dotnet\shared\Microsoft.NETCore.App\2.1.0\mscorlib.dll</ModulePath>
      <ModuleTime>2018-05-15T21:03:32Z</ModuleTime>
      <ModuleName>mscorlib</ModuleName>
      <Classes />
    </Module>
    <Module skippedDueTo="Filter" hash="96-1F-A5-9A-60-99-81-FC-8E-F0-9A-6E-0B-B0-7C-FD-63-B6-C5-CD">
      <ModulePath>C:\Program Files\dotnet\shared\Microsoft.NETCore.App\2.1.0\System.Security.Cryptography.Primitives.dll</ModulePath>
      <ModuleTime>2018-05-15T21:03:38Z</ModuleTime>
      <ModuleName>System.Security.Cryptography.Primitives</ModuleName>
      <Classes />
    </Module>
    <Module skippedDueTo="MissingPdb" hash="3E-25-59-81-49-B6-49-57-56-FF-D9-5C-4B-08-B7-27-B7-81-A7-8F">
      <ModulePath>C:\Program Files\dotnet\sdk\2.1.300\NuGet.ProjectModel.dll</ModulePath>
      <ModuleTime>2018-05-22T23:03:40Z</ModuleTime>
      <ModuleName>NuGet.ProjectModel</ModuleName>
      <Classes />
    </Module>
    <Module skippedDueTo="MissingPdb" hash="45-E8-37-82-07-7C-14-A6-76-78-F5-22-C0-05-EC-D7-5D-4B-94-AA">
      <ModulePath>C:\Program Files\dotnet\sdk\2.1.300\NuGet.Build.Tasks.dll</ModulePath>
      <ModuleTime>2018-05-22T23:03:50Z</ModuleTime>
      <ModuleName>NuGet.Build.Tasks</ModuleName>
      <Classes />
    </Module>
    <Module skippedDueTo="MissingPdb" hash="76-2C-1F-A8-5E-1D-6D-0A-BF-30-D7-DF-D2-DD-CE-44-DC-89-D8-AD">
      <ModulePath>C:\Program Files\dotnet\sdk\2.1.300\NuGet.Commands.dll</ModulePath>
      <ModuleTime>2018-05-22T23:04:18Z</ModuleTime>
      <ModuleName>NuGet.Commands</ModuleName>
      <Classes />
    </Module>
    <Module skippedDueTo="MissingPdb" hash="2C-A4-74-D9-53-AC-74-18-35-67-84-A6-39-4E-8C-96-9E-71-6B-DD">
      <ModulePath>C:\Program Files\dotnet\sdk\2.1.300\NuGet.Common.dll</ModulePath>
      <ModuleTime>2018-05-22T23:03:32Z</ModuleTime>
      <ModuleName>NuGet.Common</ModuleName>
      <Classes />
    </Module>
    <Module skippedDueTo="Filter" hash="C0-16-E9-9B-FF-FA-5B-79-E3-1C-03-FB-3D-CB-62-55-5D-54-B0-65">
      <ModulePath>C:\Program Files\dotnet\shared\Microsoft.NETCore.App\2.1.0\System.Collections.NonGeneric.dll</ModulePath>
      <ModuleTime>2018-05-15T21:03:34Z</ModuleTime>
      <ModuleName>System.Collections.NonGeneric</ModuleName>
      <Classes />
    </Module>
    <Module skippedDueTo="MissingPdb" hash="0F-17-E9-42-47-D4-6C-92-50-FA-03-31-93-DC-B9-61-95-E3-80-A2">
      <ModulePath>C:\Program Files\dotnet\shared\Microsoft.NETCore.App\2.1.0\Microsoft.Win32.Primitives.dll</ModulePath>
      <ModuleTime>2018-05-15T21:03:32Z</ModuleTime>
      <ModuleName>Microsoft.Win32.Primitives</ModuleName>
      <Classes />
    </Module>
    <Module skippedDueTo="Filter" hash="67-F3-8D-FF-58-30-5E-3A-00-E2-F7-7A-6C-29-19-0F-81-5F-8A-FB">
      <ModulePath>C:\Program Files\dotnet\shared\Microsoft.NETCore.App\2.1.0\System.ComponentModel.dll</ModulePath>
      <ModuleTime>2018-05-15T21:03:34Z</ModuleTime>
      <ModuleName>System.ComponentModel</ModuleName>
      <Classes />
    </Module>
    <Module skippedDueTo="Filter" hash="7B-69-F4-1E-A3-58-9E-D6-28-EB-77-F1-9D-13-F7-D8-20-E7-06-CC">
      <ModulePath>C:\Program Files\dotnet\shared\Microsoft.NETCore.App\2.1.0\System.Xml.XDocument.dll</ModulePath>
      <ModuleTime>2018-05-15T21:03:38Z</ModuleTime>
      <ModuleName>System.Xml.XDocument</ModuleName>
      <Classes />
    </Module>
    <Module skippedDueTo="Filter" hash="21-08-D5-0F-67-C7-B3-A5-F0-0B-F9-E9-57-C9-65-4E-BD-60-05-42">
      <ModulePath>C:\Program Files\dotnet\shared\Microsoft.NETCore.App\2.1.0\System.Private.Xml.Linq.dll</ModulePath>
      <ModuleTime>2018-05-15T21:03:36Z</ModuleTime>
      <ModuleName>System.Private.Xml.Linq</ModuleName>
      <Classes />
    </Module>
    <Module skippedDueTo="Filter" hash="F4-D8-E0-A0-9C-AC-8C-F5-17-7F-8B-73-82-22-9E-44-19-4E-87-E8">
      <ModulePath>C:\Program Files\dotnet\shared\Microsoft.NETCore.App\2.1.0\System.Core.dll</ModulePath>
      <ModuleTime>2018-05-15T21:03:34Z</ModuleTime>
      <ModuleName>System.Core</ModuleName>
      <Classes />
    </Module>
    <Module skippedDueTo="MissingPdb" hash="20-7F-00-FC-3F-E3-AB-6E-61-FC-BD-E1-3D-E4-4F-9D-FE-09-D7-CB">
      <ModulePath>C:\Program Files\dotnet\sdk\2.1.300\NuGet.Versioning.dll</ModulePath>
      <ModuleTime>2018-05-22T23:04:12Z</ModuleTime>
      <ModuleName>NuGet.Versioning</ModuleName>
      <Classes />
    </Module>
    <Module skippedDueTo="MissingPdb" hash="B1-73-86-1A-30-67-1E-BC-70-08-8A-B5-25-74-F8-5B-2A-A7-64-C1">
      <ModulePath>C:\Program Files\dotnet\sdk\2.1.300\Microsoft\Microsoft.NET.Build.Extensions\\tools\netcoreapp2.0\Microsoft.NET.Build.Extensions.Tasks.dll</ModulePath>
      <ModuleTime>2018-05-22T23:00:08Z</ModuleTime>
      <ModuleName>Microsoft.NET.Build.Extensions.Tasks</ModuleName>
      <Classes />
    </Module>
    <Module skippedDueTo="Filter" hash="04-EE-21-3D-50-7D-5E-CE-12-10-F6-9C-5E-AA-EE-24-C1-E0-FD-B3">
      <ModulePath>C:\Program Files\dotnet\shared\Microsoft.NETCore.App\2.1.0\System.Reflection.Metadata.dll</ModulePath>
      <ModuleTime>2018-05-15T21:03:38Z</ModuleTime>
      <ModuleName>System.Reflection.Metadata</ModuleName>
      <Classes />
    </Module>
    <Module skippedDueTo="Filter" hash="24-37-77-64-7F-CD-CB-B2-42-EB-60-6C-A9-B6-FE-20-8E-F3-AF-01">
      <ModulePath>C:\Program Files\dotnet\shared\Microsoft.NETCore.App\2.1.0\System.IO.MemoryMappedFiles.dll</ModulePath>
      <ModuleTime>2018-05-15T21:03:34Z</ModuleTime>
      <ModuleName>System.IO.MemoryMappedFiles</ModuleName>
      <Classes />
    </Module>
    <Module skippedDueTo="Filter" hash="B2-E7-C6-75-5A-8F-45-0B-CA-A7-A6-86-F2-5E-94-26-D2-45-2F-3F">
      <ModulePath>C:\Program Files\dotnet\shared\Microsoft.NETCore.App\2.1.0\System.Private.CoreLib.dll</ModulePath>
      <ModuleTime>2018-05-15T21:03:40Z</ModuleTime>
      <ModuleName>System.Private.CoreLib</ModuleName>
      <Classes />
    </Module>
    <Module skippedDueTo="MissingPdb" hash="F3-9A-9E-47-BD-1F-FC-B7-12-E8-9E-DE-07-B2-CC-CF-DA-99-E7-EC">
      <ModulePath>C:\Program Files\dotnet\sdk\2.1.300\vstest.console.dll</ModulePath>
      <ModuleTime>2018-05-22T23:04:26Z</ModuleTime>
      <ModuleName>vstest.console</ModuleName>
      <Classes />
    </Module>
    <Module skippedDueTo="Filter" hash="9F-39-BF-B3-E6-CA-45-5F-FF-EC-C9-17-D3-19-65-B0-6E-2F-17-4E">
      <ModulePath>C:\Program Files\dotnet\shared\Microsoft.NETCore.App\2.1.0\System.Runtime.dll</ModulePath>
      <ModuleTime>2018-05-15T21:03:38Z</ModuleTime>
      <ModuleName>System.Runtime</ModuleName>
      <Classes />
    </Module>
    <Module skippedDueTo="Filter" hash="75-89-4A-9A-A6-FC-DB-A1-DD-35-84-48-C9-3B-21-8A-92-4A-92-5F">
      <ModulePath>C:\Program Files\dotnet\shared\Microsoft.NETCore.App\2.1.0\System.Diagnostics.Process.dll</ModulePath>
      <ModuleTime>2018-05-15T21:03:34Z</ModuleTime>
      <ModuleName>System.Diagnostics.Process</ModuleName>
      <Classes />
    </Module>
    <Module skippedDueTo="Filter" hash="F9-67-FE-2B-96-8A-EC-95-FB-27-2A-27-AA-B3-38-DC-99-35-B9-A1">
      <ModulePath>C:\Program Files\dotnet\shared\Microsoft.NETCore.App\2.1.0\System.ComponentModel.Primitives.dll</ModulePath>
      <ModuleTime>2018-05-15T21:03:34Z</ModuleTime>
      <ModuleName>System.ComponentModel.Primitives</ModuleName>
      <Classes />
    </Module>
    <Module skippedDueTo="Filter" hash="8D-7A-CE-FA-10-05-D7-6F-3C-AC-3E-F0-BA-01-AD-CE-0B-22-99-8B">
      <ModulePath>C:\Program Files\dotnet\shared\Microsoft.NETCore.App\2.1.0\System.Runtime.Extensions.dll</ModulePath>
      <ModuleTime>2018-05-15T21:03:38Z</ModuleTime>
      <ModuleName>System.Runtime.Extensions</ModuleName>
      <Classes />
    </Module>
    <Module skippedDueTo="MissingPdb" hash="C0-95-17-62-CF-CA-16-02-90-53-FC-9E-86-43-6F-F6-FD-C3-AF-86">
      <ModulePath>C:\Program Files\dotnet\sdk\2.1.300\Microsoft.TestPlatform.CoreUtilities.dll</ModulePath>
      <ModuleTime>2018-05-22T23:00:08Z</ModuleTime>
      <ModuleName>Microsoft.TestPlatform.CoreUtilities</ModuleName>
      <Classes />
    </Module>
    <Module skippedDueTo="Filter" hash="20-62-97-87-EA-D6-D2-70-FB-5A-D2-29-1E-B7-32-2D-E1-23-80-FA">
      <ModulePath>C:\Program Files\dotnet\shared\Microsoft.NETCore.App\2.1.0\System.Diagnostics.Debug.dll</ModulePath>
      <ModuleTime>2018-05-15T21:03:34Z</ModuleTime>
      <ModuleName>System.Diagnostics.Debug</ModuleName>
      <Classes />
    </Module>
    <Module skippedDueTo="Filter" hash="D0-AD-42-F2-E9-D2-D4-94-0D-63-8C-61-4E-52-4F-0D-DA-1A-CD-6F">
      <ModulePath>C:\Program Files\dotnet\shared\Microsoft.NETCore.App\2.1.0\System.Threading.Thread.dll</ModulePath>
      <ModuleTime>2018-05-15T21:03:38Z</ModuleTime>
      <ModuleName>System.Threading.Thread</ModuleName>
      <Classes />
    </Module>
    <Module skippedDueTo="Filter" hash="DC-82-33-86-1B-03-21-60-3C-01-E1-E1-DD-56-79-12-7A-1D-2E-21">
      <ModulePath>C:\Program Files\dotnet\shared\Microsoft.NETCore.App\2.1.0\System.Threading.dll</ModulePath>
      <ModuleTime>2018-05-15T21:03:38Z</ModuleTime>
      <ModuleName>System.Threading</ModuleName>
      <Classes />
    </Module>
    <Module skippedDueTo="Filter" hash="FB-2A-22-7D-6B-48-6C-07-93-20-FE-9E-D2-85-0C-2E-DA-B6-18-C7">
      <ModulePath>C:\Program Files\dotnet\shared\Microsoft.NETCore.App\2.1.0\System.Console.dll</ModulePath>
      <ModuleTime>2018-05-15T21:03:34Z</ModuleTime>
      <ModuleName>System.Console</ModuleName>
      <Classes />
    </Module>
    <Module skippedDueTo="Filter" hash="93-AD-CD-25-C3-0E-A0-A6-7A-07-9E-D5-7A-CB-BF-3D-90-A1-F9-C5">
      <ModulePath>C:\Program Files\dotnet\shared\Microsoft.NETCore.App\2.1.0\System.IO.dll</ModulePath>
      <ModuleTime>2018-05-15T21:03:36Z</ModuleTime>
      <ModuleName>System.IO</ModuleName>
      <Classes />
    </Module>
    <Module skippedDueTo="Filter" hash="4B-C9-61-40-58-3E-0C-63-D9-7B-DD-60-9F-00-0F-85-73-7E-F7-06">
      <ModulePath>C:\Program Files\dotnet\shared\Microsoft.NETCore.App\2.1.0\System.Text.Encoding.Extensions.dll</ModulePath>
      <ModuleTime>2018-05-15T21:03:38Z</ModuleTime>
      <ModuleName>System.Text.Encoding.Extensions</ModuleName>
      <Classes />
    </Module>
    <Module skippedDueTo="Filter" hash="D8-1F-91-FC-FE-F3-18-9C-C0-64-98-06-CA-A4-4A-14-A8-D4-E1-A1">
      <ModulePath>C:\Program Files\dotnet\shared\Microsoft.NETCore.App\2.1.0\System.Diagnostics.Tracing.dll</ModulePath>
      <ModuleTime>2018-05-15T21:03:34Z</ModuleTime>
      <ModuleName>System.Diagnostics.Tracing</ModuleName>
      <Classes />
    </Module>
    <Module skippedDueTo="Filter" hash="24-71-BF-19-D6-43-AE-96-67-A7-D6-7A-23-51-8F-EA-D9-BB-9E-0B">
      <ModulePath>C:\Program Files\dotnet\shared\Microsoft.NETCore.App\2.1.0\System.Collections.dll</ModulePath>
      <ModuleTime>2018-05-15T21:03:34Z</ModuleTime>
      <ModuleName>System.Collections</ModuleName>
      <Classes />
    </Module>
    <Module skippedDueTo="MissingPdb" hash="60-D6-38-EA-6B-E5-75-50-88-15-82-67-5E-CC-19-CB-6B-FA-17-62">
      <ModulePath>C:\Program Files\dotnet\sdk\2.1.300\Microsoft.VisualStudio.TestPlatform.ObjectModel.dll</ModulePath>
      <ModuleTime>2018-05-22T23:00:18Z</ModuleTime>
      <ModuleName>Microsoft.VisualStudio.TestPlatform.ObjectModel</ModuleName>
      <Classes />
    </Module>
    <Module skippedDueTo="MissingPdb" hash="67-52-A5-4C-F5-A2-F2-BF-07-8A-47-B0-7D-AF-B1-AB-EF-9C-CC-35">
      <ModulePath>C:\Program Files\dotnet\sdk\2.1.300\Microsoft.VisualStudio.TestPlatform.Client.dll</ModulePath>
      <ModuleTime>2018-05-22T23:00:18Z</ModuleTime>
      <ModuleName>Microsoft.VisualStudio.TestPlatform.Client</ModuleName>
      <Classes />
    </Module>
    <Module skippedDueTo="MissingPdb" hash="72-DD-6A-AA-B8-C5-40-DF-0E-82-89-AE-38-D9-5E-4A-7E-C6-BE-E2">
      <ModulePath>C:\Program Files\dotnet\sdk\2.1.300\Microsoft.VisualStudio.TestPlatform.Common.dll</ModulePath>
      <ModuleTime>2018-05-22T23:00:08Z</ModuleTime>
      <ModuleName>Microsoft.VisualStudio.TestPlatform.Common</ModuleName>
      <Classes />
    </Module>
    <Module skippedDueTo="Filter" hash="9F-99-A9-A6-DD-81-FE-32-D3-9F-D2-E3-AD-B9-5F-98-E3-C3-D3-BD">
      <ModulePath>C:\Program Files\dotnet\shared\Microsoft.NETCore.App\2.1.0\System.Linq.dll</ModulePath>
      <ModuleTime>2018-05-15T21:03:36Z</ModuleTime>
      <ModuleName>System.Linq</ModuleName>
      <Classes />
    </Module>
    <Module skippedDueTo="Filter" hash="7C-48-0B-B8-42-17-41-57-6D-4B-89-E5-56-89-D0-D0-8F-11-92-5B">
      <ModulePath>C:\Program Files\dotnet\shared\Microsoft.NETCore.App\2.1.0\System.Runtime.InteropServices.dll</ModulePath>
      <ModuleTime>2018-05-15T21:03:38Z</ModuleTime>
      <ModuleName>System.Runtime.InteropServices</ModuleName>
      <Classes />
    </Module>
    <Module skippedDueTo="Filter" hash="B1-14-2E-2B-2D-74-A8-39-95-C9-CD-C4-2D-7C-86-6D-97-7E-30-39">
      <ModulePath>C:\Program Files\dotnet\shared\Microsoft.NETCore.App\2.1.0\System.Resources.ResourceManager.dll</ModulePath>
      <ModuleTime>2018-05-15T21:03:38Z</ModuleTime>
      <ModuleName>System.Resources.ResourceManager</ModuleName>
      <Classes />
    </Module>
    <Module skippedDueTo="Filter" hash="3C-1A-D1-7D-BD-42-C9-7D-FE-CD-90-2F-00-88-4C-15-52-1E-4E-0F">
      <ModulePath>C:\Program Files\dotnet\shared\Microsoft.NETCore.App\2.1.0\System.IO.FileSystem.Primitives.dll</ModulePath>
      <ModuleTime>2018-05-15T21:03:34Z</ModuleTime>
      <ModuleName>System.IO.FileSystem.Primitives</ModuleName>
      <Classes />
    </Module>
    <Module skippedDueTo="Filter" hash="25-50-01-7A-06-31-FD-01-25-66-B3-FF-54-A1-13-10-BF-28-EA-43">
      <ModulePath>C:\Program Files\dotnet\shared\Microsoft.NETCore.App\2.1.0\System.IO.FileSystem.dll</ModulePath>
      <ModuleTime>2018-05-15T21:03:34Z</ModuleTime>
      <ModuleName>System.IO.FileSystem</ModuleName>
      <Classes />
    </Module>
    <Module skippedDueTo="Filter" hash="5E-40-03-20-BE-51-A5-B8-5B-25-4F-F1-25-17-FA-A8-F7-D6-1D-75">
      <ModulePath>C:\Program Files\dotnet\shared\Microsoft.NETCore.App\2.1.0\System.Xml.ReaderWriter.dll</ModulePath>
      <ModuleTime>2018-05-15T21:03:38Z</ModuleTime>
      <ModuleName>System.Xml.ReaderWriter</ModuleName>
      <Classes />
    </Module>
    <Module skippedDueTo="Filter" hash="59-22-E0-A2-F3-0C-E7-ED-94-CC-53-3D-C8-3A-1A-1E-27-CB-A9-37">
      <ModulePath>C:\Program Files\dotnet\shared\Microsoft.NETCore.App\2.1.0\System.Private.Xml.dll</ModulePath>
      <ModuleTime>2018-05-15T21:03:36Z</ModuleTime>
      <ModuleName>System.Private.Xml</ModuleName>
      <Classes />
    </Module>
    <Module skippedDueTo="MissingPdb" hash="6D-A7-72-81-84-FE-23-5C-F1-27-13-F3-C4-8A-00-F5-A6-BA-24-C0">
      <ModulePath>C:\Program Files\dotnet\sdk\2.1.300\Microsoft.TestPlatform.PlatformAbstractions.dll</ModulePath>
      <ModuleTime>2018-05-22T23:00:08Z</ModuleTime>
      <ModuleName>Microsoft.TestPlatform.PlatformAbstractions</ModuleName>
      <Classes />
    </Module>
    <Module skippedDueTo="Filter" hash="41-61-2A-DD-55-32-A7-88-1C-A9-36-A4-27-45-56-E6-D1-E6-71-37">
      <ModulePath>C:\Program Files\dotnet\shared\Microsoft.NETCore.App\2.1.0\System.Xml.XmlDocument.dll</ModulePath>
      <ModuleTime>2018-05-15T21:03:38Z</ModuleTime>
      <ModuleName>System.Xml.XmlDocument</ModuleName>
      <Classes />
    </Module>
    <Module skippedDueTo="MissingPdb" hash="40-2E-B6-98-67-4D-2A-F1-3E-02-48-1D-63-28-E8-87-47-C0-6F-5D">
      <ModulePath>C:\Program Files\dotnet\sdk\2.1.300\Microsoft.TestPlatform.Utilities.dll</ModulePath>
      <ModuleTime>2018-05-22T23:00:08Z</ModuleTime>
      <ModuleName>Microsoft.TestPlatform.Utilities</ModuleName>
      <Classes />
    </Module>
    <Module skippedDueTo="Filter" hash="BD-CE-88-18-22-8A-25-85-EF-42-FE-24-18-B9-4F-9D-F6-47-F0-A9">
      <ModulePath>C:\Program Files\dotnet\shared\Microsoft.NETCore.App\2.1.0\System.Runtime.InteropServices.RuntimeInformation.dll</ModulePath>
      <ModuleTime>2018-05-15T21:03:38Z</ModuleTime>
      <ModuleName>System.Runtime.InteropServices.RuntimeInformation</ModuleName>
      <Classes />
    </Module>
    <Module skippedDueTo="Filter" hash="9D-16-07-1F-E6-AE-43-F8-08-7D-77-2C-41-30-DA-C0-55-6C-5D-B8">
      <ModulePath>C:\Program Files\dotnet\shared\Microsoft.NETCore.App\2.1.0\System.Private.Uri.dll</ModulePath>
      <ModuleTime>2018-05-15T21:03:36Z</ModuleTime>
      <ModuleName>System.Private.Uri</ModuleName>
      <Classes />
    </Module>
    <Module skippedDueTo="Filter" hash="99-33-4D-CD-87-78-88-0E-F6-12-EF-CA-31-D9-97-F4-A8-D8-3D-E1">
      <ModulePath>C:\Program Files\dotnet\shared\Microsoft.NETCore.App\2.1.0\System.Memory.dll</ModulePath>
      <ModuleTime>2018-05-15T21:03:36Z</ModuleTime>
      <ModuleName>System.Memory</ModuleName>
      <Classes />
    </Module>
    <Module skippedDueTo="Filter" hash="6C-10-44-7E-EF-B7-6F-EF-94-1C-16-FA-4B-F1-3F-1A-2E-B7-36-36">
      <ModulePath>C:\Program Files\dotnet\shared\Microsoft.NETCore.App\2.1.0\System.Security.Cryptography.Algorithms.dll</ModulePath>
      <ModuleTime>2018-05-15T21:03:38Z</ModuleTime>
      <ModuleName>System.Security.Cryptography.Algorithms</ModuleName>
      <Classes />
    </Module>
    <Module skippedDueTo="Filter" hash="84-24-F2-48-5A-70-17-DF-BC-51-4D-27-EE-CF-22-07-A7-E4-DE-0E">
      <ModulePath>C:\Program Files\dotnet\sdk\2.1.300\System.Xml.XPath.XmlDocument.dll</ModulePath>
      <ModuleTime>2018-05-22T22:56:16Z</ModuleTime>
      <ModuleName>System.Xml.XPath.XmlDocument</ModuleName>
      <Classes />
    </Module>
    <Module skippedDueTo="Filter" hash="29-E2-66-05-A8-7C-57-34-86-04-0F-E6-83-21-00-EB-47-99-CD-C6">
      <ModulePath>C:\Program Files\dotnet\shared\Microsoft.NETCore.App\2.1.0\System.Xml.XPath.dll</ModulePath>
      <ModuleTime>2018-05-15T21:03:38Z</ModuleTime>
      <ModuleName>System.Xml.XPath</ModuleName>
      <Classes />
    </Module>
    <Module skippedDueTo="Filter" hash="42-A9-56-1E-D9-D8-E5-61-4B-B5-2A-4C-CA-8E-A6-DE-FB-9F-B4-71">
      <ModulePath>C:\Program Files\dotnet\shared\Microsoft.NETCore.App\2.1.0\System.Globalization.dll</ModulePath>
      <ModuleTime>2018-05-15T21:03:34Z</ModuleTime>
      <ModuleName>System.Globalization</ModuleName>
      <Classes />
    </Module>
    <Module skippedDueTo="Filter" hash="9A-D5-0C-A3-5D-58-2D-DE-6A-31-89-EE-94-D7-1F-CA-8E-4A-4A-3A">
      <ModulePath>C:\Program Files\dotnet\shared\Microsoft.NETCore.App\2.1.0\System.Diagnostics.TraceSource.dll</ModulePath>
      <ModuleTime>2018-05-15T21:03:34Z</ModuleTime>
      <ModuleName>System.Diagnostics.TraceSource</ModuleName>
      <Classes />
    </Module>
    <Module skippedDueTo="Filter" hash="C0-16-E9-9B-FF-FA-5B-79-E3-1C-03-FB-3D-CB-62-55-5D-54-B0-65">
      <ModulePath>C:\Program Files\dotnet\shared\Microsoft.NETCore.App\2.1.0\System.Collections.NonGeneric.dll</ModulePath>
      <ModuleTime>2018-05-15T21:03:34Z</ModuleTime>
      <ModuleName>System.Collections.NonGeneric</ModuleName>
      <Classes />
    </Module>
    <Module skippedDueTo="MissingPdb" hash="A3-8D-1B-38-4C-93-F7-27-54-18-F1-B0-A5-2B-FE-DE-CF-7C-02-B5">
      <ModulePath>C:\Program Files\dotnet\sdk\2.1.300\Microsoft.TestPlatform.CrossPlatEngine.dll</ModulePath>
      <ModuleTime>2018-05-22T23:00:18Z</ModuleTime>
      <ModuleName>Microsoft.TestPlatform.CrossPlatEngine</ModuleName>
      <Classes />
    </Module>
    <Module skippedDueTo="Filter" hash="1E-3D-7F-D9-96-A2-6B-1F-8A-00-47-08-B1-B4-3D-4B-FC-82-C0-E0">
      <ModulePath>C:\Program Files\dotnet\shared\Microsoft.NETCore.App\2.1.0\System.Reflection.dll</ModulePath>
      <ModuleTime>2018-05-15T21:03:38Z</ModuleTime>
      <ModuleName>System.Reflection</ModuleName>
      <Classes />
    </Module>
    <Module skippedDueTo="Filter" hash="0A-4E-6E-9A-77-64-F6-77-BF-DB-19-83-60-08-67-E6-59-D4-B5-89">
      <ModulePath>C:\Program Files\dotnet\shared\Microsoft.NETCore.App\2.1.0\System.Buffers.dll</ModulePath>
      <ModuleTime>2018-05-15T21:03:34Z</ModuleTime>
      <ModuleName>System.Buffers</ModuleName>
      <Classes />
    </Module>
    <Module skippedDueTo="Filter" hash="4F-1F-3B-7B-DB-07-CF-E1-A3-99-93-8D-8C-97-A1-6A-0C-41-8E-E9">
      <ModulePath>C:\Program Files\dotnet\shared\Microsoft.NETCore.App\2.1.0\System.Threading.Tasks.dll</ModulePath>
      <ModuleTime>2018-05-15T21:03:38Z</ModuleTime>
      <ModuleName>System.Threading.Tasks</ModuleName>
      <Classes />
    </Module>
    <Module skippedDueTo="Filter" hash="40-85-75-1E-6D-24-67-1C-AF-4E-3B-D9-80-9C-3F-AB-6D-60-D4-C0">
      <ModulePath>C:\Program Files\dotnet\shared\Microsoft.NETCore.App\2.1.0\System.Runtime.Loader.dll</ModulePath>
      <ModuleTime>2018-05-15T21:03:38Z</ModuleTime>
      <ModuleName>System.Runtime.Loader</ModuleName>
      <Classes />
    </Module>
    <Module skippedDueTo="MissingPdb" hash="80-85-B2-EE-0D-74-37-FF-B2-D8-DB-B7-B4-33-ED-58-2B-B6-21-8A">
      <ModulePath>C:\Program Files\dotnet\sdk\2.1.300\Extensions\Microsoft.TestPlatform.Extensions.BlameDataCollector.dll</ModulePath>
      <ModuleTime>2018-05-22T22:59:04Z</ModuleTime>
      <ModuleName>Microsoft.TestPlatform.Extensions.BlameDataCollector</ModuleName>
      <Classes />
    </Module>
    <Module skippedDueTo="Filter" hash="5C-05-B5-8E-5E-6F-DB-C1-7C-FE-45-86-B7-2E-90-50-8B-F6-A5-25">
      <ModulePath>C:\Program Files\dotnet\shared\Microsoft.NETCore.App\2.1.0\System.Reflection.TypeExtensions.dll</ModulePath>
      <ModuleTime>2018-05-15T21:03:38Z</ModuleTime>
      <ModuleName>System.Reflection.TypeExtensions</ModuleName>
      <Classes />
    </Module>
    <Module skippedDueTo="MissingPdb" hash="50-F7-E1-88-5A-5D-BC-61-D2-CA-79-C1-84-35-83-25-B7-E4-E5-3A">
      <ModulePath>C:\Program Files\dotnet\sdk\2.1.300\Extensions\Microsoft.TestPlatform.Extensions.EventLogCollector.dll</ModulePath>
      <ModuleTime>2018-05-22T22:55:58Z</ModuleTime>
      <ModuleName>Microsoft.TestPlatform.Extensions.EventLogCollector</ModuleName>
      <Classes />
    </Module>
    <Module skippedDueTo="Filter" hash="44-8B-AD-FD-2A-B5-FE-44-6C-1A-41-86-21-22-10-6D-A9-78-FA-D1">
      <ModulePath>C:\Program Files\dotnet\shared\Microsoft.NETCore.App\2.1.0\mscorlib.dll</ModulePath>
      <ModuleTime>2018-05-15T21:03:32Z</ModuleTime>
      <ModuleName>mscorlib</ModuleName>
      <Classes />
    </Module>
    <Module skippedDueTo="Filter" hash="A9-EC-E4-42-AC-07-BE-CA-81-CC-7E-A0-C9-5D-AF-B1-DD-1C-78-33">
      <ModulePath>C:\Program Files\dotnet\shared\Microsoft.NETCore.App\2.1.0\System.Xml.dll</ModulePath>
      <ModuleTime>2018-05-15T21:03:40Z</ModuleTime>
      <ModuleName>System.Xml</ModuleName>
      <Classes />
    </Module>
    <Module skippedDueTo="MissingPdb" hash="89-D2-DD-10-88-13-56-A6-7E-9E-AD-16-F9-75-B5-8A-27-FA-5E-08">
      <ModulePath>C:\Program Files\dotnet\sdk\2.1.300\Extensions\Microsoft.TestPlatform.TestHostRuntimeProvider.dll</ModulePath>
      <ModuleTime>2018-05-22T22:56:16Z</ModuleTime>
      <ModuleName>Microsoft.TestPlatform.TestHostRuntimeProvider</ModuleName>
      <Classes />
    </Module>
    <Module skippedDueTo="Filter" hash="99-CC-76-16-41-8D-C7-16-82-C9-39-01-13-46-6B-62-39-B8-7E-32">
      <ModulePath>C:\Program Files\dotnet\shared\Microsoft.NETCore.App\2.1.0\System.Reflection.Extensions.dll</ModulePath>
      <ModuleTime>2018-05-15T21:03:38Z</ModuleTime>
      <ModuleName>System.Reflection.Extensions</ModuleName>
      <Classes />
    </Module>
    <Module skippedDueTo="MissingPdb" hash="36-88-40-B8-02-18-FA-8D-7C-68-85-F7-9C-32-D9-7D-17-93-C4-DB">
      <ModulePath>C:\Program Files\dotnet\sdk\2.1.300\Extensions\Microsoft.VisualStudio.TestPlatform.Extensions.Trx.TestLogger.dll</ModulePath>
      <ModuleTime>2018-05-22T22:57:20Z</ModuleTime>
      <ModuleName>Microsoft.VisualStudio.TestPlatform.Extensions.Trx.TestLogger</ModuleName>
      <Classes />
    </Module>
    <Module skippedDueTo="Filter" hash="04-EE-21-3D-50-7D-5E-CE-12-10-F6-9C-5E-AA-EE-24-C1-E0-FD-B3">
      <ModulePath>C:\Program Files\dotnet\shared\Microsoft.NETCore.App\2.1.0\System.Reflection.Metadata.dll</ModulePath>
      <ModuleTime>2018-05-15T21:03:38Z</ModuleTime>
      <ModuleName>System.Reflection.Metadata</ModuleName>
      <Classes />
    </Module>
    <Module skippedDueTo="Filter" hash="0B-FA-56-19-85-6A-C4-75-4C-10-0F-DC-F8-D1-5B-9B-CD-DC-C3-F6">
      <ModulePath>C:\Program Files\dotnet\shared\Microsoft.NETCore.App\2.1.0\System.Collections.Immutable.dll</ModulePath>
      <ModuleTime>2018-05-15T21:03:34Z</ModuleTime>
      <ModuleName>System.Collections.Immutable</ModuleName>
      <Classes />
    </Module>
    <Module skippedDueTo="Filter" hash="24-37-77-64-7F-CD-CB-B2-42-EB-60-6C-A9-B6-FE-20-8E-F3-AF-01">
      <ModulePath>C:\Program Files\dotnet\shared\Microsoft.NETCore.App\2.1.0\System.IO.MemoryMappedFiles.dll</ModulePath>
      <ModuleTime>2018-05-15T21:03:34Z</ModuleTime>
      <ModuleName>System.IO.MemoryMappedFiles</ModuleName>
      <Classes />
    </Module>
    <Module skippedDueTo="MissingPdb" hash="0F-17-E9-42-47-D4-6C-92-50-FA-03-31-93-DC-B9-61-95-E3-80-A2">
      <ModulePath>C:\Program Files\dotnet\shared\Microsoft.NETCore.App\2.1.0\Microsoft.Win32.Primitives.dll</ModulePath>
      <ModuleTime>2018-05-15T21:03:32Z</ModuleTime>
      <ModuleName>Microsoft.Win32.Primitives</ModuleName>
      <Classes />
    </Module>
    <Module skippedDueTo="MissingPdb" hash="4E-19-27-44-C3-50-65-EE-34-2A-70-E7-56-EB-BC-23-7A-40-53-67">
      <ModulePath>C:\Program Files\dotnet\sdk\2.1.300\Microsoft.TestPlatform.CommunicationUtilities.dll</ModulePath>
      <ModuleTime>2018-05-22T23:00:08Z</ModuleTime>
      <ModuleName>Microsoft.TestPlatform.CommunicationUtilities</ModuleName>
      <Classes />
    </Module>
    <Module skippedDueTo="MissingPdb" hash="B2-5D-47-CA-28-5B-B0-0E-FC-29-D9-01-B2-8D-36-88-65-61-54-0E">
      <ModulePath>C:\Program Files\dotnet\sdk\2.1.300\Newtonsoft.Json.dll</ModulePath>
      <ModuleTime>2018-05-22T23:05:00Z</ModuleTime>
      <ModuleName>Newtonsoft.Json</ModuleName>
      <Classes />
    </Module>
    <Module skippedDueTo="Filter" hash="0C-56-98-AE-50-0E-32-FC-94-AE-26-B2-60-30-BD-89-B1-8D-D3-D4">
      <ModulePath>C:\Program Files\dotnet\shared\Microsoft.NETCore.App\2.1.0\System.Runtime.Serialization.Primitives.dll</ModulePath>
      <ModuleTime>2018-05-15T21:03:38Z</ModuleTime>
      <ModuleName>System.Runtime.Serialization.Primitives</ModuleName>
      <Classes />
    </Module>
    <Module skippedDueTo="Filter" hash="83-47-75-52-B4-4C-F0-7A-DA-4F-28-C8-7A-7F-40-D2-DB-8A-36-84">
      <ModulePath>C:\Program Files\dotnet\shared\Microsoft.NETCore.App\2.1.0\System.Threading.Timer.dll</ModulePath>
      <ModuleTime>2018-05-15T21:03:38Z</ModuleTime>
      <ModuleName>System.Threading.Timer</ModuleName>
      <Classes />
    </Module>
    <Module skippedDueTo="Filter" hash="B1-C8-79-68-C3-E4-96-D6-C7-EB-75-26-AC-CE-24-90-57-2E-90-BA">
      <ModulePath>C:\Program Files\dotnet\shared\Microsoft.NETCore.App\2.1.0\System.Net.Primitives.dll</ModulePath>
      <ModuleTime>2018-05-15T21:03:36Z</ModuleTime>
      <ModuleName>System.Net.Primitives</ModuleName>
      <Classes />
    </Module>
    <Module skippedDueTo="Filter" hash="3F-BD-5F-B2-1B-D5-24-D9-56-14-4D-D5-55-71-7D-18-8E-58-FE-39">
      <ModulePath>C:\Program Files\dotnet\shared\Microsoft.NETCore.App\2.1.0\System.Net.Sockets.dll</ModulePath>
      <ModuleTime>2018-05-15T21:03:36Z</ModuleTime>
      <ModuleName>System.Net.Sockets</ModuleName>
      <Classes />
    </Module>
    <Module skippedDueTo="Filter" hash="16-06-8F-98-40-06-94-A2-59-B4-EB-EA-21-F3-79-D0-0A-AD-45-7D">
      <ModulePath>C:\Program Files\dotnet\shared\Microsoft.NETCore.App\2.1.0\System.Threading.Overlapped.dll</ModulePath>
      <ModuleTime>2018-05-15T21:03:38Z</ModuleTime>
      <ModuleName>System.Threading.Overlapped</ModuleName>
      <Classes />
    </Module>
    <Module skippedDueTo="Filter" hash="EC-3F-C7-DD-79-2E-04-92-8D-F3-A5-60-2F-FB-16-43-DD-1B-31-10">
      <ModulePath>C:\Program Files\dotnet\shared\Microsoft.NETCore.App\2.1.0\System.Net.NameResolution.dll</ModulePath>
      <ModuleTime>2018-05-15T21:03:36Z</ModuleTime>
      <ModuleName>System.Net.NameResolution</ModuleName>
      <Classes />
    </Module>
    <Module skippedDueTo="Filter" hash="90-9A-ED-47-04-2B-8A-42-2C-26-2D-AC-58-1F-41-AA-7C-AB-DA-48">
      <ModulePath>C:\Program Files\dotnet\shared\Microsoft.NETCore.App\2.1.0\System.Threading.ThreadPool.dll</ModulePath>
      <ModuleTime>2018-05-15T21:03:38Z</ModuleTime>
      <ModuleName>System.Threading.ThreadPool</ModuleName>
      <Classes />
    </Module>
    <Module skippedDueTo="Filter" hash="36-D8-86-2E-D9-DF-4D-76-6E-C4-1A-AD-30-D5-94-11-A3-E7-D1-C5">
      <ModulePath>C:\Windows\Microsoft.Net\assembly\GAC_32\mscorlib\v4.0_4.0.0.0__b77a5c561934e089\mscorlib.dll</ModulePath>
      <ModuleTime>2018-03-21T04:49:36Z</ModuleTime>
      <ModuleName>mscorlib</ModuleName>
      <Classes />
    </Module>
    <Module skippedDueTo="MissingPdb" hash="6F-60-9E-11-95-7B-09-83-2A-06-8B-54-66-27-3B-83-80-25-A3-04">
      <ModulePath>C:\Program Files\dotnet\sdk\2.1.300\TestHost\testhost.x86.exe</ModulePath>
      <ModuleTime>2018-05-22T23:03:54Z</ModuleTime>
      <ModuleName>testhost.x86</ModuleName>
      <Classes />
    </Module>
    <Module skippedDueTo="MissingPdb" hash="69-C7-AE-94-23-79-B0-75-E4-50-1F-6B-ED-66-F0-EE-8A-EE-C0-C2">
      <ModulePath>C:\Program Files\dotnet\sdk\2.1.300\TestHost\Microsoft.TestPlatform.CoreUtilities.dll</ModulePath>
      <ModuleTime>2018-05-22T23:02:02Z</ModuleTime>
      <ModuleName>Microsoft.TestPlatform.CoreUtilities</ModuleName>
      <Classes />
    </Module>
    <Module skippedDueTo="MissingPdb" hash="37-37-55-F6-1C-20-32-CB-94-D4-89-40-E1-8A-9F-D8-07-82-4F-51">
      <ModulePath>C:\Program Files\dotnet\sdk\2.1.300\TestHost\Microsoft.TestPlatform.PlatformAbstractions.dll</ModulePath>
      <ModuleTime>2018-05-22T23:01:52Z</ModuleTime>
      <ModuleName>Microsoft.TestPlatform.PlatformAbstractions</ModuleName>
      <Classes />
    </Module>
    <Module skippedDueTo="MissingPdb" hash="F6-2C-30-A3-B2-26-30-61-6E-94-27-D9-7F-AE-4B-02-B9-30-F2-4B">
      <ModulePath>C:\Program Files\dotnet\sdk\2.1.300\TestHost\Microsoft.VisualStudio.TestPlatform.ObjectModel.dll</ModulePath>
      <ModuleTime>2018-05-22T23:01:54Z</ModuleTime>
      <ModuleName>Microsoft.VisualStudio.TestPlatform.ObjectModel</ModuleName>
      <Classes />
    </Module>
    <Module skippedDueTo="MissingPdb" hash="EE-F5-9F-5B-32-9A-E8-00-95-0E-A1-AD-FE-34-5D-A9-A8-89-6C-9E">
      <ModulePath>C:\Program Files\dotnet\sdk\2.1.300\TestHost\Microsoft.TestPlatform.CrossPlatEngine.dll</ModulePath>
      <ModuleTime>2018-05-22T23:00:48Z</ModuleTime>
      <ModuleName>Microsoft.TestPlatform.CrossPlatEngine</ModuleName>
      <Classes />
    </Module>
    <Module skippedDueTo="MissingPdb" hash="37-6C-09-DD-F0-74-DA-B5-E3-13-A8-8C-2B-DA-DD-A4-1A-F3-D8-2D">
      <ModulePath>C:\Program Files\dotnet\sdk\2.1.300\TestHost\Microsoft.TestPlatform.CommunicationUtilities.dll</ModulePath>
      <ModuleTime>2018-05-22T23:00:42Z</ModuleTime>
      <ModuleName>Microsoft.TestPlatform.CommunicationUtilities</ModuleName>
      <Classes />
    </Module>
    <Module skippedDueTo="MissingPdb" hash="1A-3C-82-93-2A-FA-60-07-AD-BD-07-DF-57-06-24-1A-71-4B-62-46">
      <ModulePath>C:\Program Files\dotnet\sdk\2.1.300\TestHost\Microsoft.VisualStudio.TestPlatform.Common.dll</ModulePath>
      <ModuleTime>2018-05-22T23:00:40Z</ModuleTime>
      <ModuleName>Microsoft.VisualStudio.TestPlatform.Common</ModuleName>
      <Classes />
    </Module>
    <Module skippedDueTo="Filter" hash="83-F8-6D-C5-F0-9F-9A-9F-6F-7A-6D-44-B5-BE-D0-0E-89-25-CA-C7">
      <ModulePath>C:\Windows\Microsoft.Net\assembly\GAC_MSIL\System\v4.0_4.0.0.0__b77a5c561934e089\System.dll</ModulePath>
      <ModuleTime>2018-02-02T21:11:26Z</ModuleTime>
      <ModuleName>System</ModuleName>
      <Classes />
    </Module>
    <Module skippedDueTo="MissingPdb" hash="E9-33-C6-A3-EA-33-C5-55-1C-21-A1-93-16-CB-11-38-B6-34-25-56">
      <ModulePath>C:\Program Files\dotnet\sdk\2.1.300\TestHost\Newtonsoft.Json.dll</ModulePath>
      <ModuleTime>2018-05-22T23:05:00Z</ModuleTime>
      <ModuleName>Newtonsoft.Json</ModuleName>
      <Classes />
    </Module>
    <Module skippedDueTo="Filter" hash="81-DE-41-E4-CF-35-79-0F-0A-D0-B6-43-FC-EB-6A-47-5F-D8-69-04">
      <ModulePath>C:\Windows\Microsoft.Net\assembly\GAC_MSIL\System.Configuration\v4.0_4.0.0.0__b03f5f7f11d50a3a\System.Configuration.dll</ModulePath>
      <ModuleTime>2017-11-07T01:33:22.0169058Z</ModuleTime>
      <ModuleName>System.Configuration</ModuleName>
      <Classes />
    </Module>
    <Module skippedDueTo="Filter" hash="58-2A-4C-0C-25-69-3C-E5-E8-8F-0E-35-DB-19-D0-78-0E-D1-10-FA">
      <ModulePath>C:\Windows\Microsoft.Net\assembly\GAC_MSIL\System.Xml\v4.0_4.0.0.0__b77a5c561934e089\System.Xml.dll</ModulePath>
      <ModuleTime>2017-11-22T20:59:08Z</ModuleTime>
      <ModuleName>System.Xml</ModuleName>
      <Classes />
    </Module>
    <Module skippedDueTo="Filter" hash="FE-78-53-9B-1A-13-3F-2F-ED-91-53-E1-AA-73-FA-63-EF-04-D3-99">
      <ModulePath>C:\Program Files\dotnet\shared\Microsoft.NETCore.App\2.1.0\System.Security.Principal.Windows.dll</ModulePath>
      <ModuleTime>2018-05-15T21:03:38Z</ModuleTime>
      <ModuleName>System.Security.Principal.Windows</ModuleName>
      <Classes />
    </Module>
    <Module skippedDueTo="Filter" hash="D3-0C-F6-3D-A6-F7-83-3E-1E-46-C2-F3-6F-5E-E8-35-37-73-4B-30">
      <ModulePath>C:\Program Files\dotnet\shared\Microsoft.NETCore.App\2.1.0\System.Security.Claims.dll</ModulePath>
      <ModuleTime>2018-05-15T21:03:38Z</ModuleTime>
      <ModuleName>System.Security.Claims</ModuleName>
      <Classes />
    </Module>
    <Module skippedDueTo="Filter" hash="12-B7-51-68-45-5A-41-43-72-AB-32-1D-14-F1-4B-C8-FE-3E-0C-95">
      <ModulePath>C:\Program Files\dotnet\shared\Microsoft.NETCore.App\2.1.0\System.Security.Principal.dll</ModulePath>
      <ModuleTime>2018-05-15T21:03:38Z</ModuleTime>
      <ModuleName>System.Security.Principal</ModuleName>
      <Classes />
    </Module>
    <Module skippedDueTo="Filter" hash="6D-9D-C3-30-B6-80-47-63-E9-F9-98-B3-86-27-D0-F5-80-75-FE-62">
      <ModulePath>C:\Program Files\dotnet\shared\Microsoft.NETCore.App\2.1.0\System.Text.Encoding.dll</ModulePath>
      <ModuleTime>2018-05-15T21:03:38Z</ModuleTime>
      <ModuleName>System.Text.Encoding</ModuleName>
      <Classes />
    </Module>
    <Module skippedDueTo="Filter" hash="E2-DD-41-07-A9-AC-5B-84-49-B7-E1-85-68-3D-69-DC-84-4B-3D-06">
      <ModulePath>C:\Program Files\dotnet\shared\Microsoft.NETCore.App\2.1.0\System.Dynamic.Runtime.dll</ModulePath>
      <ModuleTime>2018-05-15T21:03:34Z</ModuleTime>
      <ModuleName>System.Dynamic.Runtime</ModuleName>
      <Classes />
    </Module>
    <Module skippedDueTo="Filter" hash="CF-C6-6D-CD-52-19-4F-3F-36-51-5E-56-26-3A-93-A5-02-E2-58-2A">
      <ModulePath>C:\Program Files\dotnet\shared\Microsoft.NETCore.App\2.1.0\System.Linq.Expressions.dll</ModulePath>
      <ModuleTime>2018-05-15T21:03:36Z</ModuleTime>
      <ModuleName>System.Linq.Expressions</ModuleName>
      <Classes />
    </Module>
    <Module skippedDueTo="Filter" hash="41-ED-E1-98-BB-A2-1A-69-AC-77-E0-4E-8D-36-CF-B1-5A-52-81-B9">
      <ModulePath>C:\Program Files\dotnet\shared\Microsoft.NETCore.App\2.1.0\System.ObjectModel.dll</ModulePath>
      <ModuleTime>2018-05-15T21:03:36Z</ModuleTime>
      <ModuleName>System.ObjectModel</ModuleName>
      <Classes />
    </Module>
    <Module skippedDueTo="Filter" hash="7B-69-F4-1E-A3-58-9E-D6-28-EB-77-F1-9D-13-F7-D8-20-E7-06-CC">
      <ModulePath>C:\Program Files\dotnet\shared\Microsoft.NETCore.App\2.1.0\System.Xml.XDocument.dll</ModulePath>
      <ModuleTime>2018-05-15T21:03:38Z</ModuleTime>
      <ModuleName>System.Xml.XDocument</ModuleName>
      <Classes />
    </Module>
    <Module skippedDueTo="Filter" hash="21-08-D5-0F-67-C7-B3-A5-F0-0B-F9-E9-57-C9-65-4E-BD-60-05-42">
      <ModulePath>C:\Program Files\dotnet\shared\Microsoft.NETCore.App\2.1.0\System.Private.Xml.Linq.dll</ModulePath>
      <ModuleTime>2018-05-15T21:03:36Z</ModuleTime>
      <ModuleName>System.Private.Xml.Linq</ModuleName>
      <Classes />
    </Module>
    <Module skippedDueTo="Filter" hash="A7-E9-86-00-CF-78-E5-77-89-9A-59-FD-9F-AE-61-2D-6A-36-CF-91">
      <ModulePath>C:\Program Files\dotnet\shared\Microsoft.NETCore.App\2.1.0\System.Text.RegularExpressions.dll</ModulePath>
      <ModuleTime>2018-05-15T21:03:38Z</ModuleTime>
      <ModuleName>System.Text.RegularExpressions</ModuleName>
      <Classes />
    </Module>
    <Module skippedDueTo="MissingPdb" hash="">
      <ModulePath>RefEmit_InMemoryManifestModule</ModulePath>
      <ModuleTime>0001-01-01T00:00:00</ModuleTime>
      <ModuleName>Anonymously Hosted DynamicMethods Assembly</ModuleName>
      <Classes />
    </Module>
    <Module skippedDueTo="Filter" hash="C8-16-F2-BF-5A-ED-B0-98-DC-6E-FF-FA-91-F1-E5-CD-57-4A-95-D8">
      <ModulePath>C:\Windows\Microsoft.Net\assembly\GAC_MSIL\System.Core\v4.0_4.0.0.0__b77a5c561934e089\System.Core.dll</ModulePath>
      <ModuleTime>2018-02-02T21:11:26Z</ModuleTime>
      <ModuleName>System.Core</ModuleName>
      <Classes />
    </Module>
    <Module skippedDueTo="Filter" hash="30-BD-0A-AF-5B-85-09-4A-28-B9-70-F9-9C-32-76-AF-7A-0E-9C-1D">
      <ModulePath>C:\Windows\Microsoft.Net\assembly\GAC_MSIL\System.Numerics\v4.0_4.0.0.0__b77a5c561934e089\System.Numerics.dll</ModulePath>
      <ModuleTime>2017-11-07T01:33:21.9709059Z</ModuleTime>
      <ModuleName>System.Numerics</ModuleName>
      <Classes />
    </Module>
    <Module skippedDueTo="Filter" hash="B2-39-96-5B-E7-DD-F6-58-78-2D-4B-89-47-9B-34-22-A6-AA-85-02">
      <ModulePath>C:\Windows\Microsoft.Net\assembly\GAC_MSIL\System.Runtime.Serialization\v4.0_4.0.0.0__b77a5c561934e089\System.Runtime.Serialization.dll</ModulePath>
      <ModuleTime>2017-11-30T04:16:54Z</ModuleTime>
      <ModuleName>System.Runtime.Serialization</ModuleName>
      <Classes />
    </Module>
    <Module skippedDueTo="Filter" hash="6B-86-54-62-96-7F-F5-FD-4B-8B-DA-7F-04-D1-BA-43-EC-82-F2-C5">
      <ModulePath>C:\Windows\Microsoft.Net\assembly\GAC_MSIL\System.Xml.Linq\v4.0_4.0.0.0__b77a5c561934e089\System.Xml.Linq.dll</ModulePath>
      <ModuleTime>2017-11-07T01:33:21.893907Z</ModuleTime>
      <ModuleName>System.Xml.Linq</ModuleName>
      <Classes />
    </Module>
    <Module skippedDueTo="Filter" hash="CC-61-8F-9F-21-AB-BA-C6-60-88-0B-DA-2D-3E-06-94-43-7B-30-93">
      <ModulePath>C:\Windows\Microsoft.Net\assembly\GAC_32\System.Data\v4.0_4.0.0.0__b77a5c561934e089\System.Data.dll</ModulePath>
      <ModuleTime>2017-11-30T04:16:54Z</ModuleTime>
      <ModuleName>System.Data</ModuleName>
      <Classes />
    </Module>
    <Module skippedDueTo="MissingPdb" hash="8C-B5-F9-F8-91-88-B8-9F-99-D5-80-76-A9-ED-DE-FD-77-81-E3-27">
      <ModulePath>D:\Enlistment\git\NetUtils.MemoryCache\test\NetUtils.MemoryCache.Tests\bin\Debug\net462\NUnit3.TestAdapter.dll</ModulePath>
      <ModuleTime>2018-03-08T02:32:26Z</ModuleTime>
      <ModuleName>NUnit3.TestAdapter</ModuleName>
      <Classes />
    </Module>
    <Module skippedDueTo="MissingPdb" hash="4D-3A-F8-21-37-BF-6C-40-07-B1-F2-B3-C1-40-95-02-8B-29-D6-BF">
      <ModulePath>D:\Enlistment\git\NetUtils.MemoryCache\test\NetUtils.MemoryCache.Tests\bin\Debug\net462\nunit.engine.api.dll</ModulePath>
      <ModuleTime>2018-03-08T02:32:26Z</ModuleTime>
      <ModuleName>nunit.engine.api</ModuleName>
      <Classes />
    </Module>
    <Module skippedDueTo="MissingPdb" hash="50-F7-E1-88-5A-5D-BC-61-D2-CA-79-C1-84-35-83-25-B7-E4-E5-3A">
      <ModulePath>C:\Program Files\dotnet\sdk\2.1.300\Extensions\Microsoft.TestPlatform.Extensions.EventLogCollector.dll</ModulePath>
      <ModuleTime>2018-05-22T22:55:58Z</ModuleTime>
      <ModuleName>Microsoft.TestPlatform.Extensions.EventLogCollector</ModuleName>
      <Classes />
    </Module>
    <Module skippedDueTo="MissingPdb" hash="78-8A-37-55-1D-1C-A6-13-69-DB-A2-FA-8C-58-E6-62-DB-70-B5-E7">
      <ModulePath>D:\Enlistment\git\NetUtils.MemoryCache\test\NetUtils.MemoryCache.Tests\bin\Debug\net462\nunit.engine.dll</ModulePath>
      <ModuleTime>2018-03-08T02:32:26Z</ModuleTime>
      <ModuleName>nunit.engine</ModuleName>
      <Classes />
    </Module>
    <Module skippedDueTo="Filter" hash="43-4E-64-C1-BE-30-F2-65-4E-58-92-92-75-E2-7F-96-43-4E-62-06">
      <ModulePath>C:\Windows\Microsoft.Net\assembly\GAC_32\System.Web\v4.0_4.0.0.0__b03f5f7f11d50a3a\System.Web.dll</ModulePath>
      <ModuleTime>2017-11-30T04:16:54Z</ModuleTime>
      <ModuleName>System.Web</ModuleName>
      <Classes />
    </Module>
    <Module skippedDueTo="Filter" hash="FD-31-0F-15-D6-8D-05-C2-38-FF-29-C3-4B-AD-84-15-76-81-12-E7">
      <ModulePath>C:\Windows\Microsoft.Net\assembly\GAC_MSIL\System.Runtime.Remoting\v4.0_4.0.0.0__b77a5c561934e089\System.Runtime.Remoting.dll</ModulePath>
      <ModuleTime>2017-11-07T01:33:21.9589059Z</ModuleTime>
      <ModuleName>System.Runtime.Remoting</ModuleName>
      <Classes />
    </Module>
    <Module skippedDueTo="MissingPdb" hash="8A-2E-8F-D6-9D-39-02-4A-2F-30-FC-06-42-F7-0F-A8-32-69-07-72">
      <ModulePath>D:\Enlistment\git\NetUtils.MemoryCache\test\NetUtils.MemoryCache.Tests\bin\Debug\net462\Mono.Cecil.dll</ModulePath>
      <ModuleTime>2018-03-08T02:32:26Z</ModuleTime>
      <ModuleName>Mono.Cecil</ModuleName>
      <Classes />
    </Module>
    <Module skippedDueTo="MissingPdb" hash="AF-00-89-8E-23-29-6C-3D-DA-76-42-D2-8F-D5-0D-78-C7-55-E7-F5">
      <ModulePath>D:\Enlistment\git\NetUtils.MemoryCache\test\NetUtils.MemoryCache.Tests\bin\Debug\net462\nunit.framework.dll</ModulePath>
      <ModuleTime>2018-03-13T05:58:16Z</ModuleTime>
      <ModuleName>nunit.framework</ModuleName>
      <Classes />
    </Module>
    <Module skippedDueTo="Filter" hash="83-F8-6D-C5-F0-9F-9A-9F-6F-7A-6D-44-B5-BE-D0-0E-89-25-CA-C7">
      <ModulePath>C:\Windows\Microsoft.Net\assembly\GAC_MSIL\System\v4.0_4.0.0.0__b77a5c561934e089\System.dll</ModulePath>
      <ModuleTime>2018-02-02T21:11:26Z</ModuleTime>
      <ModuleName>System</ModuleName>
      <Classes />
    </Module>
    <Module skippedDueTo="Filter" hash="C8-16-F2-BF-5A-ED-B0-98-DC-6E-FF-FA-91-F1-E5-CD-57-4A-95-D8">
      <ModulePath>C:\Windows\Microsoft.Net\assembly\GAC_MSIL\System.Core\v4.0_4.0.0.0__b77a5c561934e089\System.Core.dll</ModulePath>
      <ModuleTime>2018-02-02T21:11:26Z</ModuleTime>
      <ModuleName>System.Core</ModuleName>
      <Classes />
    </Module>
    <Module skippedDueTo="MissingPdb" hash="78-8A-37-55-1D-1C-A6-13-69-DB-A2-FA-8C-58-E6-62-DB-70-B5-E7">
      <ModulePath>D:\Enlistment\git\NetUtils.MemoryCache\test\NetUtils.MemoryCache.Tests\bin\Debug\net462\nunit.engine.dll</ModulePath>
      <ModuleTime>2018-03-08T02:32:26Z</ModuleTime>
      <ModuleName>nunit.engine</ModuleName>
      <Classes />
    </Module>
    <Module skippedDueTo="Filter" hash="43-4E-64-C1-BE-30-F2-65-4E-58-92-92-75-E2-7F-96-43-4E-62-06">
      <ModulePath>C:\Windows\Microsoft.Net\assembly\GAC_32\System.Web\v4.0_4.0.0.0__b03f5f7f11d50a3a\System.Web.dll</ModulePath>
      <ModuleTime>2017-11-30T04:16:54Z</ModuleTime>
      <ModuleName>System.Web</ModuleName>
      <Classes />
    </Module>
    <Module hash="AF-22-59-4F-4E-78-50-20-B0-DC-7C-28-B2-49-E1-62-E8-3B-67-E5">
      <Summary numSequencePoints="357" visitedSequencePoints="264" numBranchPoints="85" visitedBranchPoints="50" sequenceCoverage="73.95" branchCoverage="58.82" maxCyclomaticComplexity="25" minCyclomaticComplexity="1" visitedClasses="29" numClasses="44" visitedMethods="41" numMethods="61" />
      <ModulePath>D:\Enlistment\git\NetUtils.MemoryCache\test\NetUtils.MemoryCache.Tests\bin\Debug\net462\NetUtils.MemoryCache.Tests.dll</ModulePath>
      <ModuleTime>2018-06-05T23:51:56.2419636Z</ModuleTime>
      <ModuleName>NetUtils.MemoryCache.Tests</ModuleName>
      <Files>
        <File uid="1" fullPath="D:\Enlistment\git\NetUtils.MemoryCache\test\NetUtils.MemoryCache.Tests\AssemblySetup.cs" />
        <File uid="2" fullPath="D:\Enlistment\git\NetUtils.MemoryCache\test\NetUtils.MemoryCache.Tests\CleanBehaviourTests.cs" />
        <File uid="5" fullPath="D:\Enlistment\git\NetUtils.MemoryCache\test\NetUtils.MemoryCache.Tests\ConcurrencyTests.cs" />
        <File uid="10" fullPath="D:\Enlistment\git\NetUtils.MemoryCache\test\NetUtils.MemoryCache.Tests\DisposeBehaviourTests.cs" />
        <File uid="14" fullPath="D:\Enlistment\git\NetUtils.MemoryCache\test\NetUtils.MemoryCache.Tests\ExpireBehaviourTests.cs" />
        <File uid="17" fullPath="D:\Enlistment\git\NetUtils.MemoryCache\test\NetUtils.MemoryCache.Tests\ExtensionMethodTests.cs" />
        <File uid="20" fullPath="D:\Enlistment\git\NetUtils.MemoryCache\test\NetUtils.MemoryCache.Tests\HttpClientCacheTests.cs" />
        <File uid="32" fullPath="D:\Enlistment\git\NetUtils.MemoryCache\test\NetUtils.MemoryCache.Tests\MemoryCacheInstanceTests.cs" />
        <File uid="42" fullPath="D:\Enlistment\git\NetUtils.MemoryCache\test\NetUtils.MemoryCache.Tests\MemoryCacheTests.cs" />
        <File uid="44" fullPath="D:\Enlistment\git\NetUtils.MemoryCache\test\NetUtils.MemoryCache.Tests\Model\DummyDisposable.cs" />
      </Files>
      <Classes>
        <Class>
          <Summary numSequencePoints="0" visitedSequencePoints="0" numBranchPoints="0" visitedBranchPoints="0" sequenceCoverage="0" branchCoverage="0" maxCyclomaticComplexity="0" minCyclomaticComplexity="0" visitedClasses="0" numClasses="0" visitedMethods="0" numMethods="0" />
          <FullName>&lt;Module&gt;</FullName>
          <Methods />
        </Class>
        <Class>
          <Summary numSequencePoints="6" visitedSequencePoints="6" numBranchPoints="2" visitedBranchPoints="2" sequenceCoverage="100" branchCoverage="100" maxCyclomaticComplexity="1" minCyclomaticComplexity="1" visitedClasses="1" numClasses="1" visitedMethods="2" numMethods="2" />
          <FullName>NetUtils.MemoryCache.Tests.AssemblySetup</FullName>
          <Methods>
            <Method visited="true" cyclomaticComplexity="1" nPathComplexity="0" sequenceCoverage="100" branchCoverage="100" isConstructor="false" isStatic="false" isGetter="false" isSetter="false">
              <Summary numSequencePoints="3" visitedSequencePoints="3" numBranchPoints="1" visitedBranchPoints="1" sequenceCoverage="100" branchCoverage="100" maxCyclomaticComplexity="1" minCyclomaticComplexity="1" visitedClasses="0" numClasses="0" visitedMethods="1" numMethods="1" />
              <MetadataToken>100663297</MetadataToken>
              <Name>System.Void NetUtils.MemoryCache.Tests.AssemblySetup::OneTimeSetup()</Name>
              <FileRef uid="1" />
              <SequencePoints>
                <SequencePoint vc="1" uspid="1" ordinal="0" offset="0" sl="12" sc="9" el="12" ec="10" bec="0" bev="0" fileid="1" />
                <SequencePoint vc="1" uspid="2" ordinal="1" offset="1" sl="13" sc="13" el="13" ec="81" bec="0" bev="0" fileid="1" />
                <SequencePoint vc="1" uspid="3" ordinal="2" offset="21" sl="14" sc="9" el="14" ec="10" bec="0" bev="0" fileid="1" />
              </SequencePoints>
              <BranchPoints />
              <MethodPoint xsi:type="SequencePoint" vc="1" uspid="1" ordinal="0" offset="0" sl="12" sc="9" el="12" ec="10" bec="0" bev="0" fileid="1" />
            </Method>
            <Method visited="true" cyclomaticComplexity="1" nPathComplexity="0" sequenceCoverage="100" branchCoverage="100" isConstructor="false" isStatic="false" isGetter="false" isSetter="false">
              <Summary numSequencePoints="3" visitedSequencePoints="3" numBranchPoints="1" visitedBranchPoints="1" sequenceCoverage="100" branchCoverage="100" maxCyclomaticComplexity="1" minCyclomaticComplexity="1" visitedClasses="0" numClasses="0" visitedMethods="1" numMethods="1" />
              <MetadataToken>100663298</MetadataToken>
              <Name>System.Void NetUtils.MemoryCache.Tests.AssemblySetup::OneTimeTearDown()</Name>
              <FileRef uid="1" />
              <SequencePoints>
                <SequencePoint vc="1" uspid="4" ordinal="0" offset="0" sl="18" sc="9" el="18" ec="10" bec="0" bev="0" fileid="1" />
                <SequencePoint vc="1" uspid="5" ordinal="1" offset="1" sl="19" sc="13" el="19" ec="94" bec="0" bev="0" fileid="1" />
                <SequencePoint vc="1" uspid="6" ordinal="2" offset="12" sl="20" sc="9" el="20" ec="10" bec="0" bev="0" fileid="1" />
              </SequencePoints>
              <BranchPoints />
              <MethodPoint xsi:type="SequencePoint" vc="1" uspid="4" ordinal="0" offset="0" sl="18" sc="9" el="18" ec="10" bec="0" bev="0" fileid="1" />
            </Method>
            <Method visited="true" cyclomaticComplexity="1" nPathComplexity="0" sequenceCoverage="0" branchCoverage="0" isConstructor="true" isStatic="false" isGetter="false" isSetter="false">
              <Summary numSequencePoints="0" visitedSequencePoints="0" numBranchPoints="0" visitedBranchPoints="0" sequenceCoverage="0" branchCoverage="0" maxCyclomaticComplexity="1" minCyclomaticComplexity="1" visitedClasses="0" numClasses="0" visitedMethods="0" numMethods="0" />
              <MetadataToken>100663299</MetadataToken>
              <Name>System.Void NetUtils.MemoryCache.Tests.AssemblySetup::.ctor()</Name>
              <SequencePoints />
              <BranchPoints />
              <MethodPoint vc="1" uspid="7" ordinal="0" offset="0" />
            </Method>
          </Methods>
        </Class>
        <Class>
          <Summary numSequencePoints="3" visitedSequencePoints="0" numBranchPoints="1" visitedBranchPoints="0" sequenceCoverage="0" branchCoverage="0" maxCyclomaticComplexity="2" minCyclomaticComplexity="1" visitedClasses="0" numClasses="1" visitedMethods="0" numMethods="1" />
          <FullName>NetUtils.MemoryCache.Tests.CleanBehaviourTests</FullName>
          <Methods>
            <Method visited="false" cyclomaticComplexity="1" nPathComplexity="0" sequenceCoverage="0" branchCoverage="0" isConstructor="false" isStatic="false" isGetter="false" isSetter="false">
              <Summary numSequencePoints="0" visitedSequencePoints="0" numBranchPoints="0" visitedBranchPoints="0" sequenceCoverage="0" branchCoverage="0" maxCyclomaticComplexity="1" minCyclomaticComplexity="1" visitedClasses="0" numClasses="0" visitedMethods="0" numMethods="0" />
              <MetadataToken>100663300</MetadataToken>
              <Name>System.Threading.Tasks.Task NetUtils.MemoryCache.Tests.CleanBehaviourTests::TestCacheCleanBehaviourAsync(System.Boolean)</Name>
              <SequencePoints />
              <BranchPoints />
              <MethodPoint vc="0" uspid="8" ordinal="0" offset="0" />
            </Method>
            <Method visited="false" cyclomaticComplexity="2" nPathComplexity="0" sequenceCoverage="0" branchCoverage="0" isConstructor="false" isStatic="true" isGetter="false" isSetter="false">
              <Summary numSequencePoints="3" visitedSequencePoints="0" numBranchPoints="1" visitedBranchPoints="0" sequenceCoverage="0" branchCoverage="0" maxCyclomaticComplexity="2" minCyclomaticComplexity="2" visitedClasses="0" numClasses="0" visitedMethods="0" numMethods="1" />
              <MetadataToken>100663301</MetadataToken>
              <Name>System.Void NetUtils.MemoryCache.Tests.CleanBehaviourTests::GetOrCreate(NetUtils.MemoryCache.ICacheInstance,System.String,System.TimeSpan,System.Boolean)</Name>
              <FileRef uid="2" />
              <SequencePoints>
                <SequencePoint vc="0" uspid="9" ordinal="0" offset="0" sl="38" sc="9" el="38" ec="10" bec="0" bev="0" fileid="2" />
                <SequencePoint vc="0" uspid="10" ordinal="1" offset="1" sl="39" sc="13" el="39" ec="157" bec="0" bev="0" fileid="2" />
                <SequencePoint vc="0" uspid="11" ordinal="2" offset="47" sl="40" sc="9" el="40" ec="10" bec="0" bev="0" fileid="2" />
              </SequencePoints>
              <BranchPoints />
              <MethodPoint xsi:type="SequencePoint" vc="0" uspid="9" ordinal="0" offset="0" sl="38" sc="9" el="38" ec="10" bec="0" bev="0" fileid="2" />
            </Method>
            <Method visited="true" cyclomaticComplexity="1" nPathComplexity="0" sequenceCoverage="0" branchCoverage="0" isConstructor="true" isStatic="false" isGetter="false" isSetter="false">
              <Summary numSequencePoints="0" visitedSequencePoints="0" numBranchPoints="0" visitedBranchPoints="0" sequenceCoverage="0" branchCoverage="0" maxCyclomaticComplexity="1" minCyclomaticComplexity="1" visitedClasses="0" numClasses="0" visitedMethods="0" numMethods="0" />
              <MetadataToken>100663302</MetadataToken>
              <Name>System.Void NetUtils.MemoryCache.Tests.CleanBehaviourTests::.ctor()</Name>
              <SequencePoints />
              <BranchPoints />
              <MethodPoint vc="1" uspid="14" ordinal="0" offset="0" />
            </Method>
          </Methods>
        </Class>
        <Class>
          <Summary numSequencePoints="16" visitedSequencePoints="0" numBranchPoints="1" visitedBranchPoints="0" sequenceCoverage="0" branchCoverage="0" maxCyclomaticComplexity="8" minCyclomaticComplexity="1" visitedClasses="0" numClasses="1" visitedMethods="0" numMethods="1" />
          <FullName>NetUtils.MemoryCache.Tests.CleanBehaviourTests/&lt;TestCacheCleanBehaviourAsync&gt;d__0</FullName>
          <Methods>
            <Method visited="false" cyclomaticComplexity="1" nPathComplexity="0" sequenceCoverage="0" branchCoverage="0" isConstructor="true" isStatic="false" isGetter="false" isSetter="false">
              <Summary numSequencePoints="0" visitedSequencePoints="0" numBranchPoints="0" visitedBranchPoints="0" sequenceCoverage="0" branchCoverage="0" maxCyclomaticComplexity="1" minCyclomaticComplexity="1" visitedClasses="0" numClasses="0" visitedMethods="0" numMethods="0" />
              <MetadataToken>100663329</MetadataToken>
              <Name>System.Void NetUtils.MemoryCache.Tests.CleanBehaviourTests/&lt;TestCacheCleanBehaviourAsync&gt;d__0::.ctor()</Name>
              <SequencePoints />
              <BranchPoints />
              <MethodPoint vc="0" uspid="15" ordinal="0" offset="0" />
            </Method>
            <Method visited="false" cyclomaticComplexity="8" nPathComplexity="0" sequenceCoverage="0" branchCoverage="0" isConstructor="false" isStatic="false" isGetter="false" isSetter="false">
              <Summary numSequencePoints="16" visitedSequencePoints="0" numBranchPoints="1" visitedBranchPoints="0" sequenceCoverage="0" branchCoverage="0" maxCyclomaticComplexity="8" minCyclomaticComplexity="8" visitedClasses="0" numClasses="0" visitedMethods="0" numMethods="1" />
              <MetadataToken>100663330</MetadataToken>
              <Name>System.Void NetUtils.MemoryCache.Tests.CleanBehaviourTests/&lt;TestCacheCleanBehaviourAsync&gt;d__0::MoveNext()</Name>
              <FileRef uid="2" />
              <SequencePoints>
                <SequencePoint vc="0" uspid="16" ordinal="0" offset="42" sl="16" sc="9" el="16" ec="10" bec="0" bev="0" fileid="2" />
                <SequencePoint vc="0" uspid="17" ordinal="1" offset="43" sl="17" sc="13" el="17" ec="98" bec="0" bev="0" fileid="2" />
                <SequencePoint vc="0" uspid="18" ordinal="2" offset="75" sl="18" sc="13" el="18" ec="65" bec="0" bev="0" fileid="2" />
                <SequencePoint vc="0" uspid="19" ordinal="3" offset="92" sl="20" sc="13" el="20" ec="66" bec="0" bev="0" fileid="2" />
                <SequencePoint vc="0" uspid="20" ordinal="4" offset="118" sl="22" sc="13" el="22" ec="39" bec="0" bev="0" fileid="2" />
                <SequencePoint vc="0" uspid="21" ordinal="5" offset="151" sl="23" sc="13" el="23" ec="143" bec="0" bev="0" fileid="2" />
                <SequencePoint vc="0" uspid="22" ordinal="6" offset="202" sl="24" sc="13" el="24" ec="39" bec="0" bev="0" fileid="2" />
                <SequencePoint vc="0" uspid="23" ordinal="7" offset="235" sl="25" sc="13" el="25" ec="143" bec="0" bev="0" fileid="2" />
                <SequencePoint vc="0" uspid="24" ordinal="8" offset="286" sl="26" sc="13" el="26" ec="39" bec="0" bev="0" fileid="2" />
                <SequencePoint vc="0" uspid="25" ordinal="9" offset="319" sl="27" sc="13" el="27" ec="62" bec="0" bev="0" fileid="2" />
                <SequencePoint vc="0" uspid="26" ordinal="10" offset="428" sl="28" sc="13" el="28" ec="39" bec="0" bev="0" fileid="2" />
                <SequencePoint vc="0" uspid="27" ordinal="11" offset="461" sl="29" sc="13" el="29" ec="62" bec="0" bev="0" fileid="2" />
                <SequencePoint vc="0" uspid="28" ordinal="12" offset="573" sl="30" sc="13" el="30" ec="39" bec="0" bev="0" fileid="2" />
                <SequencePoint vc="0" uspid="29" ordinal="13" offset="606" sl="31" sc="13" el="31" ec="62" bec="0" bev="0" fileid="2" />
                <SequencePoint vc="0" uspid="30" ordinal="14" offset="718" sl="32" sc="13" el="32" ec="39" bec="0" bev="0" fileid="2" />
                <SequencePoint vc="0" uspid="31" ordinal="15" offset="751" sl="34" sc="13" el="34" ec="77" bec="0" bev="0" fileid="2" />
              </SequencePoints>
              <BranchPoints />
              <MethodPoint vc="0" uspid="39" ordinal="0" offset="0" />
            </Method>
            <Method visited="false" cyclomaticComplexity="1" nPathComplexity="0" sequenceCoverage="0" branchCoverage="0" isConstructor="false" isStatic="false" isGetter="false" isSetter="false">
              <Summary numSequencePoints="0" visitedSequencePoints="0" numBranchPoints="0" visitedBranchPoints="0" sequenceCoverage="0" branchCoverage="0" maxCyclomaticComplexity="1" minCyclomaticComplexity="1" visitedClasses="0" numClasses="0" visitedMethods="0" numMethods="0" />
              <MetadataToken>100663331</MetadataToken>
              <Name>System.Void NetUtils.MemoryCache.Tests.CleanBehaviourTests/&lt;TestCacheCleanBehaviourAsync&gt;d__0::SetStateMachine(System.Runtime.CompilerServices.IAsyncStateMachine)</Name>
              <SequencePoints />
              <BranchPoints />
              <MethodPoint vc="0" uspid="40" ordinal="0" offset="0" />
            </Method>
          </Methods>
        </Class>
        <Class>
          <Summary numSequencePoints="1" visitedSequencePoints="0" numBranchPoints="1" visitedBranchPoints="0" sequenceCoverage="0" branchCoverage="0" maxCyclomaticComplexity="1" minCyclomaticComplexity="1" visitedClasses="0" numClasses="1" visitedMethods="0" numMethods="1" />
          <FullName>NetUtils.MemoryCache.Tests.CleanBehaviourTests/&lt;&gt;c</FullName>
          <Methods>
            <Method visited="false" cyclomaticComplexity="1" nPathComplexity="0" sequenceCoverage="0" branchCoverage="0" isConstructor="true" isStatic="true" isGetter="false" isSetter="false">
              <Summary numSequencePoints="0" visitedSequencePoints="0" numBranchPoints="0" visitedBranchPoints="0" sequenceCoverage="0" branchCoverage="0" maxCyclomaticComplexity="1" minCyclomaticComplexity="1" visitedClasses="0" numClasses="0" visitedMethods="0" numMethods="0" />
              <MetadataToken>100663332</MetadataToken>
              <Name>System.Void NetUtils.MemoryCache.Tests.CleanBehaviourTests/&lt;&gt;c::.cctor()</Name>
              <SequencePoints />
              <BranchPoints />
              <MethodPoint vc="0" uspid="41" ordinal="0" offset="0" />
            </Method>
            <Method visited="false" cyclomaticComplexity="1" nPathComplexity="0" sequenceCoverage="0" branchCoverage="0" isConstructor="true" isStatic="false" isGetter="false" isSetter="false">
              <Summary numSequencePoints="0" visitedSequencePoints="0" numBranchPoints="0" visitedBranchPoints="0" sequenceCoverage="0" branchCoverage="0" maxCyclomaticComplexity="1" minCyclomaticComplexity="1" visitedClasses="0" numClasses="0" visitedMethods="0" numMethods="0" />
              <MetadataToken>100663333</MetadataToken>
              <Name>System.Void NetUtils.MemoryCache.Tests.CleanBehaviourTests/&lt;&gt;c::.ctor()</Name>
              <SequencePoints />
              <BranchPoints />
              <MethodPoint vc="0" uspid="42" ordinal="0" offset="0" />
            </Method>
            <Method visited="false" cyclomaticComplexity="1" nPathComplexity="0" sequenceCoverage="0" branchCoverage="0" isConstructor="false" isStatic="false" isGetter="false" isSetter="false">
              <Summary numSequencePoints="1" visitedSequencePoints="0" numBranchPoints="1" visitedBranchPoints="0" sequenceCoverage="0" branchCoverage="0" maxCyclomaticComplexity="1" minCyclomaticComplexity="1" visitedClasses="0" numClasses="0" visitedMethods="0" numMethods="1" />
              <MetadataToken>100663334</MetadataToken>
              <Name>System.Object NetUtils.MemoryCache.Tests.CleanBehaviourTests/&lt;&gt;c::&lt;GetOrCreate&gt;b__1_0()</Name>
              <FileRef uid="2" />
              <SequencePoints>
                <SequencePoint vc="0" uspid="43" ordinal="0" offset="0" sl="39" sc="60" el="39" ec="72" bec="0" bev="0" fileid="2" />
              </SequencePoints>
              <BranchPoints />
              <MethodPoint xsi:type="SequencePoint" vc="0" uspid="43" ordinal="0" offset="0" sl="39" sc="60" el="39" ec="72" bec="0" bev="0" fileid="2" />
            </Method>
          </Methods>
        </Class>
        <Class>
          <Summary numSequencePoints="14" visitedSequencePoints="14" numBranchPoints="2" visitedBranchPoints="2" sequenceCoverage="100" branchCoverage="100" maxCyclomaticComplexity="1" minCyclomaticComplexity="1" visitedClasses="1" numClasses="1" visitedMethods="2" numMethods="2" />
          <FullName>NetUtils.MemoryCache.Tests.ConcurrencyTests</FullName>
          <Methods>
            <Method visited="true" cyclomaticComplexity="1" nPathComplexity="0" sequenceCoverage="100" branchCoverage="100" isConstructor="false" isStatic="false" isGetter="false" isSetter="false">
              <Summary numSequencePoints="7" visitedSequencePoints="7" numBranchPoints="1" visitedBranchPoints="1" sequenceCoverage="100" branchCoverage="100" maxCyclomaticComplexity="1" minCyclomaticComplexity="1" visitedClasses="0" numClasses="0" visitedMethods="1" numMethods="1" />
              <MetadataToken>100663303</MetadataToken>
              <Name>System.Void NetUtils.MemoryCache.Tests.ConcurrencyTests::TestCacheFuntionConcurrency(System.Int32,System.Boolean)</Name>
              <FileRef uid="5" />
              <SequencePoints>
                <SequencePoint vc="8" uspid="44" ordinal="0" offset="13" sl="23" sc="9" el="23" ec="10" bec="0" bev="0" fileid="5" />
                <SequencePoint vc="8" uspid="45" ordinal="1" offset="14" sl="24" sc="13" el="24" ec="49" bec="0" bev="0" fileid="5" />
                <SequencePoint vc="8" uspid="46" ordinal="2" offset="39" sl="25" sc="13" el="25" ec="91" bec="0" bev="0" fileid="5" />
                <SequencePoint vc="8" uspid="47" ordinal="3" offset="55" sl="26" sc="13" el="26" ec="29" bec="0" bev="0" fileid="5" />
                <SequencePoint vc="8" uspid="48" ordinal="4" offset="62" sl="27" sc="13" el="40" ec="16" bec="0" bev="0" fileid="5" />
                <SequencePoint vc="8" uspid="49" ordinal="5" offset="82" sl="42" sc="13" el="42" ec="36" bec="0" bev="0" fileid="5" />
                <SequencePoint vc="8" uspid="50" ordinal="6" offset="110" sl="43" sc="9" el="43" ec="10" bec="0" bev="0" fileid="5" />
              </SequencePoints>
              <BranchPoints />
              <MethodPoint vc="8" uspid="51" ordinal="0" offset="0" />
            </Method>
            <Method visited="true" cyclomaticComplexity="1" nPathComplexity="0" sequenceCoverage="100" branchCoverage="100" isConstructor="false" isStatic="false" isGetter="false" isSetter="false">
              <Summary numSequencePoints="7" visitedSequencePoints="7" numBranchPoints="1" visitedBranchPoints="1" sequenceCoverage="100" branchCoverage="100" maxCyclomaticComplexity="1" minCyclomaticComplexity="1" visitedClasses="0" numClasses="0" visitedMethods="1" numMethods="1" />
              <MetadataToken>100663304</MetadataToken>
              <Name>System.Void NetUtils.MemoryCache.Tests.ConcurrencyTests::TestCacheFuntionConcurrencyPerf(System.Int32,System.Boolean)</Name>
              <FileRef uid="5" />
              <SequencePoints>
                <SequencePoint vc="8" uspid="52" ordinal="0" offset="13" sl="55" sc="9" el="55" ec="10" bec="0" bev="0" fileid="5" />
                <SequencePoint vc="8" uspid="53" ordinal="1" offset="14" sl="56" sc="13" el="56" ec="49" bec="0" bev="0" fileid="5" />
                <SequencePoint vc="8" uspid="54" ordinal="2" offset="39" sl="57" sc="13" el="57" ec="91" bec="0" bev="0" fileid="5" />
                <SequencePoint vc="8" uspid="55" ordinal="3" offset="55" sl="58" sc="13" el="58" ec="29" bec="0" bev="0" fileid="5" />
                <SequencePoint vc="8" uspid="56" ordinal="4" offset="62" sl="59" sc="13" el="72" ec="16" bec="0" bev="0" fileid="5" />
                <SequencePoint vc="8" uspid="57" ordinal="5" offset="82" sl="74" sc="13" el="74" ec="36" bec="0" bev="0" fileid="5" />
                <SequencePoint vc="8" uspid="58" ordinal="6" offset="110" sl="75" sc="9" el="75" ec="10" bec="0" bev="0" fileid="5" />
              </SequencePoints>
              <BranchPoints />
              <MethodPoint vc="8" uspid="59" ordinal="0" offset="0" />
            </Method>
            <Method visited="true" cyclomaticComplexity="1" nPathComplexity="0" sequenceCoverage="0" branchCoverage="0" isConstructor="true" isStatic="false" isGetter="false" isSetter="false">
              <Summary numSequencePoints="0" visitedSequencePoints="0" numBranchPoints="0" visitedBranchPoints="0" sequenceCoverage="0" branchCoverage="0" maxCyclomaticComplexity="1" minCyclomaticComplexity="1" visitedClasses="0" numClasses="0" visitedMethods="0" numMethods="0" />
              <MetadataToken>100663305</MetadataToken>
              <Name>System.Void NetUtils.MemoryCache.Tests.ConcurrencyTests::.ctor()</Name>
              <SequencePoints />
              <BranchPoints />
              <MethodPoint vc="1" uspid="60" ordinal="0" offset="0" />
            </Method>
          </Methods>
        </Class>
        <Class>
          <Summary numSequencePoints="3" visitedSequencePoints="3" numBranchPoints="1" visitedBranchPoints="1" sequenceCoverage="100" branchCoverage="100" maxCyclomaticComplexity="1" minCyclomaticComplexity="1" visitedClasses="1" numClasses="1" visitedMethods="1" numMethods="1" />
          <FullName>NetUtils.MemoryCache.Tests.ConcurrencyTests/&lt;&gt;c__DisplayClass0_0</FullName>
          <Methods>
            <Method visited="true" cyclomaticComplexity="1" nPathComplexity="0" sequenceCoverage="0" branchCoverage="0" isConstructor="true" isStatic="false" isGetter="false" isSetter="false">
              <Summary numSequencePoints="0" visitedSequencePoints="0" numBranchPoints="0" visitedBranchPoints="0" sequenceCoverage="0" branchCoverage="0" maxCyclomaticComplexity="1" minCyclomaticComplexity="1" visitedClasses="0" numClasses="0" visitedMethods="0" numMethods="0" />
              <MetadataToken>100663335</MetadataToken>
              <Name>System.Void NetUtils.MemoryCache.Tests.ConcurrencyTests/&lt;&gt;c__DisplayClass0_0::.ctor()</Name>
              <SequencePoints />
              <BranchPoints />
              <MethodPoint vc="8" uspid="61" ordinal="0" offset="0" />
            </Method>
            <Method visited="true" cyclomaticComplexity="1" nPathComplexity="0" sequenceCoverage="100" branchCoverage="100" isConstructor="false" isStatic="false" isGetter="false" isSetter="false">
              <Summary numSequencePoints="3" visitedSequencePoints="3" numBranchPoints="1" visitedBranchPoints="1" sequenceCoverage="100" branchCoverage="100" maxCyclomaticComplexity="1" minCyclomaticComplexity="1" visitedClasses="0" numClasses="0" visitedMethods="1" numMethods="1" />
              <MetadataToken>100663336</MetadataToken>
              <Name>System.Void NetUtils.MemoryCache.Tests.ConcurrencyTests/&lt;&gt;c__DisplayClass0_0::&lt;TestCacheFuntionConcurrency&gt;b__0(System.Int32)</Name>
              <FileRef uid="5" />
              <SequencePoints>
                <SequencePoint vc="22220" uspid="62" ordinal="0" offset="20" sl="28" sc="13" el="28" ec="14" bec="0" bev="0" fileid="5" />
                <SequencePoint vc="22220" uspid="63" ordinal="1" offset="21" sl="29" sc="17" el="39" ec="73" bec="0" bev="0" fileid="5" />
                <SequencePoint vc="22220" uspid="64" ordinal="2" offset="85" sl="40" sc="13" el="40" ec="14" bec="0" bev="0" fileid="5" />
              </SequencePoints>
              <BranchPoints />
              <MethodPoint vc="22220" uspid="65" ordinal="0" offset="0" />
            </Method>
          </Methods>
        </Class>
        <Class>
          <Summary numSequencePoints="0" visitedSequencePoints="0" numBranchPoints="0" visitedBranchPoints="0" sequenceCoverage="0" branchCoverage="0" maxCyclomaticComplexity="1" minCyclomaticComplexity="1" visitedClasses="0" numClasses="0" visitedMethods="0" numMethods="0" />
          <FullName>NetUtils.MemoryCache.Tests.ConcurrencyTests/&lt;&gt;c__DisplayClass0_1</FullName>
          <Methods>
            <Method visited="true" cyclomaticComplexity="1" nPathComplexity="0" sequenceCoverage="0" branchCoverage="0" isConstructor="true" isStatic="false" isGetter="false" isSetter="false">
              <Summary numSequencePoints="0" visitedSequencePoints="0" numBranchPoints="0" visitedBranchPoints="0" sequenceCoverage="0" branchCoverage="0" maxCyclomaticComplexity="1" minCyclomaticComplexity="1" visitedClasses="0" numClasses="0" visitedMethods="0" numMethods="0" />
              <MetadataToken>100663337</MetadataToken>
              <Name>System.Void NetUtils.MemoryCache.Tests.ConcurrencyTests/&lt;&gt;c__DisplayClass0_1::.ctor()</Name>
              <SequencePoints />
              <BranchPoints />
              <MethodPoint vc="22220" uspid="66" ordinal="0" offset="0" />
            </Method>
            <Method visited="true" cyclomaticComplexity="1" nPathComplexity="0" sequenceCoverage="0" branchCoverage="0" isConstructor="false" isStatic="false" isGetter="false" isSetter="false">
              <Summary numSequencePoints="0" visitedSequencePoints="0" numBranchPoints="0" visitedBranchPoints="0" sequenceCoverage="0" branchCoverage="0" maxCyclomaticComplexity="1" minCyclomaticComplexity="1" visitedClasses="0" numClasses="0" visitedMethods="0" numMethods="0" />
              <MetadataToken>100663338</MetadataToken>
              <Name>System.Threading.Tasks.Task`1&lt;System.Int32&gt; NetUtils.MemoryCache.Tests.ConcurrencyTests/&lt;&gt;c__DisplayClass0_1::&lt;TestCacheFuntionConcurrency&gt;b__1()</Name>
              <SequencePoints />
              <BranchPoints />
              <MethodPoint vc="8" uspid="67" ordinal="0" offset="0" />
            </Method>
          </Methods>
        </Class>
        <Class>
          <Summary numSequencePoints="5" visitedSequencePoints="5" numBranchPoints="1" visitedBranchPoints="1" sequenceCoverage="100" branchCoverage="100" maxCyclomaticComplexity="3" minCyclomaticComplexity="1" visitedClasses="1" numClasses="1" visitedMethods="1" numMethods="1" />
          <FullName>NetUtils.MemoryCache.Tests.ConcurrencyTests/&lt;&gt;c__DisplayClass0_1/&lt;&lt;TestCacheFuntionConcurrency&gt;b__1&gt;d</FullName>
          <Methods>
            <Method visited="true" cyclomaticComplexity="1" nPathComplexity="0" sequenceCoverage="0" branchCoverage="0" isConstructor="true" isStatic="false" isGetter="false" isSetter="false">
              <Summary numSequencePoints="0" visitedSequencePoints="0" numBranchPoints="0" visitedBranchPoints="0" sequenceCoverage="0" branchCoverage="0" maxCyclomaticComplexity="1" minCyclomaticComplexity="1" visitedClasses="0" numClasses="0" visitedMethods="0" numMethods="0" />
              <MetadataToken>100663417</MetadataToken>
              <Name>System.Void NetUtils.MemoryCache.Tests.ConcurrencyTests/&lt;&gt;c__DisplayClass0_1/&lt;&lt;TestCacheFuntionConcurrency&gt;b__1&gt;d::.ctor()</Name>
              <SequencePoints />
              <BranchPoints />
              <MethodPoint vc="8" uspid="68" ordinal="0" offset="0" />
            </Method>
            <Method visited="true" cyclomaticComplexity="3" nPathComplexity="0" sequenceCoverage="100" branchCoverage="100" isConstructor="false" isStatic="false" isGetter="false" isSetter="false">
              <Summary numSequencePoints="5" visitedSequencePoints="5" numBranchPoints="1" visitedBranchPoints="1" sequenceCoverage="100" branchCoverage="100" maxCyclomaticComplexity="3" minCyclomaticComplexity="3" visitedClasses="0" numClasses="0" visitedMethods="1" numMethods="1" />
              <MetadataToken>100663418</MetadataToken>
              <Name>System.Void NetUtils.MemoryCache.Tests.ConcurrencyTests/&lt;&gt;c__DisplayClass0_1/&lt;&lt;TestCacheFuntionConcurrency&gt;b__1&gt;d::MoveNext()</Name>
              <FileRef uid="5" />
              <SequencePoints>
                <SequencePoint vc="8" uspid="69" ordinal="0" offset="14" sl="32" sc="21" el="32" ec="22" bec="0" bev="0" fileid="5" />
                <SequencePoint vc="8" uspid="70" ordinal="1" offset="15" sl="33" sc="25" el="33" ec="99" bec="0" bev="0" fileid="5" />
                <SequencePoint vc="8" uspid="71" ordinal="2" offset="135" sl="34" sc="25" el="34" ec="60" bec="0" bev="0" fileid="5" />
                <SequencePoint vc="8" uspid="72" ordinal="3" offset="157" sl="35" sc="25" el="35" ec="34" bec="0" bev="0" fileid="5" />
                <SequencePoint vc="8" uspid="73" ordinal="4" offset="197" sl="36" sc="21" el="36" ec="22" bec="0" bev="0" fileid="5" />
              </SequencePoints>
              <BranchPoints />
              <MethodPoint vc="16" uspid="78" ordinal="0" offset="0" />
            </Method>
            <Method visited="true" cyclomaticComplexity="1" nPathComplexity="0" sequenceCoverage="0" branchCoverage="0" isConstructor="false" isStatic="false" isGetter="false" isSetter="false">
              <Summary numSequencePoints="0" visitedSequencePoints="0" numBranchPoints="0" visitedBranchPoints="0" sequenceCoverage="0" branchCoverage="0" maxCyclomaticComplexity="1" minCyclomaticComplexity="1" visitedClasses="0" numClasses="0" visitedMethods="0" numMethods="0" />
              <MetadataToken>100663419</MetadataToken>
              <Name>System.Void NetUtils.MemoryCache.Tests.ConcurrencyTests/&lt;&gt;c__DisplayClass0_1/&lt;&lt;TestCacheFuntionConcurrency&gt;b__1&gt;d::SetStateMachine(System.Runtime.CompilerServices.IAsyncStateMachine)</Name>
              <SequencePoints />
              <BranchPoints />
              <MethodPoint vc="8" uspid="79" ordinal="0" offset="0" />
            </Method>
          </Methods>
        </Class>
        <Class>
          <Summary numSequencePoints="3" visitedSequencePoints="3" numBranchPoints="1" visitedBranchPoints="1" sequenceCoverage="100" branchCoverage="100" maxCyclomaticComplexity="1" minCyclomaticComplexity="1" visitedClasses="1" numClasses="1" visitedMethods="1" numMethods="1" />
          <FullName>NetUtils.MemoryCache.Tests.ConcurrencyTests/&lt;&gt;c__DisplayClass1_0</FullName>
          <Methods>
            <Method visited="true" cyclomaticComplexity="1" nPathComplexity="0" sequenceCoverage="0" branchCoverage="0" isConstructor="true" isStatic="false" isGetter="false" isSetter="false">
              <Summary numSequencePoints="0" visitedSequencePoints="0" numBranchPoints="0" visitedBranchPoints="0" sequenceCoverage="0" branchCoverage="0" maxCyclomaticComplexity="1" minCyclomaticComplexity="1" visitedClasses="0" numClasses="0" visitedMethods="0" numMethods="0" />
              <MetadataToken>100663339</MetadataToken>
              <Name>System.Void NetUtils.MemoryCache.Tests.ConcurrencyTests/&lt;&gt;c__DisplayClass1_0::.ctor()</Name>
              <SequencePoints />
              <BranchPoints />
              <MethodPoint vc="8" uspid="80" ordinal="0" offset="0" />
            </Method>
            <Method visited="true" cyclomaticComplexity="1" nPathComplexity="0" sequenceCoverage="100" branchCoverage="100" isConstructor="false" isStatic="false" isGetter="false" isSetter="false">
              <Summary numSequencePoints="3" visitedSequencePoints="3" numBranchPoints="1" visitedBranchPoints="1" sequenceCoverage="100" branchCoverage="100" maxCyclomaticComplexity="1" minCyclomaticComplexity="1" visitedClasses="0" numClasses="0" visitedMethods="1" numMethods="1" />
              <MetadataToken>100663340</MetadataToken>
              <Name>System.Void NetUtils.MemoryCache.Tests.ConcurrencyTests/&lt;&gt;c__DisplayClass1_0::&lt;TestCacheFuntionConcurrencyPerf&gt;b__0(System.Int32)</Name>
              <FileRef uid="5" />
              <SequencePoints>
                <SequencePoint vc="22220" uspid="81" ordinal="0" offset="20" sl="60" sc="13" el="60" ec="14" bec="0" bev="0" fileid="5" />
                <SequencePoint vc="22220" uspid="82" ordinal="1" offset="21" sl="61" sc="17" el="71" ec="73" bec="0" bev="0" fileid="5" />
                <SequencePoint vc="22220" uspid="83" ordinal="2" offset="85" sl="72" sc="13" el="72" ec="14" bec="0" bev="0" fileid="5" />
              </SequencePoints>
              <BranchPoints />
              <MethodPoint vc="22220" uspid="84" ordinal="0" offset="0" />
            </Method>
          </Methods>
        </Class>
        <Class>
          <Summary numSequencePoints="0" visitedSequencePoints="0" numBranchPoints="0" visitedBranchPoints="0" sequenceCoverage="0" branchCoverage="0" maxCyclomaticComplexity="1" minCyclomaticComplexity="1" visitedClasses="0" numClasses="0" visitedMethods="0" numMethods="0" />
          <FullName>NetUtils.MemoryCache.Tests.ConcurrencyTests/&lt;&gt;c__DisplayClass1_1</FullName>
          <Methods>
            <Method visited="true" cyclomaticComplexity="1" nPathComplexity="0" sequenceCoverage="0" branchCoverage="0" isConstructor="true" isStatic="false" isGetter="false" isSetter="false">
              <Summary numSequencePoints="0" visitedSequencePoints="0" numBranchPoints="0" visitedBranchPoints="0" sequenceCoverage="0" branchCoverage="0" maxCyclomaticComplexity="1" minCyclomaticComplexity="1" visitedClasses="0" numClasses="0" visitedMethods="0" numMethods="0" />
              <MetadataToken>100663341</MetadataToken>
              <Name>System.Void NetUtils.MemoryCache.Tests.ConcurrencyTests/&lt;&gt;c__DisplayClass1_1::.ctor()</Name>
              <SequencePoints />
              <BranchPoints />
              <MethodPoint vc="22220" uspid="85" ordinal="0" offset="0" />
            </Method>
            <Method visited="true" cyclomaticComplexity="1" nPathComplexity="0" sequenceCoverage="0" branchCoverage="0" isConstructor="false" isStatic="false" isGetter="false" isSetter="false">
              <Summary numSequencePoints="0" visitedSequencePoints="0" numBranchPoints="0" visitedBranchPoints="0" sequenceCoverage="0" branchCoverage="0" maxCyclomaticComplexity="1" minCyclomaticComplexity="1" visitedClasses="0" numClasses="0" visitedMethods="0" numMethods="0" />
              <MetadataToken>100663342</MetadataToken>
              <Name>System.Threading.Tasks.Task`1&lt;System.Int32&gt; NetUtils.MemoryCache.Tests.ConcurrencyTests/&lt;&gt;c__DisplayClass1_1::&lt;TestCacheFuntionConcurrencyPerf&gt;b__1()</Name>
              <SequencePoints />
              <BranchPoints />
              <MethodPoint vc="8" uspid="86" ordinal="0" offset="0" />
            </Method>
          </Methods>
        </Class>
        <Class>
          <Summary numSequencePoints="5" visitedSequencePoints="5" numBranchPoints="1" visitedBranchPoints="1" sequenceCoverage="100" branchCoverage="100" maxCyclomaticComplexity="3" minCyclomaticComplexity="1" visitedClasses="1" numClasses="1" visitedMethods="1" numMethods="1" />
          <FullName>NetUtils.MemoryCache.Tests.ConcurrencyTests/&lt;&gt;c__DisplayClass1_1/&lt;&lt;TestCacheFuntionConcurrencyPerf&gt;b__1&gt;d</FullName>
          <Methods>
            <Method visited="true" cyclomaticComplexity="1" nPathComplexity="0" sequenceCoverage="0" branchCoverage="0" isConstructor="true" isStatic="false" isGetter="false" isSetter="false">
              <Summary numSequencePoints="0" visitedSequencePoints="0" numBranchPoints="0" visitedBranchPoints="0" sequenceCoverage="0" branchCoverage="0" maxCyclomaticComplexity="1" minCyclomaticComplexity="1" visitedClasses="0" numClasses="0" visitedMethods="0" numMethods="0" />
              <MetadataToken>100663420</MetadataToken>
              <Name>System.Void NetUtils.MemoryCache.Tests.ConcurrencyTests/&lt;&gt;c__DisplayClass1_1/&lt;&lt;TestCacheFuntionConcurrencyPerf&gt;b__1&gt;d::.ctor()</Name>
              <SequencePoints />
              <BranchPoints />
              <MethodPoint vc="8" uspid="87" ordinal="0" offset="0" />
            </Method>
            <Method visited="true" cyclomaticComplexity="3" nPathComplexity="0" sequenceCoverage="100" branchCoverage="100" isConstructor="false" isStatic="false" isGetter="false" isSetter="false">
              <Summary numSequencePoints="5" visitedSequencePoints="5" numBranchPoints="1" visitedBranchPoints="1" sequenceCoverage="100" branchCoverage="100" maxCyclomaticComplexity="3" minCyclomaticComplexity="3" visitedClasses="0" numClasses="0" visitedMethods="1" numMethods="1" />
              <MetadataToken>100663421</MetadataToken>
              <Name>System.Void NetUtils.MemoryCache.Tests.ConcurrencyTests/&lt;&gt;c__DisplayClass1_1/&lt;&lt;TestCacheFuntionConcurrencyPerf&gt;b__1&gt;d::MoveNext()</Name>
              <FileRef uid="5" />
              <SequencePoints>
                <SequencePoint vc="8" uspid="88" ordinal="0" offset="14" sl="64" sc="21" el="64" ec="22" bec="0" bev="0" fileid="5" />
                <SequencePoint vc="8" uspid="89" ordinal="1" offset="15" sl="65" sc="25" el="65" ec="69" bec="0" bev="0" fileid="5" />
                <SequencePoint vc="8" uspid="90" ordinal="2" offset="122" sl="66" sc="25" el="66" ec="60" bec="0" bev="0" fileid="5" />
                <SequencePoint vc="8" uspid="91" ordinal="3" offset="144" sl="67" sc="25" el="67" ec="34" bec="0" bev="0" fileid="5" />
                <SequencePoint vc="8" uspid="92" ordinal="4" offset="184" sl="68" sc="21" el="68" ec="22" bec="0" bev="0" fileid="5" />
              </SequencePoints>
              <BranchPoints />
              <MethodPoint vc="16" uspid="97" ordinal="0" offset="0" />
            </Method>
            <Method visited="true" cyclomaticComplexity="1" nPathComplexity="0" sequenceCoverage="0" branchCoverage="0" isConstructor="false" isStatic="false" isGetter="false" isSetter="false">
              <Summary numSequencePoints="0" visitedSequencePoints="0" numBranchPoints="0" visitedBranchPoints="0" sequenceCoverage="0" branchCoverage="0" maxCyclomaticComplexity="1" minCyclomaticComplexity="1" visitedClasses="0" numClasses="0" visitedMethods="0" numMethods="0" />
              <MetadataToken>100663422</MetadataToken>
              <Name>System.Void NetUtils.MemoryCache.Tests.ConcurrencyTests/&lt;&gt;c__DisplayClass1_1/&lt;&lt;TestCacheFuntionConcurrencyPerf&gt;b__1&gt;d::SetStateMachine(System.Runtime.CompilerServices.IAsyncStateMachine)</Name>
              <SequencePoints />
              <BranchPoints />
              <MethodPoint vc="8" uspid="98" ordinal="0" offset="0" />
            </Method>
          </Methods>
        </Class>
        <Class>
          <Summary numSequencePoints="0" visitedSequencePoints="0" numBranchPoints="0" visitedBranchPoints="0" sequenceCoverage="0" branchCoverage="0" maxCyclomaticComplexity="1" minCyclomaticComplexity="1" visitedClasses="0" numClasses="0" visitedMethods="0" numMethods="0" />
          <FullName>NetUtils.MemoryCache.Tests.DisposeBehaviourTests</FullName>
          <Methods>
            <Method visited="true" cyclomaticComplexity="1" nPathComplexity="0" sequenceCoverage="0" branchCoverage="0" isConstructor="false" isStatic="false" isGetter="false" isSetter="false">
              <Summary numSequencePoints="0" visitedSequencePoints="0" numBranchPoints="0" visitedBranchPoints="0" sequenceCoverage="0" branchCoverage="0" maxCyclomaticComplexity="1" minCyclomaticComplexity="1" visitedClasses="0" numClasses="0" visitedMethods="0" numMethods="0" />
              <MetadataToken>100663306</MetadataToken>
              <Name>System.Threading.Tasks.Task NetUtils.MemoryCache.Tests.DisposeBehaviourTests::TestCacheDelete_DataShouldBeDisposedAsync()</Name>
              <SequencePoints />
              <BranchPoints />
              <MethodPoint vc="1" uspid="99" ordinal="0" offset="0" />
            </Method>
            <Method visited="true" cyclomaticComplexity="1" nPathComplexity="0" sequenceCoverage="0" branchCoverage="0" isConstructor="false" isStatic="false" isGetter="false" isSetter="false">
              <Summary numSequencePoints="0" visitedSequencePoints="0" numBranchPoints="0" visitedBranchPoints="0" sequenceCoverage="0" branchCoverage="0" maxCyclomaticComplexity="1" minCyclomaticComplexity="1" visitedClasses="0" numClasses="0" visitedMethods="0" numMethods="0" />
              <MetadataToken>100663307</MetadataToken>
              <Name>System.Threading.Tasks.Task NetUtils.MemoryCache.Tests.DisposeBehaviourTests::TestCacheDelete_LazyDataShouldBeDisposedAsync()</Name>
              <SequencePoints />
              <BranchPoints />
              <MethodPoint vc="1" uspid="100" ordinal="0" offset="0" />
            </Method>
            <Method visited="true" cyclomaticComplexity="1" nPathComplexity="0" sequenceCoverage="0" branchCoverage="0" isConstructor="true" isStatic="false" isGetter="false" isSetter="false">
              <Summary numSequencePoints="0" visitedSequencePoints="0" numBranchPoints="0" visitedBranchPoints="0" sequenceCoverage="0" branchCoverage="0" maxCyclomaticComplexity="1" minCyclomaticComplexity="1" visitedClasses="0" numClasses="0" visitedMethods="0" numMethods="0" />
              <MetadataToken>100663308</MetadataToken>
              <Name>System.Void NetUtils.MemoryCache.Tests.DisposeBehaviourTests::.ctor()</Name>
              <SequencePoints />
              <BranchPoints />
              <MethodPoint vc="1" uspid="101" ordinal="0" offset="0" />
            </Method>
          </Methods>
        </Class>
        <Class>
          <Summary numSequencePoints="3" visitedSequencePoints="3" numBranchPoints="1" visitedBranchPoints="1" sequenceCoverage="100" branchCoverage="100" maxCyclomaticComplexity="1" minCyclomaticComplexity="1" visitedClasses="1" numClasses="1" visitedMethods="1" numMethods="1" />
          <FullName>NetUtils.MemoryCache.Tests.DisposeBehaviourTests/&lt;&gt;c__DisplayClass0_0</FullName>
          <Methods>
            <Method visited="true" cyclomaticComplexity="1" nPathComplexity="0" sequenceCoverage="0" branchCoverage="0" isConstructor="true" isStatic="false" isGetter="false" isSetter="false">
              <Summary numSequencePoints="0" visitedSequencePoints="0" numBranchPoints="0" visitedBranchPoints="0" sequenceCoverage="0" branchCoverage="0" maxCyclomaticComplexity="1" minCyclomaticComplexity="1" visitedClasses="0" numClasses="0" visitedMethods="0" numMethods="0" />
              <MetadataToken>100663343</MetadataToken>
              <Name>System.Void NetUtils.MemoryCache.Tests.DisposeBehaviourTests/&lt;&gt;c__DisplayClass0_0::.ctor()</Name>
              <SequencePoints />
              <BranchPoints />
              <MethodPoint vc="1" uspid="102" ordinal="0" offset="0" />
            </Method>
            <Method visited="true" cyclomaticComplexity="1" nPathComplexity="0" sequenceCoverage="100" branchCoverage="100" isConstructor="false" isStatic="false" isGetter="false" isSetter="false">
              <Summary numSequencePoints="3" visitedSequencePoints="3" numBranchPoints="1" visitedBranchPoints="1" sequenceCoverage="100" branchCoverage="100" maxCyclomaticComplexity="1" minCyclomaticComplexity="1" visitedClasses="0" numClasses="0" visitedMethods="1" numMethods="1" />
              <MetadataToken>100663344</MetadataToken>
              <Name>System.Void NetUtils.MemoryCache.Tests.DisposeBehaviourTests/&lt;&gt;c__DisplayClass0_0::&lt;TestCacheDelete_DataShouldBeDisposedAsync&gt;b__0()</Name>
              <FileRef uid="10" />
              <SequencePoints>
                <SequencePoint vc="1" uspid="103" ordinal="0" offset="0" sl="18" sc="50" el="18" ec="51" bec="0" bev="0" fileid="10" />
                <SequencePoint vc="1" uspid="104" ordinal="1" offset="1" sl="18" sc="52" el="18" ec="70" bec="0" bev="0" fileid="10" />
                <SequencePoint vc="1" uspid="105" ordinal="2" offset="8" sl="18" sc="71" el="18" ec="72" bec="0" bev="0" fileid="10" />
              </SequencePoints>
              <BranchPoints />
              <MethodPoint xsi:type="SequencePoint" vc="1" uspid="103" ordinal="0" offset="0" sl="18" sc="50" el="18" ec="51" bec="0" bev="0" fileid="10" />
            </Method>
          </Methods>
        </Class>
        <Class>
          <Summary numSequencePoints="13" visitedSequencePoints="13" numBranchPoints="1" visitedBranchPoints="1" sequenceCoverage="100" branchCoverage="100" maxCyclomaticComplexity="3" minCyclomaticComplexity="1" visitedClasses="1" numClasses="1" visitedMethods="1" numMethods="1" />
          <FullName>NetUtils.MemoryCache.Tests.DisposeBehaviourTests/&lt;TestCacheDelete_DataShouldBeDisposedAsync&gt;d__0</FullName>
          <Methods>
            <Method visited="true" cyclomaticComplexity="1" nPathComplexity="0" sequenceCoverage="0" branchCoverage="0" isConstructor="true" isStatic="false" isGetter="false" isSetter="false">
              <Summary numSequencePoints="0" visitedSequencePoints="0" numBranchPoints="0" visitedBranchPoints="0" sequenceCoverage="0" branchCoverage="0" maxCyclomaticComplexity="1" minCyclomaticComplexity="1" visitedClasses="0" numClasses="0" visitedMethods="0" numMethods="0" />
              <MetadataToken>100663345</MetadataToken>
              <Name>System.Void NetUtils.MemoryCache.Tests.DisposeBehaviourTests/&lt;TestCacheDelete_DataShouldBeDisposedAsync&gt;d__0::.ctor()</Name>
              <SequencePoints />
              <BranchPoints />
              <MethodPoint vc="1" uspid="106" ordinal="0" offset="0" />
            </Method>
            <Method visited="true" cyclomaticComplexity="3" nPathComplexity="0" sequenceCoverage="100" branchCoverage="100" isConstructor="false" isStatic="false" isGetter="false" isSetter="false">
              <Summary numSequencePoints="13" visitedSequencePoints="13" numBranchPoints="1" visitedBranchPoints="1" sequenceCoverage="100" branchCoverage="100" maxCyclomaticComplexity="3" minCyclomaticComplexity="3" visitedClasses="0" numClasses="0" visitedMethods="1" numMethods="1" />
              <MetadataToken>100663346</MetadataToken>
              <Name>System.Void NetUtils.MemoryCache.Tests.DisposeBehaviourTests/&lt;TestCacheDelete_DataShouldBeDisposedAsync&gt;d__0::MoveNext()</Name>
              <FileRef uid="10" />
              <SequencePoints>
                <SequencePoint vc="1" uspid="107" ordinal="0" offset="28" sl="14" sc="9" el="14" ec="10" bec="0" bev="0" fileid="10" />
                <SequencePoint vc="1" uspid="108" ordinal="1" offset="29" sl="15" sc="13" el="15" ec="105" bec="0" bev="0" fileid="10" />
                <SequencePoint vc="1" uspid="109" ordinal="2" offset="45" sl="16" sc="13" el="16" ec="59" bec="0" bev="0" fileid="10" />
                <SequencePoint vc="1" uspid="110" ordinal="3" offset="71" sl="17" sc="13" el="17" ec="36" bec="0" bev="0" fileid="10" />
                <SequencePoint vc="1" uspid="111" ordinal="4" offset="83" sl="18" sc="13" el="18" ec="74" bec="0" bev="0" fileid="10" />
                <SequencePoint vc="1" uspid="112" ordinal="5" offset="111" sl="19" sc="13" el="19" ec="49" bec="0" bev="0" fileid="10" />
                <SequencePoint vc="1" uspid="113" ordinal="6" offset="136" sl="20" sc="13" el="20" ec="57" bec="0" bev="0" fileid="10" />
                <SequencePoint vc="1" uspid="114" ordinal="7" offset="166" sl="21" sc="13" el="21" ec="55" bec="0" bev="0" fileid="10" />
                <SequencePoint vc="1" uspid="115" ordinal="8" offset="204" sl="22" sc="13" el="22" ec="43" bec="0" bev="0" fileid="10" />
                <SequencePoint vc="1" uspid="116" ordinal="9" offset="237" sl="23" sc="13" el="23" ec="87" bec="0" bev="0" fileid="10" />
                <SequencePoint vc="1" uspid="117" ordinal="10" offset="366" sl="24" sc="13" el="24" ec="35" bec="0" bev="0" fileid="10" />
                <SequencePoint vc="1" uspid="118" ordinal="11" offset="378" sl="25" sc="13" el="25" ec="42" bec="0" bev="0" fileid="10" />
                <SequencePoint vc="1" uspid="119" ordinal="12" offset="439" sl="26" sc="9" el="26" ec="10" bec="0" bev="0" fileid="10" />
              </SequencePoints>
              <BranchPoints />
              <MethodPoint vc="2" uspid="122" ordinal="0" offset="0" />
            </Method>
            <Method visited="true" cyclomaticComplexity="1" nPathComplexity="0" sequenceCoverage="0" branchCoverage="0" isConstructor="false" isStatic="false" isGetter="false" isSetter="false">
              <Summary numSequencePoints="0" visitedSequencePoints="0" numBranchPoints="0" visitedBranchPoints="0" sequenceCoverage="0" branchCoverage="0" maxCyclomaticComplexity="1" minCyclomaticComplexity="1" visitedClasses="0" numClasses="0" visitedMethods="0" numMethods="0" />
              <MetadataToken>100663347</MetadataToken>
              <Name>System.Void NetUtils.MemoryCache.Tests.DisposeBehaviourTests/&lt;TestCacheDelete_DataShouldBeDisposedAsync&gt;d__0::SetStateMachine(System.Runtime.CompilerServices.IAsyncStateMachine)</Name>
              <SequencePoints />
              <BranchPoints />
              <MethodPoint vc="1" uspid="123" ordinal="0" offset="0" />
            </Method>
          </Methods>
        </Class>
        <Class>
          <Summary numSequencePoints="4" visitedSequencePoints="4" numBranchPoints="2" visitedBranchPoints="2" sequenceCoverage="100" branchCoverage="100" maxCyclomaticComplexity="2" minCyclomaticComplexity="1" visitedClasses="1" numClasses="1" visitedMethods="2" numMethods="2" />
          <FullName>NetUtils.MemoryCache.Tests.DisposeBehaviourTests/&lt;&gt;c__DisplayClass1_0</FullName>
          <Methods>
            <Method visited="true" cyclomaticComplexity="1" nPathComplexity="0" sequenceCoverage="0" branchCoverage="0" isConstructor="true" isStatic="false" isGetter="false" isSetter="false">
              <Summary numSequencePoints="0" visitedSequencePoints="0" numBranchPoints="0" visitedBranchPoints="0" sequenceCoverage="0" branchCoverage="0" maxCyclomaticComplexity="1" minCyclomaticComplexity="1" visitedClasses="0" numClasses="0" visitedMethods="0" numMethods="0" />
              <MetadataToken>100663348</MetadataToken>
              <Name>System.Void NetUtils.MemoryCache.Tests.DisposeBehaviourTests/&lt;&gt;c__DisplayClass1_0::.ctor()</Name>
              <SequencePoints />
              <BranchPoints />
              <MethodPoint vc="1" uspid="124" ordinal="0" offset="0" />
            </Method>
            <Method visited="true" cyclomaticComplexity="2" nPathComplexity="0" sequenceCoverage="100" branchCoverage="100" isConstructor="false" isStatic="false" isGetter="false" isSetter="false">
              <Summary numSequencePoints="1" visitedSequencePoints="1" numBranchPoints="1" visitedBranchPoints="1" sequenceCoverage="100" branchCoverage="100" maxCyclomaticComplexity="2" minCyclomaticComplexity="2" visitedClasses="0" numClasses="0" visitedMethods="1" numMethods="1" />
              <MetadataToken>100663349</MetadataToken>
              <Name>NetUtils.MemoryCache.Tests.DummyDisposable NetUtils.MemoryCache.Tests.DisposeBehaviourTests/&lt;&gt;c__DisplayClass1_0::&lt;TestCacheDelete_LazyDataShouldBeDisposedAsync&gt;b__0()</Name>
              <FileRef uid="10" />
              <SequencePoints>
                <SequencePoint vc="1" uspid="125" ordinal="0" offset="0" sl="34" sc="47" el="34" ec="96" bec="0" bev="0" fileid="10" />
              </SequencePoints>
              <BranchPoints />
              <MethodPoint xsi:type="SequencePoint" vc="1" uspid="125" ordinal="0" offset="0" sl="34" sc="47" el="34" ec="96" bec="0" bev="0" fileid="10" />
            </Method>
            <Method visited="true" cyclomaticComplexity="1" nPathComplexity="0" sequenceCoverage="100" branchCoverage="100" isConstructor="false" isStatic="false" isGetter="false" isSetter="false">
              <Summary numSequencePoints="3" visitedSequencePoints="3" numBranchPoints="1" visitedBranchPoints="1" sequenceCoverage="100" branchCoverage="100" maxCyclomaticComplexity="1" minCyclomaticComplexity="1" visitedClasses="0" numClasses="0" visitedMethods="1" numMethods="1" />
              <MetadataToken>100663350</MetadataToken>
              <Name>System.Void NetUtils.MemoryCache.Tests.DisposeBehaviourTests/&lt;&gt;c__DisplayClass1_0::&lt;TestCacheDelete_LazyDataShouldBeDisposedAsync&gt;b__1()</Name>
              <FileRef uid="10" />
              <SequencePoints>
                <SequencePoint vc="1" uspid="128" ordinal="0" offset="0" sl="34" sc="73" el="34" ec="74" bec="0" bev="0" fileid="10" />
                <SequencePoint vc="1" uspid="129" ordinal="1" offset="1" sl="34" sc="75" el="34" ec="93" bec="0" bev="0" fileid="10" />
                <SequencePoint vc="1" uspid="130" ordinal="2" offset="8" sl="34" sc="94" el="34" ec="95" bec="0" bev="0" fileid="10" />
              </SequencePoints>
              <BranchPoints />
              <MethodPoint xsi:type="SequencePoint" vc="1" uspid="128" ordinal="0" offset="0" sl="34" sc="73" el="34" ec="74" bec="0" bev="0" fileid="10" />
            </Method>
          </Methods>
        </Class>
        <Class>
          <Summary numSequencePoints="14" visitedSequencePoints="14" numBranchPoints="1" visitedBranchPoints="1" sequenceCoverage="100" branchCoverage="100" maxCyclomaticComplexity="3" minCyclomaticComplexity="1" visitedClasses="1" numClasses="1" visitedMethods="1" numMethods="1" />
          <FullName>NetUtils.MemoryCache.Tests.DisposeBehaviourTests/&lt;TestCacheDelete_LazyDataShouldBeDisposedAsync&gt;d__1</FullName>
          <Methods>
            <Method visited="true" cyclomaticComplexity="1" nPathComplexity="0" sequenceCoverage="0" branchCoverage="0" isConstructor="true" isStatic="false" isGetter="false" isSetter="false">
              <Summary numSequencePoints="0" visitedSequencePoints="0" numBranchPoints="0" visitedBranchPoints="0" sequenceCoverage="0" branchCoverage="0" maxCyclomaticComplexity="1" minCyclomaticComplexity="1" visitedClasses="0" numClasses="0" visitedMethods="0" numMethods="0" />
              <MetadataToken>100663351</MetadataToken>
              <Name>System.Void NetUtils.MemoryCache.Tests.DisposeBehaviourTests/&lt;TestCacheDelete_LazyDataShouldBeDisposedAsync&gt;d__1::.ctor()</Name>
              <SequencePoints />
              <BranchPoints />
              <MethodPoint vc="1" uspid="131" ordinal="0" offset="0" />
            </Method>
            <Method visited="true" cyclomaticComplexity="3" nPathComplexity="0" sequenceCoverage="100" branchCoverage="100" isConstructor="false" isStatic="false" isGetter="false" isSetter="false">
              <Summary numSequencePoints="14" visitedSequencePoints="14" numBranchPoints="1" visitedBranchPoints="1" sequenceCoverage="100" branchCoverage="100" maxCyclomaticComplexity="3" minCyclomaticComplexity="3" visitedClasses="0" numClasses="0" visitedMethods="1" numMethods="1" />
              <MetadataToken>100663352</MetadataToken>
              <Name>System.Void NetUtils.MemoryCache.Tests.DisposeBehaviourTests/&lt;TestCacheDelete_LazyDataShouldBeDisposedAsync&gt;d__1::MoveNext()</Name>
              <FileRef uid="10" />
              <SequencePoints>
                <SequencePoint vc="1" uspid="132" ordinal="0" offset="28" sl="30" sc="9" el="30" ec="10" bec="0" bev="0" fileid="10" />
                <SequencePoint vc="1" uspid="133" ordinal="1" offset="29" sl="31" sc="13" el="31" ec="109" bec="0" bev="0" fileid="10" />
                <SequencePoint vc="1" uspid="134" ordinal="2" offset="45" sl="32" sc="13" el="32" ec="59" bec="0" bev="0" fileid="10" />
                <SequencePoint vc="1" uspid="135" ordinal="3" offset="71" sl="33" sc="13" el="33" ec="36" bec="0" bev="0" fileid="10" />
                <SequencePoint vc="1" uspid="136" ordinal="4" offset="83" sl="34" sc="13" el="34" ec="98" bec="0" bev="0" fileid="10" />
                <SequencePoint vc="1" uspid="137" ordinal="5" offset="112" sl="35" sc="13" el="35" ec="49" bec="0" bev="0" fileid="10" />
                <SequencePoint vc="1" uspid="138" ordinal="6" offset="137" sl="36" sc="13" el="36" ec="57" bec="0" bev="0" fileid="10" />
                <SequencePoint vc="1" uspid="139" ordinal="7" offset="167" sl="37" sc="13" el="37" ec="57" bec="0" bev="0" fileid="10" />
                <SequencePoint vc="1" uspid="140" ordinal="8" offset="189" sl="38" sc="13" el="38" ec="55" bec="0" bev="0" fileid="10" />
                <SequencePoint vc="1" uspid="141" ordinal="9" offset="227" sl="39" sc="13" el="39" ec="43" bec="0" bev="0" fileid="10" />
                <SequencePoint vc="1" uspid="142" ordinal="10" offset="260" sl="40" sc="13" el="40" ec="87" bec="0" bev="0" fileid="10" />
                <SequencePoint vc="1" uspid="143" ordinal="11" offset="389" sl="41" sc="13" el="41" ec="35" bec="0" bev="0" fileid="10" />
                <SequencePoint vc="1" uspid="144" ordinal="12" offset="401" sl="42" sc="13" el="42" ec="42" bec="0" bev="0" fileid="10" />
                <SequencePoint vc="1" uspid="145" ordinal="13" offset="462" sl="43" sc="9" el="43" ec="10" bec="0" bev="0" fileid="10" />
              </SequencePoints>
              <BranchPoints />
              <MethodPoint vc="2" uspid="148" ordinal="0" offset="0" />
            </Method>
            <Method visited="true" cyclomaticComplexity="1" nPathComplexity="0" sequenceCoverage="0" branchCoverage="0" isConstructor="false" isStatic="false" isGetter="false" isSetter="false">
              <Summary numSequencePoints="0" visitedSequencePoints="0" numBranchPoints="0" visitedBranchPoints="0" sequenceCoverage="0" branchCoverage="0" maxCyclomaticComplexity="1" minCyclomaticComplexity="1" visitedClasses="0" numClasses="0" visitedMethods="0" numMethods="0" />
              <MetadataToken>100663353</MetadataToken>
              <Name>System.Void NetUtils.MemoryCache.Tests.DisposeBehaviourTests/&lt;TestCacheDelete_LazyDataShouldBeDisposedAsync&gt;d__1::SetStateMachine(System.Runtime.CompilerServices.IAsyncStateMachine)</Name>
              <SequencePoints />
              <BranchPoints />
              <MethodPoint vc="1" uspid="149" ordinal="0" offset="0" />
            </Method>
          </Methods>
        </Class>
        <Class>
          <Summary numSequencePoints="3" visitedSequencePoints="3" numBranchPoints="1" visitedBranchPoints="1" sequenceCoverage="100" branchCoverage="100" maxCyclomaticComplexity="2" minCyclomaticComplexity="1" visitedClasses="1" numClasses="1" visitedMethods="1" numMethods="1" />
          <FullName>NetUtils.MemoryCache.Tests.ExpireBehaviourTests</FullName>
          <Methods>
            <Method visited="true" cyclomaticComplexity="1" nPathComplexity="0" sequenceCoverage="0" branchCoverage="0" isConstructor="false" isStatic="false" isGetter="false" isSetter="false">
              <Summary numSequencePoints="0" visitedSequencePoints="0" numBranchPoints="0" visitedBranchPoints="0" sequenceCoverage="0" branchCoverage="0" maxCyclomaticComplexity="1" minCyclomaticComplexity="1" visitedClasses="0" numClasses="0" visitedMethods="0" numMethods="0" />
              <MetadataToken>100663309</MetadataToken>
              <Name>System.Threading.Tasks.Task NetUtils.MemoryCache.Tests.ExpireBehaviourTests::GetAutoReloadDataWithIntervalTestsAsync(System.Boolean)</Name>
              <SequencePoints />
              <BranchPoints />
              <MethodPoint vc="2" uspid="150" ordinal="0" offset="0" />
            </Method>
            <Method visited="true" cyclomaticComplexity="2" nPathComplexity="0" sequenceCoverage="100" branchCoverage="100" isConstructor="false" isStatic="true" isGetter="false" isSetter="false">
              <Summary numSequencePoints="3" visitedSequencePoints="3" numBranchPoints="1" visitedBranchPoints="1" sequenceCoverage="100" branchCoverage="100" maxCyclomaticComplexity="2" minCyclomaticComplexity="2" visitedClasses="0" numClasses="0" visitedMethods="1" numMethods="1" />
              <MetadataToken>100663310</MetadataToken>
              <Name>System.Object NetUtils.MemoryCache.Tests.ExpireBehaviourTests::GetOrCreate(NetUtils.MemoryCache.ICacheInstance,System.String,System.TimeSpan,System.Boolean)</Name>
              <FileRef uid="14" />
              <SequencePoints>
                <SequencePoint vc="8" uspid="151" ordinal="0" offset="0" sl="41" sc="9" el="41" ec="10" bec="0" bev="0" fileid="14" />
                <SequencePoint vc="8" uspid="152" ordinal="1" offset="1" sl="42" sc="13" el="42" ec="172" bec="0" bev="0" fileid="14" />
                <SequencePoint vc="8" uspid="153" ordinal="2" offset="49" sl="43" sc="9" el="43" ec="10" bec="0" bev="0" fileid="14" />
              </SequencePoints>
              <BranchPoints />
              <MethodPoint xsi:type="SequencePoint" vc="8" uspid="151" ordinal="0" offset="0" sl="41" sc="9" el="41" ec="10" bec="0" bev="0" fileid="14" />
            </Method>
            <Method visited="true" cyclomaticComplexity="1" nPathComplexity="0" sequenceCoverage="0" branchCoverage="0" isConstructor="true" isStatic="false" isGetter="false" isSetter="false">
              <Summary numSequencePoints="0" visitedSequencePoints="0" numBranchPoints="0" visitedBranchPoints="0" sequenceCoverage="0" branchCoverage="0" maxCyclomaticComplexity="1" minCyclomaticComplexity="1" visitedClasses="0" numClasses="0" visitedMethods="0" numMethods="0" />
              <MetadataToken>100663311</MetadataToken>
              <Name>System.Void NetUtils.MemoryCache.Tests.ExpireBehaviourTests::.ctor()</Name>
              <SequencePoints />
              <BranchPoints />
              <MethodPoint vc="1" uspid="156" ordinal="0" offset="0" />
            </Method>
          </Methods>
        </Class>
        <Class>
          <Summary numSequencePoints="22" visitedSequencePoints="22" numBranchPoints="3" visitedBranchPoints="3" sequenceCoverage="100" branchCoverage="100" maxCyclomaticComplexity="9" minCyclomaticComplexity="1" visitedClasses="1" numClasses="1" visitedMethods="1" numMethods="1" />
          <FullName>NetUtils.MemoryCache.Tests.ExpireBehaviourTests/&lt;GetAutoReloadDataWithIntervalTestsAsync&gt;d__0</FullName>
          <Methods>
            <Method visited="true" cyclomaticComplexity="1" nPathComplexity="0" sequenceCoverage="0" branchCoverage="0" isConstructor="true" isStatic="false" isGetter="false" isSetter="false">
              <Summary numSequencePoints="0" visitedSequencePoints="0" numBranchPoints="0" visitedBranchPoints="0" sequenceCoverage="0" branchCoverage="0" maxCyclomaticComplexity="1" minCyclomaticComplexity="1" visitedClasses="0" numClasses="0" visitedMethods="0" numMethods="0" />
              <MetadataToken>100663354</MetadataToken>
              <Name>System.Void NetUtils.MemoryCache.Tests.ExpireBehaviourTests/&lt;GetAutoReloadDataWithIntervalTestsAsync&gt;d__0::.ctor()</Name>
              <SequencePoints />
              <BranchPoints />
              <MethodPoint vc="2" uspid="157" ordinal="0" offset="0" />
            </Method>
            <Method visited="true" cyclomaticComplexity="9" nPathComplexity="2" sequenceCoverage="100" branchCoverage="100" isConstructor="false" isStatic="false" isGetter="false" isSetter="false">
              <Summary numSequencePoints="22" visitedSequencePoints="22" numBranchPoints="3" visitedBranchPoints="3" sequenceCoverage="100" branchCoverage="100" maxCyclomaticComplexity="9" minCyclomaticComplexity="9" visitedClasses="0" numClasses="0" visitedMethods="1" numMethods="1" />
              <MetadataToken>100663355</MetadataToken>
              <Name>System.Void NetUtils.MemoryCache.Tests.ExpireBehaviourTests/&lt;GetAutoReloadDataWithIntervalTestsAsync&gt;d__0::MoveNext()</Name>
              <FileRef uid="14" />
              <SequencePoints>
                <SequencePoint vc="2" uspid="158" ordinal="0" offset="42" sl="15" sc="9" el="15" ec="10" bec="0" bev="0" fileid="14" />
                <SequencePoint vc="2" uspid="159" ordinal="1" offset="43" sl="16" sc="13" el="16" ec="103" bec="0" bev="0" fileid="14" />
                <SequencePoint vc="2" uspid="160" ordinal="2" offset="59" sl="17" sc="13" el="17" ec="49" bec="0" bev="0" fileid="14" />
                <SequencePoint vc="2" uspid="161" ordinal="3" offset="84" sl="18" sc="13" el="18" ec="69" bec="0" bev="0" fileid="14" />
                <SequencePoint vc="2" uspid="162" ordinal="4" offset="104" sl="19" sc="13" el="19" ec="120" bec="0" bev="0" fileid="14" />
                <SequencePoint vc="2" uspid="163" ordinal="5" offset="139" sl="20" sc="13" el="20" ec="62" bec="0" bev="0" fileid="14" />
                <SequencePoint vc="2" uspid="164" ordinal="6" offset="248" sl="21" sc="13" el="21" ec="120" bec="0" bev="0" fileid="14" />
                <SequencePoint vc="2" uspid="165" ordinal="7" offset="283" sl="22" sc="13" el="22" ec="62" bec="0" bev="0" fileid="14" />
                <SequencePoint vc="2" uspid="166" ordinal="8" offset="395" sl="23" sc="13" el="23" ec="120" bec="0" bev="0" fileid="14" />
                <SequencePoint vc="2" uspid="167" ordinal="9" offset="430" sl="24" sc="13" el="24" ec="62" bec="0" bev="0" fileid="14" />
                <SequencePoint vc="2" uspid="168" ordinal="10" offset="542" sl="25" sc="13" el="25" ec="120" bec="0" bev="0" fileid="14" />
                <SequencePoint vc="2" uspid="169" ordinal="11" offset="577" sl="27" sc="13" el="27" ec="36" bec="0" bev="0" fileid="14" />
                <SequencePoint vc="2" uspid="170" ordinal="12" offset="610" sl="28" sc="13" el="28" ec="42" bec="2" bev="2" fileid="14" />
                <SequencePoint vc="1" uspid="171" ordinal="13" offset="622" sl="29" sc="13" el="29" ec="14" bec="0" bev="0" fileid="14" />
                <SequencePoint vc="1" uspid="172" ordinal="14" offset="623" sl="30" sc="17" el="30" ec="40" bec="0" bev="0" fileid="14" />
                <SequencePoint vc="1" uspid="173" ordinal="15" offset="656" sl="31" sc="17" el="31" ec="43" bec="0" bev="0" fileid="14" />
                <SequencePoint vc="1" uspid="174" ordinal="16" offset="689" sl="32" sc="13" el="32" ec="14" bec="0" bev="0" fileid="14" />
                <SequencePoint vc="1" uspid="175" ordinal="17" offset="692" sl="34" sc="13" el="34" ec="14" bec="0" bev="0" fileid="14" />
                <SequencePoint vc="1" uspid="176" ordinal="18" offset="693" sl="35" sc="17" el="35" ec="43" bec="0" bev="0" fileid="14" />
                <SequencePoint vc="1" uspid="177" ordinal="19" offset="726" sl="36" sc="17" el="36" ec="40" bec="0" bev="0" fileid="14" />
                <SequencePoint vc="1" uspid="178" ordinal="20" offset="759" sl="37" sc="13" el="37" ec="14" bec="0" bev="0" fileid="14" />
                <SequencePoint vc="2" uspid="179" ordinal="21" offset="788" sl="38" sc="9" el="38" ec="10" bec="0" bev="0" fileid="14" />
              </SequencePoints>
              <BranchPoints>
                <BranchPoint vc="1" uspid="186" ordinal="6" offset="620" sl="28" path="0" offsetend="622" fileid="14" />
                <BranchPoint vc="1" uspid="187" ordinal="7" offset="620" sl="28" path="1" offsetend="692" fileid="14" />
              </BranchPoints>
              <MethodPoint vc="8" uspid="188" ordinal="0" offset="0" />
            </Method>
            <Method visited="true" cyclomaticComplexity="1" nPathComplexity="0" sequenceCoverage="0" branchCoverage="0" isConstructor="false" isStatic="false" isGetter="false" isSetter="false">
              <Summary numSequencePoints="0" visitedSequencePoints="0" numBranchPoints="0" visitedBranchPoints="0" sequenceCoverage="0" branchCoverage="0" maxCyclomaticComplexity="1" minCyclomaticComplexity="1" visitedClasses="0" numClasses="0" visitedMethods="0" numMethods="0" />
              <MetadataToken>100663356</MetadataToken>
              <Name>System.Void NetUtils.MemoryCache.Tests.ExpireBehaviourTests/&lt;GetAutoReloadDataWithIntervalTestsAsync&gt;d__0::SetStateMachine(System.Runtime.CompilerServices.IAsyncStateMachine)</Name>
              <SequencePoints />
              <BranchPoints />
              <MethodPoint vc="2" uspid="189" ordinal="0" offset="0" />
            </Method>
          </Methods>
        </Class>
        <Class>
          <Summary numSequencePoints="1" visitedSequencePoints="1" numBranchPoints="1" visitedBranchPoints="1" sequenceCoverage="100" branchCoverage="100" maxCyclomaticComplexity="1" minCyclomaticComplexity="1" visitedClasses="1" numClasses="1" visitedMethods="1" numMethods="1" />
          <FullName>NetUtils.MemoryCache.Tests.ExpireBehaviourTests/&lt;&gt;c</FullName>
          <Methods>
            <Method visited="true" cyclomaticComplexity="1" nPathComplexity="0" sequenceCoverage="0" branchCoverage="0" isConstructor="true" isStatic="true" isGetter="false" isSetter="false">
              <Summary numSequencePoints="0" visitedSequencePoints="0" numBranchPoints="0" visitedBranchPoints="0" sequenceCoverage="0" branchCoverage="0" maxCyclomaticComplexity="1" minCyclomaticComplexity="1" visitedClasses="0" numClasses="0" visitedMethods="0" numMethods="0" />
              <MetadataToken>100663357</MetadataToken>
              <Name>System.Void NetUtils.MemoryCache.Tests.ExpireBehaviourTests/&lt;&gt;c::.cctor()</Name>
              <SequencePoints />
              <BranchPoints />
              <MethodPoint vc="1" uspid="190" ordinal="0" offset="0" />
            </Method>
            <Method visited="true" cyclomaticComplexity="1" nPathComplexity="0" sequenceCoverage="0" branchCoverage="0" isConstructor="true" isStatic="false" isGetter="false" isSetter="false">
              <Summary numSequencePoints="0" visitedSequencePoints="0" numBranchPoints="0" visitedBranchPoints="0" sequenceCoverage="0" branchCoverage="0" maxCyclomaticComplexity="1" minCyclomaticComplexity="1" visitedClasses="0" numClasses="0" visitedMethods="0" numMethods="0" />
              <MetadataToken>100663358</MetadataToken>
              <Name>System.Void NetUtils.MemoryCache.Tests.ExpireBehaviourTests/&lt;&gt;c::.ctor()</Name>
              <SequencePoints />
              <BranchPoints />
              <MethodPoint vc="1" uspid="191" ordinal="0" offset="0" />
            </Method>
            <Method visited="true" cyclomaticComplexity="1" nPathComplexity="0" sequenceCoverage="100" branchCoverage="100" isConstructor="false" isStatic="false" isGetter="false" isSetter="false">
              <Summary numSequencePoints="1" visitedSequencePoints="1" numBranchPoints="1" visitedBranchPoints="1" sequenceCoverage="100" branchCoverage="100" maxCyclomaticComplexity="1" minCyclomaticComplexity="1" visitedClasses="0" numClasses="0" visitedMethods="1" numMethods="1" />
              <MetadataToken>100663359</MetadataToken>
              <Name>System.Object NetUtils.MemoryCache.Tests.ExpireBehaviourTests/&lt;&gt;c::&lt;GetOrCreate&gt;b__1_0()</Name>
              <FileRef uid="14" />
              <SequencePoints>
                <SequencePoint vc="4" uspid="192" ordinal="0" offset="0" sl="42" sc="67" el="42" ec="79" bec="0" bev="0" fileid="14" />
              </SequencePoints>
              <BranchPoints />
              <MethodPoint xsi:type="SequencePoint" vc="4" uspid="192" ordinal="0" offset="0" sl="42" sc="67" el="42" ec="79" bec="0" bev="0" fileid="14" />
            </Method>
          </Methods>
        </Class>
        <Class>
          <Summary numSequencePoints="14" visitedSequencePoints="14" numBranchPoints="1" visitedBranchPoints="1" sequenceCoverage="100" branchCoverage="100" maxCyclomaticComplexity="1" minCyclomaticComplexity="1" visitedClasses="1" numClasses="1" visitedMethods="1" numMethods="1" />
          <FullName>NetUtils.MemoryCache.Tests.ExtensionMethodTests</FullName>
          <Methods>
            <Method visited="true" cyclomaticComplexity="1" nPathComplexity="0" sequenceCoverage="0" branchCoverage="0" isConstructor="false" isStatic="false" isGetter="false" isSetter="false">
              <Summary numSequencePoints="0" visitedSequencePoints="0" numBranchPoints="0" visitedBranchPoints="0" sequenceCoverage="0" branchCoverage="0" maxCyclomaticComplexity="1" minCyclomaticComplexity="1" visitedClasses="0" numClasses="0" visitedMethods="0" numMethods="0" />
              <MetadataToken>100663312</MetadataToken>
              <Name>System.Threading.Tasks.Task NetUtils.MemoryCache.Tests.ExtensionMethodTests::TestGetData_GenericAsync()</Name>
              <SequencePoints />
              <BranchPoints />
              <MethodPoint vc="1" uspid="193" ordinal="0" offset="0" />
            </Method>
            <Method visited="true" cyclomaticComplexity="1" nPathComplexity="0" sequenceCoverage="100" branchCoverage="100" isConstructor="false" isStatic="false" isGetter="false" isSetter="false">
              <Summary numSequencePoints="14" visitedSequencePoints="14" numBranchPoints="1" visitedBranchPoints="1" sequenceCoverage="100" branchCoverage="100" maxCyclomaticComplexity="1" minCyclomaticComplexity="1" visitedClasses="0" numClasses="0" visitedMethods="1" numMethods="1" />
              <MetadataToken>100663313</MetadataToken>
              <Name>System.Void NetUtils.MemoryCache.Tests.ExtensionMethodTests::TestGetData_Generic_InvalidCast()</Name>
              <FileRef uid="17" />
              <SequencePoints>
                <SequencePoint vc="1" uspid="194" ordinal="0" offset="0" sl="30" sc="9" el="30" ec="10" bec="0" bev="0" fileid="17" />
                <SequencePoint vc="1" uspid="195" ordinal="1" offset="1" sl="31" sc="13" el="31" ec="95" bec="0" bev="0" fileid="17" />
                <SequencePoint vc="1" uspid="196" ordinal="2" offset="12" sl="32" sc="13" el="32" ec="49" bec="0" bev="0" fileid="17" />
                <SequencePoint vc="1" uspid="197" ordinal="3" offset="33" sl="34" sc="13" el="34" ec="34" bec="0" bev="0" fileid="17" />
                <SequencePoint vc="1" uspid="198" ordinal="4" offset="43" sl="35" sc="13" el="35" ec="57" bec="0" bev="0" fileid="17" />
                <SequencePoint vc="1" uspid="199" ordinal="5" offset="63" sl="37" sc="13" el="37" ec="63" bec="0" bev="0" fileid="17" />
                <SequencePoint vc="1" uspid="200" ordinal="6" offset="71" sl="38" sc="13" el="38" ec="42" bec="0" bev="0" fileid="17" />
                <SequencePoint vc="1" uspid="201" ordinal="7" offset="98" sl="39" sc="13" el="39" ec="39" bec="0" bev="0" fileid="17" />
                <SequencePoint vc="1" uspid="202" ordinal="8" offset="126" sl="41" sc="13" el="41" ec="61" bec="0" bev="0" fileid="17" />
                <SequencePoint vc="1" uspid="203" ordinal="9" offset="135" sl="42" sc="13" el="42" ec="57" bec="0" bev="0" fileid="17" />
                <SequencePoint vc="1" uspid="204" ordinal="10" offset="159" sl="44" sc="13" el="44" ec="59" bec="0" bev="0" fileid="17" />
                <SequencePoint vc="1" uspid="205" ordinal="11" offset="167" sl="45" sc="13" el="45" ec="42" bec="0" bev="0" fileid="17" />
                <SequencePoint vc="1" uspid="206" ordinal="12" offset="194" sl="46" sc="13" el="46" ec="39" bec="0" bev="0" fileid="17" />
                <SequencePoint vc="1" uspid="207" ordinal="13" offset="222" sl="47" sc="9" el="47" ec="10" bec="0" bev="0" fileid="17" />
              </SequencePoints>
              <BranchPoints />
              <MethodPoint xsi:type="SequencePoint" vc="1" uspid="194" ordinal="0" offset="0" sl="30" sc="9" el="30" ec="10" bec="0" bev="0" fileid="17" />
            </Method>
            <Method visited="true" cyclomaticComplexity="1" nPathComplexity="0" sequenceCoverage="0" branchCoverage="0" isConstructor="false" isStatic="false" isGetter="false" isSetter="false">
              <Summary numSequencePoints="0" visitedSequencePoints="0" numBranchPoints="0" visitedBranchPoints="0" sequenceCoverage="0" branchCoverage="0" maxCyclomaticComplexity="1" minCyclomaticComplexity="1" visitedClasses="0" numClasses="0" visitedMethods="0" numMethods="0" />
              <MetadataToken>100663314</MetadataToken>
              <Name>System.Threading.Tasks.Task NetUtils.MemoryCache.Tests.ExtensionMethodTests::TestGetData_NonGenericAsync()</Name>
              <SequencePoints />
              <BranchPoints />
              <MethodPoint vc="1" uspid="208" ordinal="0" offset="0" />
            </Method>
            <Method visited="true" cyclomaticComplexity="1" nPathComplexity="0" sequenceCoverage="0" branchCoverage="0" isConstructor="true" isStatic="false" isGetter="false" isSetter="false">
              <Summary numSequencePoints="0" visitedSequencePoints="0" numBranchPoints="0" visitedBranchPoints="0" sequenceCoverage="0" branchCoverage="0" maxCyclomaticComplexity="1" minCyclomaticComplexity="1" visitedClasses="0" numClasses="0" visitedMethods="0" numMethods="0" />
              <MetadataToken>100663315</MetadataToken>
              <Name>System.Void NetUtils.MemoryCache.Tests.ExtensionMethodTests::.ctor()</Name>
              <SequencePoints />
              <BranchPoints />
              <MethodPoint vc="1" uspid="209" ordinal="0" offset="0" />
            </Method>
          </Methods>
        </Class>
        <Class>
          <Summary numSequencePoints="11" visitedSequencePoints="11" numBranchPoints="1" visitedBranchPoints="1" sequenceCoverage="100" branchCoverage="100" maxCyclomaticComplexity="3" minCyclomaticComplexity="1" visitedClasses="1" numClasses="1" visitedMethods="1" numMethods="1" />
          <FullName>NetUtils.MemoryCache.Tests.ExtensionMethodTests/&lt;TestGetData_GenericAsync&gt;d__0</FullName>
          <Methods>
            <Method visited="true" cyclomaticComplexity="1" nPathComplexity="0" sequenceCoverage="0" branchCoverage="0" isConstructor="true" isStatic="false" isGetter="false" isSetter="false">
              <Summary numSequencePoints="0" visitedSequencePoints="0" numBranchPoints="0" visitedBranchPoints="0" sequenceCoverage="0" branchCoverage="0" maxCyclomaticComplexity="1" minCyclomaticComplexity="1" visitedClasses="0" numClasses="0" visitedMethods="0" numMethods="0" />
              <MetadataToken>100663360</MetadataToken>
              <Name>System.Void NetUtils.MemoryCache.Tests.ExtensionMethodTests/&lt;TestGetData_GenericAsync&gt;d__0::.ctor()</Name>
              <SequencePoints />
              <BranchPoints />
              <MethodPoint vc="1" uspid="210" ordinal="0" offset="0" />
            </Method>
            <Method visited="true" cyclomaticComplexity="3" nPathComplexity="0" sequenceCoverage="100" branchCoverage="100" isConstructor="false" isStatic="false" isGetter="false" isSetter="false">
              <Summary numSequencePoints="11" visitedSequencePoints="11" numBranchPoints="1" visitedBranchPoints="1" sequenceCoverage="100" branchCoverage="100" maxCyclomaticComplexity="3" minCyclomaticComplexity="3" visitedClasses="0" numClasses="0" visitedMethods="1" numMethods="1" />
              <MetadataToken>100663361</MetadataToken>
              <Name>System.Void NetUtils.MemoryCache.Tests.ExtensionMethodTests/&lt;TestGetData_GenericAsync&gt;d__0::MoveNext()</Name>
              <FileRef uid="17" />
              <SequencePoints>
                <SequencePoint vc="1" uspid="211" ordinal="0" offset="17" sl="13" sc="9" el="13" ec="10" bec="0" bev="0" fileid="17" />
                <SequencePoint vc="1" uspid="212" ordinal="1" offset="18" sl="14" sc="13" el="14" ec="88" bec="0" bev="0" fileid="17" />
                <SequencePoint vc="1" uspid="213" ordinal="2" offset="34" sl="15" sc="13" el="15" ec="49" bec="0" bev="0" fileid="17" />
                <SequencePoint vc="1" uspid="214" ordinal="3" offset="59" sl="17" sc="13" el="17" ec="34" bec="0" bev="0" fileid="17" />
                <SequencePoint vc="1" uspid="215" ordinal="4" offset="73" sl="18" sc="13" el="18" ec="70" bec="0" bev="0" fileid="17" />
                <SequencePoint vc="1" uspid="216" ordinal="5" offset="117" sl="19" sc="13" el="19" ec="63" bec="0" bev="0" fileid="17" />
                <SequencePoint vc="1" uspid="217" ordinal="6" offset="140" sl="20" sc="13" el="20" ec="42" bec="0" bev="0" fileid="17" />
                <SequencePoint vc="1" uspid="218" ordinal="7" offset="172" sl="21" sc="13" el="21" ec="39" bec="0" bev="0" fileid="17" />
                <SequencePoint vc="1" uspid="219" ordinal="8" offset="210" sl="23" sc="13" el="23" ec="62" bec="0" bev="0" fileid="17" />
                <SequencePoint vc="1" uspid="220" ordinal="9" offset="319" sl="25" sc="13" el="25" ec="87" bec="0" bev="0" fileid="17" />
                <SequencePoint vc="1" uspid="221" ordinal="10" offset="400" sl="26" sc="9" el="26" ec="10" bec="0" bev="0" fileid="17" />
              </SequencePoints>
              <BranchPoints />
              <MethodPoint vc="2" uspid="224" ordinal="0" offset="0" />
            </Method>
            <Method visited="true" cyclomaticComplexity="1" nPathComplexity="0" sequenceCoverage="0" branchCoverage="0" isConstructor="false" isStatic="false" isGetter="false" isSetter="false">
              <Summary numSequencePoints="0" visitedSequencePoints="0" numBranchPoints="0" visitedBranchPoints="0" sequenceCoverage="0" branchCoverage="0" maxCyclomaticComplexity="1" minCyclomaticComplexity="1" visitedClasses="0" numClasses="0" visitedMethods="0" numMethods="0" />
              <MetadataToken>100663362</MetadataToken>
              <Name>System.Void NetUtils.MemoryCache.Tests.ExtensionMethodTests/&lt;TestGetData_GenericAsync&gt;d__0::SetStateMachine(System.Runtime.CompilerServices.IAsyncStateMachine)</Name>
              <SequencePoints />
              <BranchPoints />
              <MethodPoint vc="1" uspid="225" ordinal="0" offset="0" />
            </Method>
          </Methods>
        </Class>
        <Class>
          <Summary numSequencePoints="9" visitedSequencePoints="9" numBranchPoints="1" visitedBranchPoints="1" sequenceCoverage="100" branchCoverage="100" maxCyclomaticComplexity="3" minCyclomaticComplexity="1" visitedClasses="1" numClasses="1" visitedMethods="1" numMethods="1" />
          <FullName>NetUtils.MemoryCache.Tests.ExtensionMethodTests/&lt;TestGetData_NonGenericAsync&gt;d__2</FullName>
          <Methods>
            <Method visited="true" cyclomaticComplexity="1" nPathComplexity="0" sequenceCoverage="0" branchCoverage="0" isConstructor="true" isStatic="false" isGetter="false" isSetter="false">
              <Summary numSequencePoints="0" visitedSequencePoints="0" numBranchPoints="0" visitedBranchPoints="0" sequenceCoverage="0" branchCoverage="0" maxCyclomaticComplexity="1" minCyclomaticComplexity="1" visitedClasses="0" numClasses="0" visitedMethods="0" numMethods="0" />
              <MetadataToken>100663363</MetadataToken>
              <Name>System.Void NetUtils.MemoryCache.Tests.ExtensionMethodTests/&lt;TestGetData_NonGenericAsync&gt;d__2::.ctor()</Name>
              <SequencePoints />
              <BranchPoints />
              <MethodPoint vc="1" uspid="226" ordinal="0" offset="0" />
            </Method>
            <Method visited="true" cyclomaticComplexity="3" nPathComplexity="0" sequenceCoverage="100" branchCoverage="100" isConstructor="false" isStatic="false" isGetter="false" isSetter="false">
              <Summary numSequencePoints="9" visitedSequencePoints="9" numBranchPoints="1" visitedBranchPoints="1" sequenceCoverage="100" branchCoverage="100" maxCyclomaticComplexity="3" minCyclomaticComplexity="3" visitedClasses="0" numClasses="0" visitedMethods="1" numMethods="1" />
              <MetadataToken>100663364</MetadataToken>
              <Name>System.Void NetUtils.MemoryCache.Tests.ExtensionMethodTests/&lt;TestGetData_NonGenericAsync&gt;d__2::MoveNext()</Name>
              <FileRef uid="17" />
              <SequencePoints>
                <SequencePoint vc="1" uspid="227" ordinal="0" offset="17" sl="51" sc="9" el="51" ec="10" bec="0" bev="0" fileid="17" />
                <SequencePoint vc="1" uspid="228" ordinal="1" offset="18" sl="52" sc="13" el="52" ec="91" bec="0" bev="0" fileid="17" />
                <SequencePoint vc="1" uspid="229" ordinal="2" offset="34" sl="53" sc="13" el="53" ec="49" bec="0" bev="0" fileid="17" />
                <SequencePoint vc="1" uspid="230" ordinal="3" offset="59" sl="55" sc="13" el="55" ec="34" bec="0" bev="0" fileid="17" />
                <SequencePoint vc="1" uspid="231" ordinal="4" offset="73" sl="56" sc="13" el="56" ec="70" bec="0" bev="0" fileid="17" />
                <SequencePoint vc="1" uspid="232" ordinal="5" offset="117" sl="57" sc="13" el="57" ec="53" bec="0" bev="0" fileid="17" />
                <SequencePoint vc="1" uspid="233" ordinal="6" offset="155" sl="59" sc="13" el="59" ec="62" bec="0" bev="0" fileid="17" />
                <SequencePoint vc="1" uspid="234" ordinal="7" offset="261" sl="61" sc="13" el="61" ec="50" bec="0" bev="0" fileid="17" />
                <SequencePoint vc="1" uspid="235" ordinal="8" offset="327" sl="62" sc="9" el="62" ec="10" bec="0" bev="0" fileid="17" />
              </SequencePoints>
              <BranchPoints />
              <MethodPoint vc="2" uspid="238" ordinal="0" offset="0" />
            </Method>
            <Method visited="true" cyclomaticComplexity="1" nPathComplexity="0" sequenceCoverage="0" branchCoverage="0" isConstructor="false" isStatic="false" isGetter="false" isSetter="false">
              <Summary numSequencePoints="0" visitedSequencePoints="0" numBranchPoints="0" visitedBranchPoints="0" sequenceCoverage="0" branchCoverage="0" maxCyclomaticComplexity="1" minCyclomaticComplexity="1" visitedClasses="0" numClasses="0" visitedMethods="0" numMethods="0" />
              <MetadataToken>100663365</MetadataToken>
              <Name>System.Void NetUtils.MemoryCache.Tests.ExtensionMethodTests/&lt;TestGetData_NonGenericAsync&gt;d__2::SetStateMachine(System.Runtime.CompilerServices.IAsyncStateMachine)</Name>
              <SequencePoints />
              <BranchPoints />
              <MethodPoint vc="1" uspid="239" ordinal="0" offset="0" />
            </Method>
          </Methods>
        </Class>
        <Class>
          <Summary numSequencePoints="0" visitedSequencePoints="0" numBranchPoints="0" visitedBranchPoints="0" sequenceCoverage="0" branchCoverage="0" maxCyclomaticComplexity="1" minCyclomaticComplexity="1" visitedClasses="0" numClasses="0" visitedMethods="0" numMethods="0" />
          <FullName>NetUtils.MemoryCache.Tests.HttpClientCacheTests</FullName>
          <Methods>
            <Method visited="false" cyclomaticComplexity="1" nPathComplexity="0" sequenceCoverage="0" branchCoverage="0" isConstructor="false" isStatic="false" isGetter="false" isSetter="false">
              <Summary numSequencePoints="0" visitedSequencePoints="0" numBranchPoints="0" visitedBranchPoints="0" sequenceCoverage="0" branchCoverage="0" maxCyclomaticComplexity="1" minCyclomaticComplexity="1" visitedClasses="0" numClasses="0" visitedMethods="0" numMethods="0" />
              <MetadataToken>100663316</MetadataToken>
              <Name>System.Threading.Tasks.Task NetUtils.MemoryCache.Tests.HttpClientCacheTests::HttpGetETagCacheTestsAsync()</Name>
              <SequencePoints />
              <BranchPoints />
              <MethodPoint vc="0" uspid="240" ordinal="0" offset="0" />
            </Method>
            <Method visited="true" cyclomaticComplexity="1" nPathComplexity="0" sequenceCoverage="0" branchCoverage="0" isConstructor="true" isStatic="false" isGetter="false" isSetter="false">
              <Summary numSequencePoints="0" visitedSequencePoints="0" numBranchPoints="0" visitedBranchPoints="0" sequenceCoverage="0" branchCoverage="0" maxCyclomaticComplexity="1" minCyclomaticComplexity="1" visitedClasses="0" numClasses="0" visitedMethods="0" numMethods="0" />
              <MetadataToken>100663317</MetadataToken>
              <Name>System.Void NetUtils.MemoryCache.Tests.HttpClientCacheTests::.ctor()</Name>
              <SequencePoints />
              <BranchPoints />
              <MethodPoint vc="1" uspid="241" ordinal="0" offset="0" />
            </Method>
          </Methods>
        </Class>
        <Class>
          <Summary numSequencePoints="0" visitedSequencePoints="0" numBranchPoints="0" visitedBranchPoints="0" sequenceCoverage="0" branchCoverage="0" maxCyclomaticComplexity="1" minCyclomaticComplexity="1" visitedClasses="0" numClasses="0" visitedMethods="0" numMethods="0" />
          <FullName>NetUtils.MemoryCache.Tests.HttpClientCacheTests/&lt;&gt;c__DisplayClass0_0</FullName>
          <Methods>
            <Method visited="false" cyclomaticComplexity="1" nPathComplexity="0" sequenceCoverage="0" branchCoverage="0" isConstructor="true" isStatic="false" isGetter="false" isSetter="false">
              <Summary numSequencePoints="0" visitedSequencePoints="0" numBranchPoints="0" visitedBranchPoints="0" sequenceCoverage="0" branchCoverage="0" maxCyclomaticComplexity="1" minCyclomaticComplexity="1" visitedClasses="0" numClasses="0" visitedMethods="0" numMethods="0" />
              <MetadataToken>100663366</MetadataToken>
              <Name>System.Void NetUtils.MemoryCache.Tests.HttpClientCacheTests/&lt;&gt;c__DisplayClass0_0::.ctor()</Name>
              <SequencePoints />
              <BranchPoints />
              <MethodPoint vc="0" uspid="242" ordinal="0" offset="0" />
            </Method>
          </Methods>
        </Class>
        <Class>
          <Summary numSequencePoints="5" visitedSequencePoints="0" numBranchPoints="15" visitedBranchPoints="0" sequenceCoverage="0" branchCoverage="0" maxCyclomaticComplexity="3" minCyclomaticComplexity="1" visitedClasses="0" numClasses="1" visitedMethods="0" numMethods="5" />
          <FullName>NetUtils.MemoryCache.Tests.HttpClientCacheTests/&lt;&gt;c__DisplayClass0_1</FullName>
          <Methods>
            <Method visited="false" cyclomaticComplexity="1" nPathComplexity="0" sequenceCoverage="0" branchCoverage="0" isConstructor="true" isStatic="false" isGetter="false" isSetter="false">
              <Summary numSequencePoints="0" visitedSequencePoints="0" numBranchPoints="0" visitedBranchPoints="0" sequenceCoverage="0" branchCoverage="0" maxCyclomaticComplexity="1" minCyclomaticComplexity="1" visitedClasses="0" numClasses="0" visitedMethods="0" numMethods="0" />
              <MetadataToken>100663367</MetadataToken>
              <Name>System.Void NetUtils.MemoryCache.Tests.HttpClientCacheTests/&lt;&gt;c__DisplayClass0_1::.ctor()</Name>
              <SequencePoints />
              <BranchPoints />
              <MethodPoint vc="0" uspid="243" ordinal="0" offset="0" />
            </Method>
            <Method visited="false" cyclomaticComplexity="1" nPathComplexity="0" sequenceCoverage="0" branchCoverage="0" isConstructor="false" isStatic="false" isGetter="false" isSetter="false">
              <Summary numSequencePoints="0" visitedSequencePoints="0" numBranchPoints="0" visitedBranchPoints="0" sequenceCoverage="0" branchCoverage="0" maxCyclomaticComplexity="1" minCyclomaticComplexity="1" visitedClasses="0" numClasses="0" visitedMethods="0" numMethods="0" />
              <MetadataToken>100663368</MetadataToken>
              <Name>System.Threading.Tasks.Task`1&lt;System.Net.Http.HttpResponseMessage&gt; NetUtils.MemoryCache.Tests.HttpClientCacheTests/&lt;&gt;c__DisplayClass0_1::&lt;HttpGetETagCacheTestsAsync&gt;b__0()</Name>
              <SequencePoints />
              <BranchPoints />
              <MethodPoint vc="0" uspid="244" ordinal="0" offset="0" />
            </Method>
            <Method visited="false" cyclomaticComplexity="1" nPathComplexity="0" sequenceCoverage="0" branchCoverage="0" isConstructor="false" isStatic="false" isGetter="false" isSetter="false">
              <Summary numSequencePoints="0" visitedSequencePoints="0" numBranchPoints="0" visitedBranchPoints="0" sequenceCoverage="0" branchCoverage="0" maxCyclomaticComplexity="1" minCyclomaticComplexity="1" visitedClasses="0" numClasses="0" visitedMethods="0" numMethods="0" />
              <MetadataToken>100663369</MetadataToken>
              <Name>System.Threading.Tasks.Task`1&lt;System.String&gt; NetUtils.MemoryCache.Tests.HttpClientCacheTests/&lt;&gt;c__DisplayClass0_1::&lt;HttpGetETagCacheTestsAsync&gt;b__1()</Name>
              <SequencePoints />
              <BranchPoints />
              <MethodPoint vc="0" uspid="245" ordinal="0" offset="0" />
            </Method>
            <Method visited="false" cyclomaticComplexity="3" nPathComplexity="2" sequenceCoverage="0" branchCoverage="0" isConstructor="false" isStatic="false" isGetter="false" isSetter="false">
              <Summary numSequencePoints="1" visitedSequencePoints="0" numBranchPoints="3" visitedBranchPoints="0" sequenceCoverage="0" branchCoverage="0" maxCyclomaticComplexity="3" minCyclomaticComplexity="3" visitedClasses="0" numClasses="0" visitedMethods="0" numMethods="1" />
              <MetadataToken>100663370</MetadataToken>
              <Name>System.Threading.Tasks.Task`1&lt;System.String&gt; NetUtils.MemoryCache.Tests.HttpClientCacheTests/&lt;&gt;c__DisplayClass0_1::&lt;HttpGetETagCacheTestsAsync&gt;b__2()</Name>
              <FileRef uid="20" />
              <SequencePoints>
                <SequencePoint vc="0" uspid="246" ordinal="0" offset="0" sl="42" sc="27" el="42" ec="80" bec="2" bev="0" fileid="20" />
              </SequencePoints>
              <BranchPoints>
                <BranchPoint vc="0" uspid="247" ordinal="0" offset="22" sl="42" path="0" offsetend="24" fileid="20" />
                <BranchPoint vc="0" uspid="248" ordinal="1" offset="22" sl="42" path="1" offsetend="28" fileid="20" />
              </BranchPoints>
              <MethodPoint xsi:type="SequencePoint" vc="0" uspid="246" ordinal="0" offset="0" sl="42" sc="27" el="42" ec="80" bec="2" bev="0" fileid="20" />
            </Method>
            <Method visited="false" cyclomaticComplexity="1" nPathComplexity="0" sequenceCoverage="0" branchCoverage="0" isConstructor="false" isStatic="false" isGetter="false" isSetter="false">
              <Summary numSequencePoints="0" visitedSequencePoints="0" numBranchPoints="0" visitedBranchPoints="0" sequenceCoverage="0" branchCoverage="0" maxCyclomaticComplexity="1" minCyclomaticComplexity="1" visitedClasses="0" numClasses="0" visitedMethods="0" numMethods="0" />
              <MetadataToken>100663371</MetadataToken>
              <Name>System.Threading.Tasks.Task`1&lt;System.Net.Http.HttpResponseMessage&gt; NetUtils.MemoryCache.Tests.HttpClientCacheTests/&lt;&gt;c__DisplayClass0_1::&lt;HttpGetETagCacheTestsAsync&gt;b__3()</Name>
              <SequencePoints />
              <BranchPoints />
              <MethodPoint vc="0" uspid="249" ordinal="0" offset="0" />
            </Method>
            <Method visited="false" cyclomaticComplexity="1" nPathComplexity="0" sequenceCoverage="0" branchCoverage="0" isConstructor="false" isStatic="false" isGetter="false" isSetter="false">
              <Summary numSequencePoints="0" visitedSequencePoints="0" numBranchPoints="0" visitedBranchPoints="0" sequenceCoverage="0" branchCoverage="0" maxCyclomaticComplexity="1" minCyclomaticComplexity="1" visitedClasses="0" numClasses="0" visitedMethods="0" numMethods="0" />
              <MetadataToken>100663372</MetadataToken>
              <Name>System.Threading.Tasks.Task`1&lt;System.String&gt; NetUtils.MemoryCache.Tests.HttpClientCacheTests/&lt;&gt;c__DisplayClass0_1::&lt;HttpGetETagCacheTestsAsync&gt;b__4()</Name>
              <SequencePoints />
              <BranchPoints />
              <MethodPoint vc="0" uspid="250" ordinal="0" offset="0" />
            </Method>
            <Method visited="false" cyclomaticComplexity="3" nPathComplexity="2" sequenceCoverage="0" branchCoverage="0" isConstructor="false" isStatic="false" isGetter="false" isSetter="false">
              <Summary numSequencePoints="1" visitedSequencePoints="0" numBranchPoints="3" visitedBranchPoints="0" sequenceCoverage="0" branchCoverage="0" maxCyclomaticComplexity="3" minCyclomaticComplexity="3" visitedClasses="0" numClasses="0" visitedMethods="0" numMethods="1" />
              <MetadataToken>100663373</MetadataToken>
              <Name>System.Threading.Tasks.Task`1&lt;System.String&gt; NetUtils.MemoryCache.Tests.HttpClientCacheTests/&lt;&gt;c__DisplayClass0_1::&lt;HttpGetETagCacheTestsAsync&gt;b__5()</Name>
              <FileRef uid="20" />
              <SequencePoints>
                <SequencePoint vc="0" uspid="251" ordinal="0" offset="0" sl="61" sc="27" el="61" ec="80" bec="2" bev="0" fileid="20" />
              </SequencePoints>
              <BranchPoints>
                <BranchPoint vc="0" uspid="252" ordinal="0" offset="22" sl="61" path="0" offsetend="24" fileid="20" />
                <BranchPoint vc="0" uspid="253" ordinal="1" offset="22" sl="61" path="1" offsetend="28" fileid="20" />
              </BranchPoints>
              <MethodPoint xsi:type="SequencePoint" vc="0" uspid="251" ordinal="0" offset="0" sl="61" sc="27" el="61" ec="80" bec="2" bev="0" fileid="20" />
            </Method>
            <Method visited="false" cyclomaticComplexity="1" nPathComplexity="0" sequenceCoverage="0" branchCoverage="0" isConstructor="false" isStatic="false" isGetter="false" isSetter="false">
              <Summary numSequencePoints="0" visitedSequencePoints="0" numBranchPoints="0" visitedBranchPoints="0" sequenceCoverage="0" branchCoverage="0" maxCyclomaticComplexity="1" minCyclomaticComplexity="1" visitedClasses="0" numClasses="0" visitedMethods="0" numMethods="0" />
              <MetadataToken>100663374</MetadataToken>
              <Name>System.Threading.Tasks.Task`1&lt;System.Net.Http.HttpResponseMessage&gt; NetUtils.MemoryCache.Tests.HttpClientCacheTests/&lt;&gt;c__DisplayClass0_1::&lt;HttpGetETagCacheTestsAsync&gt;b__6()</Name>
              <SequencePoints />
              <BranchPoints />
              <MethodPoint vc="0" uspid="254" ordinal="0" offset="0" />
            </Method>
            <Method visited="false" cyclomaticComplexity="1" nPathComplexity="0" sequenceCoverage="0" branchCoverage="0" isConstructor="false" isStatic="false" isGetter="false" isSetter="false">
              <Summary numSequencePoints="0" visitedSequencePoints="0" numBranchPoints="0" visitedBranchPoints="0" sequenceCoverage="0" branchCoverage="0" maxCyclomaticComplexity="1" minCyclomaticComplexity="1" visitedClasses="0" numClasses="0" visitedMethods="0" numMethods="0" />
              <MetadataToken>100663375</MetadataToken>
              <Name>System.Threading.Tasks.Task`1&lt;System.String&gt; NetUtils.MemoryCache.Tests.HttpClientCacheTests/&lt;&gt;c__DisplayClass0_1::&lt;HttpGetETagCacheTestsAsync&gt;b__7()</Name>
              <SequencePoints />
              <BranchPoints />
              <MethodPoint vc="0" uspid="255" ordinal="0" offset="0" />
            </Method>
            <Method visited="false" cyclomaticComplexity="3" nPathComplexity="2" sequenceCoverage="0" branchCoverage="0" isConstructor="false" isStatic="false" isGetter="false" isSetter="false">
              <Summary numSequencePoints="1" visitedSequencePoints="0" numBranchPoints="3" visitedBranchPoints="0" sequenceCoverage="0" branchCoverage="0" maxCyclomaticComplexity="3" minCyclomaticComplexity="3" visitedClasses="0" numClasses="0" visitedMethods="0" numMethods="1" />
              <MetadataToken>100663376</MetadataToken>
              <Name>System.Threading.Tasks.Task`1&lt;System.String&gt; NetUtils.MemoryCache.Tests.HttpClientCacheTests/&lt;&gt;c__DisplayClass0_1::&lt;HttpGetETagCacheTestsAsync&gt;b__8()</Name>
              <FileRef uid="20" />
              <SequencePoints>
                <SequencePoint vc="0" uspid="256" ordinal="0" offset="0" sl="81" sc="27" el="81" ec="80" bec="2" bev="0" fileid="20" />
              </SequencePoints>
              <BranchPoints>
                <BranchPoint vc="0" uspid="257" ordinal="0" offset="22" sl="81" path="0" offsetend="24" fileid="20" />
                <BranchPoint vc="0" uspid="258" ordinal="1" offset="22" sl="81" path="1" offsetend="28" fileid="20" />
              </BranchPoints>
              <MethodPoint xsi:type="SequencePoint" vc="0" uspid="256" ordinal="0" offset="0" sl="81" sc="27" el="81" ec="80" bec="2" bev="0" fileid="20" />
            </Method>
            <Method visited="false" cyclomaticComplexity="1" nPathComplexity="0" sequenceCoverage="0" branchCoverage="0" isConstructor="false" isStatic="false" isGetter="false" isSetter="false">
              <Summary numSequencePoints="0" visitedSequencePoints="0" numBranchPoints="0" visitedBranchPoints="0" sequenceCoverage="0" branchCoverage="0" maxCyclomaticComplexity="1" minCyclomaticComplexity="1" visitedClasses="0" numClasses="0" visitedMethods="0" numMethods="0" />
              <MetadataToken>100663377</MetadataToken>
              <Name>System.Threading.Tasks.Task`1&lt;System.Net.Http.HttpResponseMessage&gt; NetUtils.MemoryCache.Tests.HttpClientCacheTests/&lt;&gt;c__DisplayClass0_1::&lt;HttpGetETagCacheTestsAsync&gt;b__9()</Name>
              <SequencePoints />
              <BranchPoints />
              <MethodPoint vc="0" uspid="259" ordinal="0" offset="0" />
            </Method>
            <Method visited="false" cyclomaticComplexity="1" nPathComplexity="0" sequenceCoverage="0" branchCoverage="0" isConstructor="false" isStatic="false" isGetter="false" isSetter="false">
              <Summary numSequencePoints="0" visitedSequencePoints="0" numBranchPoints="0" visitedBranchPoints="0" sequenceCoverage="0" branchCoverage="0" maxCyclomaticComplexity="1" minCyclomaticComplexity="1" visitedClasses="0" numClasses="0" visitedMethods="0" numMethods="0" />
              <MetadataToken>100663378</MetadataToken>
              <Name>System.Threading.Tasks.Task`1&lt;System.String&gt; NetUtils.MemoryCache.Tests.HttpClientCacheTests/&lt;&gt;c__DisplayClass0_1::&lt;HttpGetETagCacheTestsAsync&gt;b__10()</Name>
              <SequencePoints />
              <BranchPoints />
              <MethodPoint vc="0" uspid="260" ordinal="0" offset="0" />
            </Method>
            <Method visited="false" cyclomaticComplexity="3" nPathComplexity="2" sequenceCoverage="0" branchCoverage="0" isConstructor="false" isStatic="false" isGetter="false" isSetter="false">
              <Summary numSequencePoints="1" visitedSequencePoints="0" numBranchPoints="3" visitedBranchPoints="0" sequenceCoverage="0" branchCoverage="0" maxCyclomaticComplexity="3" minCyclomaticComplexity="3" visitedClasses="0" numClasses="0" visitedMethods="0" numMethods="1" />
              <MetadataToken>100663379</MetadataToken>
              <Name>System.Threading.Tasks.Task`1&lt;System.String&gt; NetUtils.MemoryCache.Tests.HttpClientCacheTests/&lt;&gt;c__DisplayClass0_1::&lt;HttpGetETagCacheTestsAsync&gt;b__11()</Name>
              <FileRef uid="20" />
              <SequencePoints>
                <SequencePoint vc="0" uspid="261" ordinal="0" offset="0" sl="102" sc="27" el="102" ec="80" bec="2" bev="0" fileid="20" />
              </SequencePoints>
              <BranchPoints>
                <BranchPoint vc="0" uspid="262" ordinal="0" offset="22" sl="102" path="0" offsetend="24" fileid="20" />
                <BranchPoint vc="0" uspid="263" ordinal="1" offset="22" sl="102" path="1" offsetend="28" fileid="20" />
              </BranchPoints>
              <MethodPoint xsi:type="SequencePoint" vc="0" uspid="261" ordinal="0" offset="0" sl="102" sc="27" el="102" ec="80" bec="2" bev="0" fileid="20" />
            </Method>
            <Method visited="false" cyclomaticComplexity="1" nPathComplexity="0" sequenceCoverage="0" branchCoverage="0" isConstructor="false" isStatic="false" isGetter="false" isSetter="false">
              <Summary numSequencePoints="0" visitedSequencePoints="0" numBranchPoints="0" visitedBranchPoints="0" sequenceCoverage="0" branchCoverage="0" maxCyclomaticComplexity="1" minCyclomaticComplexity="1" visitedClasses="0" numClasses="0" visitedMethods="0" numMethods="0" />
              <MetadataToken>100663380</MetadataToken>
              <Name>System.Threading.Tasks.Task`1&lt;System.Net.Http.HttpResponseMessage&gt; NetUtils.MemoryCache.Tests.HttpClientCacheTests/&lt;&gt;c__DisplayClass0_1::&lt;HttpGetETagCacheTestsAsync&gt;b__12()</Name>
              <SequencePoints />
              <BranchPoints />
              <MethodPoint vc="0" uspid="264" ordinal="0" offset="0" />
            </Method>
            <Method visited="false" cyclomaticComplexity="1" nPathComplexity="0" sequenceCoverage="0" branchCoverage="0" isConstructor="false" isStatic="false" isGetter="false" isSetter="false">
              <Summary numSequencePoints="0" visitedSequencePoints="0" numBranchPoints="0" visitedBranchPoints="0" sequenceCoverage="0" branchCoverage="0" maxCyclomaticComplexity="1" minCyclomaticComplexity="1" visitedClasses="0" numClasses="0" visitedMethods="0" numMethods="0" />
              <MetadataToken>100663381</MetadataToken>
              <Name>System.Threading.Tasks.Task`1&lt;System.String&gt; NetUtils.MemoryCache.Tests.HttpClientCacheTests/&lt;&gt;c__DisplayClass0_1::&lt;HttpGetETagCacheTestsAsync&gt;b__13()</Name>
              <SequencePoints />
              <BranchPoints />
              <MethodPoint vc="0" uspid="265" ordinal="0" offset="0" />
            </Method>
            <Method visited="false" cyclomaticComplexity="3" nPathComplexity="2" sequenceCoverage="0" branchCoverage="0" isConstructor="false" isStatic="false" isGetter="false" isSetter="false">
              <Summary numSequencePoints="1" visitedSequencePoints="0" numBranchPoints="3" visitedBranchPoints="0" sequenceCoverage="0" branchCoverage="0" maxCyclomaticComplexity="3" minCyclomaticComplexity="3" visitedClasses="0" numClasses="0" visitedMethods="0" numMethods="1" />
              <MetadataToken>100663382</MetadataToken>
              <Name>System.Threading.Tasks.Task`1&lt;System.String&gt; NetUtils.MemoryCache.Tests.HttpClientCacheTests/&lt;&gt;c__DisplayClass0_1::&lt;HttpGetETagCacheTestsAsync&gt;b__14()</Name>
              <FileRef uid="20" />
              <SequencePoints>
                <SequencePoint vc="0" uspid="266" ordinal="0" offset="0" sl="122" sc="27" el="122" ec="80" bec="2" bev="0" fileid="20" />
              </SequencePoints>
              <BranchPoints>
                <BranchPoint vc="0" uspid="267" ordinal="0" offset="22" sl="122" path="0" offsetend="24" fileid="20" />
                <BranchPoint vc="0" uspid="268" ordinal="1" offset="22" sl="122" path="1" offsetend="28" fileid="20" />
              </BranchPoints>
              <MethodPoint xsi:type="SequencePoint" vc="0" uspid="266" ordinal="0" offset="0" sl="122" sc="27" el="122" ec="80" bec="2" bev="0" fileid="20" />
            </Method>
          </Methods>
        </Class>
        <Class>
          <Summary numSequencePoints="4" visitedSequencePoints="0" numBranchPoints="1" visitedBranchPoints="0" sequenceCoverage="0" branchCoverage="0" maxCyclomaticComplexity="3" minCyclomaticComplexity="1" visitedClasses="0" numClasses="1" visitedMethods="0" numMethods="1" />
          <FullName>NetUtils.MemoryCache.Tests.HttpClientCacheTests/&lt;&gt;c__DisplayClass0_1/&lt;&lt;HttpGetETagCacheTestsAsync&gt;b__0&gt;d</FullName>
          <Methods>
            <Method visited="false" cyclomaticComplexity="1" nPathComplexity="0" sequenceCoverage="0" branchCoverage="0" isConstructor="true" isStatic="false" isGetter="false" isSetter="false">
              <Summary numSequencePoints="0" visitedSequencePoints="0" numBranchPoints="0" visitedBranchPoints="0" sequenceCoverage="0" branchCoverage="0" maxCyclomaticComplexity="1" minCyclomaticComplexity="1" visitedClasses="0" numClasses="0" visitedMethods="0" numMethods="0" />
              <MetadataToken>100663423</MetadataToken>
              <Name>System.Void NetUtils.MemoryCache.Tests.HttpClientCacheTests/&lt;&gt;c__DisplayClass0_1/&lt;&lt;HttpGetETagCacheTestsAsync&gt;b__0&gt;d::.ctor()</Name>
              <SequencePoints />
              <BranchPoints />
              <MethodPoint vc="0" uspid="269" ordinal="0" offset="0" />
            </Method>
            <Method visited="false" cyclomaticComplexity="3" nPathComplexity="0" sequenceCoverage="0" branchCoverage="0" isConstructor="false" isStatic="false" isGetter="false" isSetter="false">
              <Summary numSequencePoints="4" visitedSequencePoints="0" numBranchPoints="1" visitedBranchPoints="0" sequenceCoverage="0" branchCoverage="0" maxCyclomaticComplexity="3" minCyclomaticComplexity="3" visitedClasses="0" numClasses="0" visitedMethods="0" numMethods="1" />
              <MetadataToken>100663424</MetadataToken>
              <Name>System.Void NetUtils.MemoryCache.Tests.HttpClientCacheTests/&lt;&gt;c__DisplayClass0_1/&lt;&lt;HttpGetETagCacheTestsAsync&gt;b__0&gt;d::MoveNext()</Name>
              <FileRef uid="20" />
              <SequencePoints>
                <SequencePoint vc="0" uspid="270" ordinal="0" offset="17" sl="30" sc="17" el="30" ec="18" bec="0" bev="0" fileid="20" />
                <SequencePoint vc="0" uspid="271" ordinal="1" offset="18" sl="31" sc="21" el="31" ec="57" bec="0" bev="0" fileid="20" />
                <SequencePoint vc="0" uspid="272" ordinal="2" offset="35" sl="32" sc="21" el="32" ec="94" bec="0" bev="0" fileid="20" />
                <SequencePoint vc="0" uspid="273" ordinal="3" offset="88" sl="33" sc="21" el="33" ec="82" bec="0" bev="0" fileid="20" />
              </SequencePoints>
              <BranchPoints />
              <MethodPoint vc="0" uspid="279" ordinal="0" offset="0" />
            </Method>
            <Method visited="false" cyclomaticComplexity="1" nPathComplexity="0" sequenceCoverage="0" branchCoverage="0" isConstructor="false" isStatic="false" isGetter="false" isSetter="false">
              <Summary numSequencePoints="0" visitedSequencePoints="0" numBranchPoints="0" visitedBranchPoints="0" sequenceCoverage="0" branchCoverage="0" maxCyclomaticComplexity="1" minCyclomaticComplexity="1" visitedClasses="0" numClasses="0" visitedMethods="0" numMethods="0" />
              <MetadataToken>100663425</MetadataToken>
              <Name>System.Void NetUtils.MemoryCache.Tests.HttpClientCacheTests/&lt;&gt;c__DisplayClass0_1/&lt;&lt;HttpGetETagCacheTestsAsync&gt;b__0&gt;d::SetStateMachine(System.Runtime.CompilerServices.IAsyncStateMachine)</Name>
              <SequencePoints />
              <BranchPoints />
              <MethodPoint vc="0" uspid="280" ordinal="0" offset="0" />
            </Method>
          </Methods>
        </Class>
        <Class>
          <Summary numSequencePoints="3" visitedSequencePoints="0" numBranchPoints="1" visitedBranchPoints="0" sequenceCoverage="0" branchCoverage="0" maxCyclomaticComplexity="3" minCyclomaticComplexity="1" visitedClasses="0" numClasses="1" visitedMethods="0" numMethods="1" />
          <FullName>NetUtils.MemoryCache.Tests.HttpClientCacheTests/&lt;&gt;c__DisplayClass0_1/&lt;&lt;HttpGetETagCacheTestsAsync&gt;b__1&gt;d</FullName>
          <Methods>
            <Method visited="false" cyclomaticComplexity="1" nPathComplexity="0" sequenceCoverage="0" branchCoverage="0" isConstructor="true" isStatic="false" isGetter="false" isSetter="false">
              <Summary numSequencePoints="0" visitedSequencePoints="0" numBranchPoints="0" visitedBranchPoints="0" sequenceCoverage="0" branchCoverage="0" maxCyclomaticComplexity="1" minCyclomaticComplexity="1" visitedClasses="0" numClasses="0" visitedMethods="0" numMethods="0" />
              <MetadataToken>100663426</MetadataToken>
              <Name>System.Void NetUtils.MemoryCache.Tests.HttpClientCacheTests/&lt;&gt;c__DisplayClass0_1/&lt;&lt;HttpGetETagCacheTestsAsync&gt;b__1&gt;d::.ctor()</Name>
              <SequencePoints />
              <BranchPoints />
              <MethodPoint vc="0" uspid="281" ordinal="0" offset="0" />
            </Method>
            <Method visited="false" cyclomaticComplexity="3" nPathComplexity="0" sequenceCoverage="0" branchCoverage="0" isConstructor="false" isStatic="false" isGetter="false" isSetter="false">
              <Summary numSequencePoints="3" visitedSequencePoints="0" numBranchPoints="1" visitedBranchPoints="0" sequenceCoverage="0" branchCoverage="0" maxCyclomaticComplexity="3" minCyclomaticComplexity="3" visitedClasses="0" numClasses="0" visitedMethods="0" numMethods="1" />
              <MetadataToken>100663427</MetadataToken>
              <Name>System.Void NetUtils.MemoryCache.Tests.HttpClientCacheTests/&lt;&gt;c__DisplayClass0_1/&lt;&lt;HttpGetETagCacheTestsAsync&gt;b__1&gt;d::MoveNext()</Name>
              <FileRef uid="20" />
              <SequencePoints>
                <SequencePoint vc="0" uspid="282" ordinal="0" offset="14" sl="38" sc="21" el="38" ec="22" bec="0" bev="0" fileid="20" />
                <SequencePoint vc="0" uspid="283" ordinal="1" offset="15" sl="39" sc="25" el="39" ec="61" bec="0" bev="0" fileid="20" />
                <SequencePoint vc="0" uspid="284" ordinal="2" offset="32" sl="40" sc="25" el="40" ec="107" bec="0" bev="0" fileid="20" />
              </SequencePoints>
              <BranchPoints />
              <MethodPoint vc="0" uspid="290" ordinal="0" offset="0" />
            </Method>
            <Method visited="false" cyclomaticComplexity="1" nPathComplexity="0" sequenceCoverage="0" branchCoverage="0" isConstructor="false" isStatic="false" isGetter="false" isSetter="false">
              <Summary numSequencePoints="0" visitedSequencePoints="0" numBranchPoints="0" visitedBranchPoints="0" sequenceCoverage="0" branchCoverage="0" maxCyclomaticComplexity="1" minCyclomaticComplexity="1" visitedClasses="0" numClasses="0" visitedMethods="0" numMethods="0" />
              <MetadataToken>100663428</MetadataToken>
              <Name>System.Void NetUtils.MemoryCache.Tests.HttpClientCacheTests/&lt;&gt;c__DisplayClass0_1/&lt;&lt;HttpGetETagCacheTestsAsync&gt;b__1&gt;d::SetStateMachine(System.Runtime.CompilerServices.IAsyncStateMachine)</Name>
              <SequencePoints />
              <BranchPoints />
              <MethodPoint vc="0" uspid="291" ordinal="0" offset="0" />
            </Method>
          </Methods>
        </Class>
        <Class>
          <Summary numSequencePoints="4" visitedSequencePoints="0" numBranchPoints="1" visitedBranchPoints="0" sequenceCoverage="0" branchCoverage="0" maxCyclomaticComplexity="3" minCyclomaticComplexity="1" visitedClasses="0" numClasses="1" visitedMethods="0" numMethods="1" />
          <FullName>NetUtils.MemoryCache.Tests.HttpClientCacheTests/&lt;&gt;c__DisplayClass0_1/&lt;&lt;HttpGetETagCacheTestsAsync&gt;b__3&gt;d</FullName>
          <Methods>
            <Method visited="false" cyclomaticComplexity="1" nPathComplexity="0" sequenceCoverage="0" branchCoverage="0" isConstructor="true" isStatic="false" isGetter="false" isSetter="false">
              <Summary numSequencePoints="0" visitedSequencePoints="0" numBranchPoints="0" visitedBranchPoints="0" sequenceCoverage="0" branchCoverage="0" maxCyclomaticComplexity="1" minCyclomaticComplexity="1" visitedClasses="0" numClasses="0" visitedMethods="0" numMethods="0" />
              <MetadataToken>100663429</MetadataToken>
              <Name>System.Void NetUtils.MemoryCache.Tests.HttpClientCacheTests/&lt;&gt;c__DisplayClass0_1/&lt;&lt;HttpGetETagCacheTestsAsync&gt;b__3&gt;d::.ctor()</Name>
              <SequencePoints />
              <BranchPoints />
              <MethodPoint vc="0" uspid="292" ordinal="0" offset="0" />
            </Method>
            <Method visited="false" cyclomaticComplexity="3" nPathComplexity="0" sequenceCoverage="0" branchCoverage="0" isConstructor="false" isStatic="false" isGetter="false" isSetter="false">
              <Summary numSequencePoints="4" visitedSequencePoints="0" numBranchPoints="1" visitedBranchPoints="0" sequenceCoverage="0" branchCoverage="0" maxCyclomaticComplexity="3" minCyclomaticComplexity="3" visitedClasses="0" numClasses="0" visitedMethods="0" numMethods="1" />
              <MetadataToken>100663430</MetadataToken>
              <Name>System.Void NetUtils.MemoryCache.Tests.HttpClientCacheTests/&lt;&gt;c__DisplayClass0_1/&lt;&lt;HttpGetETagCacheTestsAsync&gt;b__3&gt;d::MoveNext()</Name>
              <FileRef uid="20" />
              <SequencePoints>
                <SequencePoint vc="0" uspid="293" ordinal="0" offset="17" sl="49" sc="17" el="49" ec="18" bec="0" bev="0" fileid="20" />
                <SequencePoint vc="0" uspid="294" ordinal="1" offset="18" sl="50" sc="21" el="50" ec="57" bec="0" bev="0" fileid="20" />
                <SequencePoint vc="0" uspid="295" ordinal="2" offset="35" sl="51" sc="21" el="51" ec="94" bec="0" bev="0" fileid="20" />
                <SequencePoint vc="0" uspid="296" ordinal="3" offset="88" sl="52" sc="21" el="52" ec="82" bec="0" bev="0" fileid="20" />
              </SequencePoints>
              <BranchPoints />
              <MethodPoint vc="0" uspid="302" ordinal="0" offset="0" />
            </Method>
            <Method visited="false" cyclomaticComplexity="1" nPathComplexity="0" sequenceCoverage="0" branchCoverage="0" isConstructor="false" isStatic="false" isGetter="false" isSetter="false">
              <Summary numSequencePoints="0" visitedSequencePoints="0" numBranchPoints="0" visitedBranchPoints="0" sequenceCoverage="0" branchCoverage="0" maxCyclomaticComplexity="1" minCyclomaticComplexity="1" visitedClasses="0" numClasses="0" visitedMethods="0" numMethods="0" />
              <MetadataToken>100663431</MetadataToken>
              <Name>System.Void NetUtils.MemoryCache.Tests.HttpClientCacheTests/&lt;&gt;c__DisplayClass0_1/&lt;&lt;HttpGetETagCacheTestsAsync&gt;b__3&gt;d::SetStateMachine(System.Runtime.CompilerServices.IAsyncStateMachine)</Name>
              <SequencePoints />
              <BranchPoints />
              <MethodPoint vc="0" uspid="303" ordinal="0" offset="0" />
            </Method>
          </Methods>
        </Class>
        <Class>
          <Summary numSequencePoints="3" visitedSequencePoints="0" numBranchPoints="1" visitedBranchPoints="0" sequenceCoverage="0" branchCoverage="0" maxCyclomaticComplexity="3" minCyclomaticComplexity="1" visitedClasses="0" numClasses="1" visitedMethods="0" numMethods="1" />
          <FullName>NetUtils.MemoryCache.Tests.HttpClientCacheTests/&lt;&gt;c__DisplayClass0_1/&lt;&lt;HttpGetETagCacheTestsAsync&gt;b__4&gt;d</FullName>
          <Methods>
            <Method visited="false" cyclomaticComplexity="1" nPathComplexity="0" sequenceCoverage="0" branchCoverage="0" isConstructor="true" isStatic="false" isGetter="false" isSetter="false">
              <Summary numSequencePoints="0" visitedSequencePoints="0" numBranchPoints="0" visitedBranchPoints="0" sequenceCoverage="0" branchCoverage="0" maxCyclomaticComplexity="1" minCyclomaticComplexity="1" visitedClasses="0" numClasses="0" visitedMethods="0" numMethods="0" />
              <MetadataToken>100663432</MetadataToken>
              <Name>System.Void NetUtils.MemoryCache.Tests.HttpClientCacheTests/&lt;&gt;c__DisplayClass0_1/&lt;&lt;HttpGetETagCacheTestsAsync&gt;b__4&gt;d::.ctor()</Name>
              <SequencePoints />
              <BranchPoints />
              <MethodPoint vc="0" uspid="304" ordinal="0" offset="0" />
            </Method>
            <Method visited="false" cyclomaticComplexity="3" nPathComplexity="0" sequenceCoverage="0" branchCoverage="0" isConstructor="false" isStatic="false" isGetter="false" isSetter="false">
              <Summary numSequencePoints="3" visitedSequencePoints="0" numBranchPoints="1" visitedBranchPoints="0" sequenceCoverage="0" branchCoverage="0" maxCyclomaticComplexity="3" minCyclomaticComplexity="3" visitedClasses="0" numClasses="0" visitedMethods="0" numMethods="1" />
              <MetadataToken>100663433</MetadataToken>
              <Name>System.Void NetUtils.MemoryCache.Tests.HttpClientCacheTests/&lt;&gt;c__DisplayClass0_1/&lt;&lt;HttpGetETagCacheTestsAsync&gt;b__4&gt;d::MoveNext()</Name>
              <FileRef uid="20" />
              <SequencePoints>
                <SequencePoint vc="0" uspid="305" ordinal="0" offset="14" sl="57" sc="21" el="57" ec="22" bec="0" bev="0" fileid="20" />
                <SequencePoint vc="0" uspid="306" ordinal="1" offset="15" sl="58" sc="25" el="58" ec="61" bec="0" bev="0" fileid="20" />
                <SequencePoint vc="0" uspid="307" ordinal="2" offset="32" sl="59" sc="25" el="59" ec="107" bec="0" bev="0" fileid="20" />
              </SequencePoints>
              <BranchPoints />
              <MethodPoint vc="0" uspid="313" ordinal="0" offset="0" />
            </Method>
            <Method visited="false" cyclomaticComplexity="1" nPathComplexity="0" sequenceCoverage="0" branchCoverage="0" isConstructor="false" isStatic="false" isGetter="false" isSetter="false">
              <Summary numSequencePoints="0" visitedSequencePoints="0" numBranchPoints="0" visitedBranchPoints="0" sequenceCoverage="0" branchCoverage="0" maxCyclomaticComplexity="1" minCyclomaticComplexity="1" visitedClasses="0" numClasses="0" visitedMethods="0" numMethods="0" />
              <MetadataToken>100663434</MetadataToken>
              <Name>System.Void NetUtils.MemoryCache.Tests.HttpClientCacheTests/&lt;&gt;c__DisplayClass0_1/&lt;&lt;HttpGetETagCacheTestsAsync&gt;b__4&gt;d::SetStateMachine(System.Runtime.CompilerServices.IAsyncStateMachine)</Name>
              <SequencePoints />
              <BranchPoints />
              <MethodPoint vc="0" uspid="314" ordinal="0" offset="0" />
            </Method>
          </Methods>
        </Class>
        <Class>
          <Summary numSequencePoints="4" visitedSequencePoints="0" numBranchPoints="1" visitedBranchPoints="0" sequenceCoverage="0" branchCoverage="0" maxCyclomaticComplexity="3" minCyclomaticComplexity="1" visitedClasses="0" numClasses="1" visitedMethods="0" numMethods="1" />
          <FullName>NetUtils.MemoryCache.Tests.HttpClientCacheTests/&lt;&gt;c__DisplayClass0_1/&lt;&lt;HttpGetETagCacheTestsAsync&gt;b__6&gt;d</FullName>
          <Methods>
            <Method visited="false" cyclomaticComplexity="1" nPathComplexity="0" sequenceCoverage="0" branchCoverage="0" isConstructor="true" isStatic="false" isGetter="false" isSetter="false">
              <Summary numSequencePoints="0" visitedSequencePoints="0" numBranchPoints="0" visitedBranchPoints="0" sequenceCoverage="0" branchCoverage="0" maxCyclomaticComplexity="1" minCyclomaticComplexity="1" visitedClasses="0" numClasses="0" visitedMethods="0" numMethods="0" />
              <MetadataToken>100663435</MetadataToken>
              <Name>System.Void NetUtils.MemoryCache.Tests.HttpClientCacheTests/&lt;&gt;c__DisplayClass0_1/&lt;&lt;HttpGetETagCacheTestsAsync&gt;b__6&gt;d::.ctor()</Name>
              <SequencePoints />
              <BranchPoints />
              <MethodPoint vc="0" uspid="315" ordinal="0" offset="0" />
            </Method>
            <Method visited="false" cyclomaticComplexity="3" nPathComplexity="0" sequenceCoverage="0" branchCoverage="0" isConstructor="false" isStatic="false" isGetter="false" isSetter="false">
              <Summary numSequencePoints="4" visitedSequencePoints="0" numBranchPoints="1" visitedBranchPoints="0" sequenceCoverage="0" branchCoverage="0" maxCyclomaticComplexity="3" minCyclomaticComplexity="3" visitedClasses="0" numClasses="0" visitedMethods="0" numMethods="1" />
              <MetadataToken>100663436</MetadataToken>
              <Name>System.Void NetUtils.MemoryCache.Tests.HttpClientCacheTests/&lt;&gt;c__DisplayClass0_1/&lt;&lt;HttpGetETagCacheTestsAsync&gt;b__6&gt;d::MoveNext()</Name>
              <FileRef uid="20" />
              <SequencePoints>
                <SequencePoint vc="0" uspid="316" ordinal="0" offset="17" sl="69" sc="17" el="69" ec="18" bec="0" bev="0" fileid="20" />
                <SequencePoint vc="0" uspid="317" ordinal="1" offset="18" sl="70" sc="21" el="70" ec="57" bec="0" bev="0" fileid="20" />
                <SequencePoint vc="0" uspid="318" ordinal="2" offset="35" sl="71" sc="21" el="71" ec="94" bec="0" bev="0" fileid="20" />
                <SequencePoint vc="0" uspid="319" ordinal="3" offset="88" sl="72" sc="21" el="72" ec="82" bec="0" bev="0" fileid="20" />
              </SequencePoints>
              <BranchPoints />
              <MethodPoint vc="0" uspid="325" ordinal="0" offset="0" />
            </Method>
            <Method visited="false" cyclomaticComplexity="1" nPathComplexity="0" sequenceCoverage="0" branchCoverage="0" isConstructor="false" isStatic="false" isGetter="false" isSetter="false">
              <Summary numSequencePoints="0" visitedSequencePoints="0" numBranchPoints="0" visitedBranchPoints="0" sequenceCoverage="0" branchCoverage="0" maxCyclomaticComplexity="1" minCyclomaticComplexity="1" visitedClasses="0" numClasses="0" visitedMethods="0" numMethods="0" />
              <MetadataToken>100663437</MetadataToken>
              <Name>System.Void NetUtils.MemoryCache.Tests.HttpClientCacheTests/&lt;&gt;c__DisplayClass0_1/&lt;&lt;HttpGetETagCacheTestsAsync&gt;b__6&gt;d::SetStateMachine(System.Runtime.CompilerServices.IAsyncStateMachine)</Name>
              <SequencePoints />
              <BranchPoints />
              <MethodPoint vc="0" uspid="326" ordinal="0" offset="0" />
            </Method>
          </Methods>
        </Class>
        <Class>
          <Summary numSequencePoints="3" visitedSequencePoints="0" numBranchPoints="1" visitedBranchPoints="0" sequenceCoverage="0" branchCoverage="0" maxCyclomaticComplexity="3" minCyclomaticComplexity="1" visitedClasses="0" numClasses="1" visitedMethods="0" numMethods="1" />
          <FullName>NetUtils.MemoryCache.Tests.HttpClientCacheTests/&lt;&gt;c__DisplayClass0_1/&lt;&lt;HttpGetETagCacheTestsAsync&gt;b__7&gt;d</FullName>
          <Methods>
            <Method visited="false" cyclomaticComplexity="1" nPathComplexity="0" sequenceCoverage="0" branchCoverage="0" isConstructor="true" isStatic="false" isGetter="false" isSetter="false">
              <Summary numSequencePoints="0" visitedSequencePoints="0" numBranchPoints="0" visitedBranchPoints="0" sequenceCoverage="0" branchCoverage="0" maxCyclomaticComplexity="1" minCyclomaticComplexity="1" visitedClasses="0" numClasses="0" visitedMethods="0" numMethods="0" />
              <MetadataToken>100663438</MetadataToken>
              <Name>System.Void NetUtils.MemoryCache.Tests.HttpClientCacheTests/&lt;&gt;c__DisplayClass0_1/&lt;&lt;HttpGetETagCacheTestsAsync&gt;b__7&gt;d::.ctor()</Name>
              <SequencePoints />
              <BranchPoints />
              <MethodPoint vc="0" uspid="327" ordinal="0" offset="0" />
            </Method>
            <Method visited="false" cyclomaticComplexity="3" nPathComplexity="0" sequenceCoverage="0" branchCoverage="0" isConstructor="false" isStatic="false" isGetter="false" isSetter="false">
              <Summary numSequencePoints="3" visitedSequencePoints="0" numBranchPoints="1" visitedBranchPoints="0" sequenceCoverage="0" branchCoverage="0" maxCyclomaticComplexity="3" minCyclomaticComplexity="3" visitedClasses="0" numClasses="0" visitedMethods="0" numMethods="1" />
              <MetadataToken>100663439</MetadataToken>
              <Name>System.Void NetUtils.MemoryCache.Tests.HttpClientCacheTests/&lt;&gt;c__DisplayClass0_1/&lt;&lt;HttpGetETagCacheTestsAsync&gt;b__7&gt;d::MoveNext()</Name>
              <FileRef uid="20" />
              <SequencePoints>
                <SequencePoint vc="0" uspid="328" ordinal="0" offset="14" sl="77" sc="21" el="77" ec="22" bec="0" bev="0" fileid="20" />
                <SequencePoint vc="0" uspid="329" ordinal="1" offset="15" sl="78" sc="25" el="78" ec="61" bec="0" bev="0" fileid="20" />
                <SequencePoint vc="0" uspid="330" ordinal="2" offset="32" sl="79" sc="25" el="79" ec="107" bec="0" bev="0" fileid="20" />
              </SequencePoints>
              <BranchPoints />
              <MethodPoint vc="0" uspid="336" ordinal="0" offset="0" />
            </Method>
            <Method visited="false" cyclomaticComplexity="1" nPathComplexity="0" sequenceCoverage="0" branchCoverage="0" isConstructor="false" isStatic="false" isGetter="false" isSetter="false">
              <Summary numSequencePoints="0" visitedSequencePoints="0" numBranchPoints="0" visitedBranchPoints="0" sequenceCoverage="0" branchCoverage="0" maxCyclomaticComplexity="1" minCyclomaticComplexity="1" visitedClasses="0" numClasses="0" visitedMethods="0" numMethods="0" />
              <MetadataToken>100663440</MetadataToken>
              <Name>System.Void NetUtils.MemoryCache.Tests.HttpClientCacheTests/&lt;&gt;c__DisplayClass0_1/&lt;&lt;HttpGetETagCacheTestsAsync&gt;b__7&gt;d::SetStateMachine(System.Runtime.CompilerServices.IAsyncStateMachine)</Name>
              <SequencePoints />
              <BranchPoints />
              <MethodPoint vc="0" uspid="337" ordinal="0" offset="0" />
            </Method>
          </Methods>
        </Class>
        <Class>
          <Summary numSequencePoints="4" visitedSequencePoints="0" numBranchPoints="1" visitedBranchPoints="0" sequenceCoverage="0" branchCoverage="0" maxCyclomaticComplexity="3" minCyclomaticComplexity="1" visitedClasses="0" numClasses="1" visitedMethods="0" numMethods="1" />
          <FullName>NetUtils.MemoryCache.Tests.HttpClientCacheTests/&lt;&gt;c__DisplayClass0_1/&lt;&lt;HttpGetETagCacheTestsAsync&gt;b__9&gt;d</FullName>
          <Methods>
            <Method visited="false" cyclomaticComplexity="1" nPathComplexity="0" sequenceCoverage="0" branchCoverage="0" isConstructor="true" isStatic="false" isGetter="false" isSetter="false">
              <Summary numSequencePoints="0" visitedSequencePoints="0" numBranchPoints="0" visitedBranchPoints="0" sequenceCoverage="0" branchCoverage="0" maxCyclomaticComplexity="1" minCyclomaticComplexity="1" visitedClasses="0" numClasses="0" visitedMethods="0" numMethods="0" />
              <MetadataToken>100663441</MetadataToken>
              <Name>System.Void NetUtils.MemoryCache.Tests.HttpClientCacheTests/&lt;&gt;c__DisplayClass0_1/&lt;&lt;HttpGetETagCacheTestsAsync&gt;b__9&gt;d::.ctor()</Name>
              <SequencePoints />
              <BranchPoints />
              <MethodPoint vc="0" uspid="338" ordinal="0" offset="0" />
            </Method>
            <Method visited="false" cyclomaticComplexity="3" nPathComplexity="0" sequenceCoverage="0" branchCoverage="0" isConstructor="false" isStatic="false" isGetter="false" isSetter="false">
              <Summary numSequencePoints="4" visitedSequencePoints="0" numBranchPoints="1" visitedBranchPoints="0" sequenceCoverage="0" branchCoverage="0" maxCyclomaticComplexity="3" minCyclomaticComplexity="3" visitedClasses="0" numClasses="0" visitedMethods="0" numMethods="1" />
              <MetadataToken>100663442</MetadataToken>
              <Name>System.Void NetUtils.MemoryCache.Tests.HttpClientCacheTests/&lt;&gt;c__DisplayClass0_1/&lt;&lt;HttpGetETagCacheTestsAsync&gt;b__9&gt;d::MoveNext()</Name>
              <FileRef uid="20" />
              <SequencePoints>
                <SequencePoint vc="0" uspid="339" ordinal="0" offset="17" sl="90" sc="17" el="90" ec="18" bec="0" bev="0" fileid="20" />
                <SequencePoint vc="0" uspid="340" ordinal="1" offset="18" sl="91" sc="21" el="91" ec="57" bec="0" bev="0" fileid="20" />
                <SequencePoint vc="0" uspid="341" ordinal="2" offset="35" sl="92" sc="21" el="92" ec="94" bec="0" bev="0" fileid="20" />
                <SequencePoint vc="0" uspid="342" ordinal="3" offset="88" sl="93" sc="21" el="93" ec="82" bec="0" bev="0" fileid="20" />
              </SequencePoints>
              <BranchPoints />
              <MethodPoint vc="0" uspid="348" ordinal="0" offset="0" />
            </Method>
            <Method visited="false" cyclomaticComplexity="1" nPathComplexity="0" sequenceCoverage="0" branchCoverage="0" isConstructor="false" isStatic="false" isGetter="false" isSetter="false">
              <Summary numSequencePoints="0" visitedSequencePoints="0" numBranchPoints="0" visitedBranchPoints="0" sequenceCoverage="0" branchCoverage="0" maxCyclomaticComplexity="1" minCyclomaticComplexity="1" visitedClasses="0" numClasses="0" visitedMethods="0" numMethods="0" />
              <MetadataToken>100663443</MetadataToken>
              <Name>System.Void NetUtils.MemoryCache.Tests.HttpClientCacheTests/&lt;&gt;c__DisplayClass0_1/&lt;&lt;HttpGetETagCacheTestsAsync&gt;b__9&gt;d::SetStateMachine(System.Runtime.CompilerServices.IAsyncStateMachine)</Name>
              <SequencePoints />
              <BranchPoints />
              <MethodPoint vc="0" uspid="349" ordinal="0" offset="0" />
            </Method>
          </Methods>
        </Class>
        <Class>
          <Summary numSequencePoints="3" visitedSequencePoints="0" numBranchPoints="1" visitedBranchPoints="0" sequenceCoverage="0" branchCoverage="0" maxCyclomaticComplexity="3" minCyclomaticComplexity="1" visitedClasses="0" numClasses="1" visitedMethods="0" numMethods="1" />
          <FullName>NetUtils.MemoryCache.Tests.HttpClientCacheTests/&lt;&gt;c__DisplayClass0_1/&lt;&lt;HttpGetETagCacheTestsAsync&gt;b__10&gt;d</FullName>
          <Methods>
            <Method visited="false" cyclomaticComplexity="1" nPathComplexity="0" sequenceCoverage="0" branchCoverage="0" isConstructor="true" isStatic="false" isGetter="false" isSetter="false">
              <Summary numSequencePoints="0" visitedSequencePoints="0" numBranchPoints="0" visitedBranchPoints="0" sequenceCoverage="0" branchCoverage="0" maxCyclomaticComplexity="1" minCyclomaticComplexity="1" visitedClasses="0" numClasses="0" visitedMethods="0" numMethods="0" />
              <MetadataToken>100663444</MetadataToken>
              <Name>System.Void NetUtils.MemoryCache.Tests.HttpClientCacheTests/&lt;&gt;c__DisplayClass0_1/&lt;&lt;HttpGetETagCacheTestsAsync&gt;b__10&gt;d::.ctor()</Name>
              <SequencePoints />
              <BranchPoints />
              <MethodPoint vc="0" uspid="350" ordinal="0" offset="0" />
            </Method>
            <Method visited="false" cyclomaticComplexity="3" nPathComplexity="0" sequenceCoverage="0" branchCoverage="0" isConstructor="false" isStatic="false" isGetter="false" isSetter="false">
              <Summary numSequencePoints="3" visitedSequencePoints="0" numBranchPoints="1" visitedBranchPoints="0" sequenceCoverage="0" branchCoverage="0" maxCyclomaticComplexity="3" minCyclomaticComplexity="3" visitedClasses="0" numClasses="0" visitedMethods="0" numMethods="1" />
              <MetadataToken>100663445</MetadataToken>
              <Name>System.Void NetUtils.MemoryCache.Tests.HttpClientCacheTests/&lt;&gt;c__DisplayClass0_1/&lt;&lt;HttpGetETagCacheTestsAsync&gt;b__10&gt;d::MoveNext()</Name>
              <FileRef uid="20" />
              <SequencePoints>
                <SequencePoint vc="0" uspid="351" ordinal="0" offset="14" sl="98" sc="21" el="98" ec="22" bec="0" bev="0" fileid="20" />
                <SequencePoint vc="0" uspid="352" ordinal="1" offset="15" sl="99" sc="25" el="99" ec="61" bec="0" bev="0" fileid="20" />
                <SequencePoint vc="0" uspid="353" ordinal="2" offset="32" sl="100" sc="25" el="100" ec="107" bec="0" bev="0" fileid="20" />
              </SequencePoints>
              <BranchPoints />
              <MethodPoint vc="0" uspid="359" ordinal="0" offset="0" />
            </Method>
            <Method visited="false" cyclomaticComplexity="1" nPathComplexity="0" sequenceCoverage="0" branchCoverage="0" isConstructor="false" isStatic="false" isGetter="false" isSetter="false">
              <Summary numSequencePoints="0" visitedSequencePoints="0" numBranchPoints="0" visitedBranchPoints="0" sequenceCoverage="0" branchCoverage="0" maxCyclomaticComplexity="1" minCyclomaticComplexity="1" visitedClasses="0" numClasses="0" visitedMethods="0" numMethods="0" />
              <MetadataToken>100663446</MetadataToken>
              <Name>System.Void NetUtils.MemoryCache.Tests.HttpClientCacheTests/&lt;&gt;c__DisplayClass0_1/&lt;&lt;HttpGetETagCacheTestsAsync&gt;b__10&gt;d::SetStateMachine(System.Runtime.CompilerServices.IAsyncStateMachine)</Name>
              <SequencePoints />
              <BranchPoints />
              <MethodPoint vc="0" uspid="360" ordinal="0" offset="0" />
            </Method>
          </Methods>
        </Class>
        <Class>
          <Summary numSequencePoints="4" visitedSequencePoints="0" numBranchPoints="1" visitedBranchPoints="0" sequenceCoverage="0" branchCoverage="0" maxCyclomaticComplexity="3" minCyclomaticComplexity="1" visitedClasses="0" numClasses="1" visitedMethods="0" numMethods="1" />
          <FullName>NetUtils.MemoryCache.Tests.HttpClientCacheTests/&lt;&gt;c__DisplayClass0_1/&lt;&lt;HttpGetETagCacheTestsAsync&gt;b__12&gt;d</FullName>
          <Methods>
            <Method visited="false" cyclomaticComplexity="1" nPathComplexity="0" sequenceCoverage="0" branchCoverage="0" isConstructor="true" isStatic="false" isGetter="false" isSetter="false">
              <Summary numSequencePoints="0" visitedSequencePoints="0" numBranchPoints="0" visitedBranchPoints="0" sequenceCoverage="0" branchCoverage="0" maxCyclomaticComplexity="1" minCyclomaticComplexity="1" visitedClasses="0" numClasses="0" visitedMethods="0" numMethods="0" />
              <MetadataToken>100663447</MetadataToken>
              <Name>System.Void NetUtils.MemoryCache.Tests.HttpClientCacheTests/&lt;&gt;c__DisplayClass0_1/&lt;&lt;HttpGetETagCacheTestsAsync&gt;b__12&gt;d::.ctor()</Name>
              <SequencePoints />
              <BranchPoints />
              <MethodPoint vc="0" uspid="361" ordinal="0" offset="0" />
            </Method>
            <Method visited="false" cyclomaticComplexity="3" nPathComplexity="0" sequenceCoverage="0" branchCoverage="0" isConstructor="false" isStatic="false" isGetter="false" isSetter="false">
              <Summary numSequencePoints="4" visitedSequencePoints="0" numBranchPoints="1" visitedBranchPoints="0" sequenceCoverage="0" branchCoverage="0" maxCyclomaticComplexity="3" minCyclomaticComplexity="3" visitedClasses="0" numClasses="0" visitedMethods="0" numMethods="1" />
              <MetadataToken>100663448</MetadataToken>
              <Name>System.Void NetUtils.MemoryCache.Tests.HttpClientCacheTests/&lt;&gt;c__DisplayClass0_1/&lt;&lt;HttpGetETagCacheTestsAsync&gt;b__12&gt;d::MoveNext()</Name>
              <FileRef uid="20" />
              <SequencePoints>
                <SequencePoint vc="0" uspid="362" ordinal="0" offset="17" sl="110" sc="17" el="110" ec="18" bec="0" bev="0" fileid="20" />
                <SequencePoint vc="0" uspid="363" ordinal="1" offset="18" sl="111" sc="21" el="111" ec="57" bec="0" bev="0" fileid="20" />
                <SequencePoint vc="0" uspid="364" ordinal="2" offset="35" sl="112" sc="21" el="112" ec="94" bec="0" bev="0" fileid="20" />
                <SequencePoint vc="0" uspid="365" ordinal="3" offset="88" sl="113" sc="21" el="113" ec="82" bec="0" bev="0" fileid="20" />
              </SequencePoints>
              <BranchPoints />
              <MethodPoint vc="0" uspid="371" ordinal="0" offset="0" />
            </Method>
            <Method visited="false" cyclomaticComplexity="1" nPathComplexity="0" sequenceCoverage="0" branchCoverage="0" isConstructor="false" isStatic="false" isGetter="false" isSetter="false">
              <Summary numSequencePoints="0" visitedSequencePoints="0" numBranchPoints="0" visitedBranchPoints="0" sequenceCoverage="0" branchCoverage="0" maxCyclomaticComplexity="1" minCyclomaticComplexity="1" visitedClasses="0" numClasses="0" visitedMethods="0" numMethods="0" />
              <MetadataToken>100663449</MetadataToken>
              <Name>System.Void NetUtils.MemoryCache.Tests.HttpClientCacheTests/&lt;&gt;c__DisplayClass0_1/&lt;&lt;HttpGetETagCacheTestsAsync&gt;b__12&gt;d::SetStateMachine(System.Runtime.CompilerServices.IAsyncStateMachine)</Name>
              <SequencePoints />
              <BranchPoints />
              <MethodPoint vc="0" uspid="372" ordinal="0" offset="0" />
            </Method>
          </Methods>
        </Class>
        <Class>
          <Summary numSequencePoints="3" visitedSequencePoints="0" numBranchPoints="1" visitedBranchPoints="0" sequenceCoverage="0" branchCoverage="0" maxCyclomaticComplexity="3" minCyclomaticComplexity="1" visitedClasses="0" numClasses="1" visitedMethods="0" numMethods="1" />
          <FullName>NetUtils.MemoryCache.Tests.HttpClientCacheTests/&lt;&gt;c__DisplayClass0_1/&lt;&lt;HttpGetETagCacheTestsAsync&gt;b__13&gt;d</FullName>
          <Methods>
            <Method visited="false" cyclomaticComplexity="1" nPathComplexity="0" sequenceCoverage="0" branchCoverage="0" isConstructor="true" isStatic="false" isGetter="false" isSetter="false">
              <Summary numSequencePoints="0" visitedSequencePoints="0" numBranchPoints="0" visitedBranchPoints="0" sequenceCoverage="0" branchCoverage="0" maxCyclomaticComplexity="1" minCyclomaticComplexity="1" visitedClasses="0" numClasses="0" visitedMethods="0" numMethods="0" />
              <MetadataToken>100663450</MetadataToken>
              <Name>System.Void NetUtils.MemoryCache.Tests.HttpClientCacheTests/&lt;&gt;c__DisplayClass0_1/&lt;&lt;HttpGetETagCacheTestsAsync&gt;b__13&gt;d::.ctor()</Name>
              <SequencePoints />
              <BranchPoints />
              <MethodPoint vc="0" uspid="373" ordinal="0" offset="0" />
            </Method>
            <Method visited="false" cyclomaticComplexity="3" nPathComplexity="0" sequenceCoverage="0" branchCoverage="0" isConstructor="false" isStatic="false" isGetter="false" isSetter="false">
              <Summary numSequencePoints="3" visitedSequencePoints="0" numBranchPoints="1" visitedBranchPoints="0" sequenceCoverage="0" branchCoverage="0" maxCyclomaticComplexity="3" minCyclomaticComplexity="3" visitedClasses="0" numClasses="0" visitedMethods="0" numMethods="1" />
              <MetadataToken>100663451</MetadataToken>
              <Name>System.Void NetUtils.MemoryCache.Tests.HttpClientCacheTests/&lt;&gt;c__DisplayClass0_1/&lt;&lt;HttpGetETagCacheTestsAsync&gt;b__13&gt;d::MoveNext()</Name>
              <FileRef uid="20" />
              <SequencePoints>
                <SequencePoint vc="0" uspid="374" ordinal="0" offset="14" sl="118" sc="21" el="118" ec="22" bec="0" bev="0" fileid="20" />
                <SequencePoint vc="0" uspid="375" ordinal="1" offset="15" sl="119" sc="25" el="119" ec="61" bec="0" bev="0" fileid="20" />
                <SequencePoint vc="0" uspid="376" ordinal="2" offset="32" sl="120" sc="25" el="120" ec="107" bec="0" bev="0" fileid="20" />
              </SequencePoints>
              <BranchPoints />
              <MethodPoint vc="0" uspid="382" ordinal="0" offset="0" />
            </Method>
            <Method visited="false" cyclomaticComplexity="1" nPathComplexity="0" sequenceCoverage="0" branchCoverage="0" isConstructor="false" isStatic="false" isGetter="false" isSetter="false">
              <Summary numSequencePoints="0" visitedSequencePoints="0" numBranchPoints="0" visitedBranchPoints="0" sequenceCoverage="0" branchCoverage="0" maxCyclomaticComplexity="1" minCyclomaticComplexity="1" visitedClasses="0" numClasses="0" visitedMethods="0" numMethods="0" />
              <MetadataToken>100663452</MetadataToken>
              <Name>System.Void NetUtils.MemoryCache.Tests.HttpClientCacheTests/&lt;&gt;c__DisplayClass0_1/&lt;&lt;HttpGetETagCacheTestsAsync&gt;b__13&gt;d::SetStateMachine(System.Runtime.CompilerServices.IAsyncStateMachine)</Name>
              <SequencePoints />
              <BranchPoints />
              <MethodPoint vc="0" uspid="383" ordinal="0" offset="0" />
            </Method>
          </Methods>
        </Class>
        <Class>
          <Summary numSequencePoints="32" visitedSequencePoints="0" numBranchPoints="5" visitedBranchPoints="0" sequenceCoverage="0" branchCoverage="0" maxCyclomaticComplexity="11" minCyclomaticComplexity="1" visitedClasses="0" numClasses="1" visitedMethods="0" numMethods="1" />
          <FullName>NetUtils.MemoryCache.Tests.HttpClientCacheTests/&lt;HttpGetETagCacheTestsAsync&gt;d__0</FullName>
          <Methods>
            <Method visited="false" cyclomaticComplexity="1" nPathComplexity="0" sequenceCoverage="0" branchCoverage="0" isConstructor="true" isStatic="false" isGetter="false" isSetter="false">
              <Summary numSequencePoints="0" visitedSequencePoints="0" numBranchPoints="0" visitedBranchPoints="0" sequenceCoverage="0" branchCoverage="0" maxCyclomaticComplexity="1" minCyclomaticComplexity="1" visitedClasses="0" numClasses="0" visitedMethods="0" numMethods="0" />
              <MetadataToken>100663383</MetadataToken>
              <Name>System.Void NetUtils.MemoryCache.Tests.HttpClientCacheTests/&lt;HttpGetETagCacheTestsAsync&gt;d__0::.ctor()</Name>
              <SequencePoints />
              <BranchPoints />
              <MethodPoint vc="0" uspid="384" ordinal="0" offset="0" />
            </Method>
            <Method visited="false" cyclomaticComplexity="11" nPathComplexity="4" sequenceCoverage="0" branchCoverage="0" isConstructor="false" isStatic="false" isGetter="false" isSetter="false">
              <Summary numSequencePoints="32" visitedSequencePoints="0" numBranchPoints="5" visitedBranchPoints="0" sequenceCoverage="0" branchCoverage="0" maxCyclomaticComplexity="11" minCyclomaticComplexity="11" visitedClasses="0" numClasses="0" visitedMethods="0" numMethods="1" />
              <MetadataToken>100663384</MetadataToken>
              <Name>System.Void NetUtils.MemoryCache.Tests.HttpClientCacheTests/&lt;HttpGetETagCacheTestsAsync&gt;d__0::MoveNext()</Name>
              <FileRef uid="20" />
              <SequencePoints>
                <SequencePoint vc="0" uspid="385" ordinal="0" offset="15" sl="19" sc="9" el="19" ec="10" bec="0" bev="0" fileid="20" />
                <SequencePoint vc="0" uspid="386" ordinal="1" offset="16" sl="20" sc="13" el="20" ec="90" bec="0" bev="0" fileid="20" />
                <SequencePoint vc="0" uspid="387" ordinal="2" offset="43" sl="21" sc="20" el="21" ec="49" bec="4" bev="0" fileid="20" />
                <SequencePoint vc="0" uspid="388" ordinal="3" offset="123" sl="22" sc="13" el="22" ec="14" bec="0" bev="0" fileid="20" />
                <SequencePoint vc="0" uspid="389" ordinal="4" offset="124" sl="23" sc="17" el="23" ec="60" bec="0" bev="0" fileid="20" />
                <SequencePoint vc="0" uspid="390" ordinal="5" offset="140" sl="24" sc="17" el="24" ec="43" bec="0" bev="0" fileid="20" />
                <SequencePoint vc="0" uspid="391" ordinal="6" offset="156" sl="26" sc="17" el="26" ec="34" bec="0" bev="0" fileid="20" />
                <SequencePoint vc="0" uspid="392" ordinal="7" offset="168" sl="27" sc="17" el="27" ec="34" bec="0" bev="0" fileid="20" />
                <SequencePoint vc="0" uspid="393" ordinal="8" offset="180" sl="29" sc="17" el="34" ec="20" bec="0" bev="0" fileid="20" />
                <SequencePoint vc="0" uspid="394" ordinal="9" offset="214" sl="35" sc="17" el="44" ec="53" bec="0" bev="0" fileid="20" />
                <SequencePoint vc="0" uspid="395" ordinal="10" offset="300" sl="45" sc="17" el="45" ec="41" bec="0" bev="0" fileid="20" />
                <SequencePoint vc="0" uspid="396" ordinal="11" offset="333" sl="46" sc="17" el="46" ec="41" bec="0" bev="0" fileid="20" />
                <SequencePoint vc="0" uspid="397" ordinal="12" offset="366" sl="48" sc="17" el="53" ec="20" bec="0" bev="0" fileid="20" />
                <SequencePoint vc="0" uspid="398" ordinal="13" offset="400" sl="54" sc="17" el="63" ec="53" bec="0" bev="0" fileid="20" />
                <SequencePoint vc="0" uspid="399" ordinal="14" offset="486" sl="64" sc="17" el="64" ec="41" bec="0" bev="0" fileid="20" />
                <SequencePoint vc="0" uspid="400" ordinal="15" offset="519" sl="65" sc="17" el="65" ec="41" bec="0" bev="0" fileid="20" />
                <SequencePoint vc="0" uspid="401" ordinal="16" offset="552" sl="67" sc="17" el="67" ec="39" bec="0" bev="0" fileid="20" />
                <SequencePoint vc="0" uspid="402" ordinal="17" offset="652" sl="68" sc="17" el="73" ec="20" bec="0" bev="0" fileid="20" />
                <SequencePoint vc="0" uspid="403" ordinal="18" offset="686" sl="74" sc="17" el="83" ec="53" bec="0" bev="0" fileid="20" />
                <SequencePoint vc="0" uspid="404" ordinal="19" offset="772" sl="84" sc="17" el="84" ec="41" bec="0" bev="0" fileid="20" />
                <SequencePoint vc="0" uspid="405" ordinal="20" offset="805" sl="85" sc="17" el="85" ec="41" bec="0" bev="0" fileid="20" />
                <SequencePoint vc="0" uspid="406" ordinal="21" offset="838" sl="87" sc="17" el="87" ec="39" bec="0" bev="0" fileid="20" />
                <SequencePoint vc="0" uspid="407" ordinal="22" offset="854" sl="88" sc="17" el="88" ec="38" bec="0" bev="0" fileid="20" />
                <SequencePoint vc="0" uspid="408" ordinal="23" offset="951" sl="89" sc="17" el="94" ec="20" bec="0" bev="0" fileid="20" />
                <SequencePoint vc="0" uspid="409" ordinal="24" offset="985" sl="95" sc="17" el="104" ec="53" bec="0" bev="0" fileid="20" />
                <SequencePoint vc="0" uspid="410" ordinal="25" offset="1071" sl="105" sc="17" el="105" ec="41" bec="0" bev="0" fileid="20" />
                <SequencePoint vc="0" uspid="411" ordinal="26" offset="1104" sl="106" sc="17" el="106" ec="41" bec="0" bev="0" fileid="20" />
                <SequencePoint vc="0" uspid="412" ordinal="27" offset="1137" sl="108" sc="17" el="108" ec="39" bec="0" bev="0" fileid="20" />
                <SequencePoint vc="0" uspid="413" ordinal="28" offset="1240" sl="109" sc="17" el="114" ec="20" bec="0" bev="0" fileid="20" />
                <SequencePoint vc="0" uspid="414" ordinal="29" offset="1274" sl="115" sc="17" el="124" ec="53" bec="0" bev="0" fileid="20" />
                <SequencePoint vc="0" uspid="415" ordinal="30" offset="1360" sl="125" sc="17" el="125" ec="41" bec="0" bev="0" fileid="20" />
                <SequencePoint vc="0" uspid="416" ordinal="31" offset="1393" sl="126" sc="17" el="126" ec="41" bec="0" bev="0" fileid="20" />
              </SequencePoints>
              <BranchPoints>
                <BranchPoint vc="0" uspid="419" ordinal="0" offset="61" sl="21" path="0" offsetchain="78" offsetend="95" fileid="20" />
                <BranchPoint vc="0" uspid="420" ordinal="1" offset="61" sl="21" path="1" offsetchain="80" offsetend="616" fileid="20" />
                <BranchPoint vc="0" uspid="421" ordinal="2" offset="61" sl="21" path="2" offsetchain="85" offsetend="915" fileid="20" />
                <BranchPoint vc="0" uspid="422" ordinal="3" offset="61" sl="21" path="3" offsetchain="90" offsetend="1203" fileid="20" />
              </BranchPoints>
              <MethodPoint vc="0" uspid="429" ordinal="0" offset="0" />
            </Method>
            <Method visited="false" cyclomaticComplexity="1" nPathComplexity="0" sequenceCoverage="0" branchCoverage="0" isConstructor="false" isStatic="false" isGetter="false" isSetter="false">
              <Summary numSequencePoints="0" visitedSequencePoints="0" numBranchPoints="0" visitedBranchPoints="0" sequenceCoverage="0" branchCoverage="0" maxCyclomaticComplexity="1" minCyclomaticComplexity="1" visitedClasses="0" numClasses="0" visitedMethods="0" numMethods="0" />
              <MetadataToken>100663385</MetadataToken>
              <Name>System.Void NetUtils.MemoryCache.Tests.HttpClientCacheTests/&lt;HttpGetETagCacheTestsAsync&gt;d__0::SetStateMachine(System.Runtime.CompilerServices.IAsyncStateMachine)</Name>
              <SequencePoints />
              <BranchPoints />
              <MethodPoint vc="0" uspid="430" ordinal="0" offset="0" />
            </Method>
          </Methods>
        </Class>
        <Class>
          <Summary numSequencePoints="16" visitedSequencePoints="16" numBranchPoints="2" visitedBranchPoints="2" sequenceCoverage="100" branchCoverage="100" maxCyclomaticComplexity="3" minCyclomaticComplexity="1" visitedClasses="1" numClasses="1" visitedMethods="2" numMethods="2" />
          <FullName>NetUtils.MemoryCache.Tests.MemoryCacheInstanceTests</FullName>
          <Methods>
            <Method visited="true" cyclomaticComplexity="3" nPathComplexity="0" sequenceCoverage="100" branchCoverage="100" isConstructor="false" isStatic="false" isGetter="false" isSetter="false">
              <Summary numSequencePoints="9" visitedSequencePoints="9" numBranchPoints="1" visitedBranchPoints="1" sequenceCoverage="100" branchCoverage="100" maxCyclomaticComplexity="3" minCyclomaticComplexity="3" visitedClasses="0" numClasses="0" visitedMethods="1" numMethods="1" />
              <MetadataToken>100663318</MetadataToken>
              <Name>System.Void NetUtils.MemoryCache.Tests.MemoryCacheInstanceTests::TestSetDataOnException()</Name>
              <FileRef uid="32" />
              <SequencePoints>
                <SequencePoint vc="1" uspid="431" ordinal="0" offset="6" sl="15" sc="9" el="15" ec="10" bec="0" bev="0" fileid="32" />
                <SequencePoint vc="1" uspid="432" ordinal="1" offset="7" sl="16" sc="13" el="16" ec="86" bec="0" bev="0" fileid="32" />
                <SequencePoint vc="1" uspid="433" ordinal="2" offset="23" sl="17" sc="13" el="17" ec="49" bec="0" bev="0" fileid="32" />
                <SequencePoint vc="1" uspid="434" ordinal="3" offset="44" sl="18" sc="13" el="18" ec="122" bec="0" bev="0" fileid="32" />
                <SequencePoint vc="1" uspid="435" ordinal="4" offset="99" sl="19" sc="13" el="19" ec="38" bec="0" bev="0" fileid="32" />
                <SequencePoint vc="1" uspid="436" ordinal="5" offset="121" sl="20" sc="13" el="20" ec="169" bec="0" bev="0" fileid="32" />
                <SequencePoint vc="1" uspid="437" ordinal="6" offset="197" sl="22" sc="13" el="22" ec="193" bec="0" bev="0" fileid="32" />
                <SequencePoint vc="1" uspid="438" ordinal="7" offset="210" sl="23" sc="13" el="23" ec="61" bec="0" bev="0" fileid="32" />
                <SequencePoint vc="1" uspid="439" ordinal="8" offset="232" sl="24" sc="9" el="24" ec="10" bec="0" bev="0" fileid="32" />
              </SequencePoints>
              <BranchPoints />
              <MethodPoint vc="1" uspid="444" ordinal="0" offset="0" />
            </Method>
            <Method visited="true" cyclomaticComplexity="1" nPathComplexity="0" sequenceCoverage="100" branchCoverage="100" isConstructor="false" isStatic="false" isGetter="false" isSetter="false">
              <Summary numSequencePoints="7" visitedSequencePoints="7" numBranchPoints="1" visitedBranchPoints="1" sequenceCoverage="100" branchCoverage="100" maxCyclomaticComplexity="1" minCyclomaticComplexity="1" visitedClasses="0" numClasses="0" visitedMethods="1" numMethods="1" />
              <MetadataToken>100663319</MetadataToken>
              <Name>System.Void NetUtils.MemoryCache.Tests.MemoryCacheInstanceTests::TestDeleteKey()</Name>
              <FileRef uid="32" />
              <SequencePoints>
                <SequencePoint vc="1" uspid="445" ordinal="0" offset="0" sl="28" sc="9" el="28" ec="10" bec="0" bev="0" fileid="32" />
                <SequencePoint vc="1" uspid="446" ordinal="1" offset="1" sl="29" sc="13" el="29" ec="77" bec="0" bev="0" fileid="32" />
                <SequencePoint vc="1" uspid="447" ordinal="2" offset="12" sl="30" sc="13" el="30" ec="49" bec="0" bev="0" fileid="32" />
                <SequencePoint vc="1" uspid="448" ordinal="3" offset="32" sl="31" sc="13" el="31" ec="65" bec="0" bev="0" fileid="32" />
                <SequencePoint vc="1" uspid="449" ordinal="4" offset="51" sl="32" sc="13" el="32" ec="55" bec="0" bev="0" fileid="32" />
                <SequencePoint vc="1" uspid="450" ordinal="5" offset="79" sl="33" sc="13" el="33" ec="56" bec="0" bev="0" fileid="32" />
                <SequencePoint vc="1" uspid="451" ordinal="6" offset="107" sl="34" sc="9" el="34" ec="10" bec="0" bev="0" fileid="32" />
              </SequencePoints>
              <BranchPoints />
              <MethodPoint xsi:type="SequencePoint" vc="1" uspid="445" ordinal="0" offset="0" sl="28" sc="9" el="28" ec="10" bec="0" bev="0" fileid="32" />
            </Method>
            <Method visited="true" cyclomaticComplexity="1" nPathComplexity="0" sequenceCoverage="0" branchCoverage="0" isConstructor="false" isStatic="false" isGetter="false" isSetter="false">
              <Summary numSequencePoints="0" visitedSequencePoints="0" numBranchPoints="0" visitedBranchPoints="0" sequenceCoverage="0" branchCoverage="0" maxCyclomaticComplexity="1" minCyclomaticComplexity="1" visitedClasses="0" numClasses="0" visitedMethods="0" numMethods="0" />
              <MetadataToken>100663320</MetadataToken>
              <Name>System.Threading.Tasks.Task NetUtils.MemoryCache.Tests.MemoryCacheInstanceTests::TestDeleteKey_DisposableAsync()</Name>
              <SequencePoints />
              <BranchPoints />
              <MethodPoint vc="1" uspid="452" ordinal="0" offset="0" />
            </Method>
            <Method visited="true" cyclomaticComplexity="1" nPathComplexity="0" sequenceCoverage="0" branchCoverage="0" isConstructor="false" isStatic="false" isGetter="false" isSetter="false">
              <Summary numSequencePoints="0" visitedSequencePoints="0" numBranchPoints="0" visitedBranchPoints="0" sequenceCoverage="0" branchCoverage="0" maxCyclomaticComplexity="1" minCyclomaticComplexity="1" visitedClasses="0" numClasses="0" visitedMethods="0" numMethods="0" />
              <MetadataToken>100663321</MetadataToken>
              <Name>System.Threading.Tasks.Task NetUtils.MemoryCache.Tests.MemoryCacheInstanceTests::TestClearAsync()</Name>
              <SequencePoints />
              <BranchPoints />
              <MethodPoint vc="1" uspid="453" ordinal="0" offset="0" />
            </Method>
            <Method visited="true" cyclomaticComplexity="1" nPathComplexity="0" sequenceCoverage="0" branchCoverage="0" isConstructor="false" isStatic="false" isGetter="false" isSetter="false">
              <Summary numSequencePoints="0" visitedSequencePoints="0" numBranchPoints="0" visitedBranchPoints="0" sequenceCoverage="0" branchCoverage="0" maxCyclomaticComplexity="1" minCyclomaticComplexity="1" visitedClasses="0" numClasses="0" visitedMethods="0" numMethods="0" />
              <MetadataToken>100663322</MetadataToken>
              <Name>System.Threading.Tasks.Task NetUtils.MemoryCache.Tests.MemoryCacheInstanceTests::TestAutoReloadOnExceptionAsync(System.Boolean)</Name>
              <SequencePoints />
              <BranchPoints />
              <MethodPoint vc="2" uspid="454" ordinal="0" offset="0" />
            </Method>
            <Method visited="true" cyclomaticComplexity="1" nPathComplexity="0" sequenceCoverage="0" branchCoverage="0" isConstructor="true" isStatic="false" isGetter="false" isSetter="false">
              <Summary numSequencePoints="0" visitedSequencePoints="0" numBranchPoints="0" visitedBranchPoints="0" sequenceCoverage="0" branchCoverage="0" maxCyclomaticComplexity="1" minCyclomaticComplexity="1" visitedClasses="0" numClasses="0" visitedMethods="0" numMethods="0" />
              <MetadataToken>100663323</MetadataToken>
              <Name>System.Void NetUtils.MemoryCache.Tests.MemoryCacheInstanceTests::.ctor()</Name>
              <SequencePoints />
              <BranchPoints />
              <MethodPoint vc="1" uspid="455" ordinal="0" offset="0" />
            </Method>
          </Methods>
        </Class>
        <Class>
          <Summary numSequencePoints="1" visitedSequencePoints="1" numBranchPoints="1" visitedBranchPoints="1" sequenceCoverage="100" branchCoverage="100" maxCyclomaticComplexity="2" minCyclomaticComplexity="1" visitedClasses="1" numClasses="1" visitedMethods="1" numMethods="1" />
          <FullName>NetUtils.MemoryCache.Tests.MemoryCacheInstanceTests/&lt;&gt;c__DisplayClass0_0</FullName>
          <Methods>
            <Method visited="true" cyclomaticComplexity="1" nPathComplexity="0" sequenceCoverage="0" branchCoverage="0" isConstructor="true" isStatic="false" isGetter="false" isSetter="false">
              <Summary numSequencePoints="0" visitedSequencePoints="0" numBranchPoints="0" visitedBranchPoints="0" sequenceCoverage="0" branchCoverage="0" maxCyclomaticComplexity="1" minCyclomaticComplexity="1" visitedClasses="0" numClasses="0" visitedMethods="0" numMethods="0" />
              <MetadataToken>100663386</MetadataToken>
              <Name>System.Void NetUtils.MemoryCache.Tests.MemoryCacheInstanceTests/&lt;&gt;c__DisplayClass0_0::.ctor()</Name>
              <SequencePoints />
              <BranchPoints />
              <MethodPoint vc="1" uspid="456" ordinal="0" offset="0" />
            </Method>
            <Method visited="true" cyclomaticComplexity="2" nPathComplexity="0" sequenceCoverage="100" branchCoverage="100" isConstructor="false" isStatic="false" isGetter="false" isSetter="false">
              <Summary numSequencePoints="1" visitedSequencePoints="1" numBranchPoints="1" visitedBranchPoints="1" sequenceCoverage="100" branchCoverage="100" maxCyclomaticComplexity="2" minCyclomaticComplexity="2" visitedClasses="0" numClasses="0" visitedMethods="1" numMethods="1" />
              <MetadataToken>100663387</MetadataToken>
              <Name>System.Void NetUtils.MemoryCache.Tests.MemoryCacheInstanceTests/&lt;&gt;c__DisplayClass0_0::&lt;TestSetDataOnException&gt;b__2()</Name>
              <FileRef uid="32" />
              <SequencePoints>
                <SequencePoint vc="1" uspid="457" ordinal="0" offset="0" sl="22" sc="32" el="22" ec="192" bec="0" bev="0" fileid="32" />
              </SequencePoints>
              <BranchPoints />
              <MethodPoint xsi:type="SequencePoint" vc="1" uspid="457" ordinal="0" offset="0" sl="22" sc="32" el="22" ec="192" bec="0" bev="0" fileid="32" />
            </Method>
          </Methods>
        </Class>
        <Class>
          <Summary numSequencePoints="7" visitedSequencePoints="6" numBranchPoints="7" visitedBranchPoints="6" sequenceCoverage="85.71" branchCoverage="85.71" maxCyclomaticComplexity="1" minCyclomaticComplexity="1" visitedClasses="1" numClasses="1" visitedMethods="6" numMethods="7" />
          <FullName>NetUtils.MemoryCache.Tests.MemoryCacheInstanceTests/&lt;&gt;c</FullName>
          <Methods>
            <Method visited="true" cyclomaticComplexity="1" nPathComplexity="0" sequenceCoverage="0" branchCoverage="0" isConstructor="true" isStatic="true" isGetter="false" isSetter="false">
              <Summary numSequencePoints="0" visitedSequencePoints="0" numBranchPoints="0" visitedBranchPoints="0" sequenceCoverage="0" branchCoverage="0" maxCyclomaticComplexity="1" minCyclomaticComplexity="1" visitedClasses="0" numClasses="0" visitedMethods="0" numMethods="0" />
              <MetadataToken>100663388</MetadataToken>
              <Name>System.Void NetUtils.MemoryCache.Tests.MemoryCacheInstanceTests/&lt;&gt;c::.cctor()</Name>
              <SequencePoints />
              <BranchPoints />
              <MethodPoint vc="1" uspid="460" ordinal="0" offset="0" />
            </Method>
            <Method visited="true" cyclomaticComplexity="1" nPathComplexity="0" sequenceCoverage="0" branchCoverage="0" isConstructor="true" isStatic="false" isGetter="false" isSetter="false">
              <Summary numSequencePoints="0" visitedSequencePoints="0" numBranchPoints="0" visitedBranchPoints="0" sequenceCoverage="0" branchCoverage="0" maxCyclomaticComplexity="1" minCyclomaticComplexity="1" visitedClasses="0" numClasses="0" visitedMethods="0" numMethods="0" />
              <MetadataToken>100663389</MetadataToken>
              <Name>System.Void NetUtils.MemoryCache.Tests.MemoryCacheInstanceTests/&lt;&gt;c::.ctor()</Name>
              <SequencePoints />
              <BranchPoints />
              <MethodPoint vc="1" uspid="461" ordinal="0" offset="0" />
            </Method>
            <Method visited="true" cyclomaticComplexity="1" nPathComplexity="0" sequenceCoverage="100" branchCoverage="100" isConstructor="false" isStatic="false" isGetter="false" isSetter="false">
              <Summary numSequencePoints="1" visitedSequencePoints="1" numBranchPoints="1" visitedBranchPoints="1" sequenceCoverage="100" branchCoverage="100" maxCyclomaticComplexity="1" minCyclomaticComplexity="1" visitedClasses="0" numClasses="0" visitedMethods="1" numMethods="1" />
              <MetadataToken>100663390</MetadataToken>
              <Name>System.Object NetUtils.MemoryCache.Tests.MemoryCacheInstanceTests/&lt;&gt;c::&lt;TestSetDataOnException&gt;b__0_0()</Name>
              <FileRef uid="32" />
              <SequencePoints>
                <SequencePoint vc="1" uspid="462" ordinal="0" offset="0" sl="18" sc="70" el="18" ec="82" bec="0" bev="0" fileid="32" />
              </SequencePoints>
              <BranchPoints />
              <MethodPoint xsi:type="SequencePoint" vc="1" uspid="462" ordinal="0" offset="0" sl="18" sc="70" el="18" ec="82" bec="0" bev="0" fileid="32" />
            </Method>
            <Method visited="false" cyclomaticComplexity="1" nPathComplexity="0" sequenceCoverage="0" branchCoverage="0" isConstructor="false" isStatic="false" isGetter="false" isSetter="false">
              <Summary numSequencePoints="1" visitedSequencePoints="0" numBranchPoints="1" visitedBranchPoints="0" sequenceCoverage="0" branchCoverage="0" maxCyclomaticComplexity="1" minCyclomaticComplexity="1" visitedClasses="0" numClasses="0" visitedMethods="0" numMethods="1" />
              <MetadataToken>100663391</MetadataToken>
              <Name>System.Threading.Tasks.Task`1&lt;System.Object&gt; NetUtils.MemoryCache.Tests.MemoryCacheInstanceTests/&lt;&gt;c::&lt;TestSetDataOnException&gt;b__0_1()</Name>
              <FileRef uid="32" />
              <SequencePoints>
                <SequencePoint vc="0" uspid="463" ordinal="0" offset="0" sl="20" sc="68" el="20" ec="112" bec="0" bev="0" fileid="32" />
              </SequencePoints>
              <BranchPoints />
              <MethodPoint xsi:type="SequencePoint" vc="0" uspid="463" ordinal="0" offset="0" sl="20" sc="68" el="20" ec="112" bec="0" bev="0" fileid="32" />
            </Method>
            <Method visited="true" cyclomaticComplexity="1" nPathComplexity="0" sequenceCoverage="100" branchCoverage="100" isConstructor="false" isStatic="false" isGetter="false" isSetter="false">
              <Summary numSequencePoints="1" visitedSequencePoints="1" numBranchPoints="1" visitedBranchPoints="1" sequenceCoverage="100" branchCoverage="100" maxCyclomaticComplexity="1" minCyclomaticComplexity="1" visitedClasses="0" numClasses="0" visitedMethods="1" numMethods="1" />
              <MetadataToken>100663392</MetadataToken>
              <Name>System.Threading.Tasks.Task`1&lt;System.Object&gt; NetUtils.MemoryCache.Tests.MemoryCacheInstanceTests/&lt;&gt;c::&lt;TestSetDataOnException&gt;b__0_3()</Name>
              <FileRef uid="32" />
              <SequencePoints>
                <SequencePoint vc="1" uspid="464" ordinal="0" offset="0" sl="22" sc="109" el="22" ec="153" bec="0" bev="0" fileid="32" />
              </SequencePoints>
              <BranchPoints />
              <MethodPoint xsi:type="SequencePoint" vc="1" uspid="464" ordinal="0" offset="0" sl="22" sc="109" el="22" ec="153" bec="0" bev="0" fileid="32" />
            </Method>
            <Method visited="true" cyclomaticComplexity="1" nPathComplexity="0" sequenceCoverage="100" branchCoverage="100" isConstructor="false" isStatic="false" isGetter="false" isSetter="false">
              <Summary numSequencePoints="1" visitedSequencePoints="1" numBranchPoints="1" visitedBranchPoints="1" sequenceCoverage="100" branchCoverage="100" maxCyclomaticComplexity="1" minCyclomaticComplexity="1" visitedClasses="0" numClasses="0" visitedMethods="1" numMethods="1" />
              <MetadataToken>100663393</MetadataToken>
              <Name>System.Int32 NetUtils.MemoryCache.Tests.MemoryCacheInstanceTests/&lt;&gt;c::&lt;TestAutoReloadOnExceptionAsync&gt;b__4_0()</Name>
              <FileRef uid="32" />
              <SequencePoints>
                <SequencePoint vc="2" uspid="465" ordinal="0" offset="0" sl="94" sc="71" el="94" ec="72" bec="0" bev="0" fileid="32" />
              </SequencePoints>
              <BranchPoints />
              <MethodPoint xsi:type="SequencePoint" vc="2" uspid="465" ordinal="0" offset="0" sl="94" sc="71" el="94" ec="72" bec="0" bev="0" fileid="32" />
            </Method>
            <Method visited="true" cyclomaticComplexity="1" nPathComplexity="0" sequenceCoverage="100" branchCoverage="100" isConstructor="false" isStatic="false" isGetter="false" isSetter="false">
              <Summary numSequencePoints="1" visitedSequencePoints="1" numBranchPoints="1" visitedBranchPoints="1" sequenceCoverage="100" branchCoverage="100" maxCyclomaticComplexity="1" minCyclomaticComplexity="1" visitedClasses="0" numClasses="0" visitedMethods="1" numMethods="1" />
              <MetadataToken>100663394</MetadataToken>
              <Name>System.Void NetUtils.MemoryCache.Tests.MemoryCacheInstanceTests/&lt;&gt;c::&lt;TestAutoReloadOnExceptionAsync&gt;b__4_4(System.Diagnostics.Stopwatch)</Name>
              <FileRef uid="32" />
              <SequencePoints>
                <SequencePoint vc="2" uspid="466" ordinal="0" offset="0" sl="127" sc="47" el="127" ec="95" bec="0" bev="0" fileid="32" />
              </SequencePoints>
              <BranchPoints />
              <MethodPoint xsi:type="SequencePoint" vc="2" uspid="466" ordinal="0" offset="0" sl="127" sc="47" el="127" ec="95" bec="0" bev="0" fileid="32" />
            </Method>
            <Method visited="true" cyclomaticComplexity="1" nPathComplexity="0" sequenceCoverage="100" branchCoverage="100" isConstructor="false" isStatic="false" isGetter="false" isSetter="false">
              <Summary numSequencePoints="1" visitedSequencePoints="1" numBranchPoints="1" visitedBranchPoints="1" sequenceCoverage="100" branchCoverage="100" maxCyclomaticComplexity="1" minCyclomaticComplexity="1" visitedClasses="0" numClasses="0" visitedMethods="1" numMethods="1" />
              <MetadataToken>100663395</MetadataToken>
              <Name>System.Int32 NetUtils.MemoryCache.Tests.MemoryCacheInstanceTests/&lt;&gt;c::&lt;TestAutoReloadOnExceptionAsync&gt;b__4_5()</Name>
              <FileRef uid="32" />
              <SequencePoints>
                <SequencePoint vc="2" uspid="467" ordinal="0" offset="0" sl="129" sc="71" el="129" ec="72" bec="0" bev="0" fileid="32" />
              </SequencePoints>
              <BranchPoints />
              <MethodPoint xsi:type="SequencePoint" vc="2" uspid="467" ordinal="0" offset="0" sl="129" sc="71" el="129" ec="72" bec="0" bev="0" fileid="32" />
            </Method>
            <Method visited="true" cyclomaticComplexity="1" nPathComplexity="0" sequenceCoverage="100" branchCoverage="100" isConstructor="false" isStatic="false" isGetter="false" isSetter="false">
              <Summary numSequencePoints="1" visitedSequencePoints="1" numBranchPoints="1" visitedBranchPoints="1" sequenceCoverage="100" branchCoverage="100" maxCyclomaticComplexity="1" minCyclomaticComplexity="1" visitedClasses="0" numClasses="0" visitedMethods="1" numMethods="1" />
              <MetadataToken>100663396</MetadataToken>
              <Name>System.Void NetUtils.MemoryCache.Tests.MemoryCacheInstanceTests/&lt;&gt;c::&lt;TestAutoReloadOnExceptionAsync&gt;b__4_6(System.Diagnostics.Stopwatch)</Name>
              <FileRef uid="32" />
              <SequencePoints>
                <SequencePoint vc="1" uspid="468" ordinal="0" offset="0" sl="136" sc="51" el="136" ec="99" bec="0" bev="0" fileid="32" />
              </SequencePoints>
              <BranchPoints />
              <MethodPoint xsi:type="SequencePoint" vc="1" uspid="468" ordinal="0" offset="0" sl="136" sc="51" el="136" ec="99" bec="0" bev="0" fileid="32" />
            </Method>
          </Methods>
        </Class>
        <Class>
          <Summary numSequencePoints="3" visitedSequencePoints="3" numBranchPoints="1" visitedBranchPoints="1" sequenceCoverage="100" branchCoverage="100" maxCyclomaticComplexity="1" minCyclomaticComplexity="1" visitedClasses="1" numClasses="1" visitedMethods="1" numMethods="1" />
          <FullName>NetUtils.MemoryCache.Tests.MemoryCacheInstanceTests/&lt;&gt;c__DisplayClass2_0</FullName>
          <Methods>
            <Method visited="true" cyclomaticComplexity="1" nPathComplexity="0" sequenceCoverage="0" branchCoverage="0" isConstructor="true" isStatic="false" isGetter="false" isSetter="false">
              <Summary numSequencePoints="0" visitedSequencePoints="0" numBranchPoints="0" visitedBranchPoints="0" sequenceCoverage="0" branchCoverage="0" maxCyclomaticComplexity="1" minCyclomaticComplexity="1" visitedClasses="0" numClasses="0" visitedMethods="0" numMethods="0" />
              <MetadataToken>100663397</MetadataToken>
              <Name>System.Void NetUtils.MemoryCache.Tests.MemoryCacheInstanceTests/&lt;&gt;c__DisplayClass2_0::.ctor()</Name>
              <SequencePoints />
              <BranchPoints />
              <MethodPoint vc="1" uspid="469" ordinal="0" offset="0" />
            </Method>
            <Method visited="true" cyclomaticComplexity="1" nPathComplexity="0" sequenceCoverage="100" branchCoverage="100" isConstructor="false" isStatic="false" isGetter="false" isSetter="false">
              <Summary numSequencePoints="3" visitedSequencePoints="3" numBranchPoints="1" visitedBranchPoints="1" sequenceCoverage="100" branchCoverage="100" maxCyclomaticComplexity="1" minCyclomaticComplexity="1" visitedClasses="0" numClasses="0" visitedMethods="1" numMethods="1" />
              <MetadataToken>100663398</MetadataToken>
              <Name>System.Void NetUtils.MemoryCache.Tests.MemoryCacheInstanceTests/&lt;&gt;c__DisplayClass2_0::&lt;TestDeleteKey_DisposableAsync&gt;b__0()</Name>
              <FileRef uid="32" />
              <SequencePoints>
                <SequencePoint vc="1" uspid="470" ordinal="0" offset="0" sl="43" sc="50" el="43" ec="51" bec="0" bev="0" fileid="32" />
                <SequencePoint vc="1" uspid="471" ordinal="1" offset="1" sl="43" sc="52" el="43" ec="70" bec="0" bev="0" fileid="32" />
                <SequencePoint vc="1" uspid="472" ordinal="2" offset="8" sl="43" sc="71" el="43" ec="72" bec="0" bev="0" fileid="32" />
              </SequencePoints>
              <BranchPoints />
              <MethodPoint xsi:type="SequencePoint" vc="1" uspid="470" ordinal="0" offset="0" sl="43" sc="50" el="43" ec="51" bec="0" bev="0" fileid="32" />
            </Method>
          </Methods>
        </Class>
        <Class>
          <Summary numSequencePoints="14" visitedSequencePoints="14" numBranchPoints="1" visitedBranchPoints="1" sequenceCoverage="100" branchCoverage="100" maxCyclomaticComplexity="3" minCyclomaticComplexity="1" visitedClasses="1" numClasses="1" visitedMethods="1" numMethods="1" />
          <FullName>NetUtils.MemoryCache.Tests.MemoryCacheInstanceTests/&lt;TestDeleteKey_DisposableAsync&gt;d__2</FullName>
          <Methods>
            <Method visited="true" cyclomaticComplexity="1" nPathComplexity="0" sequenceCoverage="0" branchCoverage="0" isConstructor="true" isStatic="false" isGetter="false" isSetter="false">
              <Summary numSequencePoints="0" visitedSequencePoints="0" numBranchPoints="0" visitedBranchPoints="0" sequenceCoverage="0" branchCoverage="0" maxCyclomaticComplexity="1" minCyclomaticComplexity="1" visitedClasses="0" numClasses="0" visitedMethods="0" numMethods="0" />
              <MetadataToken>100663399</MetadataToken>
              <Name>System.Void NetUtils.MemoryCache.Tests.MemoryCacheInstanceTests/&lt;TestDeleteKey_DisposableAsync&gt;d__2::.ctor()</Name>
              <SequencePoints />
              <BranchPoints />
              <MethodPoint vc="1" uspid="473" ordinal="0" offset="0" />
            </Method>
            <Method visited="true" cyclomaticComplexity="3" nPathComplexity="0" sequenceCoverage="100" branchCoverage="100" isConstructor="false" isStatic="false" isGetter="false" isSetter="false">
              <Summary numSequencePoints="14" visitedSequencePoints="14" numBranchPoints="1" visitedBranchPoints="1" sequenceCoverage="100" branchCoverage="100" maxCyclomaticComplexity="3" minCyclomaticComplexity="3" visitedClasses="0" numClasses="0" visitedMethods="1" numMethods="1" />
              <MetadataToken>100663400</MetadataToken>
              <Name>System.Void NetUtils.MemoryCache.Tests.MemoryCacheInstanceTests/&lt;TestDeleteKey_DisposableAsync&gt;d__2::MoveNext()</Name>
              <FileRef uid="32" />
              <SequencePoints>
                <SequencePoint vc="1" uspid="474" ordinal="0" offset="28" sl="38" sc="9" el="38" ec="10" bec="0" bev="0" fileid="32" />
                <SequencePoint vc="1" uspid="475" ordinal="1" offset="29" sl="39" sc="13" el="39" ec="93" bec="0" bev="0" fileid="32" />
                <SequencePoint vc="1" uspid="476" ordinal="2" offset="45" sl="40" sc="13" el="40" ec="66" bec="0" bev="0" fileid="32" />
                <SequencePoint vc="1" uspid="477" ordinal="3" offset="71" sl="41" sc="13" el="41" ec="49" bec="0" bev="0" fileid="32" />
                <SequencePoint vc="1" uspid="478" ordinal="4" offset="96" sl="42" sc="13" el="42" ec="36" bec="0" bev="0" fileid="32" />
                <SequencePoint vc="1" uspid="479" ordinal="5" offset="108" sl="43" sc="13" el="43" ec="74" bec="0" bev="0" fileid="32" />
                <SequencePoint vc="1" uspid="480" ordinal="6" offset="136" sl="44" sc="13" el="44" ec="57" bec="0" bev="0" fileid="32" />
                <SequencePoint vc="1" uspid="481" ordinal="7" offset="166" sl="45" sc="13" el="45" ec="43" bec="0" bev="0" fileid="32" />
                <SequencePoint vc="1" uspid="482" ordinal="8" offset="198" sl="46" sc="13" el="46" ec="55" bec="0" bev="0" fileid="32" />
                <SequencePoint vc="1" uspid="483" ordinal="9" offset="236" sl="47" sc="13" el="47" ec="56" bec="0" bev="0" fileid="32" />
                <SequencePoint vc="1" uspid="484" ordinal="10" offset="274" sl="48" sc="13" el="48" ec="43" bec="0" bev="0" fileid="32" />
                <SequencePoint vc="1" uspid="485" ordinal="11" offset="306" sl="49" sc="13" el="49" ec="62" bec="0" bev="0" fileid="32" />
                <SequencePoint vc="1" uspid="486" ordinal="12" offset="412" sl="50" sc="13" el="50" ec="42" bec="0" bev="0" fileid="32" />
                <SequencePoint vc="1" uspid="487" ordinal="13" offset="472" sl="51" sc="9" el="51" ec="10" bec="0" bev="0" fileid="32" />
              </SequencePoints>
              <BranchPoints />
              <MethodPoint vc="2" uspid="490" ordinal="0" offset="0" />
            </Method>
            <Method visited="true" cyclomaticComplexity="1" nPathComplexity="0" sequenceCoverage="0" branchCoverage="0" isConstructor="false" isStatic="false" isGetter="false" isSetter="false">
              <Summary numSequencePoints="0" visitedSequencePoints="0" numBranchPoints="0" visitedBranchPoints="0" sequenceCoverage="0" branchCoverage="0" maxCyclomaticComplexity="1" minCyclomaticComplexity="1" visitedClasses="0" numClasses="0" visitedMethods="0" numMethods="0" />
              <MetadataToken>100663401</MetadataToken>
              <Name>System.Void NetUtils.MemoryCache.Tests.MemoryCacheInstanceTests/&lt;TestDeleteKey_DisposableAsync&gt;d__2::SetStateMachine(System.Runtime.CompilerServices.IAsyncStateMachine)</Name>
              <SequencePoints />
              <BranchPoints />
              <MethodPoint vc="1" uspid="491" ordinal="0" offset="0" />
            </Method>
          </Methods>
        </Class>
        <Class>
          <Summary numSequencePoints="3" visitedSequencePoints="3" numBranchPoints="1" visitedBranchPoints="1" sequenceCoverage="100" branchCoverage="100" maxCyclomaticComplexity="1" minCyclomaticComplexity="1" visitedClasses="1" numClasses="1" visitedMethods="1" numMethods="1" />
          <FullName>NetUtils.MemoryCache.Tests.MemoryCacheInstanceTests/&lt;&gt;c__DisplayClass3_0</FullName>
          <Methods>
            <Method visited="true" cyclomaticComplexity="1" nPathComplexity="0" sequenceCoverage="0" branchCoverage="0" isConstructor="true" isStatic="false" isGetter="false" isSetter="false">
              <Summary numSequencePoints="0" visitedSequencePoints="0" numBranchPoints="0" visitedBranchPoints="0" sequenceCoverage="0" branchCoverage="0" maxCyclomaticComplexity="1" minCyclomaticComplexity="1" visitedClasses="0" numClasses="0" visitedMethods="0" numMethods="0" />
              <MetadataToken>100663402</MetadataToken>
              <Name>System.Void NetUtils.MemoryCache.Tests.MemoryCacheInstanceTests/&lt;&gt;c__DisplayClass3_0::.ctor()</Name>
              <SequencePoints />
              <BranchPoints />
              <MethodPoint vc="1" uspid="492" ordinal="0" offset="0" />
            </Method>
            <Method visited="true" cyclomaticComplexity="1" nPathComplexity="0" sequenceCoverage="100" branchCoverage="100" isConstructor="false" isStatic="false" isGetter="false" isSetter="false">
              <Summary numSequencePoints="3" visitedSequencePoints="3" numBranchPoints="1" visitedBranchPoints="1" sequenceCoverage="100" branchCoverage="100" maxCyclomaticComplexity="1" minCyclomaticComplexity="1" visitedClasses="0" numClasses="0" visitedMethods="1" numMethods="1" />
              <MetadataToken>100663403</MetadataToken>
              <Name>System.Void NetUtils.MemoryCache.Tests.MemoryCacheInstanceTests/&lt;&gt;c__DisplayClass3_0::&lt;TestClearAsync&gt;b__0()</Name>
              <FileRef uid="32" />
              <SequencePoints>
                <SequencePoint vc="1" uspid="493" ordinal="0" offset="0" sl="75" sc="50" el="75" ec="51" bec="0" bev="0" fileid="32" />
                <SequencePoint vc="1" uspid="494" ordinal="1" offset="1" sl="75" sc="52" el="75" ec="70" bec="0" bev="0" fileid="32" />
                <SequencePoint vc="1" uspid="495" ordinal="2" offset="8" sl="75" sc="71" el="75" ec="72" bec="0" bev="0" fileid="32" />
              </SequencePoints>
              <BranchPoints />
              <MethodPoint xsi:type="SequencePoint" vc="1" uspid="493" ordinal="0" offset="0" sl="75" sc="50" el="75" ec="51" bec="0" bev="0" fileid="32" />
            </Method>
          </Methods>
        </Class>
        <Class>
          <Summary numSequencePoints="16" visitedSequencePoints="16" numBranchPoints="1" visitedBranchPoints="1" sequenceCoverage="100" branchCoverage="100" maxCyclomaticComplexity="3" minCyclomaticComplexity="1" visitedClasses="1" numClasses="1" visitedMethods="1" numMethods="1" />
          <FullName>NetUtils.MemoryCache.Tests.MemoryCacheInstanceTests/&lt;TestClearAsync&gt;d__3</FullName>
          <Methods>
            <Method visited="true" cyclomaticComplexity="1" nPathComplexity="0" sequenceCoverage="0" branchCoverage="0" isConstructor="true" isStatic="false" isGetter="false" isSetter="false">
              <Summary numSequencePoints="0" visitedSequencePoints="0" numBranchPoints="0" visitedBranchPoints="0" sequenceCoverage="0" branchCoverage="0" maxCyclomaticComplexity="1" minCyclomaticComplexity="1" visitedClasses="0" numClasses="0" visitedMethods="0" numMethods="0" />
              <MetadataToken>100663404</MetadataToken>
              <Name>System.Void NetUtils.MemoryCache.Tests.MemoryCacheInstanceTests/&lt;TestClearAsync&gt;d__3::.ctor()</Name>
              <SequencePoints />
              <BranchPoints />
              <MethodPoint vc="1" uspid="496" ordinal="0" offset="0" />
            </Method>
            <Method visited="true" cyclomaticComplexity="3" nPathComplexity="0" sequenceCoverage="100" branchCoverage="100" isConstructor="false" isStatic="false" isGetter="false" isSetter="false">
              <Summary numSequencePoints="16" visitedSequencePoints="16" numBranchPoints="1" visitedBranchPoints="1" sequenceCoverage="100" branchCoverage="100" maxCyclomaticComplexity="3" minCyclomaticComplexity="3" visitedClasses="0" numClasses="0" visitedMethods="1" numMethods="1" />
              <MetadataToken>100663405</MetadataToken>
              <Name>System.Void NetUtils.MemoryCache.Tests.MemoryCacheInstanceTests/&lt;TestClearAsync&gt;d__3::MoveNext()</Name>
              <FileRef uid="32" />
              <SequencePoints>
                <SequencePoint vc="1" uspid="497" ordinal="0" offset="28" sl="70" sc="9" el="70" ec="10" bec="0" bev="0" fileid="32" />
                <SequencePoint vc="1" uspid="498" ordinal="1" offset="29" sl="71" sc="13" el="71" ec="77" bec="0" bev="0" fileid="32" />
                <SequencePoint vc="1" uspid="499" ordinal="2" offset="45" sl="72" sc="13" el="72" ec="66" bec="0" bev="0" fileid="32" />
                <SequencePoint vc="1" uspid="500" ordinal="3" offset="71" sl="73" sc="13" el="73" ec="49" bec="0" bev="0" fileid="32" />
                <SequencePoint vc="1" uspid="501" ordinal="4" offset="96" sl="74" sc="13" el="74" ec="36" bec="0" bev="0" fileid="32" />
                <SequencePoint vc="1" uspid="502" ordinal="5" offset="108" sl="75" sc="13" el="75" ec="74" bec="0" bev="0" fileid="32" />
                <SequencePoint vc="1" uspid="503" ordinal="6" offset="136" sl="76" sc="13" el="76" ec="57" bec="0" bev="0" fileid="32" />
                <SequencePoint vc="1" uspid="504" ordinal="7" offset="166" sl="77" sc="13" el="77" ec="39" bec="0" bev="0" fileid="32" />
                <SequencePoint vc="1" uspid="505" ordinal="8" offset="199" sl="78" sc="13" el="78" ec="43" bec="0" bev="0" fileid="32" />
                <SequencePoint vc="1" uspid="506" ordinal="9" offset="231" sl="79" sc="13" el="79" ec="27" bec="0" bev="0" fileid="32" />
                <SequencePoint vc="1" uspid="507" ordinal="10" offset="243" sl="80" sc="13" el="80" ec="39" bec="0" bev="0" fileid="32" />
                <SequencePoint vc="1" uspid="508" ordinal="11" offset="276" sl="81" sc="13" el="81" ec="43" bec="0" bev="0" fileid="32" />
                <SequencePoint vc="1" uspid="509" ordinal="12" offset="308" sl="82" sc="13" el="82" ec="62" bec="0" bev="0" fileid="32" />
                <SequencePoint vc="1" uspid="510" ordinal="13" offset="417" sl="83" sc="13" el="83" ec="35" bec="0" bev="0" fileid="32" />
                <SequencePoint vc="1" uspid="511" ordinal="14" offset="429" sl="84" sc="13" el="84" ec="42" bec="0" bev="0" fileid="32" />
                <SequencePoint vc="1" uspid="512" ordinal="15" offset="489" sl="85" sc="9" el="85" ec="10" bec="0" bev="0" fileid="32" />
              </SequencePoints>
              <BranchPoints />
              <MethodPoint vc="2" uspid="515" ordinal="0" offset="0" />
            </Method>
            <Method visited="true" cyclomaticComplexity="1" nPathComplexity="0" sequenceCoverage="0" branchCoverage="0" isConstructor="false" isStatic="false" isGetter="false" isSetter="false">
              <Summary numSequencePoints="0" visitedSequencePoints="0" numBranchPoints="0" visitedBranchPoints="0" sequenceCoverage="0" branchCoverage="0" maxCyclomaticComplexity="1" minCyclomaticComplexity="1" visitedClasses="0" numClasses="0" visitedMethods="0" numMethods="0" />
              <MetadataToken>100663406</MetadataToken>
              <Name>System.Void NetUtils.MemoryCache.Tests.MemoryCacheInstanceTests/&lt;TestClearAsync&gt;d__3::SetStateMachine(System.Runtime.CompilerServices.IAsyncStateMachine)</Name>
              <SequencePoints />
              <BranchPoints />
              <MethodPoint vc="1" uspid="516" ordinal="0" offset="0" />
            </Method>
          </Methods>
        </Class>
        <Class>
          <Summary numSequencePoints="0" visitedSequencePoints="0" numBranchPoints="0" visitedBranchPoints="0" sequenceCoverage="0" branchCoverage="0" maxCyclomaticComplexity="1" minCyclomaticComplexity="1" visitedClasses="0" numClasses="0" visitedMethods="0" numMethods="0" />
          <FullName>NetUtils.MemoryCache.Tests.MemoryCacheInstanceTests/&lt;&gt;c__DisplayClass4_0</FullName>
          <Methods>
            <Method visited="true" cyclomaticComplexity="1" nPathComplexity="0" sequenceCoverage="0" branchCoverage="0" isConstructor="true" isStatic="false" isGetter="false" isSetter="false">
              <Summary numSequencePoints="0" visitedSequencePoints="0" numBranchPoints="0" visitedBranchPoints="0" sequenceCoverage="0" branchCoverage="0" maxCyclomaticComplexity="1" minCyclomaticComplexity="1" visitedClasses="0" numClasses="0" visitedMethods="0" numMethods="0" />
              <MetadataToken>100663407</MetadataToken>
              <Name>System.Void NetUtils.MemoryCache.Tests.MemoryCacheInstanceTests/&lt;&gt;c__DisplayClass4_0::.ctor()</Name>
              <SequencePoints />
              <BranchPoints />
              <MethodPoint vc="2" uspid="517" ordinal="0" offset="0" />
            </Method>
            <Method visited="true" cyclomaticComplexity="1" nPathComplexity="0" sequenceCoverage="0" branchCoverage="0" isConstructor="false" isStatic="false" isGetter="false" isSetter="false">
              <Summary numSequencePoints="0" visitedSequencePoints="0" numBranchPoints="0" visitedBranchPoints="0" sequenceCoverage="0" branchCoverage="0" maxCyclomaticComplexity="1" minCyclomaticComplexity="1" visitedClasses="0" numClasses="0" visitedMethods="0" numMethods="0" />
              <MetadataToken>100663408</MetadataToken>
              <Name>System.Threading.Tasks.Task`1&lt;System.Int32&gt; NetUtils.MemoryCache.Tests.MemoryCacheInstanceTests/&lt;&gt;c__DisplayClass4_0::&lt;TestAutoReloadOnExceptionAsync&gt;b__1()</Name>
              <SequencePoints />
              <BranchPoints />
              <MethodPoint vc="20" uspid="518" ordinal="0" offset="0" />
            </Method>
          </Methods>
        </Class>
        <Class>
          <Summary numSequencePoints="4" visitedSequencePoints="4" numBranchPoints="1" visitedBranchPoints="1" sequenceCoverage="100" branchCoverage="100" maxCyclomaticComplexity="3" minCyclomaticComplexity="1" visitedClasses="1" numClasses="1" visitedMethods="1" numMethods="1" />
          <FullName>NetUtils.MemoryCache.Tests.MemoryCacheInstanceTests/&lt;&gt;c__DisplayClass4_0/&lt;&lt;TestAutoReloadOnExceptionAsync&gt;b__1&gt;d</FullName>
          <Methods>
            <Method visited="true" cyclomaticComplexity="1" nPathComplexity="0" sequenceCoverage="0" branchCoverage="0" isConstructor="true" isStatic="false" isGetter="false" isSetter="false">
              <Summary numSequencePoints="0" visitedSequencePoints="0" numBranchPoints="0" visitedBranchPoints="0" sequenceCoverage="0" branchCoverage="0" maxCyclomaticComplexity="1" minCyclomaticComplexity="1" visitedClasses="0" numClasses="0" visitedMethods="0" numMethods="0" />
              <MetadataToken>100663453</MetadataToken>
              <Name>System.Void NetUtils.MemoryCache.Tests.MemoryCacheInstanceTests/&lt;&gt;c__DisplayClass4_0/&lt;&lt;TestAutoReloadOnExceptionAsync&gt;b__1&gt;d::.ctor()</Name>
              <SequencePoints />
              <BranchPoints />
              <MethodPoint vc="20" uspid="519" ordinal="0" offset="0" />
            </Method>
            <Method visited="true" cyclomaticComplexity="3" nPathComplexity="0" sequenceCoverage="100" branchCoverage="100" isConstructor="false" isStatic="false" isGetter="false" isSetter="false">
              <Summary numSequencePoints="4" visitedSequencePoints="4" numBranchPoints="1" visitedBranchPoints="1" sequenceCoverage="100" branchCoverage="100" maxCyclomaticComplexity="3" minCyclomaticComplexity="3" visitedClasses="0" numClasses="0" visitedMethods="1" numMethods="1" />
              <MetadataToken>100663454</MetadataToken>
              <Name>System.Void NetUtils.MemoryCache.Tests.MemoryCacheInstanceTests/&lt;&gt;c__DisplayClass4_0/&lt;&lt;TestAutoReloadOnExceptionAsync&gt;b__1&gt;d::MoveNext()</Name>
              <FileRef uid="32" />
              <SequencePoints>
                <SequencePoint vc="20" uspid="520" ordinal="0" offset="14" sl="99" sc="13" el="99" ec="14" bec="0" bev="0" fileid="32" />
                <SequencePoint vc="20" uspid="521" ordinal="1" offset="15" sl="100" sc="17" el="100" ec="89" bec="0" bev="0" fileid="32" />
                <SequencePoint vc="20" uspid="522" ordinal="2" offset="132" sl="101" sc="17" el="101" ec="59" bec="0" bev="0" fileid="32" />
                <SequencePoint vc="20" uspid="523" ordinal="3" offset="149" sl="102" sc="17" el="102" ec="55" bec="0" bev="0" fileid="32" />
              </SequencePoints>
              <BranchPoints />
              <MethodPoint vc="40" uspid="528" ordinal="0" offset="0" />
            </Method>
            <Method visited="true" cyclomaticComplexity="1" nPathComplexity="0" sequenceCoverage="0" branchCoverage="0" isConstructor="false" isStatic="false" isGetter="false" isSetter="false">
              <Summary numSequencePoints="0" visitedSequencePoints="0" numBranchPoints="0" visitedBranchPoints="0" sequenceCoverage="0" branchCoverage="0" maxCyclomaticComplexity="1" minCyclomaticComplexity="1" visitedClasses="0" numClasses="0" visitedMethods="0" numMethods="0" />
              <MetadataToken>100663455</MetadataToken>
              <Name>System.Void NetUtils.MemoryCache.Tests.MemoryCacheInstanceTests/&lt;&gt;c__DisplayClass4_0/&lt;&lt;TestAutoReloadOnExceptionAsync&gt;b__1&gt;d::SetStateMachine(System.Runtime.CompilerServices.IAsyncStateMachine)</Name>
              <SequencePoints />
              <BranchPoints />
              <MethodPoint vc="20" uspid="529" ordinal="0" offset="0" />
            </Method>
          </Methods>
        </Class>
        <Class>
          <Summary numSequencePoints="2" visitedSequencePoints="2" numBranchPoints="2" visitedBranchPoints="2" sequenceCoverage="100" branchCoverage="100" maxCyclomaticComplexity="1" minCyclomaticComplexity="1" visitedClasses="1" numClasses="1" visitedMethods="2" numMethods="2" />
          <FullName>NetUtils.MemoryCache.Tests.MemoryCacheInstanceTests/&lt;&gt;c__DisplayClass4_1</FullName>
          <Methods>
            <Method visited="true" cyclomaticComplexity="1" nPathComplexity="0" sequenceCoverage="0" branchCoverage="0" isConstructor="true" isStatic="false" isGetter="false" isSetter="false">
              <Summary numSequencePoints="0" visitedSequencePoints="0" numBranchPoints="0" visitedBranchPoints="0" sequenceCoverage="0" branchCoverage="0" maxCyclomaticComplexity="1" minCyclomaticComplexity="1" visitedClasses="0" numClasses="0" visitedMethods="0" numMethods="0" />
              <MetadataToken>100663409</MetadataToken>
              <Name>System.Void NetUtils.MemoryCache.Tests.MemoryCacheInstanceTests/&lt;&gt;c__DisplayClass4_1::.ctor()</Name>
              <SequencePoints />
              <BranchPoints />
              <MethodPoint vc="2" uspid="530" ordinal="0" offset="0" />
            </Method>
            <Method visited="true" cyclomaticComplexity="1" nPathComplexity="0" sequenceCoverage="100" branchCoverage="100" isConstructor="false" isStatic="false" isGetter="false" isSetter="false">
              <Summary numSequencePoints="1" visitedSequencePoints="1" numBranchPoints="1" visitedBranchPoints="1" sequenceCoverage="100" branchCoverage="100" maxCyclomaticComplexity="1" minCyclomaticComplexity="1" visitedClasses="0" numClasses="0" visitedMethods="1" numMethods="1" />
              <MetadataToken>100663410</MetadataToken>
              <Name>System.Void NetUtils.MemoryCache.Tests.MemoryCacheInstanceTests/&lt;&gt;c__DisplayClass4_1::&lt;TestAutoReloadOnExceptionAsync&gt;b__2(System.Diagnostics.Stopwatch)</Name>
              <FileRef uid="32" />
              <SequencePoints>
                <SequencePoint vc="20" uspid="531" ordinal="0" offset="0" sl="108" sc="51" el="108" ec="105" bec="0" bev="0" fileid="32" />
              </SequencePoints>
              <BranchPoints />
              <MethodPoint xsi:type="SequencePoint" vc="20" uspid="531" ordinal="0" offset="0" sl="108" sc="51" el="108" ec="105" bec="0" bev="0" fileid="32" />
            </Method>
            <Method visited="true" cyclomaticComplexity="1" nPathComplexity="0" sequenceCoverage="100" branchCoverage="100" isConstructor="false" isStatic="false" isGetter="false" isSetter="false">
              <Summary numSequencePoints="1" visitedSequencePoints="1" numBranchPoints="1" visitedBranchPoints="1" sequenceCoverage="100" branchCoverage="100" maxCyclomaticComplexity="1" minCyclomaticComplexity="1" visitedClasses="0" numClasses="0" visitedMethods="1" numMethods="1" />
              <MetadataToken>100663411</MetadataToken>
              <Name>System.Void NetUtils.MemoryCache.Tests.MemoryCacheInstanceTests/&lt;&gt;c__DisplayClass4_1::&lt;TestAutoReloadOnExceptionAsync&gt;b__3(System.Diagnostics.Stopwatch)</Name>
              <FileRef uid="32" />
              <SequencePoints>
                <SequencePoint vc="10" uspid="532" ordinal="0" offset="0" sl="116" sc="55" el="116" ec="109" bec="0" bev="0" fileid="32" />
              </SequencePoints>
              <BranchPoints />
              <MethodPoint xsi:type="SequencePoint" vc="10" uspid="532" ordinal="0" offset="0" sl="116" sc="55" el="116" ec="109" bec="0" bev="0" fileid="32" />
            </Method>
          </Methods>
        </Class>
        <Class>
          <Summary numSequencePoints="43" visitedSequencePoints="43" numBranchPoints="7" visitedBranchPoints="7" sequenceCoverage="100" branchCoverage="100" maxCyclomaticComplexity="25" minCyclomaticComplexity="1" visitedClasses="1" numClasses="1" visitedMethods="1" numMethods="1" />
          <FullName>NetUtils.MemoryCache.Tests.MemoryCacheInstanceTests/&lt;TestAutoReloadOnExceptionAsync&gt;d__4</FullName>
          <Methods>
            <Method visited="true" cyclomaticComplexity="1" nPathComplexity="0" sequenceCoverage="0" branchCoverage="0" isConstructor="true" isStatic="false" isGetter="false" isSetter="false">
              <Summary numSequencePoints="0" visitedSequencePoints="0" numBranchPoints="0" visitedBranchPoints="0" sequenceCoverage="0" branchCoverage="0" maxCyclomaticComplexity="1" minCyclomaticComplexity="1" visitedClasses="0" numClasses="0" visitedMethods="0" numMethods="0" />
              <MetadataToken>100663412</MetadataToken>
              <Name>System.Void NetUtils.MemoryCache.Tests.MemoryCacheInstanceTests/&lt;TestAutoReloadOnExceptionAsync&gt;d__4::.ctor()</Name>
              <SequencePoints />
              <BranchPoints />
              <MethodPoint vc="2" uspid="533" ordinal="0" offset="0" />
            </Method>
            <Method visited="true" cyclomaticComplexity="25" nPathComplexity="8" sequenceCoverage="100" branchCoverage="100" isConstructor="false" isStatic="false" isGetter="false" isSetter="false">
              <Summary numSequencePoints="43" visitedSequencePoints="43" numBranchPoints="7" visitedBranchPoints="7" sequenceCoverage="100" branchCoverage="100" maxCyclomaticComplexity="25" minCyclomaticComplexity="25" visitedClasses="0" numClasses="0" visitedMethods="1" numMethods="1" />
              <MetadataToken>100663413</MetadataToken>
              <Name>System.Void NetUtils.MemoryCache.Tests.MemoryCacheInstanceTests/&lt;TestAutoReloadOnExceptionAsync&gt;d__4::MoveNext()</Name>
              <FileRef uid="32" />
              <SequencePoints>
                <SequencePoint vc="2" uspid="534" ordinal="0" offset="62" sl="91" sc="9" el="91" ec="10" bec="0" bev="0" fileid="32" />
                <SequencePoint vc="2" uspid="535" ordinal="1" offset="63" sl="92" sc="13" el="92" ec="94" bec="0" bev="0" fileid="32" />
                <SequencePoint vc="2" uspid="536" ordinal="2" offset="79" sl="93" sc="13" el="93" ec="49" bec="0" bev="0" fileid="32" />
                <SequencePoint vc="2" uspid="537" ordinal="3" offset="104" sl="94" sc="13" el="94" ec="177" bec="0" bev="0" fileid="32" />
                <SequencePoint vc="2" uspid="538" ordinal="4" offset="183" sl="95" sc="13" el="95" ec="33" bec="0" bev="0" fileid="32" />
                <SequencePoint vc="2" uspid="539" ordinal="5" offset="211" sl="97" sc="13" el="97" ec="36" bec="0" bev="0" fileid="32" />
                <SequencePoint vc="2" uspid="540" ordinal="6" offset="223" sl="98" sc="13" el="103" ec="15" bec="0" bev="0" fileid="32" />
                <SequencePoint vc="2" uspid="541" ordinal="7" offset="257" sl="105" sc="18" el="105" ec="27" bec="0" bev="0" fileid="32" />
                <SequencePoint vc="20" uspid="542" ordinal="8" offset="274" sl="106" sc="13" el="106" ec="14" bec="0" bev="0" fileid="32" />
                <SequencePoint vc="20" uspid="543" ordinal="9" offset="275" sl="107" sc="17" el="107" ec="39" bec="0" bev="0" fileid="32" />
                <SequencePoint vc="20" uspid="544" ordinal="10" offset="375" sl="108" sc="17" el="108" ec="107" bec="0" bev="0" fileid="32" />
                <SequencePoint vc="20" uspid="545" ordinal="11" offset="403" sl="109" sc="17" el="109" ec="18" bec="0" bev="0" fileid="32" />
                <SequencePoint vc="20" uspid="546" ordinal="12" offset="404" sl="110" sc="21" el="110" ec="187" bec="0" bev="0" fileid="32" />
                <SequencePoint vc="20" uspid="547" ordinal="13" offset="458" sl="111" sc="17" el="111" ec="18" bec="0" bev="0" fileid="32" />
                <SequencePoint vc="20" uspid="548" ordinal="14" offset="493" sl="113" sc="17" el="113" ec="46" bec="2" bev="2" fileid="32" />
                <SequencePoint vc="10" uspid="549" ordinal="15" offset="508" sl="114" sc="17" el="114" ec="18" bec="0" bev="0" fileid="32" />
                <SequencePoint vc="10" uspid="550" ordinal="16" offset="509" sl="115" sc="21" el="115" ec="42" bec="0" bev="0" fileid="32" />
                <SequencePoint vc="10" uspid="551" ordinal="17" offset="609" sl="116" sc="21" el="116" ec="111" bec="0" bev="0" fileid="32" />
                <SequencePoint vc="10" uspid="552" ordinal="18" offset="637" sl="117" sc="21" el="117" ec="22" bec="0" bev="0" fileid="32" />
                <SequencePoint vc="10" uspid="553" ordinal="19" offset="638" sl="118" sc="25" el="118" ec="191" bec="0" bev="0" fileid="32" />
                <SequencePoint vc="10" uspid="554" ordinal="20" offset="692" sl="119" sc="21" el="119" ec="22" bec="0" bev="0" fileid="32" />
                <SequencePoint vc="10" uspid="555" ordinal="21" offset="727" sl="120" sc="17" el="120" ec="18" bec="0" bev="0" fileid="32" />
                <SequencePoint vc="20" uspid="556" ordinal="22" offset="728" sl="122" sc="17" el="122" ec="37" bec="0" bev="0" fileid="32" />
                <SequencePoint vc="20" uspid="557" ordinal="23" offset="756" sl="123" sc="17" el="123" ec="51" bec="0" bev="0" fileid="32" />
                <SequencePoint vc="20" uspid="558" ordinal="24" offset="801" sl="124" sc="13" el="124" ec="14" bec="0" bev="0" fileid="32" />
                <SequencePoint vc="20" uspid="559" ordinal="25" offset="802" sl="105" sc="37" el="105" ec="40" bec="0" bev="0" fileid="32" />
                <SequencePoint vc="22" uspid="560" ordinal="26" offset="830" sl="105" sc="29" el="105" ec="35" bec="2" bev="2" fileid="32" />
                <SequencePoint vc="2" uspid="561" ordinal="27" offset="861" sl="126" sc="13" el="126" ec="35" bec="0" bev="0" fileid="32" />
                <SequencePoint vc="2" uspid="562" ordinal="28" offset="964" sl="127" sc="13" el="127" ec="97" bec="0" bev="0" fileid="32" />
                <SequencePoint vc="2" uspid="563" ordinal="29" offset="1006" sl="128" sc="13" el="128" ec="14" bec="0" bev="0" fileid="32" />
                <SequencePoint vc="2" uspid="564" ordinal="30" offset="1007" sl="129" sc="17" el="129" ec="177" bec="0" bev="0" fileid="32" />
                <SequencePoint vc="2" uspid="565" ordinal="31" offset="1086" sl="130" sc="13" el="130" ec="14" bec="0" bev="0" fileid="32" />
                <SequencePoint vc="2" uspid="566" ordinal="32" offset="1121" sl="132" sc="13" el="132" ec="42" bec="2" bev="2" fileid="32" />
                <SequencePoint vc="1" uspid="567" ordinal="33" offset="1136" sl="133" sc="13" el="133" ec="14" bec="0" bev="0" fileid="32" />
                <SequencePoint vc="1" uspid="568" ordinal="34" offset="1137" sl="134" sc="17" el="134" ec="38" bec="0" bev="0" fileid="32" />
                <SequencePoint vc="1" uspid="569" ordinal="35" offset="1237" sl="135" sc="17" el="135" ec="37" bec="0" bev="0" fileid="32" />
                <SequencePoint vc="1" uspid="570" ordinal="36" offset="1265" sl="136" sc="17" el="136" ec="101" bec="0" bev="0" fileid="32" />
                <SequencePoint vc="1" uspid="571" ordinal="37" offset="1307" sl="137" sc="17" el="137" ec="18" bec="0" bev="0" fileid="32" />
                <SequencePoint vc="1" uspid="572" ordinal="38" offset="1308" sl="138" sc="21" el="138" ec="187" bec="0" bev="0" fileid="32" />
                <SequencePoint vc="1" uspid="573" ordinal="39" offset="1362" sl="139" sc="17" el="139" ec="18" bec="0" bev="0" fileid="32" />
                <SequencePoint vc="1" uspid="574" ordinal="40" offset="1397" sl="140" sc="13" el="140" ec="14" bec="0" bev="0" fileid="32" />
                <SequencePoint vc="2" uspid="575" ordinal="41" offset="1398" sl="142" sc="13" el="142" ec="33" bec="0" bev="0" fileid="32" />
                <SequencePoint vc="2" uspid="576" ordinal="42" offset="1454" sl="143" sc="9" el="143" ec="10" bec="0" bev="0" fileid="32" />
              </SequencePoints>
              <BranchPoints>
                <BranchPoint vc="10" uspid="581" ordinal="4" offset="503" sl="113" path="0" offsetend="508" fileid="32" />
                <BranchPoint vc="10" uspid="582" ordinal="5" offset="503" sl="113" path="1" offsetend="728" fileid="32" />
                <BranchPoint vc="2" uspid="585" ordinal="8" offset="849" sl="105" path="0" offsetend="854" fileid="32" />
                <BranchPoint vc="20" uspid="586" ordinal="9" offset="849" sl="105" path="1" offsetend="274" fileid="32" />
                <BranchPoint vc="1" uspid="593" ordinal="16" offset="1131" sl="132" path="0" offsetend="1136" fileid="32" />
                <BranchPoint vc="1" uspid="594" ordinal="17" offset="1131" sl="132" path="1" offsetend="1398" fileid="32" />
              </BranchPoints>
              <MethodPoint vc="35" uspid="599" ordinal="0" offset="0" />
            </Method>
            <Method visited="true" cyclomaticComplexity="1" nPathComplexity="0" sequenceCoverage="0" branchCoverage="0" isConstructor="false" isStatic="false" isGetter="false" isSetter="false">
              <Summary numSequencePoints="0" visitedSequencePoints="0" numBranchPoints="0" visitedBranchPoints="0" sequenceCoverage="0" branchCoverage="0" maxCyclomaticComplexity="1" minCyclomaticComplexity="1" visitedClasses="0" numClasses="0" visitedMethods="0" numMethods="0" />
              <MetadataToken>100663414</MetadataToken>
              <Name>System.Void NetUtils.MemoryCache.Tests.MemoryCacheInstanceTests/&lt;TestAutoReloadOnExceptionAsync&gt;d__4::SetStateMachine(System.Runtime.CompilerServices.IAsyncStateMachine)</Name>
              <SequencePoints />
              <BranchPoints />
              <MethodPoint vc="2" uspid="600" ordinal="0" offset="0" />
            </Method>
          </Methods>
        </Class>
        <Class>
          <Summary numSequencePoints="16" visitedSequencePoints="16" numBranchPoints="2" visitedBranchPoints="2" sequenceCoverage="100" branchCoverage="100" maxCyclomaticComplexity="1" minCyclomaticComplexity="1" visitedClasses="1" numClasses="1" visitedMethods="2" numMethods="2" />
          <FullName>NetUtils.MemoryCache.Tests.MemoryCacheTests</FullName>
          <Methods>
            <Method visited="true" cyclomaticComplexity="1" nPathComplexity="0" sequenceCoverage="100" branchCoverage="100" isConstructor="false" isStatic="false" isGetter="false" isSetter="false">
              <Summary numSequencePoints="3" visitedSequencePoints="3" numBranchPoints="1" visitedBranchPoints="1" sequenceCoverage="100" branchCoverage="100" maxCyclomaticComplexity="1" minCyclomaticComplexity="1" visitedClasses="0" numClasses="0" visitedMethods="1" numMethods="1" />
              <MetadataToken>100663324</MetadataToken>
              <Name>System.Void NetUtils.MemoryCache.Tests.MemoryCacheTests::TestDefaultInstance()</Name>
              <FileRef uid="42" />
              <SequencePoints>
                <SequencePoint vc="1" uspid="601" ordinal="0" offset="0" sl="13" sc="9" el="13" ec="10" bec="0" bev="0" fileid="42" />
                <SequencePoint vc="1" uspid="602" ordinal="1" offset="1" sl="14" sc="13" el="14" ec="62" bec="0" bev="0" fileid="42" />
                <SequencePoint vc="1" uspid="603" ordinal="2" offset="27" sl="15" sc="9" el="15" ec="10" bec="0" bev="0" fileid="42" />
              </SequencePoints>
              <BranchPoints />
              <MethodPoint xsi:type="SequencePoint" vc="1" uspid="601" ordinal="0" offset="0" sl="13" sc="9" el="13" ec="10" bec="0" bev="0" fileid="42" />
            </Method>
            <Method visited="true" cyclomaticComplexity="1" nPathComplexity="0" sequenceCoverage="100" branchCoverage="100" isConstructor="false" isStatic="false" isGetter="false" isSetter="false">
              <Summary numSequencePoints="13" visitedSequencePoints="13" numBranchPoints="1" visitedBranchPoints="1" sequenceCoverage="100" branchCoverage="100" maxCyclomaticComplexity="1" minCyclomaticComplexity="1" visitedClasses="0" numClasses="0" visitedMethods="1" numMethods="1" />
              <MetadataToken>100663325</MetadataToken>
              <Name>System.Void NetUtils.MemoryCache.Tests.MemoryCacheTests::TestCreateDeleteInstance()</Name>
              <FileRef uid="42" />
              <SequencePoints>
                <SequencePoint vc="1" uspid="604" ordinal="0" offset="6" sl="19" sc="9" el="19" ec="10" bec="0" bev="0" fileid="42" />
                <SequencePoint vc="1" uspid="605" ordinal="1" offset="7" sl="20" sc="13" el="20" ec="55" bec="0" bev="0" fileid="42" />
                <SequencePoint vc="1" uspid="606" ordinal="2" offset="28" sl="21" sc="13" el="21" ec="65" bec="0" bev="0" fileid="42" />
                <SequencePoint vc="1" uspid="607" ordinal="3" offset="35" sl="22" sc="13" el="22" ec="40" bec="0" bev="0" fileid="42" />
                <SequencePoint vc="1" uspid="608" ordinal="4" offset="57" sl="24" sc="13" el="24" ec="36" bec="0" bev="0" fileid="42" />
                <SequencePoint vc="1" uspid="609" ordinal="5" offset="64" sl="25" sc="13" el="25" ec="74" bec="0" bev="0" fileid="42" />
                <SequencePoint vc="1" uspid="610" ordinal="6" offset="82" sl="26" sc="13" el="26" ec="73" bec="0" bev="0" fileid="42" />
                <SequencePoint vc="1" uspid="611" ordinal="7" offset="101" sl="28" sc="13" el="28" ec="72" bec="0" bev="0" fileid="42" />
                <SequencePoint vc="1" uspid="612" ordinal="8" offset="129" sl="30" sc="13" el="30" ec="43" bec="0" bev="0" fileid="42" />
                <SequencePoint vc="1" uspid="613" ordinal="9" offset="156" sl="31" sc="13" el="31" ec="77" bec="0" bev="0" fileid="42" />
                <SequencePoint vc="1" uspid="614" ordinal="10" offset="183" sl="32" sc="13" el="32" ec="42" bec="0" bev="0" fileid="42" />
                <SequencePoint vc="1" uspid="615" ordinal="11" offset="210" sl="34" sc="13" el="34" ec="75" bec="0" bev="0" fileid="42" />
                <SequencePoint vc="1" uspid="616" ordinal="12" offset="238" sl="35" sc="9" el="35" ec="10" bec="0" bev="0" fileid="42" />
              </SequencePoints>
              <BranchPoints />
              <MethodPoint vc="1" uspid="617" ordinal="0" offset="0" />
            </Method>
            <Method visited="true" cyclomaticComplexity="1" nPathComplexity="0" sequenceCoverage="0" branchCoverage="0" isConstructor="true" isStatic="false" isGetter="false" isSetter="false">
              <Summary numSequencePoints="0" visitedSequencePoints="0" numBranchPoints="0" visitedBranchPoints="0" sequenceCoverage="0" branchCoverage="0" maxCyclomaticComplexity="1" minCyclomaticComplexity="1" visitedClasses="0" numClasses="0" visitedMethods="0" numMethods="0" />
              <MetadataToken>100663326</MetadataToken>
              <Name>System.Void NetUtils.MemoryCache.Tests.MemoryCacheTests::.ctor()</Name>
              <SequencePoints />
              <BranchPoints />
              <MethodPoint vc="1" uspid="618" ordinal="0" offset="0" />
            </Method>
          </Methods>
        </Class>
        <Class>
          <Summary numSequencePoints="3" visitedSequencePoints="3" numBranchPoints="1" visitedBranchPoints="1" sequenceCoverage="100" branchCoverage="100" maxCyclomaticComplexity="1" minCyclomaticComplexity="1" visitedClasses="1" numClasses="1" visitedMethods="1" numMethods="1" />
          <FullName>NetUtils.MemoryCache.Tests.MemoryCacheTests/&lt;&gt;c__DisplayClass1_0</FullName>
          <Methods>
            <Method visited="true" cyclomaticComplexity="1" nPathComplexity="0" sequenceCoverage="0" branchCoverage="0" isConstructor="true" isStatic="false" isGetter="false" isSetter="false">
              <Summary numSequencePoints="0" visitedSequencePoints="0" numBranchPoints="0" visitedBranchPoints="0" sequenceCoverage="0" branchCoverage="0" maxCyclomaticComplexity="1" minCyclomaticComplexity="1" visitedClasses="0" numClasses="0" visitedMethods="0" numMethods="0" />
              <MetadataToken>100663415</MetadataToken>
              <Name>System.Void NetUtils.MemoryCache.Tests.MemoryCacheTests/&lt;&gt;c__DisplayClass1_0::.ctor()</Name>
              <SequencePoints />
              <BranchPoints />
              <MethodPoint vc="1" uspid="619" ordinal="0" offset="0" />
            </Method>
            <Method visited="true" cyclomaticComplexity="1" nPathComplexity="0" sequenceCoverage="100" branchCoverage="100" isConstructor="false" isStatic="false" isGetter="false" isSetter="false">
              <Summary numSequencePoints="3" visitedSequencePoints="3" numBranchPoints="1" visitedBranchPoints="1" sequenceCoverage="100" branchCoverage="100" maxCyclomaticComplexity="1" minCyclomaticComplexity="1" visitedClasses="0" numClasses="0" visitedMethods="1" numMethods="1" />
              <MetadataToken>100663416</MetadataToken>
              <Name>System.Void NetUtils.MemoryCache.Tests.MemoryCacheTests/&lt;&gt;c__DisplayClass1_0::&lt;TestCreateDeleteInstance&gt;b__0()</Name>
              <FileRef uid="42" />
              <SequencePoints>
                <SequencePoint vc="1" uspid="620" ordinal="0" offset="0" sl="25" sc="50" el="25" ec="51" bec="0" bev="0" fileid="42" />
                <SequencePoint vc="1" uspid="621" ordinal="1" offset="1" sl="25" sc="52" el="25" ec="70" bec="0" bev="0" fileid="42" />
                <SequencePoint vc="1" uspid="622" ordinal="2" offset="8" sl="25" sc="71" el="25" ec="72" bec="0" bev="0" fileid="42" />
              </SequencePoints>
              <BranchPoints />
              <MethodPoint xsi:type="SequencePoint" vc="1" uspid="620" ordinal="0" offset="0" sl="25" sc="50" el="25" ec="51" bec="0" bev="0" fileid="42" />
            </Method>
          </Methods>
        </Class>
        <Class>
          <Summary numSequencePoints="7" visitedSequencePoints="7" numBranchPoints="4" visitedBranchPoints="3" sequenceCoverage="100" branchCoverage="75" maxCyclomaticComplexity="2" minCyclomaticComplexity="1" visitedClasses="1" numClasses="1" visitedMethods="2" numMethods="2" />
          <FullName>NetUtils.MemoryCache.Tests.DummyDisposable</FullName>
          <Methods>
            <Method visited="true" cyclomaticComplexity="1" nPathComplexity="0" sequenceCoverage="100" branchCoverage="100" isConstructor="true" isStatic="false" isGetter="false" isSetter="false">
              <Summary numSequencePoints="4" visitedSequencePoints="4" numBranchPoints="1" visitedBranchPoints="1" sequenceCoverage="100" branchCoverage="100" maxCyclomaticComplexity="1" minCyclomaticComplexity="1" visitedClasses="0" numClasses="0" visitedMethods="1" numMethods="1" />
              <MetadataToken>100663327</MetadataToken>
              <Name>System.Void NetUtils.MemoryCache.Tests.DummyDisposable::.ctor(System.Action)</Name>
              <FileRef uid="44" />
              <SequencePoints>
                <SequencePoint vc="5" uspid="623" ordinal="0" offset="0" sl="10" sc="9" el="10" ec="57" bec="0" bev="0" fileid="44" />
                <SequencePoint vc="5" uspid="624" ordinal="1" offset="7" sl="11" sc="9" el="11" ec="10" bec="0" bev="0" fileid="44" />
                <SequencePoint vc="5" uspid="625" ordinal="2" offset="8" sl="12" sc="13" el="12" ec="52" bec="0" bev="0" fileid="44" />
                <SequencePoint vc="5" uspid="626" ordinal="3" offset="15" sl="13" sc="9" el="13" ec="10" bec="0" bev="0" fileid="44" />
              </SequencePoints>
              <BranchPoints />
              <MethodPoint xsi:type="SequencePoint" vc="5" uspid="623" ordinal="0" offset="0" sl="10" sc="9" el="10" ec="57" bec="0" bev="0" fileid="44" />
            </Method>
            <Method visited="true" cyclomaticComplexity="2" nPathComplexity="2" sequenceCoverage="100" branchCoverage="66.67" isConstructor="false" isStatic="false" isGetter="false" isSetter="false">
              <Summary numSequencePoints="3" visitedSequencePoints="3" numBranchPoints="3" visitedBranchPoints="2" sequenceCoverage="100" branchCoverage="66.67" maxCyclomaticComplexity="2" minCyclomaticComplexity="2" visitedClasses="0" numClasses="0" visitedMethods="1" numMethods="1" />
              <MetadataToken>100663328</MetadataToken>
              <Name>System.Void NetUtils.MemoryCache.Tests.DummyDisposable::DisposeResources()</Name>
              <FileRef uid="44" />
              <SequencePoints>
                <SequencePoint vc="5" uspid="627" ordinal="0" offset="0" sl="16" sc="9" el="16" ec="10" bec="0" bev="0" fileid="44" />
                <SequencePoint vc="5" uspid="628" ordinal="1" offset="1" sl="17" sc="13" el="17" ec="42" bec="2" bev="1" fileid="44" />
                <SequencePoint vc="5" uspid="629" ordinal="2" offset="19" sl="18" sc="9" el="18" ec="10" bec="0" bev="0" fileid="44" />
              </SequencePoints>
              <BranchPoints>
                <BranchPoint vc="0" uspid="630" ordinal="0" offset="8" sl="17" path="0" offsetend="10" fileid="44" />
                <BranchPoint vc="5" uspid="631" ordinal="1" offset="8" sl="17" path="1" offsetend="13" fileid="44" />
              </BranchPoints>
              <MethodPoint xsi:type="SequencePoint" vc="5" uspid="627" ordinal="0" offset="0" sl="16" sc="9" el="16" ec="10" bec="0" bev="0" fileid="44" />
            </Method>
          </Methods>
        </Class>
      </Classes>
    </Module>
    <Module hash="D0-B2-76-3A-22-65-7E-84-EF-CC-FC-FF-44-C2-5A-E0-86-F2-9A-F1">
      <Summary numSequencePoints="446" visitedSequencePoints="360" numBranchPoints="178" visitedBranchPoints="136" sequenceCoverage="80.72" branchCoverage="76.40" maxCyclomaticComplexity="14" minCyclomaticComplexity="1" visitedClasses="16" numClasses="17" visitedMethods="65" numMethods="82" />
      <ModulePath>D:\Enlistment\git\NetUtils.MemoryCache\test\NetUtils.MemoryCache.Tests\bin\Debug\net462\NetUtils.MemoryCache.dll</ModulePath>
      <ModuleTime>2018-06-05T23:51:55.3889461Z</ModuleTime>
      <ModuleName>NetUtils.MemoryCache</ModuleName>
      <Files>
        <File uid="89" fullPath="D:\Enlistment\git\NetUtils.MemoryCache\src\NetUtils.MemoryCache\CacheItem.cs" />
        <File uid="90" fullPath="D:\Enlistment\git\NetUtils.MemoryCache\src\NetUtils.MemoryCache\ICacheInstanceExtensions.cs" />
        <File uid="92" fullPath="D:\Enlistment\git\NetUtils.MemoryCache\src\NetUtils.MemoryCache\MemoryCache.cs" />
        <File uid="95" fullPath="D:\Enlistment\git\NetUtils.MemoryCache\src\NetUtils.MemoryCache\MemoryCacheInstance.cs" />
        <File uid="99" fullPath="D:\Enlistment\git\NetUtils.MemoryCache\src\NetUtils.MemoryCache\Utils\DateTimeOffsetUtils.cs" />
        <File uid="100" fullPath="D:\Enlistment\git\NetUtils.MemoryCache\src\NetUtils.MemoryCache\Utils\DisposableBase.cs" />
        <File uid="101" fullPath="D:\Enlistment\git\NetUtils.MemoryCache\src\NetUtils.MemoryCache\Utils\LazyDisposable.cs" />
        <File uid="102" fullPath="D:\Enlistment\git\NetUtils.MemoryCache\src\NetUtils.MemoryCache\Utils\LazyUtils.cs" />
        <File uid="104" fullPath="D:\Enlistment\git\NetUtils.MemoryCache\src\NetUtils.MemoryCache\Utils\PerfMonitorScope.cs" />
        <File uid="105" fullPath="D:\Enlistment\git\NetUtils.MemoryCache\src\NetUtils.MemoryCache\Utils\RandomUtil.cs" />
      </Files>
      <Classes>
        <Class>
          <Summary numSequencePoints="0" visitedSequencePoints="0" numBranchPoints="0" visitedBranchPoints="0" sequenceCoverage="0" branchCoverage="0" maxCyclomaticComplexity="0" minCyclomaticComplexity="0" visitedClasses="0" numClasses="0" visitedMethods="0" numMethods="0" />
          <FullName>&lt;Module&gt;</FullName>
          <Methods />
        </Class>
        <Class>
          <Summary numSequencePoints="64" visitedSequencePoints="47" numBranchPoints="29" visitedBranchPoints="24" sequenceCoverage="73.44" branchCoverage="82.76" maxCyclomaticComplexity="5" minCyclomaticComplexity="1" visitedClasses="1" numClasses="1" visitedMethods="16" numMethods="17" />
          <FullName>NetUtils.MemoryCache.CacheItem</FullName>
          <Methods>
            <Method visited="false" cyclomaticComplexity="2" nPathComplexity="2" sequenceCoverage="0" branchCoverage="0" isConstructor="false" isStatic="false" isGetter="true" isSetter="false">
              <Summary numSequencePoints="6" visitedSequencePoints="0" numBranchPoints="3" visitedBranchPoints="0" sequenceCoverage="0" branchCoverage="0" maxCyclomaticComplexity="2" minCyclomaticComplexity="2" visitedClasses="0" numClasses="0" visitedMethods="0" numMethods="1" />
              <MetadataToken>100663298</MetadataToken>
              <Name>System.String NetUtils.MemoryCache.CacheItem::get_Key()</Name>
              <FileRef uid="89" />
              <SequencePoints>
                <SequencePoint vc="0" uspid="632" ordinal="0" offset="0" sl="27" sc="13" el="27" ec="14" bec="0" bev="0" fileid="89" />
                <SequencePoint vc="0" uspid="633" ordinal="1" offset="1" sl="28" sc="17" el="28" ec="55" bec="2" bev="0" fileid="89" />
                <SequencePoint vc="0" uspid="634" ordinal="2" offset="18" sl="29" sc="17" el="29" ec="18" bec="0" bev="0" fileid="89" />
                <SequencePoint vc="0" uspid="635" ordinal="3" offset="19" sl="30" sc="21" el="30" ec="35" bec="0" bev="0" fileid="89" />
                <SequencePoint vc="0" uspid="636" ordinal="4" offset="23" sl="33" sc="17" el="33" ec="29" bec="0" bev="0" fileid="89" />
                <SequencePoint vc="0" uspid="637" ordinal="5" offset="27" sl="34" sc="13" el="34" ec="14" bec="0" bev="0" fileid="89" />
              </SequencePoints>
              <BranchPoints>
                <BranchPoint vc="0" uspid="638" ordinal="0" offset="16" sl="28" path="0" offsetend="18" fileid="89" />
                <BranchPoint vc="0" uspid="639" ordinal="1" offset="16" sl="28" path="1" offsetend="23" fileid="89" />
              </BranchPoints>
              <MethodPoint xsi:type="SequencePoint" vc="0" uspid="632" ordinal="0" offset="0" sl="27" sc="13" el="27" ec="14" bec="0" bev="0" fileid="89" />
            </Method>
            <Method visited="true" cyclomaticComplexity="1" nPathComplexity="0" sequenceCoverage="100" branchCoverage="100" isConstructor="false" isStatic="false" isGetter="true" isSetter="false">
              <Summary numSequencePoints="1" visitedSequencePoints="1" numBranchPoints="1" visitedBranchPoints="1" sequenceCoverage="100" branchCoverage="100" maxCyclomaticComplexity="1" minCyclomaticComplexity="1" visitedClasses="0" numClasses="0" visitedMethods="1" numMethods="1" />
              <MetadataToken>100663299</MetadataToken>
              <Name>System.Object NetUtils.MemoryCache.CacheItem::get_Data()</Name>
              <FileRef uid="89" />
              <SequencePoints>
                <SequencePoint vc="44529" uspid="640" ordinal="0" offset="0" sl="37" sc="30" el="37" ec="34" bec="0" bev="0" fileid="89" />
              </SequencePoints>
              <BranchPoints />
              <MethodPoint xsi:type="SequencePoint" vc="44529" uspid="640" ordinal="0" offset="0" sl="37" sc="30" el="37" ec="34" bec="0" bev="0" fileid="89" />
            </Method>
            <Method visited="true" cyclomaticComplexity="1" nPathComplexity="0" sequenceCoverage="100" branchCoverage="100" isConstructor="false" isStatic="false" isGetter="false" isSetter="true">
              <Summary numSequencePoints="1" visitedSequencePoints="1" numBranchPoints="1" visitedBranchPoints="1" sequenceCoverage="100" branchCoverage="100" maxCyclomaticComplexity="1" minCyclomaticComplexity="1" visitedClasses="0" numClasses="0" visitedMethods="1" numMethods="1" />
              <MetadataToken>100663300</MetadataToken>
              <Name>System.Void NetUtils.MemoryCache.CacheItem::set_Data(System.Object)</Name>
              <FileRef uid="89" />
              <SequencePoints>
                <SequencePoint vc="34" uspid="641" ordinal="0" offset="0" sl="37" sc="35" el="37" ec="39" bec="0" bev="0" fileid="89" />
              </SequencePoints>
              <BranchPoints />
              <MethodPoint xsi:type="SequencePoint" vc="34" uspid="641" ordinal="0" offset="0" sl="37" sc="35" el="37" ec="39" bec="0" bev="0" fileid="89" />
            </Method>
            <Method visited="true" cyclomaticComplexity="1" nPathComplexity="0" sequenceCoverage="100" branchCoverage="100" isConstructor="false" isStatic="false" isGetter="true" isSetter="false">
              <Summary numSequencePoints="1" visitedSequencePoints="1" numBranchPoints="1" visitedBranchPoints="1" sequenceCoverage="100" branchCoverage="100" maxCyclomaticComplexity="1" minCyclomaticComplexity="1" visitedClasses="0" numClasses="0" visitedMethods="1" numMethods="1" />
              <MetadataToken>100663301</MetadataToken>
              <Name>System.Boolean NetUtils.MemoryCache.CacheItem::get_IsDataDisposable()</Name>
              <FileRef uid="89" />
              <SequencePoints>
                <SequencePoint vc="16" uspid="642" ordinal="0" offset="0" sl="39" sc="40" el="39" ec="44" bec="0" bev="0" fileid="89" />
              </SequencePoints>
              <BranchPoints />
              <MethodPoint xsi:type="SequencePoint" vc="16" uspid="642" ordinal="0" offset="0" sl="39" sc="40" el="39" ec="44" bec="0" bev="0" fileid="89" />
            </Method>
            <Method visited="true" cyclomaticComplexity="1" nPathComplexity="0" sequenceCoverage="100" branchCoverage="100" isConstructor="false" isStatic="false" isGetter="true" isSetter="false">
              <Summary numSequencePoints="1" visitedSequencePoints="1" numBranchPoints="1" visitedBranchPoints="1" sequenceCoverage="100" branchCoverage="100" maxCyclomaticComplexity="1" minCyclomaticComplexity="1" visitedClasses="0" numClasses="0" visitedMethods="1" numMethods="1" />
              <MetadataToken>100663302</MetadataToken>
              <Name>System.String NetUtils.MemoryCache.CacheItem::get_ETag()</Name>
              <FileRef uid="89" />
              <SequencePoints>
                <SequencePoint vc="44513" uspid="643" ordinal="0" offset="0" sl="41" sc="30" el="41" ec="34" bec="0" bev="0" fileid="89" />
              </SequencePoints>
              <BranchPoints />
              <MethodPoint xsi:type="SequencePoint" vc="44513" uspid="643" ordinal="0" offset="0" sl="41" sc="30" el="41" ec="34" bec="0" bev="0" fileid="89" />
            </Method>
            <Method visited="true" cyclomaticComplexity="1" nPathComplexity="0" sequenceCoverage="100" branchCoverage="100" isConstructor="false" isStatic="false" isGetter="false" isSetter="true">
              <Summary numSequencePoints="1" visitedSequencePoints="1" numBranchPoints="1" visitedBranchPoints="1" sequenceCoverage="100" branchCoverage="100" maxCyclomaticComplexity="1" minCyclomaticComplexity="1" visitedClasses="0" numClasses="0" visitedMethods="1" numMethods="1" />
              <MetadataToken>100663303</MetadataToken>
              <Name>System.Void NetUtils.MemoryCache.CacheItem::set_ETag(System.String)</Name>
              <FileRef uid="89" />
              <SequencePoints>
                <SequencePoint vc="34" uspid="644" ordinal="0" offset="0" sl="41" sc="35" el="41" ec="39" bec="0" bev="0" fileid="89" />
              </SequencePoints>
              <BranchPoints />
              <MethodPoint xsi:type="SequencePoint" vc="34" uspid="644" ordinal="0" offset="0" sl="41" sc="35" el="41" ec="39" bec="0" bev="0" fileid="89" />
            </Method>
            <Method visited="true" cyclomaticComplexity="1" nPathComplexity="0" sequenceCoverage="100" branchCoverage="100" isConstructor="false" isStatic="false" isGetter="true" isSetter="false">
              <Summary numSequencePoints="1" visitedSequencePoints="1" numBranchPoints="1" visitedBranchPoints="1" sequenceCoverage="100" branchCoverage="100" maxCyclomaticComplexity="1" minCyclomaticComplexity="1" visitedClasses="0" numClasses="0" visitedMethods="1" numMethods="1" />
              <MetadataToken>100663304</MetadataToken>
              <Name>System.DateTimeOffset NetUtils.MemoryCache.CacheItem::get_LastAccessUtc()</Name>
              <FileRef uid="89" />
              <SequencePoints>
                <SequencePoint vc="44430" uspid="645" ordinal="0" offset="0" sl="43" sc="47" el="43" ec="51" bec="0" bev="0" fileid="89" />
              </SequencePoints>
              <BranchPoints />
              <MethodPoint xsi:type="SequencePoint" vc="44430" uspid="645" ordinal="0" offset="0" sl="43" sc="47" el="43" ec="51" bec="0" bev="0" fileid="89" />
            </Method>
            <Method visited="true" cyclomaticComplexity="1" nPathComplexity="0" sequenceCoverage="100" branchCoverage="100" isConstructor="false" isStatic="false" isGetter="false" isSetter="true">
              <Summary numSequencePoints="1" visitedSequencePoints="1" numBranchPoints="1" visitedBranchPoints="1" sequenceCoverage="100" branchCoverage="100" maxCyclomaticComplexity="1" minCyclomaticComplexity="1" visitedClasses="0" numClasses="0" visitedMethods="1" numMethods="1" />
              <MetadataToken>100663305</MetadataToken>
              <Name>System.Void NetUtils.MemoryCache.CacheItem::set_LastAccessUtc(System.DateTimeOffset)</Name>
              <FileRef uid="89" />
              <SequencePoints>
                <SequencePoint vc="44503" uspid="646" ordinal="0" offset="0" sl="43" sc="52" el="43" ec="56" bec="0" bev="0" fileid="89" />
              </SequencePoints>
              <BranchPoints />
              <MethodPoint xsi:type="SequencePoint" vc="44503" uspid="646" ordinal="0" offset="0" sl="43" sc="52" el="43" ec="56" bec="0" bev="0" fileid="89" />
            </Method>
            <Method visited="true" cyclomaticComplexity="1" nPathComplexity="0" sequenceCoverage="100" branchCoverage="100" isConstructor="false" isStatic="false" isGetter="true" isSetter="false">
              <Summary numSequencePoints="1" visitedSequencePoints="1" numBranchPoints="1" visitedBranchPoints="1" sequenceCoverage="100" branchCoverage="100" maxCyclomaticComplexity="1" minCyclomaticComplexity="1" visitedClasses="0" numClasses="0" visitedMethods="1" numMethods="1" />
              <MetadataToken>100663306</MetadataToken>
              <Name>System.DateTimeOffset NetUtils.MemoryCache.CacheItem::get_LastETagCheckUtc()</Name>
              <FileRef uid="89" />
              <SequencePoints>
                <SequencePoint vc="44247" uspid="647" ordinal="0" offset="0" sl="45" sc="50" el="45" ec="54" bec="0" bev="0" fileid="89" />
              </SequencePoints>
              <BranchPoints />
              <MethodPoint xsi:type="SequencePoint" vc="44247" uspid="647" ordinal="0" offset="0" sl="45" sc="50" el="45" ec="54" bec="0" bev="0" fileid="89" />
            </Method>
            <Method visited="true" cyclomaticComplexity="1" nPathComplexity="0" sequenceCoverage="100" branchCoverage="100" isConstructor="false" isStatic="false" isGetter="false" isSetter="true">
              <Summary numSequencePoints="1" visitedSequencePoints="1" numBranchPoints="1" visitedBranchPoints="1" sequenceCoverage="100" branchCoverage="100" maxCyclomaticComplexity="1" minCyclomaticComplexity="1" visitedClasses="0" numClasses="0" visitedMethods="1" numMethods="1" />
              <MetadataToken>100663307</MetadataToken>
              <Name>System.Void NetUtils.MemoryCache.CacheItem::set_LastETagCheckUtc(System.DateTimeOffset)</Name>
              <FileRef uid="89" />
              <SequencePoints>
                <SequencePoint vc="58" uspid="648" ordinal="0" offset="0" sl="45" sc="55" el="45" ec="67" bec="0" bev="0" fileid="89" />
              </SequencePoints>
              <BranchPoints />
              <MethodPoint xsi:type="SequencePoint" vc="58" uspid="648" ordinal="0" offset="0" sl="45" sc="55" el="45" ec="67" bec="0" bev="0" fileid="89" />
            </Method>
            <Method visited="true" cyclomaticComplexity="1" nPathComplexity="0" sequenceCoverage="100" branchCoverage="100" isConstructor="false" isStatic="false" isGetter="true" isSetter="false">
              <Summary numSequencePoints="1" visitedSequencePoints="1" numBranchPoints="1" visitedBranchPoints="1" sequenceCoverage="100" branchCoverage="100" maxCyclomaticComplexity="1" minCyclomaticComplexity="1" visitedClasses="0" numClasses="0" visitedMethods="1" numMethods="1" />
              <MetadataToken>100663308</MetadataToken>
              <Name>System.TimeSpan NetUtils.MemoryCache.CacheItem::get_TimeToLive()</Name>
              <FileRef uid="89" />
              <SequencePoints>
                <SequencePoint vc="133336" uspid="649" ordinal="0" offset="0" sl="47" sc="38" el="47" ec="42" bec="0" bev="0" fileid="89" />
              </SequencePoints>
              <BranchPoints />
              <MethodPoint xsi:type="SequencePoint" vc="133336" uspid="649" ordinal="0" offset="0" sl="47" sc="38" el="47" ec="42" bec="0" bev="0" fileid="89" />
            </Method>
            <Method visited="true" cyclomaticComplexity="1" nPathComplexity="0" sequenceCoverage="100" branchCoverage="100" isConstructor="false" isStatic="false" isGetter="false" isSetter="true">
              <Summary numSequencePoints="1" visitedSequencePoints="1" numBranchPoints="1" visitedBranchPoints="1" sequenceCoverage="100" branchCoverage="100" maxCyclomaticComplexity="1" minCyclomaticComplexity="1" visitedClasses="0" numClasses="0" visitedMethods="1" numMethods="1" />
              <MetadataToken>100663309</MetadataToken>
              <Name>System.Void NetUtils.MemoryCache.CacheItem::set_TimeToLive(System.TimeSpan)</Name>
              <FileRef uid="89" />
              <SequencePoints>
                <SequencePoint vc="34" uspid="650" ordinal="0" offset="0" sl="47" sc="43" el="47" ec="47" bec="0" bev="0" fileid="89" />
              </SequencePoints>
              <BranchPoints />
              <MethodPoint xsi:type="SequencePoint" vc="34" uspid="650" ordinal="0" offset="0" sl="47" sc="43" el="47" ec="47" bec="0" bev="0" fileid="89" />
            </Method>
            <Method visited="true" cyclomaticComplexity="3" nPathComplexity="2" sequenceCoverage="66.67" branchCoverage="100" isConstructor="false" isStatic="false" isGetter="true" isSetter="false">
              <Summary numSequencePoints="12" visitedSequencePoints="8" numBranchPoints="3" visitedBranchPoints="3" sequenceCoverage="66.67" branchCoverage="100" maxCyclomaticComplexity="3" minCyclomaticComplexity="3" visitedClasses="0" numClasses="0" visitedMethods="1" numMethods="1" />
              <MetadataToken>100663310</MetadataToken>
              <Name>System.Boolean NetUtils.MemoryCache.CacheItem::get_IsExpired()</Name>
              <FileRef uid="89" />
              <SequencePoints>
                <SequencePoint vc="44476" uspid="651" ordinal="0" offset="0" sl="52" sc="13" el="52" ec="14" bec="0" bev="0" fileid="89" />
                <SequencePoint vc="44476" uspid="652" ordinal="1" offset="1" sl="53" sc="17" el="54" ec="59" bec="2" bev="2" fileid="89" />
                <SequencePoint vc="46" uspid="653" ordinal="2" offset="42" sl="55" sc="17" el="55" ec="18" bec="0" bev="0" fileid="89" />
                <SequencePoint vc="46" uspid="654" ordinal="3" offset="43" sl="56" sc="21" el="56" ec="34" bec="0" bev="0" fileid="89" />
                <SequencePoint vc="44430" uspid="655" ordinal="4" offset="47" sl="59" sc="17" el="59" ec="18" bec="0" bev="0" fileid="89" />
                <SequencePoint vc="44430" uspid="656" ordinal="5" offset="48" sl="61" sc="21" el="61" ec="22" bec="0" bev="0" fileid="89" />
                <SequencePoint vc="44430" uspid="657" ordinal="6" offset="49" sl="62" sc="25" el="62" ec="83" bec="0" bev="0" fileid="89" />
                <SequencePoint vc="0" uspid="658" ordinal="7" offset="79" sl="64" sc="21" el="64" ec="40" bec="0" bev="0" fileid="89" />
                <SequencePoint vc="0" uspid="659" ordinal="8" offset="80" sl="65" sc="21" el="65" ec="22" bec="0" bev="0" fileid="89" />
                <SequencePoint vc="0" uspid="660" ordinal="9" offset="81" sl="66" sc="25" el="66" ec="56" bec="0" bev="0" fileid="89" />
                <SequencePoint vc="0" uspid="661" ordinal="10" offset="93" sl="67" sc="25" el="67" ec="38" bec="0" bev="0" fileid="89" />
                <SequencePoint vc="44476" uspid="662" ordinal="11" offset="97" sl="70" sc="13" el="70" ec="14" bec="0" bev="0" fileid="89" />
              </SequencePoints>
              <BranchPoints>
                <BranchPoint vc="46" uspid="665" ordinal="2" offset="40" sl="53" path="0" offsetend="42" fileid="89" />
                <BranchPoint vc="44430" uspid="666" ordinal="3" offset="40" sl="53" path="1" offsetend="47" fileid="89" />
              </BranchPoints>
              <MethodPoint xsi:type="SequencePoint" vc="44476" uspid="651" ordinal="0" offset="0" sl="52" sc="13" el="52" ec="14" bec="0" bev="0" fileid="89" />
            </Method>
            <Method visited="true" cyclomaticComplexity="1" nPathComplexity="0" sequenceCoverage="100" branchCoverage="100" isConstructor="true" isStatic="false" isGetter="false" isSetter="false">
              <Summary numSequencePoints="10" visitedSequencePoints="10" numBranchPoints="1" visitedBranchPoints="1" sequenceCoverage="100" branchCoverage="100" maxCyclomaticComplexity="1" minCyclomaticComplexity="1" visitedClasses="0" numClasses="0" visitedMethods="1" numMethods="1" />
              <MetadataToken>100663297</MetadataToken>
              <Name>System.Void NetUtils.MemoryCache.CacheItem::.ctor(System.String,System.Object,System.String,System.TimeSpan)</Name>
              <FileRef uid="89" />
              <SequencePoints>
                <SequencePoint vc="34" uspid="667" ordinal="0" offset="0" sl="10" sc="9" el="10" ec="57" bec="0" bev="0" fileid="89" />
                <SequencePoint vc="34" uspid="668" ordinal="1" offset="11" sl="13" sc="9" el="13" ec="84" bec="0" bev="0" fileid="89" />
                <SequencePoint vc="34" uspid="669" ordinal="2" offset="18" sl="14" sc="9" el="14" ec="10" bec="0" bev="0" fileid="89" />
                <SequencePoint vc="34" uspid="670" ordinal="3" offset="19" sl="15" sc="13" el="15" ec="51" bec="0" bev="0" fileid="89" />
                <SequencePoint vc="34" uspid="671" ordinal="4" offset="31" sl="16" sc="13" el="16" ec="30" bec="0" bev="0" fileid="89" />
                <SequencePoint vc="34" uspid="672" ordinal="5" offset="39" sl="17" sc="13" el="17" ec="30" bec="0" bev="0" fileid="89" />
                <SequencePoint vc="34" uspid="673" ordinal="6" offset="47" sl="18" sc="13" el="18" ec="42" bec="0" bev="0" fileid="89" />
                <SequencePoint vc="34" uspid="674" ordinal="7" offset="56" sl="20" sc="13" el="20" ec="70" bec="0" bev="0" fileid="89" />
                <SequencePoint vc="34" uspid="675" ordinal="8" offset="78" sl="21" sc="13" el="21" ec="52" bec="0" bev="0" fileid="89" />
                <SequencePoint vc="34" uspid="676" ordinal="9" offset="98" sl="22" sc="9" el="22" ec="10" bec="0" bev="0" fileid="89" />
              </SequencePoints>
              <BranchPoints />
              <MethodPoint xsi:type="SequencePoint" vc="34" uspid="667" ordinal="0" offset="0" sl="10" sc="9" el="10" ec="57" bec="0" bev="0" fileid="89" />
            </Method>
            <Method visited="true" cyclomaticComplexity="2" nPathComplexity="0" sequenceCoverage="100" branchCoverage="100" isConstructor="false" isStatic="false" isGetter="false" isSetter="false">
              <Summary numSequencePoints="3" visitedSequencePoints="3" numBranchPoints="1" visitedBranchPoints="1" sequenceCoverage="100" branchCoverage="100" maxCyclomaticComplexity="2" minCyclomaticComplexity="2" visitedClasses="0" numClasses="0" visitedMethods="1" numMethods="1" />
              <MetadataToken>100663311</MetadataToken>
              <Name>System.Boolean NetUtils.MemoryCache.CacheItem::IsUpdateNeeded(System.String)</Name>
              <FileRef uid="89" />
              <SequencePoints>
                <SequencePoint vc="28" uspid="677" ordinal="0" offset="0" sl="74" sc="9" el="74" ec="10" bec="0" bev="0" fileid="89" />
                <SequencePoint vc="28" uspid="678" ordinal="1" offset="1" sl="75" sc="13" el="75" ec="58" bec="0" bev="0" fileid="89" />
                <SequencePoint vc="28" uspid="679" ordinal="2" offset="25" sl="76" sc="9" el="76" ec="10" bec="0" bev="0" fileid="89" />
              </SequencePoints>
              <BranchPoints />
              <MethodPoint xsi:type="SequencePoint" vc="28" uspid="677" ordinal="0" offset="0" sl="74" sc="9" el="74" ec="10" bec="0" bev="0" fileid="89" />
            </Method>
            <Method visited="true" cyclomaticComplexity="5" nPathComplexity="8" sequenceCoverage="56.25" branchCoverage="85.71" isConstructor="false" isStatic="false" isGetter="false" isSetter="false">
              <Summary numSequencePoints="16" visitedSequencePoints="9" numBranchPoints="7" visitedBranchPoints="6" sequenceCoverage="56.25" branchCoverage="85.71" maxCyclomaticComplexity="5" minCyclomaticComplexity="5" visitedClasses="0" numClasses="0" visitedMethods="1" numMethods="1" />
              <MetadataToken>100663312</MetadataToken>
              <Name>System.Boolean NetUtils.MemoryCache.CacheItem::IsUpdateNeeded(System.Lazy`1&lt;System.String&gt;,System.TimeSpan)</Name>
              <FileRef uid="89" />
              <SequencePoints>
                <SequencePoint vc="22101" uspid="682" ordinal="0" offset="0" sl="79" sc="9" el="79" ec="10" bec="0" bev="0" fileid="89" />
                <SequencePoint vc="22101" uspid="683" ordinal="1" offset="1" sl="81" sc="13" el="81" ec="14" bec="0" bev="0" fileid="89" />
                <SequencePoint vc="22101" uspid="684" ordinal="2" offset="2" sl="82" sc="17" el="82" ec="63" bec="2" bev="1" fileid="89" />
                <SequencePoint vc="0" uspid="685" ordinal="3" offset="17" sl="83" sc="17" el="83" ec="18" bec="0" bev="0" fileid="89" />
                <SequencePoint vc="0" uspid="686" ordinal="4" offset="18" sl="84" sc="21" el="84" ec="33" bec="0" bev="0" fileid="89" />
                <SequencePoint vc="22101" uspid="687" ordinal="5" offset="22" sl="87" sc="17" el="87" ec="96" bec="2" bev="2" fileid="89" />
                <SequencePoint vc="22077" uspid="688" ordinal="6" offset="48" sl="88" sc="17" el="88" ec="18" bec="0" bev="0" fileid="89" />
                <SequencePoint vc="22077" uspid="689" ordinal="7" offset="49" sl="89" sc="21" el="89" ec="34" bec="0" bev="0" fileid="89" />
                <SequencePoint vc="24" uspid="690" ordinal="8" offset="53" sl="92" sc="17" el="92" ec="58" bec="0" bev="0" fileid="89" />
                <SequencePoint vc="24" uspid="691" ordinal="9" offset="65" sl="93" sc="17" el="93" ec="62" bec="2" bev="2" fileid="89" />
                <SequencePoint vc="0" uspid="692" ordinal="10" offset="86" sl="95" sc="13" el="95" ec="32" bec="0" bev="0" fileid="89" />
                <SequencePoint vc="0" uspid="693" ordinal="11" offset="87" sl="96" sc="13" el="96" ec="14" bec="0" bev="0" fileid="89" />
                <SequencePoint vc="0" uspid="694" ordinal="12" offset="88" sl="97" sc="17" el="97" ec="48" bec="0" bev="0" fileid="89" />
                <SequencePoint vc="0" uspid="695" ordinal="13" offset="100" sl="98" sc="13" el="98" ec="14" bec="0" bev="0" fileid="89" />
                <SequencePoint vc="0" uspid="696" ordinal="14" offset="103" sl="100" sc="13" el="100" ec="26" bec="0" bev="0" fileid="89" />
                <SequencePoint vc="22101" uspid="697" ordinal="15" offset="107" sl="101" sc="9" el="101" ec="10" bec="0" bev="0" fileid="89" />
              </SequencePoints>
              <BranchPoints>
                <BranchPoint vc="0" uspid="698" ordinal="0" offset="15" sl="82" path="0" offsetend="17" fileid="89" />
                <BranchPoint vc="22101" uspid="699" ordinal="1" offset="15" sl="82" path="1" offsetend="22" fileid="89" />
                <BranchPoint vc="22077" uspid="700" ordinal="2" offset="46" sl="87" path="0" offsetend="48" fileid="89" />
                <BranchPoint vc="24" uspid="701" ordinal="3" offset="46" sl="87" path="1" offsetend="53" fileid="89" />
                <BranchPoint vc="4" uspid="702" ordinal="4" offset="67" sl="93" path="0" offsetend="69" fileid="89" />
                <BranchPoint vc="20" uspid="703" ordinal="5" offset="67" sl="93" path="1" offsetend="72" fileid="89" />
              </BranchPoints>
              <MethodPoint xsi:type="SequencePoint" vc="22101" uspid="682" ordinal="0" offset="0" sl="79" sc="9" el="79" ec="10" bec="0" bev="0" fileid="89" />
            </Method>
            <Method visited="true" cyclomaticComplexity="2" nPathComplexity="2" sequenceCoverage="100" branchCoverage="66.67" isConstructor="false" isStatic="false" isGetter="false" isSetter="false">
              <Summary numSequencePoints="6" visitedSequencePoints="6" numBranchPoints="3" visitedBranchPoints="2" sequenceCoverage="100" branchCoverage="66.67" maxCyclomaticComplexity="2" minCyclomaticComplexity="2" visitedClasses="0" numClasses="0" visitedMethods="1" numMethods="1" />
              <MetadataToken>100663313</MetadataToken>
              <Name>System.Void NetUtils.MemoryCache.CacheItem::DisposeResources()</Name>
              <FileRef uid="89" />
              <SequencePoints>
                <SequencePoint vc="5" uspid="704" ordinal="0" offset="0" sl="104" sc="9" el="104" ec="10" bec="0" bev="0" fileid="89" />
                <SequencePoint vc="5" uspid="705" ordinal="1" offset="1" sl="105" sc="13" el="105" ec="34" bec="2" bev="1" fileid="89" />
                <SequencePoint vc="5" uspid="706" ordinal="2" offset="11" sl="106" sc="13" el="106" ec="14" bec="0" bev="0" fileid="89" />
                <SequencePoint vc="5" uspid="707" ordinal="3" offset="12" sl="107" sc="17" el="107" ec="49" bec="0" bev="0" fileid="89" />
                <SequencePoint vc="5" uspid="708" ordinal="4" offset="29" sl="108" sc="13" el="108" ec="14" bec="0" bev="0" fileid="89" />
                <SequencePoint vc="5" uspid="709" ordinal="5" offset="30" sl="109" sc="9" el="109" ec="10" bec="0" bev="0" fileid="89" />
              </SequencePoints>
              <BranchPoints>
                <BranchPoint vc="5" uspid="710" ordinal="0" offset="9" sl="105" path="0" offsetend="11" fileid="89" />
                <BranchPoint vc="0" uspid="711" ordinal="1" offset="9" sl="105" path="1" offsetend="30" fileid="89" />
              </BranchPoints>
              <MethodPoint xsi:type="SequencePoint" vc="5" uspid="704" ordinal="0" offset="0" sl="104" sc="9" el="104" ec="10" bec="0" bev="0" fileid="89" />
            </Method>
          </Methods>
        </Class>
        <Class>
          <Summary numSequencePoints="17" visitedSequencePoints="11" numBranchPoints="5" visitedBranchPoints="3" sequenceCoverage="64.71" branchCoverage="60" maxCyclomaticComplexity="1" minCyclomaticComplexity="1" visitedClasses="1" numClasses="1" visitedMethods="3" numMethods="5" />
          <FullName>NetUtils.MemoryCache.ICacheInstanceExtensions</FullName>
          <Methods>
            <Method visited="true" cyclomaticComplexity="1" nPathComplexity="0" sequenceCoverage="100" branchCoverage="100" isConstructor="false" isStatic="true" isGetter="false" isSetter="false">
              <Summary numSequencePoints="3" visitedSequencePoints="3" numBranchPoints="1" visitedBranchPoints="1" sequenceCoverage="100" branchCoverage="100" maxCyclomaticComplexity="1" minCyclomaticComplexity="1" visitedClasses="0" numClasses="0" visitedMethods="1" numMethods="1" />
              <MetadataToken>100663332</MetadataToken>
              <Name>T NetUtils.MemoryCache.ICacheInstanceExtensions::GetAutoReloadDataWithInterval(NetUtils.MemoryCache.ICacheInstance,System.String,System.Func`1&lt;T&gt;,System.TimeSpan,System.TimeSpan,System.Boolean)</Name>
              <FileRef uid="90" />
              <SequencePoints>
                <SequencePoint vc="13" uspid="712" ordinal="0" offset="0" sl="15" sc="9" el="15" ec="10" bec="0" bev="0" fileid="90" />
                <SequencePoint vc="13" uspid="713" ordinal="1" offset="1" sl="16" sc="13" el="23" ec="69" bec="0" bev="0" fileid="90" />
                <SequencePoint vc="13" uspid="714" ordinal="2" offset="20" sl="24" sc="9" el="24" ec="10" bec="0" bev="0" fileid="90" />
              </SequencePoints>
              <BranchPoints />
              <MethodPoint xsi:type="SequencePoint" vc="13" uspid="712" ordinal="0" offset="0" sl="15" sc="9" el="15" ec="10" bec="0" bev="0" fileid="90" />
            </Method>
            <Method visited="true" cyclomaticComplexity="1" nPathComplexity="0" sequenceCoverage="100" branchCoverage="100" isConstructor="false" isStatic="true" isGetter="false" isSetter="false">
              <Summary numSequencePoints="3" visitedSequencePoints="3" numBranchPoints="1" visitedBranchPoints="1" sequenceCoverage="100" branchCoverage="100" maxCyclomaticComplexity="1" minCyclomaticComplexity="1" visitedClasses="0" numClasses="0" visitedMethods="1" numMethods="1" />
              <MetadataToken>100663333</MetadataToken>
              <Name>T NetUtils.MemoryCache.ICacheInstanceExtensions::GetAutoReloadDataWithInterval(NetUtils.MemoryCache.ICacheInstance,System.String,System.Func`1&lt;System.Threading.Tasks.Task`1&lt;T&gt;&gt;,System.TimeSpan,System.TimeSpan,System.Boolean)</Name>
              <FileRef uid="90" />
              <SequencePoints>
                <SequencePoint vc="44473" uspid="715" ordinal="0" offset="0" sl="33" sc="9" el="33" ec="10" bec="0" bev="0" fileid="90" />
                <SequencePoint vc="44473" uspid="716" ordinal="1" offset="1" sl="34" sc="13" el="41" ec="69" bec="0" bev="0" fileid="90" />
                <SequencePoint vc="44472" uspid="717" ordinal="2" offset="20" sl="42" sc="9" el="42" ec="10" bec="0" bev="0" fileid="90" />
              </SequencePoints>
              <BranchPoints />
              <MethodPoint xsi:type="SequencePoint" vc="44473" uspid="715" ordinal="0" offset="0" sl="33" sc="9" el="33" ec="10" bec="0" bev="0" fileid="90" />
            </Method>
            <Method visited="true" cyclomaticComplexity="1" nPathComplexity="0" sequenceCoverage="100" branchCoverage="100" isConstructor="false" isStatic="true" isGetter="false" isSetter="false">
              <Summary numSequencePoints="5" visitedSequencePoints="5" numBranchPoints="1" visitedBranchPoints="1" sequenceCoverage="100" branchCoverage="100" maxCyclomaticComplexity="1" minCyclomaticComplexity="1" visitedClasses="0" numClasses="0" visitedMethods="1" numMethods="1" />
              <MetadataToken>100663334</MetadataToken>
              <Name>T NetUtils.MemoryCache.ICacheInstanceExtensions::GetAutoReloadDataWithCache(NetUtils.MemoryCache.ICacheInstance,System.String,System.Func`1&lt;System.Threading.Tasks.Task`1&lt;T&gt;&gt;,System.Func`1&lt;System.Threading.Tasks.Task`1&lt;System.String&gt;&gt;,System.TimeSpan,System.TimeSpan,System.String&amp;,System.Boolean)</Name>
              <FileRef uid="90" />
              <SequencePoints>
                <SequencePoint vc="44473" uspid="718" ordinal="0" offset="20" sl="53" sc="9" el="53" ec="10" bec="0" bev="0" fileid="90" />
                <SequencePoint vc="44473" uspid="719" ordinal="1" offset="21" sl="54" sc="13" el="54" ec="93" bec="0" bev="0" fileid="90" />
                <SequencePoint vc="44473" uspid="720" ordinal="2" offset="34" sl="55" sc="13" el="55" ec="106" bec="0" bev="0" fileid="90" />
                <SequencePoint vc="44473" uspid="721" ordinal="3" offset="47" sl="56" sc="13" el="63" ec="69" bec="0" bev="0" fileid="90" />
                <SequencePoint vc="44472" uspid="722" ordinal="4" offset="67" sl="64" sc="9" el="64" ec="10" bec="0" bev="0" fileid="90" />
              </SequencePoints>
              <BranchPoints />
              <MethodPoint vc="44473" uspid="723" ordinal="0" offset="0" />
            </Method>
            <Method visited="false" cyclomaticComplexity="1" nPathComplexity="0" sequenceCoverage="0" branchCoverage="0" isConstructor="false" isStatic="true" isGetter="false" isSetter="false">
              <Summary numSequencePoints="3" visitedSequencePoints="0" numBranchPoints="1" visitedBranchPoints="0" sequenceCoverage="0" branchCoverage="0" maxCyclomaticComplexity="1" minCyclomaticComplexity="1" visitedClasses="0" numClasses="0" visitedMethods="0" numMethods="1" />
              <MetadataToken>100663335</MetadataToken>
              <Name>T NetUtils.MemoryCache.ICacheInstanceExtensions::GetAutoReloadDataWithCache(NetUtils.MemoryCache.ICacheInstance,System.String,System.Func`1&lt;System.Threading.Tasks.Task`1&lt;T&gt;&gt;,System.Func`1&lt;System.Threading.Tasks.Task`1&lt;System.String&gt;&gt;,System.TimeSpan,System.TimeSpan,System.Boolean)</Name>
              <FileRef uid="90" />
              <SequencePoints>
                <SequencePoint vc="0" uspid="724" ordinal="0" offset="0" sl="74" sc="9" el="74" ec="10" bec="0" bev="0" fileid="90" />
                <SequencePoint vc="0" uspid="725" ordinal="1" offset="1" sl="75" sc="13" el="82" ec="69" bec="0" bev="0" fileid="90" />
                <SequencePoint vc="0" uspid="726" ordinal="2" offset="21" sl="83" sc="9" el="83" ec="10" bec="0" bev="0" fileid="90" />
              </SequencePoints>
              <BranchPoints />
              <MethodPoint xsi:type="SequencePoint" vc="0" uspid="724" ordinal="0" offset="0" sl="74" sc="9" el="74" ec="10" bec="0" bev="0" fileid="90" />
            </Method>
            <Method visited="false" cyclomaticComplexity="1" nPathComplexity="0" sequenceCoverage="0" branchCoverage="0" isConstructor="false" isStatic="true" isGetter="false" isSetter="false">
              <Summary numSequencePoints="3" visitedSequencePoints="0" numBranchPoints="1" visitedBranchPoints="0" sequenceCoverage="0" branchCoverage="0" maxCyclomaticComplexity="1" minCyclomaticComplexity="1" visitedClasses="0" numClasses="0" visitedMethods="0" numMethods="1" />
              <MetadataToken>100663336</MetadataToken>
              <Name>T NetUtils.MemoryCache.ICacheInstanceExtensions::GetAutoReloadDataWithCache(NetUtils.MemoryCache.ICacheInstance,System.String,System.Func`1&lt;T&gt;,System.Func`1&lt;System.String&gt;,System.TimeSpan,System.TimeSpan,System.Boolean)</Name>
              <FileRef uid="90" />
              <SequencePoints>
                <SequencePoint vc="0" uspid="727" ordinal="0" offset="0" sl="93" sc="9" el="93" ec="10" bec="0" bev="0" fileid="90" />
                <SequencePoint vc="0" uspid="728" ordinal="1" offset="1" sl="94" sc="13" el="101" ec="69" bec="0" bev="0" fileid="90" />
                <SequencePoint vc="0" uspid="729" ordinal="2" offset="21" sl="102" sc="9" el="102" ec="10" bec="0" bev="0" fileid="90" />
              </SequencePoints>
              <BranchPoints />
              <MethodPoint xsi:type="SequencePoint" vc="0" uspid="727" ordinal="0" offset="0" sl="93" sc="9" el="93" ec="10" bec="0" bev="0" fileid="90" />
            </Method>
          </Methods>
        </Class>
        <Class>
          <Summary numSequencePoints="2" visitedSequencePoints="2" numBranchPoints="4" visitedBranchPoints="3" sequenceCoverage="100" branchCoverage="75" maxCyclomaticComplexity="3" minCyclomaticComplexity="1" visitedClasses="1" numClasses="1" visitedMethods="2" numMethods="2" />
          <FullName>NetUtils.MemoryCache.ICacheInstanceExtensions/&lt;&gt;c__DisplayClass2_0`1</FullName>
          <Methods>
            <Method visited="true" cyclomaticComplexity="1" nPathComplexity="0" sequenceCoverage="0" branchCoverage="0" isConstructor="true" isStatic="false" isGetter="false" isSetter="false">
              <Summary numSequencePoints="0" visitedSequencePoints="0" numBranchPoints="0" visitedBranchPoints="0" sequenceCoverage="0" branchCoverage="0" maxCyclomaticComplexity="1" minCyclomaticComplexity="1" visitedClasses="0" numClasses="0" visitedMethods="0" numMethods="0" />
              <MetadataToken>100663390</MetadataToken>
              <Name>System.Void NetUtils.MemoryCache.ICacheInstanceExtensions/&lt;&gt;c__DisplayClass2_0`1::.ctor()</Name>
              <SequencePoints />
              <BranchPoints />
              <MethodPoint vc="44473" uspid="730" ordinal="0" offset="0" />
            </Method>
            <Method visited="true" cyclomaticComplexity="1" nPathComplexity="0" sequenceCoverage="100" branchCoverage="100" isConstructor="false" isStatic="false" isGetter="false" isSetter="false">
              <Summary numSequencePoints="1" visitedSequencePoints="1" numBranchPoints="1" visitedBranchPoints="1" sequenceCoverage="100" branchCoverage="100" maxCyclomaticComplexity="1" minCyclomaticComplexity="1" visitedClasses="0" numClasses="0" visitedMethods="1" numMethods="1" />
              <MetadataToken>100663391</MetadataToken>
              <Name>T NetUtils.MemoryCache.ICacheInstanceExtensions/&lt;&gt;c__DisplayClass2_0`1::&lt;GetAutoReloadDataWithCache&gt;b__0()</Name>
              <FileRef uid="90" />
              <SequencePoints>
                <SequencePoint vc="37" uspid="731" ordinal="0" offset="0" sl="54" sc="32" el="54" ec="92" bec="0" bev="0" fileid="90" />
              </SequencePoints>
              <BranchPoints />
              <MethodPoint xsi:type="SequencePoint" vc="37" uspid="731" ordinal="0" offset="0" sl="54" sc="32" el="54" ec="92" bec="0" bev="0" fileid="90" />
            </Method>
            <Method visited="true" cyclomaticComplexity="3" nPathComplexity="2" sequenceCoverage="100" branchCoverage="66.67" isConstructor="false" isStatic="false" isGetter="false" isSetter="false">
              <Summary numSequencePoints="1" visitedSequencePoints="1" numBranchPoints="3" visitedBranchPoints="2" sequenceCoverage="100" branchCoverage="66.67" maxCyclomaticComplexity="3" minCyclomaticComplexity="3" visitedClasses="0" numClasses="0" visitedMethods="1" numMethods="1" />
              <MetadataToken>100663392</MetadataToken>
              <Name>System.String NetUtils.MemoryCache.ICacheInstanceExtensions/&lt;&gt;c__DisplayClass2_0`1::&lt;GetAutoReloadDataWithCache&gt;b__1()</Name>
              <FileRef uid="90" />
              <SequencePoints>
                <SequencePoint vc="36" uspid="732" ordinal="0" offset="0" sl="55" sc="37" el="55" ec="105" bec="2" bev="1" fileid="90" />
              </SequencePoints>
              <BranchPoints>
                <BranchPoint vc="36" uspid="733" ordinal="0" offset="7" sl="55" path="0" offsetend="9" fileid="90" />
                <BranchPoint vc="0" uspid="734" ordinal="1" offset="7" sl="55" path="1" offsetend="13" fileid="90" />
              </BranchPoints>
              <MethodPoint xsi:type="SequencePoint" vc="36" uspid="732" ordinal="0" offset="0" sl="55" sc="37" el="55" ec="105" bec="2" bev="1" fileid="90" />
            </Method>
          </Methods>
        </Class>
        <Class>
          <Summary numSequencePoints="39" visitedSequencePoints="38" numBranchPoints="13" visitedBranchPoints="10" sequenceCoverage="97.44" branchCoverage="76.92" maxCyclomaticComplexity="4" minCyclomaticComplexity="1" visitedClasses="1" numClasses="1" visitedMethods="7" numMethods="7" />
          <FullName>NetUtils.MemoryCache.MemoryCache</FullName>
          <Methods>
            <Method visited="true" cyclomaticComplexity="1" nPathComplexity="0" sequenceCoverage="100" branchCoverage="100" isConstructor="false" isStatic="true" isGetter="true" isSetter="false">
              <Summary numSequencePoints="3" visitedSequencePoints="3" numBranchPoints="1" visitedBranchPoints="1" sequenceCoverage="100" branchCoverage="100" maxCyclomaticComplexity="1" minCyclomaticComplexity="1" visitedClasses="0" numClasses="0" visitedMethods="1" numMethods="1" />
              <MetadataToken>100663338</MetadataToken>
              <Name>System.TimeSpan NetUtils.MemoryCache.MemoryCache::get_CacheCleanCheckInternal()</Name>
              <FileRef uid="92" />
              <SequencePoints>
                <SequencePoint vc="2" uspid="735" ordinal="0" offset="0" sl="25" sc="13" el="25" ec="14" bec="0" bev="0" fileid="92" />
                <SequencePoint vc="2" uspid="736" ordinal="1" offset="1" sl="26" sc="17" el="26" ec="49" bec="0" bev="0" fileid="92" />
                <SequencePoint vc="2" uspid="737" ordinal="2" offset="9" sl="27" sc="13" el="27" ec="14" bec="0" bev="0" fileid="92" />
              </SequencePoints>
              <BranchPoints />
              <MethodPoint xsi:type="SequencePoint" vc="2" uspid="735" ordinal="0" offset="0" sl="25" sc="13" el="25" ec="14" bec="0" bev="0" fileid="92" />
            </Method>
            <Method visited="true" cyclomaticComplexity="1" nPathComplexity="0" sequenceCoverage="100" branchCoverage="100" isConstructor="false" isStatic="true" isGetter="false" isSetter="true">
              <Summary numSequencePoints="4" visitedSequencePoints="4" numBranchPoints="1" visitedBranchPoints="1" sequenceCoverage="100" branchCoverage="100" maxCyclomaticComplexity="1" minCyclomaticComplexity="1" visitedClasses="0" numClasses="0" visitedMethods="1" numMethods="1" />
              <MetadataToken>100663339</MetadataToken>
              <Name>System.Void NetUtils.MemoryCache.MemoryCache::set_CacheCleanCheckInternal(System.TimeSpan)</Name>
              <FileRef uid="92" />
              <SequencePoints>
                <SequencePoint vc="2" uspid="738" ordinal="0" offset="0" sl="29" sc="13" el="29" ec="14" bec="0" bev="0" fileid="92" />
                <SequencePoint vc="2" uspid="739" ordinal="1" offset="1" sl="30" sc="17" el="30" ec="50" bec="0" bev="0" fileid="92" />
                <SequencePoint vc="2" uspid="740" ordinal="2" offset="7" sl="31" sc="17" el="31" ec="93" bec="0" bev="0" fileid="92" />
                <SequencePoint vc="2" uspid="741" ordinal="3" offset="28" sl="32" sc="13" el="32" ec="14" bec="0" bev="0" fileid="92" />
              </SequencePoints>
              <BranchPoints />
              <MethodPoint xsi:type="SequencePoint" vc="2" uspid="738" ordinal="0" offset="0" sl="29" sc="13" el="29" ec="14" bec="0" bev="0" fileid="92" />
            </Method>
            <Method visited="true" cyclomaticComplexity="1" nPathComplexity="0" sequenceCoverage="100" branchCoverage="100" isConstructor="false" isStatic="true" isGetter="true" isSetter="false">
              <Summary numSequencePoints="1" visitedSequencePoints="1" numBranchPoints="1" visitedBranchPoints="1" sequenceCoverage="100" branchCoverage="100" maxCyclomaticComplexity="1" minCyclomaticComplexity="1" visitedClasses="0" numClasses="0" visitedMethods="1" numMethods="1" />
              <MetadataToken>100663340</MetadataToken>
              <Name>NetUtils.MemoryCache.ICacheInstance NetUtils.MemoryCache.MemoryCache::get_DefaultInstance()</Name>
              <FileRef uid="92" />
              <SequencePoints>
                <SequencePoint vc="1" uspid="742" ordinal="0" offset="0" sl="35" sc="56" el="35" ec="60" bec="0" bev="0" fileid="92" />
              </SequencePoints>
              <BranchPoints />
              <MethodPoint xsi:type="SequencePoint" vc="1" uspid="742" ordinal="0" offset="0" sl="35" sc="56" el="35" ec="60" bec="0" bev="0" fileid="92" />
            </Method>
            <Method visited="true" cyclomaticComplexity="1" nPathComplexity="0" sequenceCoverage="100" branchCoverage="100" isConstructor="true" isStatic="true" isGetter="false" isSetter="false">
              <Summary numSequencePoints="7" visitedSequencePoints="7" numBranchPoints="1" visitedBranchPoints="1" sequenceCoverage="100" branchCoverage="100" maxCyclomaticComplexity="1" minCyclomaticComplexity="1" visitedClasses="0" numClasses="0" visitedMethods="1" numMethods="1" />
              <MetadataToken>100663337</MetadataToken>
              <Name>System.Void NetUtils.MemoryCache.MemoryCache::.cctor()</Name>
              <FileRef uid="92" />
              <SequencePoints>
                <SequencePoint vc="1" uspid="743" ordinal="0" offset="0" sl="10" sc="9" el="10" ec="152" bec="0" bev="0" fileid="92" />
                <SequencePoint vc="1" uspid="744" ordinal="1" offset="10" sl="14" sc="9" el="14" ec="98" bec="0" bev="0" fileid="92" />
                <SequencePoint vc="1" uspid="745" ordinal="2" offset="29" sl="21" sc="9" el="21" ec="91" bec="0" bev="0" fileid="92" />
                <SequencePoint vc="1" uspid="746" ordinal="3" offset="39" sl="35" sc="65" el="35" ec="106" bec="0" bev="0" fileid="92" />
                <SequencePoint vc="1" uspid="747" ordinal="4" offset="54" sl="17" sc="9" el="17" ec="10" bec="0" bev="0" fileid="92" />
                <SequencePoint vc="1" uspid="748" ordinal="5" offset="55" sl="18" sc="13" el="18" ec="114" bec="0" bev="0" fileid="92" />
                <SequencePoint vc="1" uspid="749" ordinal="6" offset="92" sl="19" sc="9" el="19" ec="10" bec="0" bev="0" fileid="92" />
              </SequencePoints>
              <BranchPoints />
              <MethodPoint xsi:type="SequencePoint" vc="1" uspid="743" ordinal="0" offset="0" sl="10" sc="9" el="10" ec="152" bec="0" bev="0" fileid="92" />
            </Method>
            <Method visited="true" cyclomaticComplexity="2" nPathComplexity="2" sequenceCoverage="100" branchCoverage="66.67" isConstructor="false" isStatic="true" isGetter="false" isSetter="false">
              <Summary numSequencePoints="5" visitedSequencePoints="5" numBranchPoints="3" visitedBranchPoints="2" sequenceCoverage="100" branchCoverage="66.67" maxCyclomaticComplexity="2" minCyclomaticComplexity="2" visitedClasses="0" numClasses="0" visitedMethods="1" numMethods="1" />
              <MetadataToken>100663341</MetadataToken>
              <Name>NetUtils.MemoryCache.ICacheInstance NetUtils.MemoryCache.MemoryCache::GetNamedInstance(System.String)</Name>
              <FileRef uid="92" />
              <SequencePoints>
                <SequencePoint vc="33" uspid="750" ordinal="0" offset="13" sl="38" sc="9" el="38" ec="10" bec="0" bev="0" fileid="92" />
                <SequencePoint vc="33" uspid="751" ordinal="1" offset="14" sl="39" sc="13" el="39" ec="71" bec="2" bev="1" fileid="92" />
                <SequencePoint vc="33" uspid="752" ordinal="2" offset="33" sl="41" sc="13" el="43" ec="55" bec="0" bev="0" fileid="92" />
                <SequencePoint vc="33" uspid="753" ordinal="3" offset="62" sl="45" sc="13" el="45" ec="27" bec="0" bev="0" fileid="92" />
                <SequencePoint vc="33" uspid="754" ordinal="4" offset="66" sl="46" sc="9" el="46" ec="10" bec="0" bev="0" fileid="92" />
              </SequencePoints>
              <BranchPoints>
                <BranchPoint vc="0" uspid="755" ordinal="0" offset="20" sl="39" path="0" offsetend="22" fileid="92" />
                <BranchPoint vc="33" uspid="756" ordinal="1" offset="20" sl="39" path="1" offsetend="33" fileid="92" />
              </BranchPoints>
              <MethodPoint vc="33" uspid="757" ordinal="0" offset="0" />
            </Method>
            <Method visited="true" cyclomaticComplexity="4" nPathComplexity="4" sequenceCoverage="88.89" branchCoverage="60" isConstructor="false" isStatic="true" isGetter="false" isSetter="false">
              <Summary numSequencePoints="9" visitedSequencePoints="8" numBranchPoints="5" visitedBranchPoints="3" sequenceCoverage="88.89" branchCoverage="60" maxCyclomaticComplexity="4" minCyclomaticComplexity="4" visitedClasses="0" numClasses="0" visitedMethods="1" numMethods="1" />
              <MetadataToken>100663342</MetadataToken>
              <Name>System.Boolean NetUtils.MemoryCache.MemoryCache::TryDeleteNamedInstance(System.String)</Name>
              <FileRef uid="92" />
              <SequencePoints>
                <SequencePoint vc="1" uspid="758" ordinal="0" offset="0" sl="49" sc="9" el="49" ec="10" bec="0" bev="0" fileid="92" />
                <SequencePoint vc="1" uspid="759" ordinal="1" offset="1" sl="50" sc="13" el="50" ec="71" bec="2" bev="1" fileid="92" />
                <SequencePoint vc="1" uspid="760" ordinal="2" offset="15" sl="52" sc="13" el="52" ec="77" bec="2" bev="1" fileid="92" />
                <SequencePoint vc="1" uspid="761" ordinal="3" offset="32" sl="53" sc="13" el="53" ec="14" bec="0" bev="0" fileid="92" />
                <SequencePoint vc="1" uspid="762" ordinal="4" offset="33" sl="54" sc="17" el="54" ec="38" bec="0" bev="0" fileid="92" />
                <SequencePoint vc="1" uspid="763" ordinal="5" offset="35" sl="55" sc="17" el="55" ec="18" bec="0" bev="0" fileid="92" />
                <SequencePoint vc="1" uspid="764" ordinal="6" offset="36" sl="56" sc="21" el="56" ec="33" bec="0" bev="0" fileid="92" />
                <SequencePoint vc="0" uspid="765" ordinal="7" offset="51" sl="60" sc="13" el="60" ec="26" bec="0" bev="0" fileid="92" />
                <SequencePoint vc="1" uspid="766" ordinal="8" offset="55" sl="61" sc="9" el="61" ec="10" bec="0" bev="0" fileid="92" />
              </SequencePoints>
              <BranchPoints>
                <BranchPoint vc="0" uspid="767" ordinal="0" offset="2" sl="50" path="0" offsetend="4" fileid="92" />
                <BranchPoint vc="1" uspid="768" ordinal="1" offset="2" sl="50" path="1" offsetend="15" fileid="92" />
                <BranchPoint vc="1" uspid="769" ordinal="2" offset="30" sl="52" path="0" offsetend="32" fileid="92" />
                <BranchPoint vc="0" uspid="770" ordinal="3" offset="30" sl="52" path="1" offsetend="51" fileid="92" />
              </BranchPoints>
              <MethodPoint xsi:type="SequencePoint" vc="1" uspid="758" ordinal="0" offset="0" sl="49" sc="9" el="49" ec="10" bec="0" bev="0" fileid="92" />
            </Method>
            <Method visited="true" cyclomaticComplexity="2" nPathComplexity="0" sequenceCoverage="100" branchCoverage="100" isConstructor="false" isStatic="true" isGetter="false" isSetter="false">
              <Summary numSequencePoints="10" visitedSequencePoints="10" numBranchPoints="1" visitedBranchPoints="1" sequenceCoverage="100" branchCoverage="100" maxCyclomaticComplexity="2" minCyclomaticComplexity="2" visitedClasses="0" numClasses="0" visitedMethods="1" numMethods="1" />
              <MetadataToken>100663343</MetadataToken>
              <Name>System.Void NetUtils.MemoryCache.MemoryCache::CleanUp()</Name>
              <FileRef uid="92" />
              <SequencePoints>
                <SequencePoint vc="891" uspid="771" ordinal="0" offset="0" sl="64" sc="9" el="64" ec="10" bec="0" bev="0" fileid="92" />
                <SequencePoint vc="891" uspid="772" ordinal="1" offset="1" sl="65" sc="13" el="65" ec="65" bec="0" bev="0" fileid="92" />
                <SequencePoint vc="891" uspid="773" ordinal="2" offset="17" sl="66" sc="13" el="66" ec="20" bec="0" bev="0" fileid="92" />
                <SequencePoint vc="891" uspid="774" ordinal="3" offset="18" sl="66" sc="38" el="66" ec="46" bec="0" bev="0" fileid="92" />
                <SequencePoint vc="4654" uspid="775" ordinal="4" offset="27" sl="66" sc="22" el="66" ec="34" bec="0" bev="0" fileid="92" />
                <SequencePoint vc="4654" uspid="776" ordinal="5" offset="35" sl="67" sc="13" el="67" ec="14" bec="0" bev="0" fileid="92" />
                <SequencePoint vc="4654" uspid="777" ordinal="6" offset="36" sl="68" sc="17" el="68" ec="42" bec="0" bev="0" fileid="92" />
                <SequencePoint vc="4654" uspid="778" ordinal="7" offset="43" sl="69" sc="13" el="69" ec="14" bec="0" bev="0" fileid="92" />
                <SequencePoint vc="5545" uspid="779" ordinal="8" offset="44" sl="66" sc="35" el="66" ec="37" bec="0" bev="0" fileid="92" />
                <SequencePoint vc="891" uspid="780" ordinal="9" offset="70" sl="70" sc="9" el="70" ec="10" bec="0" bev="0" fileid="92" />
              </SequencePoints>
              <BranchPoints />
              <MethodPoint xsi:type="SequencePoint" vc="891" uspid="771" ordinal="0" offset="0" sl="64" sc="9" el="64" ec="10" bec="0" bev="0" fileid="92" />
            </Method>
          </Methods>
        </Class>
        <Class>
          <Summary numSequencePoints="1" visitedSequencePoints="1" numBranchPoints="1" visitedBranchPoints="1" sequenceCoverage="100" branchCoverage="100" maxCyclomaticComplexity="1" minCyclomaticComplexity="1" visitedClasses="1" numClasses="1" visitedMethods="1" numMethods="1" />
          <FullName>NetUtils.MemoryCache.MemoryCache/&lt;&gt;c</FullName>
          <Methods>
            <Method visited="true" cyclomaticComplexity="1" nPathComplexity="0" sequenceCoverage="0" branchCoverage="0" isConstructor="true" isStatic="true" isGetter="false" isSetter="false">
              <Summary numSequencePoints="0" visitedSequencePoints="0" numBranchPoints="0" visitedBranchPoints="0" sequenceCoverage="0" branchCoverage="0" maxCyclomaticComplexity="1" minCyclomaticComplexity="1" visitedClasses="0" numClasses="0" visitedMethods="0" numMethods="0" />
              <MetadataToken>100663393</MetadataToken>
              <Name>System.Void NetUtils.MemoryCache.MemoryCache/&lt;&gt;c::.cctor()</Name>
              <SequencePoints />
              <BranchPoints />
              <MethodPoint vc="1" uspid="783" ordinal="0" offset="0" />
            </Method>
            <Method visited="true" cyclomaticComplexity="1" nPathComplexity="0" sequenceCoverage="0" branchCoverage="0" isConstructor="true" isStatic="false" isGetter="false" isSetter="false">
              <Summary numSequencePoints="0" visitedSequencePoints="0" numBranchPoints="0" visitedBranchPoints="0" sequenceCoverage="0" branchCoverage="0" maxCyclomaticComplexity="1" minCyclomaticComplexity="1" visitedClasses="0" numClasses="0" visitedMethods="0" numMethods="0" />
              <MetadataToken>100663394</MetadataToken>
              <Name>System.Void NetUtils.MemoryCache.MemoryCache/&lt;&gt;c::.ctor()</Name>
              <SequencePoints />
              <BranchPoints />
              <MethodPoint vc="1" uspid="784" ordinal="0" offset="0" />
            </Method>
            <Method visited="true" cyclomaticComplexity="1" nPathComplexity="0" sequenceCoverage="100" branchCoverage="100" isConstructor="false" isStatic="false" isGetter="false" isSetter="false">
              <Summary numSequencePoints="1" visitedSequencePoints="1" numBranchPoints="1" visitedBranchPoints="1" sequenceCoverage="100" branchCoverage="100" maxCyclomaticComplexity="1" minCyclomaticComplexity="1" visitedClasses="0" numClasses="0" visitedMethods="1" numMethods="1" />
              <MetadataToken>100663395</MetadataToken>
              <Name>System.Void NetUtils.MemoryCache.MemoryCache/&lt;&gt;c::&lt;.cctor&gt;b__3_0(System.Object)</Name>
              <FileRef uid="92" />
              <SequencePoints>
                <SequencePoint vc="891" uspid="785" ordinal="0" offset="0" sl="18" sc="47" el="18" ec="56" bec="0" bev="0" fileid="92" />
              </SequencePoints>
              <BranchPoints />
              <MethodPoint xsi:type="SequencePoint" vc="891" uspid="785" ordinal="0" offset="0" sl="18" sc="47" el="18" ec="56" bec="0" bev="0" fileid="92" />
            </Method>
          </Methods>
        </Class>
        <Class>
          <Summary numSequencePoints="1" visitedSequencePoints="1" numBranchPoints="1" visitedBranchPoints="1" sequenceCoverage="100" branchCoverage="100" maxCyclomaticComplexity="1" minCyclomaticComplexity="1" visitedClasses="1" numClasses="1" visitedMethods="1" numMethods="1" />
          <FullName>NetUtils.MemoryCache.MemoryCache/&lt;&gt;c__DisplayClass11_0</FullName>
          <Methods>
            <Method visited="true" cyclomaticComplexity="1" nPathComplexity="0" sequenceCoverage="0" branchCoverage="0" isConstructor="true" isStatic="false" isGetter="false" isSetter="false">
              <Summary numSequencePoints="0" visitedSequencePoints="0" numBranchPoints="0" visitedBranchPoints="0" sequenceCoverage="0" branchCoverage="0" maxCyclomaticComplexity="1" minCyclomaticComplexity="1" visitedClasses="0" numClasses="0" visitedMethods="0" numMethods="0" />
              <MetadataToken>100663396</MetadataToken>
              <Name>System.Void NetUtils.MemoryCache.MemoryCache/&lt;&gt;c__DisplayClass11_0::.ctor()</Name>
              <SequencePoints />
              <BranchPoints />
              <MethodPoint vc="33" uspid="786" ordinal="0" offset="0" />
            </Method>
            <Method visited="true" cyclomaticComplexity="1" nPathComplexity="0" sequenceCoverage="100" branchCoverage="100" isConstructor="false" isStatic="false" isGetter="false" isSetter="false">
              <Summary numSequencePoints="1" visitedSequencePoints="1" numBranchPoints="1" visitedBranchPoints="1" sequenceCoverage="100" branchCoverage="100" maxCyclomaticComplexity="1" minCyclomaticComplexity="1" visitedClasses="0" numClasses="0" visitedMethods="1" numMethods="1" />
              <MetadataToken>100663397</MetadataToken>
              <Name>NetUtils.MemoryCache.ICacheInstance NetUtils.MemoryCache.MemoryCache/&lt;&gt;c__DisplayClass11_0::&lt;GetNamedInstance&gt;b__0(System.String)</Name>
              <FileRef uid="92" />
              <SequencePoints>
                <SequencePoint vc="14" uspid="787" ordinal="0" offset="0" sl="43" sc="24" el="43" ec="53" bec="0" bev="0" fileid="92" />
              </SequencePoints>
              <BranchPoints />
              <MethodPoint xsi:type="SequencePoint" vc="14" uspid="787" ordinal="0" offset="0" sl="43" sc="24" el="43" ec="53" bec="0" bev="0" fileid="92" />
            </Method>
          </Methods>
        </Class>
        <Class>
          <Summary numSequencePoints="189" visitedSequencePoints="173" numBranchPoints="68" visitedBranchPoints="61" sequenceCoverage="91.53" branchCoverage="89.71" maxCyclomaticComplexity="14" minCyclomaticComplexity="1" visitedClasses="1" numClasses="1" visitedMethods="17" numMethods="18" />
          <FullName>NetUtils.MemoryCache.MemoryCacheInstance</FullName>
          <Methods>
            <Method visited="false" cyclomaticComplexity="1" nPathComplexity="0" sequenceCoverage="0" branchCoverage="0" isConstructor="false" isStatic="false" isGetter="true" isSetter="false">
              <Summary numSequencePoints="1" visitedSequencePoints="0" numBranchPoints="1" visitedBranchPoints="0" sequenceCoverage="0" branchCoverage="0" maxCyclomaticComplexity="1" minCyclomaticComplexity="1" visitedClasses="0" numClasses="0" visitedMethods="0" numMethods="1" />
              <MetadataToken>100663345</MetadataToken>
              <Name>System.String NetUtils.MemoryCache.MemoryCacheInstance::get_Name()</Name>
              <FileRef uid="95" />
              <SequencePoints>
                <SequencePoint vc="0" uspid="788" ordinal="0" offset="0" sl="28" sc="30" el="28" ec="34" bec="0" bev="0" fileid="95" />
              </SequencePoints>
              <BranchPoints />
              <MethodPoint xsi:type="SequencePoint" vc="0" uspid="788" ordinal="0" offset="0" sl="28" sc="30" el="28" ec="34" bec="0" bev="0" fileid="95" />
            </Method>
            <Method visited="true" cyclomaticComplexity="1" nPathComplexity="0" sequenceCoverage="100" branchCoverage="100" isConstructor="false" isStatic="false" isGetter="true" isSetter="false">
              <Summary numSequencePoints="1" visitedSequencePoints="1" numBranchPoints="1" visitedBranchPoints="1" sequenceCoverage="100" branchCoverage="100" maxCyclomaticComplexity="1" minCyclomaticComplexity="1" visitedClasses="0" numClasses="0" visitedMethods="1" numMethods="1" />
              <MetadataToken>100663346</MetadataToken>
              <Name>System.TimeSpan NetUtils.MemoryCache.MemoryCacheInstance::get_CleanInternal()</Name>
              <FileRef uid="95" />
              <SequencePoints>
                <SequencePoint vc="4659" uspid="789" ordinal="0" offset="0" sl="30" sc="41" el="30" ec="45" bec="0" bev="0" fileid="95" />
              </SequencePoints>
              <BranchPoints />
              <MethodPoint xsi:type="SequencePoint" vc="4659" uspid="789" ordinal="0" offset="0" sl="30" sc="41" el="30" ec="45" bec="0" bev="0" fileid="95" />
            </Method>
            <Method visited="true" cyclomaticComplexity="1" nPathComplexity="0" sequenceCoverage="100" branchCoverage="100" isConstructor="false" isStatic="false" isGetter="false" isSetter="true">
              <Summary numSequencePoints="1" visitedSequencePoints="1" numBranchPoints="1" visitedBranchPoints="1" sequenceCoverage="100" branchCoverage="100" maxCyclomaticComplexity="1" minCyclomaticComplexity="1" visitedClasses="0" numClasses="0" visitedMethods="1" numMethods="1" />
              <MetadataToken>100663347</MetadataToken>
              <Name>System.Void NetUtils.MemoryCache.MemoryCacheInstance::set_CleanInternal(System.TimeSpan)</Name>
              <FileRef uid="95" />
              <SequencePoints>
                <SequencePoint vc="4" uspid="790" ordinal="0" offset="0" sl="30" sc="46" el="30" ec="50" bec="0" bev="0" fileid="95" />
              </SequencePoints>
              <BranchPoints />
              <MethodPoint xsi:type="SequencePoint" vc="4" uspid="790" ordinal="0" offset="0" sl="30" sc="46" el="30" ec="50" bec="0" bev="0" fileid="95" />
            </Method>
            <Method visited="true" cyclomaticComplexity="1" nPathComplexity="0" sequenceCoverage="100" branchCoverage="100" isConstructor="false" isStatic="false" isGetter="true" isSetter="false">
              <Summary numSequencePoints="1" visitedSequencePoints="1" numBranchPoints="1" visitedBranchPoints="1" sequenceCoverage="100" branchCoverage="100" maxCyclomaticComplexity="1" minCyclomaticComplexity="1" visitedClasses="0" numClasses="0" visitedMethods="1" numMethods="1" />
              <MetadataToken>100663348</MetadataToken>
              <Name>System.Int32 NetUtils.MemoryCache.MemoryCacheInstance::get_Size()</Name>
              <FileRef uid="95" />
              <SequencePoints>
                <SequencePoint vc="2" uspid="791" ordinal="0" offset="0" sl="32" sc="28" el="32" ec="50" bec="0" bev="0" fileid="95" />
              </SequencePoints>
              <BranchPoints />
              <MethodPoint xsi:type="SequencePoint" vc="2" uspid="791" ordinal="0" offset="0" sl="32" sc="28" el="32" ec="50" bec="0" bev="0" fileid="95" />
            </Method>
            <Method visited="true" cyclomaticComplexity="2" nPathComplexity="0" sequenceCoverage="100" branchCoverage="100" isConstructor="true" isStatic="false" isGetter="false" isSetter="false">
              <Summary numSequencePoints="10" visitedSequencePoints="10" numBranchPoints="1" visitedBranchPoints="1" sequenceCoverage="100" branchCoverage="100" maxCyclomaticComplexity="2" minCyclomaticComplexity="2" visitedClasses="0" numClasses="0" visitedMethods="1" numMethods="1" />
              <MetadataToken>100663344</MetadataToken>
              <Name>System.Void NetUtils.MemoryCache.MemoryCacheInstance::.ctor(System.String)</Name>
              <FileRef uid="95" />
              <SequencePoints>
                <SequencePoint vc="14" uspid="792" ordinal="0" offset="0" sl="13" sc="9" el="13" ec="128" bec="0" bev="0" fileid="95" />
                <SequencePoint vc="14" uspid="793" ordinal="1" offset="11" sl="14" sc="9" el="14" ec="131" bec="0" bev="0" fileid="95" />
                <SequencePoint vc="14" uspid="794" ordinal="2" offset="22" sl="15" sc="9" el="15" ec="108" bec="0" bev="0" fileid="95" />
                <SequencePoint vc="14" uspid="795" ordinal="3" offset="33" sl="17" sc="9" el="17" ec="90" bec="0" bev="0" fileid="95" />
                <SequencePoint vc="14" uspid="796" ordinal="4" offset="44" sl="19" sc="9" el="19" ec="69" bec="0" bev="0" fileid="95" />
                <SequencePoint vc="14" uspid="797" ordinal="5" offset="55" sl="30" sc="55" el="30" ec="80" bec="0" bev="0" fileid="95" />
                <SequencePoint vc="14" uspid="798" ordinal="6" offset="66" sl="23" sc="9" el="23" ec="48" bec="0" bev="0" fileid="95" />
                <SequencePoint vc="14" uspid="799" ordinal="7" offset="73" sl="24" sc="9" el="24" ec="10" bec="0" bev="0" fileid="95" />
                <SequencePoint vc="14" uspid="800" ordinal="8" offset="74" sl="25" sc="13" el="25" ec="74" bec="0" bev="0" fileid="95" />
                <SequencePoint vc="14" uspid="801" ordinal="9" offset="96" sl="26" sc="9" el="26" ec="10" bec="0" bev="0" fileid="95" />
              </SequencePoints>
              <BranchPoints />
              <MethodPoint xsi:type="SequencePoint" vc="14" uspid="792" ordinal="0" offset="0" sl="13" sc="9" el="13" ec="128" bec="0" bev="0" fileid="95" />
            </Method>
            <Method visited="true" cyclomaticComplexity="10" nPathComplexity="32" sequenceCoverage="61.76" branchCoverage="72.73" isConstructor="false" isStatic="false" isGetter="false" isSetter="false">
              <Summary numSequencePoints="34" visitedSequencePoints="21" numBranchPoints="11" visitedBranchPoints="8" sequenceCoverage="61.76" branchCoverage="72.73" maxCyclomaticComplexity="10" minCyclomaticComplexity="10" visitedClasses="0" numClasses="0" visitedMethods="1" numMethods="1" />
              <MetadataToken>100663349</MetadataToken>
              <Name>System.Void NetUtils.MemoryCache.MemoryCacheInstance::CleanIfNeeded()</Name>
              <FileRef uid="95" />
              <SequencePoints>
                <SequencePoint vc="4657" uspid="804" ordinal="0" offset="0" sl="35" sc="9" el="35" ec="10" bec="0" bev="0" fileid="95" />
                <SequencePoint vc="4657" uspid="805" ordinal="1" offset="1" sl="36" sc="13" el="36" ec="52" bec="2" bev="1" fileid="95" />
                <SequencePoint vc="4657" uspid="806" ordinal="2" offset="20" sl="37" sc="13" el="37" ec="14" bec="0" bev="0" fileid="95" />
                <SequencePoint vc="4657" uspid="807" ordinal="3" offset="21" sl="39" sc="17" el="39" ec="18" bec="0" bev="0" fileid="95" />
                <SequencePoint vc="4657" uspid="808" ordinal="4" offset="22" sl="40" sc="21" el="40" ec="56" bec="0" bev="0" fileid="95" />
                <SequencePoint vc="4657" uspid="809" ordinal="5" offset="28" sl="41" sc="21" el="41" ec="61" bec="2" bev="2" fileid="95" />
                <SequencePoint vc="4624" uspid="810" ordinal="6" offset="55" sl="42" sc="21" el="42" ec="22" bec="0" bev="0" fileid="95" />
                <SequencePoint vc="4624" uspid="811" ordinal="7" offset="56" sl="43" sc="25" el="43" ec="32" bec="0" bev="0" fileid="95" />
                <SequencePoint vc="33" uspid="812" ordinal="8" offset="61" sl="47" sc="21" el="47" ec="127" bec="0" bev="0" fileid="95" />
                <SequencePoint vc="33" uspid="813" ordinal="9" offset="145" sl="48" sc="21" el="48" ec="49" bec="4" bev="2" fileid="95" />
                <SequencePoint vc="0" uspid="814" ordinal="10" offset="166" sl="49" sc="21" el="49" ec="22" bec="0" bev="0" fileid="95" />
                <SequencePoint vc="0" uspid="815" ordinal="11" offset="167" sl="50" sc="25" el="50" ec="32" bec="0" bev="0" fileid="95" />
                <SequencePoint vc="0" uspid="816" ordinal="12" offset="168" sl="50" sc="45" el="50" ec="57" bec="0" bev="0" fileid="95" />
                <SequencePoint vc="0" uspid="817" ordinal="13" offset="178" sl="50" sc="34" el="50" ec="41" bec="0" bev="0" fileid="95" />
                <SequencePoint vc="0" uspid="818" ordinal="14" offset="187" sl="51" sc="25" el="51" ec="26" bec="0" bev="0" fileid="95" />
                <SequencePoint vc="0" uspid="819" ordinal="15" offset="188" sl="52" sc="29" el="52" ec="47" bec="0" bev="0" fileid="95" />
                <SequencePoint vc="0" uspid="820" ordinal="16" offset="197" sl="53" sc="25" el="53" ec="26" bec="0" bev="0" fileid="95" />
                <SequencePoint vc="0" uspid="821" ordinal="17" offset="198" sl="50" sc="42" el="50" ec="44" bec="0" bev="0" fileid="95" />
                <SequencePoint vc="0" uspid="822" ordinal="18" offset="224" sl="54" sc="21" el="54" ec="22" bec="0" bev="0" fileid="95" />
                <SequencePoint vc="37" uspid="823" ordinal="19" offset="225" sl="56" sc="21" el="56" ec="74" bec="2" bev="2" fileid="95" />
                <SequencePoint vc="4" uspid="824" ordinal="20" offset="244" sl="57" sc="21" el="57" ec="22" bec="0" bev="0" fileid="95" />
                <SequencePoint vc="4" uspid="825" ordinal="21" offset="245" sl="58" sc="25" el="58" ec="45" bec="0" bev="0" fileid="95" />
                <SequencePoint vc="4" uspid="826" ordinal="22" offset="253" sl="59" sc="21" el="59" ec="22" bec="0" bev="0" fileid="95" />
                <SequencePoint vc="33" uspid="827" ordinal="23" offset="256" sl="61" sc="21" el="61" ec="41" bec="0" bev="0" fileid="95" />
                <SequencePoint vc="33" uspid="828" ordinal="24" offset="263" sl="63" sc="17" el="63" ec="18" bec="0" bev="0" fileid="95" />
                <SequencePoint vc="0" uspid="829" ordinal="25" offset="266" sl="64" sc="17" el="64" ec="36" bec="0" bev="0" fileid="95" />
                <SequencePoint vc="0" uspid="830" ordinal="26" offset="268" sl="65" sc="17" el="65" ec="18" bec="0" bev="0" fileid="95" />
                <SequencePoint vc="0" uspid="831" ordinal="27" offset="269" sl="66" sc="21" el="66" ec="52" bec="0" bev="0" fileid="95" />
                <SequencePoint vc="0" uspid="832" ordinal="28" offset="282" sl="67" sc="17" el="67" ec="18" bec="0" bev="0" fileid="95" />
                <SequencePoint vc="4657" uspid="833" ordinal="29" offset="287" sl="69" sc="17" el="69" ec="18" bec="0" bev="0" fileid="95" />
                <SequencePoint vc="4657" uspid="834" ordinal="30" offset="288" sl="70" sc="21" el="70" ec="51" bec="0" bev="0" fileid="95" />
                <SequencePoint vc="4657" uspid="835" ordinal="31" offset="300" sl="71" sc="17" el="71" ec="18" bec="0" bev="0" fileid="95" />
                <SequencePoint vc="33" uspid="836" ordinal="32" offset="302" sl="72" sc="13" el="72" ec="14" bec="0" bev="0" fileid="95" />
                <SequencePoint vc="4657" uspid="837" ordinal="33" offset="303" sl="73" sc="9" el="73" ec="10" bec="0" bev="0" fileid="95" />
              </SequencePoints>
              <BranchPoints>
                <BranchPoint vc="4657" uspid="838" ordinal="0" offset="15" sl="36" path="0" offsetend="20" fileid="95" />
                <BranchPoint vc="0" uspid="839" ordinal="1" offset="15" sl="36" path="1" offsetend="303" fileid="95" />
                <BranchPoint vc="4624" uspid="840" ordinal="2" offset="53" sl="41" path="0" offsetend="55" fileid="95" />
                <BranchPoint vc="33" uspid="841" ordinal="3" offset="53" sl="41" path="1" offsetend="61" fileid="95" />
                <BranchPoint vc="0" uspid="846" ordinal="8" offset="146" sl="48" path="0" offsetend="148" fileid="95" />
                <BranchPoint vc="33" uspid="847" ordinal="9" offset="146" sl="48" path="1" offsetend="151" fileid="95" />
                <BranchPoint vc="0" uspid="848" ordinal="10" offset="164" sl="48" path="0" offsetend="166" fileid="95" />
                <BranchPoint vc="33" uspid="849" ordinal="11" offset="164" sl="48" path="1" offsetend="225" fileid="95" />
                <BranchPoint vc="4" uspid="852" ordinal="14" offset="242" sl="56" path="0" offsetend="244" fileid="95" />
                <BranchPoint vc="33" uspid="853" ordinal="15" offset="242" sl="56" path="1" offsetend="256" fileid="95" />
              </BranchPoints>
              <MethodPoint xsi:type="SequencePoint" vc="4657" uspid="804" ordinal="0" offset="0" sl="35" sc="9" el="35" ec="10" bec="0" bev="0" fileid="95" />
            </Method>
            <Method visited="true" cyclomaticComplexity="3" nPathComplexity="0" sequenceCoverage="100" branchCoverage="100" isConstructor="false" isStatic="false" isGetter="false" isSetter="false">
              <Summary numSequencePoints="10" visitedSequencePoints="10" numBranchPoints="1" visitedBranchPoints="1" sequenceCoverage="100" branchCoverage="100" maxCyclomaticComplexity="3" minCyclomaticComplexity="3" visitedClasses="0" numClasses="0" visitedMethods="1" numMethods="1" />
              <MetadataToken>100663350</MetadataToken>
              <Name>System.Void NetUtils.MemoryCache.MemoryCacheInstance::Clear()</Name>
              <FileRef uid="95" />
              <SequencePoints>
                <SequencePoint vc="1" uspid="854" ordinal="0" offset="0" sl="76" sc="9" el="76" ec="10" bec="0" bev="0" fileid="95" />
                <SequencePoint vc="1" uspid="855" ordinal="1" offset="1" sl="77" sc="13" el="77" ec="83" bec="0" bev="0" fileid="95" />
                <SequencePoint vc="1" uspid="856" ordinal="2" offset="49" sl="78" sc="13" el="78" ec="20" bec="0" bev="0" fileid="95" />
                <SequencePoint vc="1" uspid="857" ordinal="3" offset="50" sl="78" sc="33" el="78" ec="45" bec="0" bev="0" fileid="95" />
                <SequencePoint vc="1" uspid="858" ordinal="4" offset="59" sl="78" sc="22" el="78" ec="29" bec="0" bev="0" fileid="95" />
                <SequencePoint vc="1" uspid="859" ordinal="5" offset="67" sl="79" sc="13" el="79" ec="14" bec="0" bev="0" fileid="95" />
                <SequencePoint vc="1" uspid="860" ordinal="6" offset="68" sl="80" sc="17" el="80" ec="35" bec="0" bev="0" fileid="95" />
                <SequencePoint vc="1" uspid="861" ordinal="7" offset="76" sl="81" sc="13" el="81" ec="14" bec="0" bev="0" fileid="95" />
                <SequencePoint vc="2" uspid="862" ordinal="8" offset="77" sl="78" sc="30" el="78" ec="32" bec="0" bev="0" fileid="95" />
                <SequencePoint vc="1" uspid="863" ordinal="9" offset="103" sl="82" sc="9" el="82" ec="10" bec="0" bev="0" fileid="95" />
              </SequencePoints>
              <BranchPoints />
              <MethodPoint xsi:type="SequencePoint" vc="1" uspid="854" ordinal="0" offset="0" sl="76" sc="9" el="76" ec="10" bec="0" bev="0" fileid="95" />
            </Method>
            <Method visited="true" cyclomaticComplexity="1" nPathComplexity="0" sequenceCoverage="100" branchCoverage="100" isConstructor="false" isStatic="false" isGetter="false" isSetter="false">
              <Summary numSequencePoints="5" visitedSequencePoints="5" numBranchPoints="1" visitedBranchPoints="1" sequenceCoverage="100" branchCoverage="100" maxCyclomaticComplexity="1" minCyclomaticComplexity="1" visitedClasses="0" numClasses="0" visitedMethods="1" numMethods="1" />
              <MetadataToken>100663351</MetadataToken>
              <Name>T NetUtils.MemoryCache.MemoryCacheInstance::GetAutoReloadDataWithCache(System.String,System.Func`1&lt;T&gt;,System.Func`1&lt;System.String&gt;,System.TimeSpan,System.TimeSpan,System.String&amp;,System.Boolean)</Name>
              <FileRef uid="95" />
              <SequencePoints>
                <SequencePoint vc="44486" uspid="868" ordinal="0" offset="0" sl="92" sc="9" el="92" ec="10" bec="0" bev="0" fileid="95" />
                <SequencePoint vc="44486" uspid="869" ordinal="1" offset="1" sl="93" sc="13" el="99" ec="43" bec="0" bev="0" fileid="95" />
                <SequencePoint vc="44485" uspid="870" ordinal="2" offset="17" sl="101" sc="13" el="101" ec="35" bec="0" bev="0" fileid="95" />
                <SequencePoint vc="44485" uspid="871" ordinal="3" offset="26" sl="102" sc="13" el="102" ec="38" bec="0" bev="0" fileid="95" />
                <SequencePoint vc="44485" uspid="872" ordinal="4" offset="40" sl="103" sc="9" el="103" ec="10" bec="0" bev="0" fileid="95" />
              </SequencePoints>
              <BranchPoints />
              <MethodPoint xsi:type="SequencePoint" vc="44486" uspid="868" ordinal="0" offset="0" sl="92" sc="9" el="92" ec="10" bec="0" bev="0" fileid="95" />
            </Method>
            <Method visited="true" cyclomaticComplexity="3" nPathComplexity="4" sequenceCoverage="100" branchCoverage="100" isConstructor="false" isStatic="false" isGetter="false" isSetter="false">
              <Summary numSequencePoints="11" visitedSequencePoints="11" numBranchPoints="5" visitedBranchPoints="5" sequenceCoverage="100" branchCoverage="100" maxCyclomaticComplexity="3" minCyclomaticComplexity="3" visitedClasses="0" numClasses="0" visitedMethods="1" numMethods="1" />
              <MetadataToken>100663352</MetadataToken>
              <Name>NetUtils.MemoryCache.CacheItem NetUtils.MemoryCache.MemoryCacheInstance::GetAutoReloadDataWithCacheInner(System.String,System.Func`1&lt;T&gt;,System.Func`1&lt;System.String&gt;,System.TimeSpan,System.TimeSpan,System.Boolean)</Name>
              <FileRef uid="95" />
              <SequencePoints>
                <SequencePoint vc="44486" uspid="873" ordinal="0" offset="50" sl="112" sc="9" el="112" ec="10" bec="0" bev="0" fileid="95" />
                <SequencePoint vc="44486" uspid="874" ordinal="1" offset="51" sl="113" sc="13" el="114" ec="45" bec="2" bev="2" fileid="95" />
                <SequencePoint vc="22146" uspid="875" ordinal="2" offset="76" sl="115" sc="13" el="115" ec="14" bec="0" bev="0" fileid="95" />
                <SequencePoint vc="22146" uspid="876" ordinal="3" offset="77" sl="116" sc="17" el="116" ec="132" bec="0" bev="0" fileid="95" />
                <SequencePoint vc="22146" uspid="877" ordinal="4" offset="110" sl="117" sc="17" el="117" ec="45" bec="2" bev="2" fileid="95" />
                <SequencePoint vc="12" uspid="878" ordinal="5" offset="115" sl="118" sc="17" el="118" ec="18" bec="0" bev="0" fileid="95" />
                <SequencePoint vc="12" uspid="879" ordinal="6" offset="116" sl="119" sc="21" el="122" ec="24" bec="0" bev="0" fileid="95" />
                <SequencePoint vc="12" uspid="880" ordinal="7" offset="134" sl="123" sc="17" el="123" ec="18" bec="0" bev="0" fileid="95" />
                <SequencePoint vc="22146" uspid="881" ordinal="8" offset="135" sl="125" sc="17" el="125" ec="34" bec="0" bev="0" fileid="95" />
                <SequencePoint vc="22340" uspid="882" ordinal="9" offset="145" sl="128" sc="13" el="128" ec="181" bec="0" bev="0" fileid="95" />
                <SequencePoint vc="44485" uspid="883" ordinal="10" offset="204" sl="129" sc="9" el="129" ec="10" bec="0" bev="0" fileid="95" />
              </SequencePoints>
              <BranchPoints>
                <BranchPoint vc="22146" uspid="884" ordinal="0" offset="74" sl="113" path="0" offsetend="76" fileid="95" />
                <BranchPoint vc="22340" uspid="885" ordinal="1" offset="74" sl="113" path="1" offsetend="145" fileid="95" />
                <BranchPoint vc="12" uspid="886" ordinal="2" offset="113" sl="117" path="0" offsetend="115" fileid="95" />
                <BranchPoint vc="22134" uspid="887" ordinal="3" offset="113" sl="117" path="1" offsetend="135" fileid="95" />
              </BranchPoints>
              <MethodPoint vc="44486" uspid="888" ordinal="0" offset="0" />
            </Method>
            <Method visited="true" cyclomaticComplexity="14" nPathComplexity="2048" sequenceCoverage="96.30" branchCoverage="91.30" isConstructor="false" isStatic="false" isGetter="false" isSetter="false">
              <Summary numSequencePoints="54" visitedSequencePoints="52" numBranchPoints="23" visitedBranchPoints="21" sequenceCoverage="96.30" branchCoverage="91.30" maxCyclomaticComplexity="14" minCyclomaticComplexity="14" visitedClasses="0" numClasses="0" visitedMethods="1" numMethods="1" />
              <MetadataToken>100663353</MetadataToken>
              <Name>NetUtils.MemoryCache.CacheItem NetUtils.MemoryCache.MemoryCacheInstance::SetOrUpdateLazyData(System.String,NetUtils.MemoryCache.CacheItem,System.Lazy`1&lt;T&gt;,System.Lazy`1&lt;System.String&gt;,System.TimeSpan,System.TimeSpan,System.Boolean)</Name>
              <FileRef uid="95" />
              <SequencePoints>
                <SequencePoint vc="22352" uspid="889" ordinal="0" offset="0" sl="139" sc="9" el="139" ec="10" bec="0" bev="0" fileid="95" />
                <SequencePoint vc="22352" uspid="890" ordinal="1" offset="1" sl="140" sc="13" el="140" ec="35" bec="0" bev="0" fileid="95" />
                <SequencePoint vc="22352" uspid="891" ordinal="2" offset="3" sl="141" sc="13" el="141" ec="38" bec="0" bev="0" fileid="95" />
                <SequencePoint vc="22352" uspid="892" ordinal="3" offset="5" sl="142" sc="13" el="142" ec="38" bec="2" bev="2" fileid="95" />
                <SequencePoint vc="251" uspid="893" ordinal="4" offset="13" sl="143" sc="13" el="143" ec="14" bec="0" bev="0" fileid="95" />
                <SequencePoint vc="251" uspid="894" ordinal="5" offset="14" sl="144" sc="17" el="144" ec="88" bec="0" bev="0" fileid="95" />
                <SequencePoint vc="251" uspid="895" ordinal="6" offset="34" sl="145" sc="13" el="145" ec="14" bec="0" bev="0" fileid="95" />
                <SequencePoint vc="22101" uspid="896" ordinal="7" offset="37" sl="147" sc="13" el="147" ec="14" bec="0" bev="0" fileid="95" />
                <SequencePoint vc="22101" uspid="897" ordinal="8" offset="38" sl="148" sc="17" el="148" ec="51" bec="0" bev="0" fileid="95" />
                <SequencePoint vc="22101" uspid="898" ordinal="9" offset="45" sl="149" sc="13" el="149" ec="14" bec="0" bev="0" fileid="95" />
                <SequencePoint vc="22352" uspid="899" ordinal="10" offset="46" sl="151" sc="13" el="151" ec="38" bec="0" bev="0" fileid="95" />
                <SequencePoint vc="22352" uspid="900" ordinal="11" offset="48" sl="153" sc="13" el="153" ec="14" bec="0" bev="0" fileid="95" />
                <SequencePoint vc="22352" uspid="901" ordinal="12" offset="49" sl="154" sc="17" el="154" ec="37" bec="2" bev="2" fileid="95" />
                <SequencePoint vc="251" uspid="902" ordinal="13" offset="59" sl="155" sc="17" el="155" ec="18" bec="0" bev="0" fileid="95" />
                <SequencePoint vc="251" uspid="903" ordinal="14" offset="60" sl="156" sc="21" el="156" ec="47" bec="0" bev="0" fileid="95" />
                <SequencePoint vc="251" uspid="904" ordinal="15" offset="67" sl="157" sc="21" el="157" ec="40" bec="0" bev="0" fileid="95" />
                <SequencePoint vc="251" uspid="905" ordinal="16" offset="69" sl="158" sc="21" el="158" ec="75" bec="2" bev="2" fileid="95" />
                <SequencePoint vc="229" uspid="906" ordinal="17" offset="84" sl="159" sc="21" el="159" ec="22" bec="0" bev="0" fileid="95" />
                <SequencePoint vc="229" uspid="907" ordinal="18" offset="85" sl="160" sc="25" el="160" ec="52" bec="0" bev="0" fileid="95" />
                <SequencePoint vc="22" uspid="908" ordinal="19" offset="94" sl="162" sc="17" el="162" ec="18" bec="0" bev="0" fileid="95" />
                <SequencePoint vc="22101" uspid="909" ordinal="20" offset="97" sl="163" sc="22" el="163" ec="44" bec="2" bev="2" fileid="95" />
                <SequencePoint vc="22089" uspid="910" ordinal="21" offset="105" sl="164" sc="17" el="164" ec="18" bec="0" bev="0" fileid="95" />
                <SequencePoint vc="22089" uspid="911" ordinal="22" offset="106" sl="165" sc="21" el="165" ec="47" bec="0" bev="0" fileid="95" />
                <SequencePoint vc="22089" uspid="912" ordinal="23" offset="113" sl="166" sc="21" el="166" ec="40" bec="0" bev="0" fileid="95" />
                <SequencePoint vc="22089" uspid="913" ordinal="24" offset="115" sl="167" sc="17" el="167" ec="18" bec="0" bev="0" fileid="95" />
                <SequencePoint vc="12" uspid="914" ordinal="25" offset="118" sl="169" sc="17" el="169" ec="18" bec="0" bev="0" fileid="95" />
                <SequencePoint vc="12" uspid="915" ordinal="26" offset="119" sl="170" sc="21" el="170" ec="64" bec="0" bev="0" fileid="95" />
                <SequencePoint vc="12" uspid="916" ordinal="27" offset="126" sl="171" sc="17" el="171" ec="18" bec="0" bev="0" fileid="95" />
                <SequencePoint vc="22123" uspid="917" ordinal="28" offset="127" sl="173" sc="17" el="173" ec="34" bec="2" bev="1" fileid="95" />
                <SequencePoint vc="0" uspid="918" ordinal="29" offset="137" sl="174" sc="17" el="174" ec="18" bec="0" bev="0" fileid="95" />
                <SequencePoint vc="0" uspid="919" ordinal="30" offset="138" sl="175" sc="21" el="175" ec="41" bec="0" bev="0" fileid="95" />
                <SequencePoint vc="22123" uspid="920" ordinal="31" offset="146" sl="178" sc="17" el="178" ec="115" bec="2" bev="2" fileid="95" />
                <SequencePoint vc="22123" uspid="921" ordinal="32" offset="164" sl="179" sc="17" el="179" ec="37" bec="2" bev="2" fileid="95" />
                <SequencePoint vc="22077" uspid="922" ordinal="33" offset="175" sl="180" sc="17" el="180" ec="18" bec="0" bev="0" fileid="95" />
                <SequencePoint vc="22077" uspid="923" ordinal="34" offset="176" sl="181" sc="21" el="181" ec="41" bec="0" bev="0" fileid="95" />
                <SequencePoint vc="46" uspid="924" ordinal="35" offset="181" sl="184" sc="17" el="184" ec="92" bec="2" bev="2" fileid="95" />
                <SequencePoint vc="21" uspid="925" ordinal="36" offset="219" sl="186" sc="13" el="186" ec="32" bec="0" bev="0" fileid="95" />
                <SequencePoint vc="21" uspid="926" ordinal="37" offset="221" sl="187" sc="13" el="187" ec="14" bec="0" bev="0" fileid="95" />
                <SequencePoint vc="21" uspid="927" ordinal="38" offset="222" sl="188" sc="17" el="188" ec="48" bec="0" bev="0" fileid="95" />
                <SequencePoint vc="21" uspid="928" ordinal="39" offset="235" sl="189" sc="17" el="189" ec="42" bec="2" bev="2" fileid="95" />
                <SequencePoint vc="20" uspid="929" ordinal="40" offset="245" sl="190" sc="17" el="190" ec="18" bec="0" bev="0" fileid="95" />
                <SequencePoint vc="20" uspid="930" ordinal="41" offset="246" sl="191" sc="21" el="191" ec="41" bec="0" bev="0" fileid="95" />
                <SequencePoint vc="1" uspid="931" ordinal="42" offset="251" sl="194" sc="17" el="194" ec="23" bec="0" bev="0" fileid="95" />
                <SequencePoint vc="22352" uspid="932" ordinal="43" offset="253" sl="197" sc="13" el="197" ec="14" bec="0" bev="0" fileid="95" />
                <SequencePoint vc="22352" uspid="933" ordinal="44" offset="254" sl="198" sc="17" el="198" ec="37" bec="2" bev="2" fileid="95" />
                <SequencePoint vc="251" uspid="934" ordinal="45" offset="264" sl="199" sc="17" el="199" ec="18" bec="0" bev="0" fileid="95" />
                <SequencePoint vc="251" uspid="935" ordinal="46" offset="265" sl="200" sc="21" el="200" ec="63" bec="0" bev="0" fileid="95" />
                <SequencePoint vc="251" uspid="936" ordinal="47" offset="280" sl="201" sc="17" el="201" ec="18" bec="0" bev="0" fileid="95" />
                <SequencePoint vc="22352" uspid="937" ordinal="48" offset="281" sl="203" sc="17" el="203" ec="33" bec="2" bev="1" fileid="95" />
                <SequencePoint vc="22352" uspid="938" ordinal="49" offset="288" sl="204" sc="17" el="204" ec="18" bec="0" bev="0" fileid="95" />
                <SequencePoint vc="22352" uspid="939" ordinal="50" offset="289" sl="205" sc="21" el="205" ec="46" bec="0" bev="0" fileid="95" />
                <SequencePoint vc="22352" uspid="940" ordinal="51" offset="296" sl="206" sc="17" el="206" ec="18" bec="0" bev="0" fileid="95" />
                <SequencePoint vc="22352" uspid="941" ordinal="52" offset="297" sl="207" sc="13" el="207" ec="14" bec="0" bev="0" fileid="95" />
                <SequencePoint vc="22351" uspid="942" ordinal="53" offset="299" sl="208" sc="9" el="208" ec="10" bec="0" bev="0" fileid="95" />
              </SequencePoints>
              <BranchPoints>
                <BranchPoint vc="251" uspid="943" ordinal="0" offset="11" sl="142" path="0" offsetend="13" fileid="95" />
                <BranchPoint vc="22101" uspid="944" ordinal="1" offset="11" sl="142" path="1" offsetend="37" fileid="95" />
                <BranchPoint vc="251" uspid="945" ordinal="2" offset="57" sl="154" path="0" offsetend="59" fileid="95" />
                <BranchPoint vc="22101" uspid="946" ordinal="3" offset="57" sl="154" path="1" offsetend="97" fileid="95" />
                <BranchPoint vc="229" uspid="947" ordinal="4" offset="82" sl="158" path="0" offsetend="84" fileid="95" />
                <BranchPoint vc="22" uspid="948" ordinal="5" offset="82" sl="158" path="1" offsetend="94" fileid="95" />
                <BranchPoint vc="22089" uspid="949" ordinal="6" offset="103" sl="163" path="0" offsetend="105" fileid="95" />
                <BranchPoint vc="12" uspid="950" ordinal="7" offset="103" sl="163" path="1" offsetend="118" fileid="95" />
                <BranchPoint vc="0" uspid="951" ordinal="8" offset="135" sl="173" path="0" offsetend="137" fileid="95" />
                <BranchPoint vc="22123" uspid="952" ordinal="9" offset="135" sl="173" path="1" offsetend="146" fileid="95" />
                <BranchPoint vc="22" uspid="953" ordinal="10" offset="147" sl="178" path="0" offsetend="149" fileid="95" />
                <BranchPoint vc="22101" uspid="954" ordinal="11" offset="147" sl="178" path="1" offsetend="152" fileid="95" />
                <BranchPoint vc="22077" uspid="955" ordinal="12" offset="173" sl="179" path="0" offsetend="175" fileid="95" />
                <BranchPoint vc="46" uspid="956" ordinal="13" offset="173" sl="179" path="1" offsetend="181" fileid="95" />
                <BranchPoint vc="9" uspid="957" ordinal="14" offset="198" sl="184" path="0" offsetend="200" fileid="95" />
                <BranchPoint vc="16" uspid="958" ordinal="15" offset="198" sl="184" path="1" offsetend="203" fileid="95" />
                <BranchPoint vc="20" uspid="959" ordinal="16" offset="243" sl="189" path="0" offsetend="245" fileid="95" />
                <BranchPoint vc="1" uspid="960" ordinal="17" offset="243" sl="189" path="1" offsetend="251" fileid="95" />
                <BranchPoint vc="251" uspid="961" ordinal="18" offset="262" sl="198" path="0" offsetend="264" fileid="95" />
                <BranchPoint vc="22101" uspid="962" ordinal="19" offset="262" sl="198" path="1" offsetend="281" fileid="95" />
                <BranchPoint vc="22352" uspid="963" ordinal="20" offset="286" sl="203" path="0" offsetend="288" fileid="95" />
                <BranchPoint vc="0" uspid="964" ordinal="21" offset="286" sl="203" path="1" offsetend="297" fileid="95" />
              </BranchPoints>
              <MethodPoint xsi:type="SequencePoint" vc="22352" uspid="889" ordinal="0" offset="0" sl="139" sc="9" el="139" ec="10" bec="0" bev="0" fileid="95" />
            </Method>
            <Method visited="true" cyclomaticComplexity="2" nPathComplexity="2" sequenceCoverage="100" branchCoverage="100" isConstructor="false" isStatic="false" isGetter="false" isSetter="false">
              <Summary numSequencePoints="11" visitedSequencePoints="11" numBranchPoints="3" visitedBranchPoints="3" sequenceCoverage="100" branchCoverage="100" maxCyclomaticComplexity="2" minCyclomaticComplexity="2" visitedClasses="0" numClasses="0" visitedMethods="1" numMethods="1" />
              <MetadataToken>100663354</MetadataToken>
              <Name>T NetUtils.MemoryCache.MemoryCacheInstance::GetData(System.String)</Name>
              <FileRef uid="95" />
              <SequencePoints>
                <SequencePoint vc="5" uspid="965" ordinal="0" offset="0" sl="211" sc="9" el="211" ec="10" bec="0" bev="0" fileid="95" />
                <SequencePoint vc="5" uspid="966" ordinal="1" offset="1" sl="212" sc="13" el="212" ec="57" bec="2" bev="2" fileid="95" />
                <SequencePoint vc="4" uspid="967" ordinal="2" offset="14" sl="213" sc="13" el="213" ec="14" bec="0" bev="0" fileid="95" />
                <SequencePoint vc="4" uspid="968" ordinal="3" offset="15" sl="215" sc="17" el="215" ec="18" bec="0" bev="0" fileid="95" />
                <SequencePoint vc="4" uspid="969" ordinal="4" offset="16" sl="216" sc="21" el="216" ec="46" bec="0" bev="0" fileid="95" />
                <SequencePoint vc="1" uspid="970" ordinal="5" offset="30" sl="218" sc="17" el="218" ec="47" bec="0" bev="0" fileid="95" />
                <SequencePoint vc="1" uspid="971" ordinal="6" offset="31" sl="219" sc="17" el="219" ec="18" bec="0" bev="0" fileid="95" />
                <SequencePoint vc="1" uspid="972" ordinal="7" offset="32" sl="220" sc="21" el="220" ec="52" bec="0" bev="0" fileid="95" />
                <SequencePoint vc="1" uspid="973" ordinal="8" offset="44" sl="221" sc="21" el="221" ec="39" bec="0" bev="0" fileid="95" />
                <SequencePoint vc="1" uspid="974" ordinal="9" offset="57" sl="225" sc="13" el="225" ec="31" bec="0" bev="0" fileid="95" />
                <SequencePoint vc="5" uspid="975" ordinal="10" offset="70" sl="226" sc="9" el="226" ec="10" bec="0" bev="0" fileid="95" />
              </SequencePoints>
              <BranchPoints>
                <BranchPoint vc="4" uspid="976" ordinal="0" offset="12" sl="212" path="0" offsetend="14" fileid="95" />
                <BranchPoint vc="1" uspid="977" ordinal="1" offset="12" sl="212" path="1" offsetend="57" fileid="95" />
              </BranchPoints>
              <MethodPoint xsi:type="SequencePoint" vc="5" uspid="965" ordinal="0" offset="0" sl="211" sc="9" el="211" ec="10" bec="0" bev="0" fileid="95" />
            </Method>
            <Method visited="true" cyclomaticComplexity="3" nPathComplexity="2" sequenceCoverage="100" branchCoverage="100" isConstructor="false" isStatic="false" isGetter="false" isSetter="false">
              <Summary numSequencePoints="6" visitedSequencePoints="6" numBranchPoints="3" visitedBranchPoints="3" sequenceCoverage="100" branchCoverage="100" maxCyclomaticComplexity="3" minCyclomaticComplexity="3" visitedClasses="0" numClasses="0" visitedMethods="1" numMethods="1" />
              <MetadataToken>100663355</MetadataToken>
              <Name>System.Object NetUtils.MemoryCache.MemoryCacheInstance::GetData(System.String)</Name>
              <FileRef uid="95" />
              <SequencePoints>
                <SequencePoint vc="2" uspid="978" ordinal="0" offset="0" sl="229" sc="9" el="229" ec="10" bec="0" bev="0" fileid="95" />
                <SequencePoint vc="2" uspid="979" ordinal="1" offset="1" sl="230" sc="13" el="230" ec="78" bec="2" bev="2" fileid="95" />
                <SequencePoint vc="1" uspid="980" ordinal="2" offset="23" sl="231" sc="13" el="231" ec="14" bec="0" bev="0" fileid="95" />
                <SequencePoint vc="1" uspid="981" ordinal="3" offset="24" sl="232" sc="17" el="232" ec="39" bec="0" bev="0" fileid="95" />
                <SequencePoint vc="1" uspid="982" ordinal="4" offset="33" sl="235" sc="13" el="235" ec="25" bec="0" bev="0" fileid="95" />
                <SequencePoint vc="2" uspid="983" ordinal="5" offset="37" sl="236" sc="9" el="236" ec="10" bec="0" bev="0" fileid="95" />
              </SequencePoints>
              <BranchPoints>
                <BranchPoint vc="1" uspid="986" ordinal="2" offset="21" sl="230" path="0" offsetend="23" fileid="95" />
                <BranchPoint vc="1" uspid="987" ordinal="3" offset="21" sl="230" path="1" offsetend="33" fileid="95" />
              </BranchPoints>
              <MethodPoint xsi:type="SequencePoint" vc="2" uspid="978" ordinal="0" offset="0" sl="229" sc="9" el="229" ec="10" bec="0" bev="0" fileid="95" />
            </Method>
            <Method visited="true" cyclomaticComplexity="3" nPathComplexity="4" sequenceCoverage="100" branchCoverage="100" isConstructor="false" isStatic="false" isGetter="false" isSetter="false">
              <Summary numSequencePoints="11" visitedSequencePoints="11" numBranchPoints="5" visitedBranchPoints="5" sequenceCoverage="100" branchCoverage="100" maxCyclomaticComplexity="3" minCyclomaticComplexity="3" visitedClasses="0" numClasses="0" visitedMethods="1" numMethods="1" />
              <MetadataToken>100663356</MetadataToken>
              <Name>System.Boolean NetUtils.MemoryCache.MemoryCacheInstance::TryDeleteKey(System.String)</Name>
              <FileRef uid="95" />
              <SequencePoints>
                <SequencePoint vc="9" uspid="988" ordinal="0" offset="0" sl="239" sc="9" el="239" ec="10" bec="0" bev="0" fileid="95" />
                <SequencePoint vc="9" uspid="989" ordinal="1" offset="1" sl="240" sc="13" el="240" ec="63" bec="2" bev="2" fileid="95" />
                <SequencePoint vc="7" uspid="990" ordinal="2" offset="19" sl="241" sc="13" el="241" ec="14" bec="0" bev="0" fileid="95" />
                <SequencePoint vc="7" uspid="991" ordinal="3" offset="20" sl="242" sc="17" el="242" ec="43" bec="2" bev="2" fileid="95" />
                <SequencePoint vc="4" uspid="992" ordinal="4" offset="30" sl="243" sc="17" el="243" ec="18" bec="0" bev="0" fileid="95" />
                <SequencePoint vc="4" uspid="993" ordinal="5" offset="31" sl="244" sc="21" el="244" ec="51" bec="0" bev="0" fileid="95" />
                <SequencePoint vc="4" uspid="994" ordinal="6" offset="44" sl="245" sc="17" el="245" ec="18" bec="0" bev="0" fileid="95" />
                <SequencePoint vc="7" uspid="995" ordinal="7" offset="45" sl="247" sc="17" el="247" ec="29" bec="0" bev="0" fileid="95" />
                <SequencePoint vc="2" uspid="996" ordinal="8" offset="49" sl="250" sc="13" el="250" ec="55" bec="0" bev="0" fileid="95" />
                <SequencePoint vc="2" uspid="997" ordinal="9" offset="64" sl="252" sc="13" el="252" ec="26" bec="0" bev="0" fileid="95" />
                <SequencePoint vc="9" uspid="998" ordinal="10" offset="68" sl="253" sc="9" el="253" ec="10" bec="0" bev="0" fileid="95" />
              </SequencePoints>
              <BranchPoints>
                <BranchPoint vc="7" uspid="999" ordinal="0" offset="17" sl="240" path="0" offsetend="19" fileid="95" />
                <BranchPoint vc="2" uspid="1000" ordinal="1" offset="17" sl="240" path="1" offsetend="49" fileid="95" />
                <BranchPoint vc="4" uspid="1001" ordinal="2" offset="28" sl="242" path="0" offsetend="30" fileid="95" />
                <BranchPoint vc="3" uspid="1002" ordinal="3" offset="28" sl="242" path="1" offsetend="45" fileid="95" />
              </BranchPoints>
              <MethodPoint xsi:type="SequencePoint" vc="9" uspid="988" ordinal="0" offset="0" sl="239" sc="9" el="239" ec="10" bec="0" bev="0" fileid="95" />
            </Method>
            <Method visited="true" cyclomaticComplexity="1" nPathComplexity="0" sequenceCoverage="100" branchCoverage="100" isConstructor="false" isStatic="false" isGetter="false" isSetter="false">
              <Summary numSequencePoints="3" visitedSequencePoints="3" numBranchPoints="1" visitedBranchPoints="1" sequenceCoverage="100" branchCoverage="100" maxCyclomaticComplexity="1" minCyclomaticComplexity="1" visitedClasses="0" numClasses="0" visitedMethods="1" numMethods="1" />
              <MetadataToken>100663357</MetadataToken>
              <Name>System.Void NetUtils.MemoryCache.MemoryCacheInstance::SetData(System.String,System.Object,System.TimeSpan,System.String)</Name>
              <FileRef uid="95" />
              <SequencePoints>
                <SequencePoint vc="9" uspid="1003" ordinal="0" offset="0" sl="256" sc="9" el="256" ec="10" bec="0" bev="0" fileid="95" />
                <SequencePoint vc="9" uspid="1004" ordinal="1" offset="1" sl="257" sc="13" el="257" ec="54" bec="0" bev="0" fileid="95" />
                <SequencePoint vc="9" uspid="1005" ordinal="2" offset="13" sl="258" sc="9" el="258" ec="10" bec="0" bev="0" fileid="95" />
              </SequencePoints>
              <BranchPoints />
              <MethodPoint xsi:type="SequencePoint" vc="9" uspid="1003" ordinal="0" offset="0" sl="256" sc="9" el="256" ec="10" bec="0" bev="0" fileid="95" />
            </Method>
            <Method visited="true" cyclomaticComplexity="1" nPathComplexity="0" sequenceCoverage="100" branchCoverage="100" isConstructor="false" isStatic="false" isGetter="false" isSetter="false">
              <Summary numSequencePoints="3" visitedSequencePoints="3" numBranchPoints="1" visitedBranchPoints="1" sequenceCoverage="100" branchCoverage="100" maxCyclomaticComplexity="1" minCyclomaticComplexity="1" visitedClasses="0" numClasses="0" visitedMethods="1" numMethods="1" />
              <MetadataToken>100663358</MetadataToken>
              <Name>NetUtils.MemoryCache.CacheItem NetUtils.MemoryCache.MemoryCacheInstance::AddOrUpdate(System.String,System.Object,System.TimeSpan,System.String)</Name>
              <FileRef uid="95" />
              <SequencePoints>
                <SequencePoint vc="34" uspid="1006" ordinal="0" offset="42" sl="261" sc="9" el="261" ec="10" bec="0" bev="0" fileid="95" />
                <SequencePoint vc="34" uspid="1007" ordinal="1" offset="43" sl="262" sc="13" el="282" ec="20" bec="0" bev="0" fileid="95" />
                <SequencePoint vc="34" uspid="1008" ordinal="2" offset="87" sl="283" sc="9" el="283" ec="10" bec="0" bev="0" fileid="95" />
              </SequencePoints>
              <BranchPoints />
              <MethodPoint vc="34" uspid="1009" ordinal="0" offset="0" />
            </Method>
            <Method visited="true" cyclomaticComplexity="4" nPathComplexity="4" sequenceCoverage="100" branchCoverage="100" isConstructor="false" isStatic="false" isGetter="false" isSetter="false">
              <Summary numSequencePoints="14" visitedSequencePoints="14" numBranchPoints="5" visitedBranchPoints="5" sequenceCoverage="100" branchCoverage="100" maxCyclomaticComplexity="4" minCyclomaticComplexity="4" visitedClasses="0" numClasses="0" visitedMethods="1" numMethods="1" />
              <MetadataToken>100663359</MetadataToken>
              <Name>System.Boolean NetUtils.MemoryCache.MemoryCacheInstance::TryGetDataInner(System.String,NetUtils.MemoryCache.CacheItem&amp;)</Name>
              <FileRef uid="95" />
              <SequencePoints>
                <SequencePoint vc="44744" uspid="1010" ordinal="0" offset="0" sl="286" sc="9" el="286" ec="10" bec="0" bev="0" fileid="95" />
                <SequencePoint vc="44744" uspid="1011" ordinal="1" offset="1" sl="287" sc="13" el="287" ec="97" bec="0" bev="0" fileid="95" />
                <SequencePoint vc="44744" uspid="1012" ordinal="2" offset="25" sl="288" sc="13" el="288" ec="26" bec="2" bev="2" fileid="95" />
                <SequencePoint vc="273" uspid="1013" ordinal="3" offset="33" sl="289" sc="13" el="289" ec="14" bec="0" bev="0" fileid="95" />
                <SequencePoint vc="273" uspid="1014" ordinal="4" offset="34" sl="290" sc="17" el="290" ec="34" bec="0" bev="0" fileid="95" />
                <SequencePoint vc="273" uspid="1015" ordinal="5" offset="37" sl="291" sc="17" el="291" ec="30" bec="0" bev="0" fileid="95" />
                <SequencePoint vc="44471" uspid="1016" ordinal="6" offset="41" sl="294" sc="13" el="294" ec="38" bec="2" bev="2" fileid="95" />
                <SequencePoint vc="44469" uspid="1017" ordinal="7" offset="55" sl="295" sc="13" el="295" ec="14" bec="0" bev="0" fileid="95" />
                <SequencePoint vc="44469" uspid="1018" ordinal="8" offset="56" sl="296" sc="17" el="296" ec="65" bec="0" bev="0" fileid="95" />
                <SequencePoint vc="44469" uspid="1019" ordinal="9" offset="69" sl="297" sc="17" el="297" ec="29" bec="0" bev="0" fileid="95" />
                <SequencePoint vc="2" uspid="1020" ordinal="10" offset="73" sl="300" sc="13" el="300" ec="31" bec="0" bev="0" fileid="95" />
                <SequencePoint vc="2" uspid="1021" ordinal="11" offset="81" sl="301" sc="13" el="301" ec="30" bec="0" bev="0" fileid="95" />
                <SequencePoint vc="2" uspid="1022" ordinal="12" offset="84" sl="302" sc="13" el="302" ec="26" bec="0" bev="0" fileid="95" />
                <SequencePoint vc="44744" uspid="1023" ordinal="13" offset="88" sl="303" sc="9" el="303" ec="10" bec="0" bev="0" fileid="95" />
              </SequencePoints>
              <BranchPoints>
                <BranchPoint vc="273" uspid="1026" ordinal="2" offset="31" sl="288" path="0" offsetend="33" fileid="95" />
                <BranchPoint vc="44471" uspid="1027" ordinal="3" offset="31" sl="288" path="1" offsetend="41" fileid="95" />
                <BranchPoint vc="44469" uspid="1028" ordinal="4" offset="53" sl="294" path="0" offsetend="55" fileid="95" />
                <BranchPoint vc="2" uspid="1029" ordinal="5" offset="53" sl="294" path="1" offsetend="73" fileid="95" />
              </BranchPoints>
              <MethodPoint xsi:type="SequencePoint" vc="44744" uspid="1010" ordinal="0" offset="0" sl="286" sc="9" el="286" ec="10" bec="0" bev="0" fileid="95" />
            </Method>
            <Method visited="true" cyclomaticComplexity="4" nPathComplexity="2" sequenceCoverage="100" branchCoverage="66.67" isConstructor="false" isStatic="false" isGetter="false" isSetter="false">
              <Summary numSequencePoints="12" visitedSequencePoints="12" numBranchPoints="3" visitedBranchPoints="2" sequenceCoverage="100" branchCoverage="66.67" maxCyclomaticComplexity="4" minCyclomaticComplexity="4" visitedClasses="0" numClasses="0" visitedMethods="1" numMethods="1" />
              <MetadataToken>100663360</MetadataToken>
              <Name>System.Void NetUtils.MemoryCache.MemoryCacheInstance::DisposeResources()</Name>
              <FileRef uid="95" />
              <SequencePoints>
                <SequencePoint vc="1" uspid="1030" ordinal="0" offset="0" sl="306" sc="9" el="306" ec="10" bec="0" bev="0" fileid="95" />
                <SequencePoint vc="1" uspid="1031" ordinal="1" offset="1" sl="309" sc="13" el="309" ec="20" bec="0" bev="0" fileid="95" />
                <SequencePoint vc="1" uspid="1032" ordinal="2" offset="2" sl="309" sc="34" el="309" ec="50" bec="0" bev="0" fileid="95" />
                <SequencePoint vc="1" uspid="1033" ordinal="3" offset="16" sl="309" sc="22" el="309" ec="30" bec="0" bev="0" fileid="95" />
                <SequencePoint vc="1" uspid="1034" ordinal="4" offset="23" sl="310" sc="13" el="310" ec="14" bec="0" bev="0" fileid="95" />
                <SequencePoint vc="1" uspid="1035" ordinal="5" offset="24" sl="311" sc="17" el="311" ec="39" bec="2" bev="1" fileid="95" />
                <SequencePoint vc="1" uspid="1036" ordinal="6" offset="43" sl="312" sc="13" el="312" ec="14" bec="0" bev="0" fileid="95" />
                <SequencePoint vc="2" uspid="1037" ordinal="7" offset="44" sl="309" sc="31" el="309" ec="33" bec="0" bev="0" fileid="95" />
                <SequencePoint vc="1" uspid="1038" ordinal="8" offset="65" sl="314" sc="13" el="314" ec="38" bec="0" bev="0" fileid="95" />
                <SequencePoint vc="1" uspid="1039" ordinal="9" offset="77" sl="315" sc="13" el="315" ec="41" bec="0" bev="0" fileid="95" />
                <SequencePoint vc="1" uspid="1040" ordinal="10" offset="89" sl="317" sc="13" el="317" ec="37" bec="0" bev="0" fileid="95" />
                <SequencePoint vc="1" uspid="1041" ordinal="11" offset="101" sl="318" sc="9" el="318" ec="10" bec="0" bev="0" fileid="95" />
              </SequencePoints>
              <BranchPoints>
                <BranchPoint vc="0" uspid="1042" ordinal="0" offset="32" sl="311" path="0" offsetend="34" fileid="95" />
                <BranchPoint vc="1" uspid="1043" ordinal="1" offset="32" sl="311" path="1" offsetend="37" fileid="95" />
              </BranchPoints>
              <MethodPoint xsi:type="SequencePoint" vc="1" uspid="1030" ordinal="0" offset="0" sl="306" sc="9" el="306" ec="10" bec="0" bev="0" fileid="95" />
            </Method>
            <Method visited="true" cyclomaticComplexity="1" nPathComplexity="0" sequenceCoverage="100" branchCoverage="100" isConstructor="true" isStatic="true" isGetter="false" isSetter="false">
              <Summary numSequencePoints="1" visitedSequencePoints="1" numBranchPoints="1" visitedBranchPoints="1" sequenceCoverage="100" branchCoverage="100" maxCyclomaticComplexity="1" minCyclomaticComplexity="1" visitedClasses="0" numClasses="0" visitedMethods="1" numMethods="1" />
              <MetadataToken>100663361</MetadataToken>
              <Name>System.Void NetUtils.MemoryCache.MemoryCacheInstance::.cctor()</Name>
              <FileRef uid="95" />
              <SequencePoints>
                <SequencePoint vc="1" uspid="1046" ordinal="0" offset="0" sl="21" sc="9" el="21" ec="93" bec="0" bev="0" fileid="95" />
              </SequencePoints>
              <BranchPoints />
              <MethodPoint xsi:type="SequencePoint" vc="1" uspid="1046" ordinal="0" offset="0" sl="21" sc="9" el="21" ec="93" bec="0" bev="0" fileid="95" />
            </Method>
          </Methods>
        </Class>
        <Class>
          <Summary numSequencePoints="3" visitedSequencePoints="2" numBranchPoints="3" visitedBranchPoints="2" sequenceCoverage="66.67" branchCoverage="66.67" maxCyclomaticComplexity="1" minCyclomaticComplexity="1" visitedClasses="1" numClasses="1" visitedMethods="2" numMethods="3" />
          <FullName>NetUtils.MemoryCache.MemoryCacheInstance/&lt;&gt;c</FullName>
          <Methods>
            <Method visited="true" cyclomaticComplexity="1" nPathComplexity="0" sequenceCoverage="0" branchCoverage="0" isConstructor="true" isStatic="true" isGetter="false" isSetter="false">
              <Summary numSequencePoints="0" visitedSequencePoints="0" numBranchPoints="0" visitedBranchPoints="0" sequenceCoverage="0" branchCoverage="0" maxCyclomaticComplexity="1" minCyclomaticComplexity="1" visitedClasses="0" numClasses="0" visitedMethods="0" numMethods="0" />
              <MetadataToken>100663398</MetadataToken>
              <Name>System.Void NetUtils.MemoryCache.MemoryCacheInstance/&lt;&gt;c::.cctor()</Name>
              <SequencePoints />
              <BranchPoints />
              <MethodPoint vc="1" uspid="1047" ordinal="0" offset="0" />
            </Method>
            <Method visited="true" cyclomaticComplexity="1" nPathComplexity="0" sequenceCoverage="0" branchCoverage="0" isConstructor="true" isStatic="false" isGetter="false" isSetter="false">
              <Summary numSequencePoints="0" visitedSequencePoints="0" numBranchPoints="0" visitedBranchPoints="0" sequenceCoverage="0" branchCoverage="0" maxCyclomaticComplexity="1" minCyclomaticComplexity="1" visitedClasses="0" numClasses="0" visitedMethods="0" numMethods="0" />
              <MetadataToken>100663399</MetadataToken>
              <Name>System.Void NetUtils.MemoryCache.MemoryCacheInstance/&lt;&gt;c::.ctor()</Name>
              <SequencePoints />
              <BranchPoints />
              <MethodPoint vc="1" uspid="1048" ordinal="0" offset="0" />
            </Method>
            <Method visited="true" cyclomaticComplexity="1" nPathComplexity="0" sequenceCoverage="100" branchCoverage="100" isConstructor="false" isStatic="false" isGetter="false" isSetter="false">
              <Summary numSequencePoints="1" visitedSequencePoints="1" numBranchPoints="1" visitedBranchPoints="1" sequenceCoverage="100" branchCoverage="100" maxCyclomaticComplexity="1" minCyclomaticComplexity="1" visitedClasses="0" numClasses="0" visitedMethods="1" numMethods="1" />
              <MetadataToken>100663400</MetadataToken>
              <Name>System.Boolean NetUtils.MemoryCache.MemoryCacheInstance/&lt;&gt;c::&lt;CleanIfNeeded&gt;b__16_0(System.Collections.Generic.KeyValuePair`2&lt;System.String,NetUtils.MemoryCache.CacheItem&gt;)</Name>
              <FileRef uid="95" />
              <SequencePoints>
                <SequencePoint vc="5" uspid="1049" ordinal="0" offset="0" sl="47" sc="71" el="47" ec="91" bec="0" bev="0" fileid="95" />
              </SequencePoints>
              <BranchPoints />
              <MethodPoint xsi:type="SequencePoint" vc="5" uspid="1049" ordinal="0" offset="0" sl="47" sc="71" el="47" ec="91" bec="0" bev="0" fileid="95" />
            </Method>
            <Method visited="false" cyclomaticComplexity="1" nPathComplexity="0" sequenceCoverage="0" branchCoverage="0" isConstructor="false" isStatic="false" isGetter="false" isSetter="false">
              <Summary numSequencePoints="1" visitedSequencePoints="0" numBranchPoints="1" visitedBranchPoints="0" sequenceCoverage="0" branchCoverage="0" maxCyclomaticComplexity="1" minCyclomaticComplexity="1" visitedClasses="0" numClasses="0" visitedMethods="0" numMethods="1" />
              <MetadataToken>100663401</MetadataToken>
              <Name>System.String NetUtils.MemoryCache.MemoryCacheInstance/&lt;&gt;c::&lt;CleanIfNeeded&gt;b__16_1(System.Collections.Generic.KeyValuePair`2&lt;System.String,NetUtils.MemoryCache.CacheItem&gt;)</Name>
              <FileRef uid="95" />
              <SequencePoints>
                <SequencePoint vc="0" uspid="1050" ordinal="0" offset="0" sl="47" sc="108" el="47" ec="116" bec="0" bev="0" fileid="95" />
              </SequencePoints>
              <BranchPoints />
              <MethodPoint xsi:type="SequencePoint" vc="0" uspid="1050" ordinal="0" offset="0" sl="47" sc="108" el="47" ec="116" bec="0" bev="0" fileid="95" />
            </Method>
            <Method visited="true" cyclomaticComplexity="1" nPathComplexity="0" sequenceCoverage="100" branchCoverage="100" isConstructor="false" isStatic="false" isGetter="false" isSetter="false">
              <Summary numSequencePoints="1" visitedSequencePoints="1" numBranchPoints="1" visitedBranchPoints="1" sequenceCoverage="100" branchCoverage="100" maxCyclomaticComplexity="1" minCyclomaticComplexity="1" visitedClasses="0" numClasses="0" visitedMethods="1" numMethods="1" />
              <MetadataToken>100663402</MetadataToken>
              <Name>System.String NetUtils.MemoryCache.MemoryCacheInstance/&lt;&gt;c::&lt;Clear&gt;b__17_0(System.Collections.Generic.KeyValuePair`2&lt;System.String,NetUtils.MemoryCache.CacheItem&gt;)</Name>
              <FileRef uid="95" />
              <SequencePoints>
                <SequencePoint vc="1" uspid="1051" ordinal="0" offset="0" sl="77" sc="64" el="77" ec="72" bec="0" bev="0" fileid="95" />
              </SequencePoints>
              <BranchPoints />
              <MethodPoint xsi:type="SequencePoint" vc="1" uspid="1051" ordinal="0" offset="0" sl="77" sc="64" el="77" ec="72" bec="0" bev="0" fileid="95" />
            </Method>
          </Methods>
        </Class>
        <Class>
          <Summary numSequencePoints="3" visitedSequencePoints="3" numBranchPoints="1" visitedBranchPoints="1" sequenceCoverage="100" branchCoverage="100" maxCyclomaticComplexity="1" minCyclomaticComplexity="1" visitedClasses="1" numClasses="1" visitedMethods="1" numMethods="1" />
          <FullName>NetUtils.MemoryCache.MemoryCacheInstance/&lt;&gt;c__DisplayClass19_0`1</FullName>
          <Methods>
            <Method visited="true" cyclomaticComplexity="1" nPathComplexity="0" sequenceCoverage="0" branchCoverage="0" isConstructor="true" isStatic="false" isGetter="false" isSetter="false">
              <Summary numSequencePoints="0" visitedSequencePoints="0" numBranchPoints="0" visitedBranchPoints="0" sequenceCoverage="0" branchCoverage="0" maxCyclomaticComplexity="1" minCyclomaticComplexity="1" visitedClasses="0" numClasses="0" visitedMethods="0" numMethods="0" />
              <MetadataToken>100663403</MetadataToken>
              <Name>System.Void NetUtils.MemoryCache.MemoryCacheInstance/&lt;&gt;c__DisplayClass19_0`1::.ctor()</Name>
              <SequencePoints />
              <BranchPoints />
              <MethodPoint vc="44486" uspid="1052" ordinal="0" offset="0" />
            </Method>
            <Method visited="true" cyclomaticComplexity="1" nPathComplexity="0" sequenceCoverage="100" branchCoverage="100" isConstructor="false" isStatic="false" isGetter="false" isSetter="false">
              <Summary numSequencePoints="3" visitedSequencePoints="3" numBranchPoints="1" visitedBranchPoints="1" sequenceCoverage="100" branchCoverage="100" maxCyclomaticComplexity="1" minCyclomaticComplexity="1" visitedClasses="0" numClasses="0" visitedMethods="1" numMethods="1" />
              <MetadataToken>100663404</MetadataToken>
              <Name>System.Void NetUtils.MemoryCache.MemoryCacheInstance/&lt;&gt;c__DisplayClass19_0`1::&lt;GetAutoReloadDataWithCacheInner&gt;b__0()</Name>
              <FileRef uid="95" />
              <SequencePoints>
                <SequencePoint vc="12" uspid="1053" ordinal="0" offset="0" sl="120" sc="21" el="120" ec="22" bec="0" bev="0" fileid="95" />
                <SequencePoint vc="12" uspid="1054" ordinal="1" offset="1" sl="121" sc="25" el="121" ec="187" bec="0" bev="0" fileid="95" />
                <SequencePoint vc="12" uspid="1055" ordinal="2" offset="62" sl="122" sc="21" el="122" ec="22" bec="0" bev="0" fileid="95" />
              </SequencePoints>
              <BranchPoints />
              <MethodPoint xsi:type="SequencePoint" vc="12" uspid="1053" ordinal="0" offset="0" sl="120" sc="21" el="120" ec="22" bec="0" bev="0" fileid="95" />
            </Method>
          </Methods>
        </Class>
        <Class>
          <Summary numSequencePoints="14" visitedSequencePoints="8" numBranchPoints="6" visitedBranchPoints="4" sequenceCoverage="57.14" branchCoverage="66.67" maxCyclomaticComplexity="3" minCyclomaticComplexity="1" visitedClasses="1" numClasses="1" visitedMethods="2" numMethods="2" />
          <FullName>NetUtils.MemoryCache.MemoryCacheInstance/&lt;&gt;c__DisplayClass25_0</FullName>
          <Methods>
            <Method visited="true" cyclomaticComplexity="1" nPathComplexity="0" sequenceCoverage="0" branchCoverage="0" isConstructor="true" isStatic="false" isGetter="false" isSetter="false">
              <Summary numSequencePoints="0" visitedSequencePoints="0" numBranchPoints="0" visitedBranchPoints="0" sequenceCoverage="0" branchCoverage="0" maxCyclomaticComplexity="1" minCyclomaticComplexity="1" visitedClasses="0" numClasses="0" visitedMethods="0" numMethods="0" />
              <MetadataToken>100663405</MetadataToken>
              <Name>System.Void NetUtils.MemoryCache.MemoryCacheInstance/&lt;&gt;c__DisplayClass25_0::.ctor()</Name>
              <SequencePoints />
              <BranchPoints />
              <MethodPoint vc="34" uspid="1056" ordinal="0" offset="0" />
            </Method>
            <Method visited="true" cyclomaticComplexity="1" nPathComplexity="0" sequenceCoverage="100" branchCoverage="100" isConstructor="false" isStatic="false" isGetter="false" isSetter="false">
              <Summary numSequencePoints="1" visitedSequencePoints="1" numBranchPoints="1" visitedBranchPoints="1" sequenceCoverage="100" branchCoverage="100" maxCyclomaticComplexity="1" minCyclomaticComplexity="1" visitedClasses="0" numClasses="0" visitedMethods="1" numMethods="1" />
              <MetadataToken>100663406</MetadataToken>
              <Name>NetUtils.MemoryCache.CacheItem NetUtils.MemoryCache.MemoryCacheInstance/&lt;&gt;c__DisplayClass25_0::&lt;AddOrUpdate&gt;b__0(System.String)</Name>
              <FileRef uid="95" />
              <SequencePoints>
                <SequencePoint vc="30" uspid="1057" ordinal="0" offset="0" sl="264" sc="22" el="264" ec="64" bec="0" bev="0" fileid="95" />
              </SequencePoints>
              <BranchPoints />
              <MethodPoint xsi:type="SequencePoint" vc="30" uspid="1057" ordinal="0" offset="0" sl="264" sc="22" el="264" ec="64" bec="0" bev="0" fileid="95" />
            </Method>
            <Method visited="true" cyclomaticComplexity="3" nPathComplexity="4" sequenceCoverage="53.85" branchCoverage="60" isConstructor="false" isStatic="false" isGetter="false" isSetter="false">
              <Summary numSequencePoints="13" visitedSequencePoints="7" numBranchPoints="5" visitedBranchPoints="3" sequenceCoverage="53.85" branchCoverage="60" maxCyclomaticComplexity="3" minCyclomaticComplexity="3" visitedClasses="0" numClasses="0" visitedMethods="1" numMethods="1" />
              <MetadataToken>100663407</MetadataToken>
              <Name>NetUtils.MemoryCache.CacheItem NetUtils.MemoryCache.MemoryCacheInstance/&lt;&gt;c__DisplayClass25_0::&lt;AddOrUpdate&gt;b__1(System.String,NetUtils.MemoryCache.CacheItem)</Name>
              <FileRef uid="95" />
              <SequencePoints>
                <SequencePoint vc="4" uspid="1058" ordinal="0" offset="0" sl="266" sc="17" el="266" ec="18" bec="0" bev="0" fileid="95" />
                <SequencePoint vc="4" uspid="1059" ordinal="1" offset="1" sl="267" sc="21" el="267" ec="48" bec="2" bev="1" fileid="95" />
                <SequencePoint vc="4" uspid="1060" ordinal="2" offset="17" sl="268" sc="21" el="268" ec="22" bec="0" bev="0" fileid="95" />
                <SequencePoint vc="4" uspid="1061" ordinal="3" offset="18" sl="269" sc="25" el="269" ec="48" bec="2" bev="1" fileid="95" />
                <SequencePoint vc="0" uspid="1062" ordinal="4" offset="28" sl="270" sc="25" el="270" ec="26" bec="0" bev="0" fileid="95" />
                <SequencePoint vc="0" uspid="1063" ordinal="5" offset="29" sl="271" sc="29" el="271" ec="56" bec="0" bev="0" fileid="95" />
                <SequencePoint vc="0" uspid="1064" ordinal="6" offset="47" sl="272" sc="25" el="272" ec="26" bec="0" bev="0" fileid="95" />
                <SequencePoint vc="4" uspid="1065" ordinal="7" offset="48" sl="274" sc="25" el="274" ec="80" bec="0" bev="0" fileid="95" />
                <SequencePoint vc="4" uspid="1066" ordinal="8" offset="73" sl="275" sc="25" el="275" ec="40" bec="0" bev="0" fileid="95" />
                <SequencePoint vc="0" uspid="1067" ordinal="9" offset="77" sl="278" sc="21" el="278" ec="61" bec="0" bev="0" fileid="95" />
                <SequencePoint vc="0" uspid="1068" ordinal="10" offset="89" sl="279" sc="21" el="279" ec="47" bec="0" bev="0" fileid="95" />
                <SequencePoint vc="0" uspid="1069" ordinal="11" offset="102" sl="281" sc="21" el="281" ec="30" bec="0" bev="0" fileid="95" />
                <SequencePoint vc="4" uspid="1070" ordinal="12" offset="106" sl="282" sc="17" el="282" ec="18" bec="0" bev="0" fileid="95" />
              </SequencePoints>
              <BranchPoints>
                <BranchPoint vc="4" uspid="1071" ordinal="0" offset="15" sl="267" path="0" offsetend="17" fileid="95" />
                <BranchPoint vc="0" uspid="1072" ordinal="1" offset="15" sl="267" path="1" offsetend="77" fileid="95" />
                <BranchPoint vc="0" uspid="1073" ordinal="2" offset="26" sl="269" path="0" offsetend="28" fileid="95" />
                <BranchPoint vc="4" uspid="1074" ordinal="3" offset="26" sl="269" path="1" offsetend="48" fileid="95" />
              </BranchPoints>
              <MethodPoint xsi:type="SequencePoint" vc="4" uspid="1058" ordinal="0" offset="0" sl="266" sc="17" el="266" ec="18" bec="0" bev="0" fileid="95" />
            </Method>
          </Methods>
        </Class>
        <Class>
          <Summary numSequencePoints="8" visitedSequencePoints="8" numBranchPoints="1" visitedBranchPoints="1" sequenceCoverage="100" branchCoverage="100" maxCyclomaticComplexity="1" minCyclomaticComplexity="1" visitedClasses="1" numClasses="1" visitedMethods="1" numMethods="1" />
          <FullName>NetUtils.MemoryCache.DateTimeOffsetUtils</FullName>
          <Methods>
            <Method visited="true" cyclomaticComplexity="1" nPathComplexity="0" sequenceCoverage="100" branchCoverage="100" isConstructor="false" isStatic="true" isGetter="false" isSetter="false">
              <Summary numSequencePoints="8" visitedSequencePoints="8" numBranchPoints="1" visitedBranchPoints="1" sequenceCoverage="100" branchCoverage="100" maxCyclomaticComplexity="1" minCyclomaticComplexity="1" visitedClasses="0" numClasses="0" visitedMethods="1" numMethods="1" />
              <MetadataToken>100663362</MetadataToken>
              <Name>System.DateTimeOffset NetUtils.MemoryCache.DateTimeOffsetUtils::AddSafe(System.DateTimeOffset,System.TimeSpan)</Name>
              <FileRef uid="99" />
              <SequencePoints>
                <SequencePoint vc="44247" uspid="1075" ordinal="0" offset="0" sl="9" sc="9" el="9" ec="10" bec="0" bev="0" fileid="99" />
                <SequencePoint vc="44247" uspid="1076" ordinal="1" offset="1" sl="11" sc="13" el="11" ec="14" bec="0" bev="0" fileid="99" />
                <SequencePoint vc="44247" uspid="1077" ordinal="2" offset="2" sl="12" sc="17" el="12" ec="50" bec="0" bev="0" fileid="99" />
                <SequencePoint vc="1" uspid="1078" ordinal="3" offset="12" sl="14" sc="13" el="14" ec="50" bec="0" bev="0" fileid="99" />
                <SequencePoint vc="1" uspid="1079" ordinal="4" offset="13" sl="15" sc="13" el="15" ec="14" bec="0" bev="0" fileid="99" />
                <SequencePoint vc="1" uspid="1080" ordinal="5" offset="14" sl="16" sc="17" el="16" ec="48" bec="0" bev="0" fileid="99" />
                <SequencePoint vc="1" uspid="1081" ordinal="6" offset="26" sl="17" sc="17" el="17" ec="48" bec="0" bev="0" fileid="99" />
                <SequencePoint vc="44247" uspid="1082" ordinal="7" offset="34" sl="19" sc="9" el="19" ec="10" bec="0" bev="0" fileid="99" />
              </SequencePoints>
              <BranchPoints />
              <MethodPoint xsi:type="SequencePoint" vc="44247" uspid="1075" ordinal="0" offset="0" sl="9" sc="9" el="9" ec="10" bec="0" bev="0" fileid="99" />
            </Method>
          </Methods>
        </Class>
        <Class>
          <Summary numSequencePoints="19" visitedSequencePoints="17" numBranchPoints="7" visitedBranchPoints="6" sequenceCoverage="89.47" branchCoverage="85.71" maxCyclomaticComplexity="3" minCyclomaticComplexity="1" visitedClasses="1" numClasses="1" visitedMethods="3" numMethods="3" />
          <FullName>NetUtils.MemoryCache.Utils.DisposableBase</FullName>
          <Methods>
            <Method visited="true" cyclomaticComplexity="1" nPathComplexity="0" sequenceCoverage="100" branchCoverage="100" isConstructor="false" isStatic="false" isGetter="false" isSetter="false">
              <Summary numSequencePoints="5" visitedSequencePoints="5" numBranchPoints="1" visitedBranchPoints="1" sequenceCoverage="100" branchCoverage="100" maxCyclomaticComplexity="1" minCyclomaticComplexity="1" visitedClasses="0" numClasses="0" visitedMethods="1" numMethods="1" />
              <MetadataToken>100663363</MetadataToken>
              <Name>System.Void NetUtils.MemoryCache.Utils.DisposableBase::Finalize()</Name>
              <FileRef uid="100" />
              <SequencePoints>
                <SequencePoint vc="42" uspid="1083" ordinal="0" offset="0" sl="10" sc="9" el="10" ec="10" bec="0" bev="0" fileid="100" />
                <SequencePoint vc="42" uspid="1084" ordinal="1" offset="1" sl="10" sc="9" el="10" ec="10" bec="0" bev="0" fileid="100" />
                <SequencePoint vc="42" uspid="1085" ordinal="2" offset="2" sl="11" sc="13" el="11" ec="33" bec="0" bev="0" fileid="100" />
                <SequencePoint vc="42" uspid="1086" ordinal="3" offset="12" sl="12" sc="9" el="12" ec="10" bec="0" bev="0" fileid="100" />
                <SequencePoint vc="42" uspid="1087" ordinal="4" offset="20" sl="12" sc="9" el="12" ec="10" bec="0" bev="0" fileid="100" />
              </SequencePoints>
              <BranchPoints />
              <MethodPoint xsi:type="SequencePoint" vc="42" uspid="1083" ordinal="0" offset="0" sl="10" sc="9" el="10" ec="10" bec="0" bev="0" fileid="100" />
            </Method>
            <Method visited="true" cyclomaticComplexity="1" nPathComplexity="0" sequenceCoverage="100" branchCoverage="100" isConstructor="false" isStatic="false" isGetter="false" isSetter="false">
              <Summary numSequencePoints="4" visitedSequencePoints="4" numBranchPoints="1" visitedBranchPoints="1" sequenceCoverage="100" branchCoverage="100" maxCyclomaticComplexity="1" minCyclomaticComplexity="1" visitedClasses="0" numClasses="0" visitedMethods="1" numMethods="1" />
              <MetadataToken>100663364</MetadataToken>
              <Name>System.Void NetUtils.MemoryCache.Utils.DisposableBase::Dispose()</Name>
              <FileRef uid="100" />
              <SequencePoints>
                <SequencePoint vc="44" uspid="1088" ordinal="0" offset="0" sl="15" sc="9" el="15" ec="10" bec="0" bev="0" fileid="100" />
                <SequencePoint vc="44" uspid="1089" ordinal="1" offset="1" sl="16" sc="13" el="16" ec="32" bec="0" bev="0" fileid="100" />
                <SequencePoint vc="44" uspid="1090" ordinal="2" offset="9" sl="17" sc="13" el="17" ec="39" bec="0" bev="0" fileid="100" />
                <SequencePoint vc="44" uspid="1091" ordinal="3" offset="16" sl="18" sc="9" el="18" ec="10" bec="0" bev="0" fileid="100" />
              </SequencePoints>
              <BranchPoints />
              <MethodPoint xsi:type="SequencePoint" vc="44" uspid="1088" ordinal="0" offset="0" sl="15" sc="9" el="15" ec="10" bec="0" bev="0" fileid="100" />
            </Method>
            <Method visited="true" cyclomaticComplexity="3" nPathComplexity="4" sequenceCoverage="80" branchCoverage="80" isConstructor="false" isStatic="false" isGetter="false" isSetter="false">
              <Summary numSequencePoints="10" visitedSequencePoints="8" numBranchPoints="5" visitedBranchPoints="4" sequenceCoverage="80" branchCoverage="80" maxCyclomaticComplexity="3" minCyclomaticComplexity="3" visitedClasses="0" numClasses="0" visitedMethods="1" numMethods="1" />
              <MetadataToken>100663365</MetadataToken>
              <Name>System.Void NetUtils.MemoryCache.Utils.DisposableBase::Dispose(System.Boolean)</Name>
              <FileRef uid="100" />
              <SequencePoints>
                <SequencePoint vc="86" uspid="1092" ordinal="0" offset="0" sl="21" sc="9" el="21" ec="10" bec="0" bev="0" fileid="100" />
                <SequencePoint vc="86" uspid="1093" ordinal="1" offset="1" sl="22" sc="13" el="22" ec="33" bec="2" bev="1" fileid="100" />
                <SequencePoint vc="0" uspid="1094" ordinal="2" offset="11" sl="23" sc="13" el="23" ec="14" bec="0" bev="0" fileid="100" />
                <SequencePoint vc="0" uspid="1095" ordinal="3" offset="12" sl="24" sc="17" el="24" ec="24" bec="0" bev="0" fileid="100" />
                <SequencePoint vc="86" uspid="1096" ordinal="4" offset="14" sl="27" sc="13" el="27" ec="27" bec="2" bev="2" fileid="100" />
                <SequencePoint vc="44" uspid="1097" ordinal="5" offset="19" sl="28" sc="13" el="28" ec="14" bec="0" bev="0" fileid="100" />
                <SequencePoint vc="44" uspid="1098" ordinal="6" offset="20" sl="29" sc="17" el="29" ec="41" bec="0" bev="0" fileid="100" />
                <SequencePoint vc="44" uspid="1099" ordinal="7" offset="27" sl="30" sc="13" el="30" ec="14" bec="0" bev="0" fileid="100" />
                <SequencePoint vc="86" uspid="1100" ordinal="8" offset="28" sl="32" sc="13" el="32" ec="36" bec="0" bev="0" fileid="100" />
                <SequencePoint vc="86" uspid="1101" ordinal="9" offset="35" sl="33" sc="9" el="33" ec="10" bec="0" bev="0" fileid="100" />
              </SequencePoints>
              <BranchPoints>
                <BranchPoint vc="0" uspid="1102" ordinal="0" offset="9" sl="22" path="0" offsetend="11" fileid="100" />
                <BranchPoint vc="86" uspid="1103" ordinal="1" offset="9" sl="22" path="1" offsetend="14" fileid="100" />
                <BranchPoint vc="44" uspid="1104" ordinal="2" offset="17" sl="27" path="0" offsetend="19" fileid="100" />
                <BranchPoint vc="42" uspid="1105" ordinal="3" offset="17" sl="27" path="1" offsetend="28" fileid="100" />
              </BranchPoints>
              <MethodPoint xsi:type="SequencePoint" vc="86" uspid="1092" ordinal="0" offset="0" sl="21" sc="9" el="21" ec="10" bec="0" bev="0" fileid="100" />
            </Method>
            <Method visited="true" cyclomaticComplexity="1" nPathComplexity="0" sequenceCoverage="0" branchCoverage="0" isConstructor="true" isStatic="false" isGetter="false" isSetter="false">
              <Summary numSequencePoints="0" visitedSequencePoints="0" numBranchPoints="0" visitedBranchPoints="0" sequenceCoverage="0" branchCoverage="0" maxCyclomaticComplexity="1" minCyclomaticComplexity="1" visitedClasses="0" numClasses="0" visitedMethods="0" numMethods="0" />
              <MetadataToken>100663367</MetadataToken>
              <Name>System.Void NetUtils.MemoryCache.Utils.DisposableBase::.ctor()</Name>
              <SequencePoints />
              <BranchPoints />
              <MethodPoint vc="86" uspid="1106" ordinal="0" offset="0" />
            </Method>
          </Methods>
        </Class>
        <Class>
          <Summary numSequencePoints="43" visitedSequencePoints="21" numBranchPoints="16" visitedBranchPoints="7" sequenceCoverage="48.84" branchCoverage="43.75" maxCyclomaticComplexity="3" minCyclomaticComplexity="1" visitedClasses="1" numClasses="1" visitedMethods="4" numMethods="10" />
          <FullName>NetUtils.MemoryCache.Utils.LazyDisposable`1</FullName>
          <Methods>
            <Method visited="false" cyclomaticComplexity="1" nPathComplexity="0" sequenceCoverage="0" branchCoverage="0" isConstructor="true" isStatic="false" isGetter="false" isSetter="false">
              <Summary numSequencePoints="3" visitedSequencePoints="0" numBranchPoints="1" visitedBranchPoints="0" sequenceCoverage="0" branchCoverage="0" maxCyclomaticComplexity="1" minCyclomaticComplexity="1" visitedClasses="0" numClasses="0" visitedMethods="0" numMethods="1" />
              <MetadataToken>100663368</MetadataToken>
              <Name>System.Void NetUtils.MemoryCache.Utils.LazyDisposable`1::.ctor()</Name>
              <FileRef uid="101" />
              <SequencePoints>
                <SequencePoint vc="0" uspid="1107" ordinal="0" offset="0" sl="10" sc="35" el="10" ec="41" bec="0" bev="0" fileid="101" />
                <SequencePoint vc="0" uspid="1108" ordinal="1" offset="7" sl="10" sc="42" el="10" ec="43" bec="0" bev="0" fileid="101" />
                <SequencePoint vc="0" uspid="1109" ordinal="2" offset="8" sl="10" sc="44" el="10" ec="45" bec="0" bev="0" fileid="101" />
              </SequencePoints>
              <BranchPoints />
              <MethodPoint xsi:type="SequencePoint" vc="0" uspid="1107" ordinal="0" offset="0" sl="10" sc="35" el="10" ec="41" bec="0" bev="0" fileid="101" />
            </Method>
            <Method visited="false" cyclomaticComplexity="1" nPathComplexity="0" sequenceCoverage="0" branchCoverage="0" isConstructor="true" isStatic="false" isGetter="false" isSetter="false">
              <Summary numSequencePoints="3" visitedSequencePoints="0" numBranchPoints="1" visitedBranchPoints="0" sequenceCoverage="0" branchCoverage="0" maxCyclomaticComplexity="1" minCyclomaticComplexity="1" visitedClasses="0" numClasses="0" visitedMethods="0" numMethods="1" />
              <MetadataToken>100663369</MetadataToken>
              <Name>System.Void NetUtils.MemoryCache.Utils.LazyDisposable`1::.ctor(System.Boolean)</Name>
              <FileRef uid="101" />
              <SequencePoints>
                <SequencePoint vc="0" uspid="1110" ordinal="0" offset="0" sl="13" sc="52" el="13" ec="70" bec="0" bev="0" fileid="101" />
                <SequencePoint vc="0" uspid="1111" ordinal="1" offset="8" sl="13" sc="71" el="13" ec="72" bec="0" bev="0" fileid="101" />
                <SequencePoint vc="0" uspid="1112" ordinal="2" offset="9" sl="13" sc="73" el="13" ec="74" bec="0" bev="0" fileid="101" />
              </SequencePoints>
              <BranchPoints />
              <MethodPoint xsi:type="SequencePoint" vc="0" uspid="1110" ordinal="0" offset="0" sl="13" sc="52" el="13" ec="70" bec="0" bev="0" fileid="101" />
            </Method>
            <Method visited="false" cyclomaticComplexity="1" nPathComplexity="0" sequenceCoverage="0" branchCoverage="0" isConstructor="true" isStatic="false" isGetter="false" isSetter="false">
              <Summary numSequencePoints="3" visitedSequencePoints="0" numBranchPoints="1" visitedBranchPoints="0" sequenceCoverage="0" branchCoverage="0" maxCyclomaticComplexity="1" minCyclomaticComplexity="1" visitedClasses="0" numClasses="0" visitedMethods="0" numMethods="1" />
              <MetadataToken>100663370</MetadataToken>
              <Name>System.Void NetUtils.MemoryCache.Utils.LazyDisposable`1::.ctor(System.Threading.LazyThreadSafetyMode)</Name>
              <FileRef uid="101" />
              <SequencePoints>
                <SequencePoint vc="0" uspid="1113" ordinal="0" offset="0" sl="16" sc="60" el="16" ec="70" bec="0" bev="0" fileid="101" />
                <SequencePoint vc="0" uspid="1114" ordinal="1" offset="8" sl="16" sc="71" el="16" ec="72" bec="0" bev="0" fileid="101" />
                <SequencePoint vc="0" uspid="1115" ordinal="2" offset="9" sl="16" sc="73" el="16" ec="74" bec="0" bev="0" fileid="101" />
              </SequencePoints>
              <BranchPoints />
              <MethodPoint xsi:type="SequencePoint" vc="0" uspid="1113" ordinal="0" offset="0" sl="16" sc="60" el="16" ec="70" bec="0" bev="0" fileid="101" />
            </Method>
            <Method visited="false" cyclomaticComplexity="1" nPathComplexity="0" sequenceCoverage="0" branchCoverage="0" isConstructor="true" isStatic="false" isGetter="false" isSetter="false">
              <Summary numSequencePoints="3" visitedSequencePoints="0" numBranchPoints="1" visitedBranchPoints="0" sequenceCoverage="0" branchCoverage="0" maxCyclomaticComplexity="1" minCyclomaticComplexity="1" visitedClasses="0" numClasses="0" visitedMethods="0" numMethods="1" />
              <MetadataToken>100663371</MetadataToken>
              <Name>System.Void NetUtils.MemoryCache.Utils.LazyDisposable`1::.ctor(System.Func`1&lt;T&gt;)</Name>
              <FileRef uid="101" />
              <SequencePoints>
                <SequencePoint vc="0" uspid="1116" ordinal="0" offset="0" sl="19" sc="55" el="19" ec="73" bec="0" bev="0" fileid="101" />
                <SequencePoint vc="0" uspid="1117" ordinal="1" offset="8" sl="19" sc="74" el="19" ec="75" bec="0" bev="0" fileid="101" />
                <SequencePoint vc="0" uspid="1118" ordinal="2" offset="9" sl="19" sc="76" el="19" ec="77" bec="0" bev="0" fileid="101" />
              </SequencePoints>
              <BranchPoints />
              <MethodPoint xsi:type="SequencePoint" vc="0" uspid="1116" ordinal="0" offset="0" sl="19" sc="55" el="19" ec="73" bec="0" bev="0" fileid="101" />
            </Method>
            <Method visited="true" cyclomaticComplexity="1" nPathComplexity="0" sequenceCoverage="100" branchCoverage="100" isConstructor="true" isStatic="false" isGetter="false" isSetter="false">
              <Summary numSequencePoints="3" visitedSequencePoints="3" numBranchPoints="1" visitedBranchPoints="1" sequenceCoverage="100" branchCoverage="100" maxCyclomaticComplexity="1" minCyclomaticComplexity="1" visitedClasses="0" numClasses="0" visitedMethods="1" numMethods="1" />
              <MetadataToken>100663372</MetadataToken>
              <Name>System.Void NetUtils.MemoryCache.Utils.LazyDisposable`1::.ctor(System.Func`1&lt;T&gt;,System.Boolean)</Name>
              <FileRef uid="101" />
              <SequencePoints>
                <SequencePoint vc="1" uspid="1119" ordinal="0" offset="0" sl="22" sc="74" el="22" ec="106" bec="0" bev="0" fileid="101" />
                <SequencePoint vc="1" uspid="1120" ordinal="1" offset="9" sl="22" sc="107" el="22" ec="108" bec="0" bev="0" fileid="101" />
                <SequencePoint vc="1" uspid="1121" ordinal="2" offset="10" sl="22" sc="109" el="22" ec="110" bec="0" bev="0" fileid="101" />
              </SequencePoints>
              <BranchPoints />
              <MethodPoint xsi:type="SequencePoint" vc="1" uspid="1119" ordinal="0" offset="0" sl="22" sc="74" el="22" ec="106" bec="0" bev="0" fileid="101" />
            </Method>
            <Method visited="false" cyclomaticComplexity="1" nPathComplexity="0" sequenceCoverage="0" branchCoverage="0" isConstructor="true" isStatic="false" isGetter="false" isSetter="false">
              <Summary numSequencePoints="3" visitedSequencePoints="0" numBranchPoints="1" visitedBranchPoints="0" sequenceCoverage="0" branchCoverage="0" maxCyclomaticComplexity="1" minCyclomaticComplexity="1" visitedClasses="0" numClasses="0" visitedMethods="0" numMethods="1" />
              <MetadataToken>100663373</MetadataToken>
              <Name>System.Void NetUtils.MemoryCache.Utils.LazyDisposable`1::.ctor(System.Func`1&lt;T&gt;,System.Threading.LazyThreadSafetyMode)</Name>
              <FileRef uid="101" />
              <SequencePoints>
                <SequencePoint vc="0" uspid="1122" ordinal="0" offset="0" sl="25" sc="82" el="25" ec="106" bec="0" bev="0" fileid="101" />
                <SequencePoint vc="0" uspid="1123" ordinal="1" offset="9" sl="25" sc="107" el="25" ec="108" bec="0" bev="0" fileid="101" />
                <SequencePoint vc="0" uspid="1124" ordinal="2" offset="10" sl="25" sc="109" el="25" ec="110" bec="0" bev="0" fileid="101" />
              </SequencePoints>
              <BranchPoints />
              <MethodPoint xsi:type="SequencePoint" vc="0" uspid="1122" ordinal="0" offset="0" sl="25" sc="82" el="25" ec="106" bec="0" bev="0" fileid="101" />
            </Method>
            <Method visited="false" cyclomaticComplexity="1" nPathComplexity="0" sequenceCoverage="0" branchCoverage="0" isConstructor="false" isStatic="false" isGetter="false" isSetter="false">
              <Summary numSequencePoints="5" visitedSequencePoints="0" numBranchPoints="1" visitedBranchPoints="0" sequenceCoverage="0" branchCoverage="0" maxCyclomaticComplexity="1" minCyclomaticComplexity="1" visitedClasses="0" numClasses="0" visitedMethods="0" numMethods="1" />
              <MetadataToken>100663374</MetadataToken>
              <Name>System.Void NetUtils.MemoryCache.Utils.LazyDisposable`1::Finalize()</Name>
              <FileRef uid="101" />
              <SequencePoints>
                <SequencePoint vc="0" uspid="1125" ordinal="0" offset="0" sl="28" sc="9" el="28" ec="10" bec="0" bev="0" fileid="101" />
                <SequencePoint vc="0" uspid="1126" ordinal="1" offset="1" sl="28" sc="9" el="28" ec="10" bec="0" bev="0" fileid="101" />
                <SequencePoint vc="0" uspid="1127" ordinal="2" offset="2" sl="29" sc="13" el="29" ec="33" bec="0" bev="0" fileid="101" />
                <SequencePoint vc="0" uspid="1128" ordinal="3" offset="12" sl="30" sc="9" el="30" ec="10" bec="0" bev="0" fileid="101" />
                <SequencePoint vc="0" uspid="1129" ordinal="4" offset="20" sl="30" sc="9" el="30" ec="10" bec="0" bev="0" fileid="101" />
              </SequencePoints>
              <BranchPoints />
              <MethodPoint xsi:type="SequencePoint" vc="0" uspid="1125" ordinal="0" offset="0" sl="28" sc="9" el="28" ec="10" bec="0" bev="0" fileid="101" />
            </Method>
            <Method visited="true" cyclomaticComplexity="1" nPathComplexity="0" sequenceCoverage="100" branchCoverage="100" isConstructor="false" isStatic="false" isGetter="false" isSetter="false">
              <Summary numSequencePoints="4" visitedSequencePoints="4" numBranchPoints="1" visitedBranchPoints="1" sequenceCoverage="100" branchCoverage="100" maxCyclomaticComplexity="1" minCyclomaticComplexity="1" visitedClasses="0" numClasses="0" visitedMethods="1" numMethods="1" />
              <MetadataToken>100663375</MetadataToken>
              <Name>System.Void NetUtils.MemoryCache.Utils.LazyDisposable`1::Dispose()</Name>
              <FileRef uid="101" />
              <SequencePoints>
                <SequencePoint vc="1" uspid="1130" ordinal="0" offset="0" sl="36" sc="9" el="36" ec="10" bec="0" bev="0" fileid="101" />
                <SequencePoint vc="1" uspid="1131" ordinal="1" offset="1" sl="37" sc="13" el="37" ec="32" bec="0" bev="0" fileid="101" />
                <SequencePoint vc="1" uspid="1132" ordinal="2" offset="9" sl="38" sc="13" el="38" ec="39" bec="0" bev="0" fileid="101" />
                <SequencePoint vc="1" uspid="1133" ordinal="3" offset="16" sl="39" sc="9" el="39" ec="10" bec="0" bev="0" fileid="101" />
              </SequencePoints>
              <BranchPoints />
              <MethodPoint xsi:type="SequencePoint" vc="1" uspid="1130" ordinal="0" offset="0" sl="36" sc="9" el="36" ec="10" bec="0" bev="0" fileid="101" />
            </Method>
            <Method visited="true" cyclomaticComplexity="3" nPathComplexity="4" sequenceCoverage="80" branchCoverage="60" isConstructor="false" isStatic="false" isGetter="false" isSetter="false">
              <Summary numSequencePoints="10" visitedSequencePoints="8" numBranchPoints="5" visitedBranchPoints="3" sequenceCoverage="80" branchCoverage="60" maxCyclomaticComplexity="3" minCyclomaticComplexity="3" visitedClasses="0" numClasses="0" visitedMethods="1" numMethods="1" />
              <MetadataToken>100663376</MetadataToken>
              <Name>System.Void NetUtils.MemoryCache.Utils.LazyDisposable`1::Dispose(System.Boolean)</Name>
              <FileRef uid="101" />
              <SequencePoints>
                <SequencePoint vc="1" uspid="1134" ordinal="0" offset="0" sl="42" sc="9" el="42" ec="10" bec="0" bev="0" fileid="101" />
                <SequencePoint vc="1" uspid="1135" ordinal="1" offset="1" sl="43" sc="13" el="43" ec="33" bec="2" bev="1" fileid="101" />
                <SequencePoint vc="0" uspid="1136" ordinal="2" offset="11" sl="44" sc="13" el="44" ec="14" bec="0" bev="0" fileid="101" />
                <SequencePoint vc="0" uspid="1137" ordinal="3" offset="12" sl="45" sc="17" el="45" ec="24" bec="0" bev="0" fileid="101" />
                <SequencePoint vc="1" uspid="1138" ordinal="4" offset="14" sl="48" sc="13" el="48" ec="27" bec="2" bev="1" fileid="101" />
                <SequencePoint vc="1" uspid="1139" ordinal="5" offset="19" sl="49" sc="13" el="49" ec="14" bec="0" bev="0" fileid="101" />
                <SequencePoint vc="1" uspid="1140" ordinal="6" offset="20" sl="50" sc="17" el="50" ec="41" bec="0" bev="0" fileid="101" />
                <SequencePoint vc="1" uspid="1141" ordinal="7" offset="27" sl="51" sc="13" el="51" ec="14" bec="0" bev="0" fileid="101" />
                <SequencePoint vc="1" uspid="1142" ordinal="8" offset="28" sl="53" sc="13" el="53" ec="36" bec="0" bev="0" fileid="101" />
                <SequencePoint vc="1" uspid="1143" ordinal="9" offset="35" sl="54" sc="9" el="54" ec="10" bec="0" bev="0" fileid="101" />
              </SequencePoints>
              <BranchPoints>
                <BranchPoint vc="0" uspid="1144" ordinal="0" offset="9" sl="43" path="0" offsetend="11" fileid="101" />
                <BranchPoint vc="1" uspid="1145" ordinal="1" offset="9" sl="43" path="1" offsetend="14" fileid="101" />
                <BranchPoint vc="1" uspid="1146" ordinal="2" offset="17" sl="48" path="0" offsetend="19" fileid="101" />
                <BranchPoint vc="0" uspid="1147" ordinal="3" offset="17" sl="48" path="1" offsetend="28" fileid="101" />
              </BranchPoints>
              <MethodPoint xsi:type="SequencePoint" vc="1" uspid="1134" ordinal="0" offset="0" sl="42" sc="9" el="42" ec="10" bec="0" bev="0" fileid="101" />
            </Method>
            <Method visited="true" cyclomaticComplexity="3" nPathComplexity="2" sequenceCoverage="100" branchCoverage="66.67" isConstructor="false" isStatic="false" isGetter="false" isSetter="false">
              <Summary numSequencePoints="6" visitedSequencePoints="6" numBranchPoints="3" visitedBranchPoints="2" sequenceCoverage="100" branchCoverage="66.67" maxCyclomaticComplexity="3" minCyclomaticComplexity="3" visitedClasses="0" numClasses="0" visitedMethods="1" numMethods="1" />
              <MetadataToken>100663377</MetadataToken>
              <Name>System.Void NetUtils.MemoryCache.Utils.LazyDisposable`1::DisposeResources()</Name>
              <FileRef uid="101" />
              <SequencePoints>
                <SequencePoint vc="1" uspid="1148" ordinal="0" offset="0" sl="57" sc="9" el="57" ec="10" bec="0" bev="0" fileid="101" />
                <SequencePoint vc="1" uspid="1149" ordinal="1" offset="1" sl="58" sc="13" el="58" ec="77" bec="2" bev="1" fileid="101" />
                <SequencePoint vc="1" uspid="1150" ordinal="2" offset="37" sl="59" sc="13" el="59" ec="14" bec="0" bev="0" fileid="101" />
                <SequencePoint vc="1" uspid="1151" ordinal="3" offset="38" sl="60" sc="17" el="60" ec="38" bec="0" bev="0" fileid="101" />
                <SequencePoint vc="1" uspid="1152" ordinal="4" offset="45" sl="61" sc="13" el="61" ec="14" bec="0" bev="0" fileid="101" />
                <SequencePoint vc="1" uspid="1153" ordinal="5" offset="46" sl="62" sc="9" el="62" ec="10" bec="0" bev="0" fileid="101" />
              </SequencePoints>
              <BranchPoints>
                <BranchPoint vc="1" uspid="1156" ordinal="2" offset="35" sl="58" path="0" offsetend="37" fileid="101" />
                <BranchPoint vc="0" uspid="1157" ordinal="3" offset="35" sl="58" path="1" offsetend="46" fileid="101" />
              </BranchPoints>
              <MethodPoint xsi:type="SequencePoint" vc="1" uspid="1148" ordinal="0" offset="0" sl="57" sc="9" el="57" ec="10" bec="0" bev="0" fileid="101" />
            </Method>
          </Methods>
        </Class>
        <Class>
          <Summary numSequencePoints="21" visitedSequencePoints="11" numBranchPoints="11" visitedBranchPoints="6" sequenceCoverage="52.38" branchCoverage="54.55" maxCyclomaticComplexity="3" minCyclomaticComplexity="1" visitedClasses="1" numClasses="1" visitedMethods="2" numMethods="3" />
          <FullName>NetUtils.MemoryCache.Utils.LazyUtils</FullName>
          <Methods>
            <Method visited="true" cyclomaticComplexity="3" nPathComplexity="4" sequenceCoverage="100" branchCoverage="100" isConstructor="false" isStatic="true" isGetter="false" isSetter="false">
              <Summary numSequencePoints="10" visitedSequencePoints="10" numBranchPoints="5" visitedBranchPoints="5" sequenceCoverage="100" branchCoverage="100" maxCyclomaticComplexity="3" minCyclomaticComplexity="3" visitedClasses="0" numClasses="0" visitedMethods="1" numMethods="1" />
              <MetadataToken>100663378</MetadataToken>
              <Name>System.Lazy`1&lt;T&gt; NetUtils.MemoryCache.Utils.LazyUtils::ToLazy(System.Func`1&lt;T&gt;,System.Boolean)</Name>
              <FileRef uid="102" />
              <SequencePoints>
                <SequencePoint vc="44705" uspid="1158" ordinal="0" offset="0" sl="11" sc="9" el="11" ec="10" bec="0" bev="0" fileid="102" />
                <SequencePoint vc="44705" uspid="1159" ordinal="1" offset="1" sl="12" sc="13" el="12" ec="30" bec="2" bev="2" fileid="102" />
                <SequencePoint vc="11" uspid="1160" ordinal="2" offset="9" sl="13" sc="13" el="13" ec="14" bec="0" bev="0" fileid="102" />
                <SequencePoint vc="11" uspid="1161" ordinal="3" offset="10" sl="14" sc="17" el="14" ec="29" bec="0" bev="0" fileid="102" />
                <SequencePoint vc="44694" uspid="1162" ordinal="4" offset="14" sl="17" sc="13" el="17" ec="62" bec="2" bev="2" fileid="102" />
                <SequencePoint vc="1" uspid="1163" ordinal="5" offset="38" sl="18" sc="13" el="18" ec="14" bec="0" bev="0" fileid="102" />
                <SequencePoint vc="1" uspid="1164" ordinal="6" offset="39" sl="19" sc="17" el="19" ec="80" bec="0" bev="0" fileid="102" />
                <SequencePoint vc="44693" uspid="1165" ordinal="7" offset="49" sl="22" sc="13" el="22" ec="14" bec="0" bev="0" fileid="102" />
                <SequencePoint vc="44693" uspid="1166" ordinal="8" offset="50" sl="23" sc="17" el="23" ec="70" bec="0" bev="0" fileid="102" />
                <SequencePoint vc="44705" uspid="1167" ordinal="9" offset="60" sl="25" sc="9" el="25" ec="10" bec="0" bev="0" fileid="102" />
              </SequencePoints>
              <BranchPoints>
                <BranchPoint vc="11" uspid="1168" ordinal="0" offset="7" sl="12" path="0" offsetend="9" fileid="102" />
                <BranchPoint vc="44694" uspid="1169" ordinal="1" offset="7" sl="12" path="1" offsetend="14" fileid="102" />
                <BranchPoint vc="1" uspid="1170" ordinal="2" offset="36" sl="17" path="0" offsetend="38" fileid="102" />
                <BranchPoint vc="44693" uspid="1171" ordinal="3" offset="36" sl="17" path="1" offsetend="49" fileid="102" />
              </BranchPoints>
              <MethodPoint xsi:type="SequencePoint" vc="44705" uspid="1158" ordinal="0" offset="0" sl="11" sc="9" el="11" ec="10" bec="0" bev="0" fileid="102" />
            </Method>
            <Method visited="false" cyclomaticComplexity="3" nPathComplexity="4" sequenceCoverage="0" branchCoverage="0" isConstructor="false" isStatic="true" isGetter="false" isSetter="false">
              <Summary numSequencePoints="10" visitedSequencePoints="0" numBranchPoints="5" visitedBranchPoints="0" sequenceCoverage="0" branchCoverage="0" maxCyclomaticComplexity="3" minCyclomaticComplexity="3" visitedClasses="0" numClasses="0" visitedMethods="0" numMethods="1" />
              <MetadataToken>100663379</MetadataToken>
              <Name>System.Lazy`1&lt;T&gt; NetUtils.MemoryCache.Utils.LazyUtils::ToLazy(System.Func`1&lt;System.Threading.Tasks.Task`1&lt;T&gt;&gt;,System.Boolean)</Name>
              <FileRef uid="102" />
              <SequencePoints>
                <SequencePoint vc="0" uspid="1172" ordinal="0" offset="13" sl="28" sc="9" el="28" ec="10" bec="0" bev="0" fileid="102" />
                <SequencePoint vc="0" uspid="1173" ordinal="1" offset="14" sl="29" sc="13" el="29" ec="30" bec="2" bev="0" fileid="102" />
                <SequencePoint vc="0" uspid="1174" ordinal="2" offset="27" sl="30" sc="13" el="30" ec="14" bec="0" bev="0" fileid="102" />
                <SequencePoint vc="0" uspid="1175" ordinal="3" offset="28" sl="31" sc="17" el="31" ec="29" bec="0" bev="0" fileid="102" />
                <SequencePoint vc="0" uspid="1176" ordinal="4" offset="32" sl="34" sc="13" el="34" ec="62" bec="2" bev="0" fileid="102" />
                <SequencePoint vc="0" uspid="1177" ordinal="5" offset="56" sl="35" sc="13" el="35" ec="14" bec="0" bev="0" fileid="102" />
                <SequencePoint vc="0" uspid="1178" ordinal="6" offset="57" sl="36" sc="17" el="36" ec="142" bec="0" bev="0" fileid="102" />
                <SequencePoint vc="0" uspid="1179" ordinal="7" offset="78" sl="39" sc="13" el="39" ec="14" bec="0" bev="0" fileid="102" />
                <SequencePoint vc="0" uspid="1180" ordinal="8" offset="79" sl="40" sc="17" el="40" ec="132" bec="0" bev="0" fileid="102" />
                <SequencePoint vc="0" uspid="1181" ordinal="9" offset="100" sl="42" sc="9" el="42" ec="10" bec="0" bev="0" fileid="102" />
              </SequencePoints>
              <BranchPoints>
                <BranchPoint vc="0" uspid="1182" ordinal="0" offset="25" sl="29" path="0" offsetend="27" fileid="102" />
                <BranchPoint vc="0" uspid="1183" ordinal="1" offset="25" sl="29" path="1" offsetend="32" fileid="102" />
                <BranchPoint vc="0" uspid="1184" ordinal="2" offset="54" sl="34" path="0" offsetend="56" fileid="102" />
                <BranchPoint vc="0" uspid="1185" ordinal="3" offset="54" sl="34" path="1" offsetend="78" fileid="102" />
              </BranchPoints>
              <MethodPoint vc="0" uspid="1186" ordinal="0" offset="0" />
            </Method>
            <Method visited="true" cyclomaticComplexity="1" nPathComplexity="0" sequenceCoverage="100" branchCoverage="100" isConstructor="true" isStatic="true" isGetter="false" isSetter="false">
              <Summary numSequencePoints="1" visitedSequencePoints="1" numBranchPoints="1" visitedBranchPoints="1" sequenceCoverage="100" branchCoverage="100" maxCyclomaticComplexity="1" minCyclomaticComplexity="1" visitedClasses="0" numClasses="0" visitedMethods="1" numMethods="1" />
              <MetadataToken>100663380</MetadataToken>
              <Name>System.Void NetUtils.MemoryCache.Utils.LazyUtils::.cctor()</Name>
              <FileRef uid="102" />
              <SequencePoints>
                <SequencePoint vc="1" uspid="1187" ordinal="0" offset="0" sl="8" sc="9" el="8" ec="77" bec="0" bev="0" fileid="102" />
              </SequencePoints>
              <BranchPoints />
              <MethodPoint xsi:type="SequencePoint" vc="1" uspid="1187" ordinal="0" offset="0" sl="8" sc="9" el="8" ec="77" bec="0" bev="0" fileid="102" />
            </Method>
          </Methods>
        </Class>
        <Class>
          <Summary numSequencePoints="2" visitedSequencePoints="0" numBranchPoints="2" visitedBranchPoints="0" sequenceCoverage="0" branchCoverage="0" maxCyclomaticComplexity="1" minCyclomaticComplexity="1" visitedClasses="0" numClasses="1" visitedMethods="0" numMethods="2" />
          <FullName>NetUtils.MemoryCache.Utils.LazyUtils/&lt;&gt;c__DisplayClass2_0`1</FullName>
          <Methods>
            <Method visited="false" cyclomaticComplexity="1" nPathComplexity="0" sequenceCoverage="0" branchCoverage="0" isConstructor="true" isStatic="false" isGetter="false" isSetter="false">
              <Summary numSequencePoints="0" visitedSequencePoints="0" numBranchPoints="0" visitedBranchPoints="0" sequenceCoverage="0" branchCoverage="0" maxCyclomaticComplexity="1" minCyclomaticComplexity="1" visitedClasses="0" numClasses="0" visitedMethods="0" numMethods="0" />
              <MetadataToken>100663408</MetadataToken>
              <Name>System.Void NetUtils.MemoryCache.Utils.LazyUtils/&lt;&gt;c__DisplayClass2_0`1::.ctor()</Name>
              <SequencePoints />
              <BranchPoints />
              <MethodPoint vc="0" uspid="1188" ordinal="0" offset="0" />
            </Method>
            <Method visited="false" cyclomaticComplexity="1" nPathComplexity="0" sequenceCoverage="0" branchCoverage="0" isConstructor="false" isStatic="false" isGetter="false" isSetter="false">
              <Summary numSequencePoints="1" visitedSequencePoints="0" numBranchPoints="1" visitedBranchPoints="0" sequenceCoverage="0" branchCoverage="0" maxCyclomaticComplexity="1" minCyclomaticComplexity="1" visitedClasses="0" numClasses="0" visitedMethods="0" numMethods="1" />
              <MetadataToken>100663409</MetadataToken>
              <Name>T NetUtils.MemoryCache.Utils.LazyUtils/&lt;&gt;c__DisplayClass2_0`1::&lt;ToLazy&gt;b__0()</Name>
              <FileRef uid="102" />
              <SequencePoints>
                <SequencePoint vc="0" uspid="1189" ordinal="0" offset="0" sl="36" sc="52" el="36" ec="112" bec="0" bev="0" fileid="102" />
              </SequencePoints>
              <BranchPoints />
              <MethodPoint xsi:type="SequencePoint" vc="0" uspid="1189" ordinal="0" offset="0" sl="36" sc="52" el="36" ec="112" bec="0" bev="0" fileid="102" />
            </Method>
            <Method visited="false" cyclomaticComplexity="1" nPathComplexity="0" sequenceCoverage="0" branchCoverage="0" isConstructor="false" isStatic="false" isGetter="false" isSetter="false">
              <Summary numSequencePoints="1" visitedSequencePoints="0" numBranchPoints="1" visitedBranchPoints="0" sequenceCoverage="0" branchCoverage="0" maxCyclomaticComplexity="1" minCyclomaticComplexity="1" visitedClasses="0" numClasses="0" visitedMethods="0" numMethods="1" />
              <MetadataToken>100663410</MetadataToken>
              <Name>T NetUtils.MemoryCache.Utils.LazyUtils/&lt;&gt;c__DisplayClass2_0`1::&lt;ToLazy&gt;b__1()</Name>
              <FileRef uid="102" />
              <SequencePoints>
                <SequencePoint vc="0" uspid="1190" ordinal="0" offset="0" sl="40" sc="42" el="40" ec="102" bec="0" bev="0" fileid="102" />
              </SequencePoints>
              <BranchPoints />
              <MethodPoint xsi:type="SequencePoint" vc="0" uspid="1190" ordinal="0" offset="0" sl="40" sc="42" el="40" ec="102" bec="0" bev="0" fileid="102" />
            </Method>
          </Methods>
        </Class>
        <Class>
          <Summary numSequencePoints="13" visitedSequencePoints="10" numBranchPoints="7" visitedBranchPoints="3" sequenceCoverage="76.92" branchCoverage="42.86" maxCyclomaticComplexity="2" minCyclomaticComplexity="1" visitedClasses="1" numClasses="1" visitedMethods="2" numMethods="5" />
          <FullName>NetUtils.MemoryCache.Utils.PerfMonitorScope</FullName>
          <Methods>
            <Method visited="false" cyclomaticComplexity="1" nPathComplexity="0" sequenceCoverage="0" branchCoverage="0" isConstructor="false" isStatic="false" isGetter="true" isSetter="false">
              <Summary numSequencePoints="1" visitedSequencePoints="0" numBranchPoints="1" visitedBranchPoints="0" sequenceCoverage="0" branchCoverage="0" maxCyclomaticComplexity="1" minCyclomaticComplexity="1" visitedClasses="0" numClasses="0" visitedMethods="0" numMethods="1" />
              <MetadataToken>100663385</MetadataToken>
              <Name>System.Int64 NetUtils.MemoryCache.Utils.PerfMonitorScope::get_ElapsedMilliseconds()</Name>
              <FileRef uid="104" />
              <SequencePoints>
                <SequencePoint vc="0" uspid="1191" ordinal="0" offset="0" sl="27" sc="44" el="27" ec="74" bec="0" bev="0" fileid="104" />
              </SequencePoints>
              <BranchPoints />
              <MethodPoint xsi:type="SequencePoint" vc="0" uspid="1191" ordinal="0" offset="0" sl="27" sc="44" el="27" ec="74" bec="0" bev="0" fileid="104" />
            </Method>
            <Method visited="false" cyclomaticComplexity="1" nPathComplexity="0" sequenceCoverage="0" branchCoverage="0" isConstructor="false" isStatic="false" isGetter="true" isSetter="false">
              <Summary numSequencePoints="1" visitedSequencePoints="0" numBranchPoints="1" visitedBranchPoints="0" sequenceCoverage="0" branchCoverage="0" maxCyclomaticComplexity="1" minCyclomaticComplexity="1" visitedClasses="0" numClasses="0" visitedMethods="0" numMethods="1" />
              <MetadataToken>100663386</MetadataToken>
              <Name>System.TimeSpan NetUtils.MemoryCache.Utils.PerfMonitorScope::get_Elapsed()</Name>
              <FileRef uid="104" />
              <SequencePoints>
                <SequencePoint vc="0" uspid="1192" ordinal="0" offset="0" sl="29" sc="36" el="29" ec="54" bec="0" bev="0" fileid="104" />
              </SequencePoints>
              <BranchPoints />
              <MethodPoint xsi:type="SequencePoint" vc="0" uspid="1192" ordinal="0" offset="0" sl="29" sc="36" el="29" ec="54" bec="0" bev="0" fileid="104" />
            </Method>
            <Method visited="false" cyclomaticComplexity="1" nPathComplexity="0" sequenceCoverage="0" branchCoverage="0" isConstructor="false" isStatic="false" isGetter="true" isSetter="false">
              <Summary numSequencePoints="1" visitedSequencePoints="0" numBranchPoints="1" visitedBranchPoints="0" sequenceCoverage="0" branchCoverage="0" maxCyclomaticComplexity="1" minCyclomaticComplexity="1" visitedClasses="0" numClasses="0" visitedMethods="0" numMethods="1" />
              <MetadataToken>100663387</MetadataToken>
              <Name>System.DateTimeOffset NetUtils.MemoryCache.Utils.PerfMonitorScope::get_StartTime()</Name>
              <FileRef uid="104" />
              <SequencePoints>
                <SequencePoint vc="0" uspid="1193" ordinal="0" offset="0" sl="31" sc="43" el="31" ec="47" bec="0" bev="0" fileid="104" />
              </SequencePoints>
              <BranchPoints />
              <MethodPoint xsi:type="SequencePoint" vc="0" uspid="1193" ordinal="0" offset="0" sl="31" sc="43" el="31" ec="47" bec="0" bev="0" fileid="104" />
            </Method>
            <Method visited="true" cyclomaticComplexity="1" nPathComplexity="0" sequenceCoverage="100" branchCoverage="100" isConstructor="true" isStatic="false" isGetter="false" isSetter="false">
              <Summary numSequencePoints="6" visitedSequencePoints="6" numBranchPoints="1" visitedBranchPoints="1" sequenceCoverage="100" branchCoverage="100" maxCyclomaticComplexity="1" minCyclomaticComplexity="1" visitedClasses="0" numClasses="0" visitedMethods="1" numMethods="1" />
              <MetadataToken>100663384</MetadataToken>
              <Name>System.Void NetUtils.MemoryCache.Utils.PerfMonitorScope::.ctor(System.Action`1&lt;System.Diagnostics.Stopwatch&gt;)</Name>
              <FileRef uid="104" />
              <SequencePoints>
                <SequencePoint vc="33" uspid="1194" ordinal="0" offset="0" sl="20" sc="9" el="20" ec="65" bec="0" bev="0" fileid="104" />
                <SequencePoint vc="33" uspid="1195" ordinal="1" offset="7" sl="21" sc="9" el="21" ec="10" bec="0" bev="0" fileid="104" />
                <SequencePoint vc="33" uspid="1196" ordinal="2" offset="8" sl="22" sc="13" el="22" ec="44" bec="0" bev="0" fileid="104" />
                <SequencePoint vc="33" uspid="1197" ordinal="3" offset="19" sl="23" sc="13" el="23" ec="47" bec="0" bev="0" fileid="104" />
                <SequencePoint vc="33" uspid="1198" ordinal="4" offset="30" sl="24" sc="13" el="24" ec="30" bec="0" bev="0" fileid="104" />
                <SequencePoint vc="33" uspid="1199" ordinal="5" offset="37" sl="25" sc="9" el="25" ec="10" bec="0" bev="0" fileid="104" />
              </SequencePoints>
              <BranchPoints />
              <MethodPoint xsi:type="SequencePoint" vc="33" uspid="1194" ordinal="0" offset="0" sl="20" sc="9" el="20" ec="65" bec="0" bev="0" fileid="104" />
            </Method>
            <Method visited="true" cyclomaticComplexity="2" nPathComplexity="2" sequenceCoverage="100" branchCoverage="66.67" isConstructor="false" isStatic="false" isGetter="false" isSetter="false">
              <Summary numSequencePoints="4" visitedSequencePoints="4" numBranchPoints="3" visitedBranchPoints="2" sequenceCoverage="100" branchCoverage="66.67" maxCyclomaticComplexity="2" minCyclomaticComplexity="2" visitedClasses="0" numClasses="0" visitedMethods="1" numMethods="1" />
              <MetadataToken>100663388</MetadataToken>
              <Name>System.Void NetUtils.MemoryCache.Utils.PerfMonitorScope::DisposeResources()</Name>
              <FileRef uid="104" />
              <SequencePoints>
                <SequencePoint vc="33" uspid="1200" ordinal="0" offset="0" sl="34" sc="9" el="34" ec="10" bec="0" bev="0" fileid="104" />
                <SequencePoint vc="33" uspid="1201" ordinal="1" offset="1" sl="35" sc="13" el="35" ec="31" bec="0" bev="0" fileid="104" />
                <SequencePoint vc="33" uspid="1202" ordinal="2" offset="13" sl="36" sc="13" el="36" ec="41" bec="2" bev="1" fileid="104" />
                <SequencePoint vc="33" uspid="1203" ordinal="3" offset="37" sl="37" sc="9" el="37" ec="10" bec="0" bev="0" fileid="104" />
              </SequencePoints>
              <BranchPoints>
                <BranchPoint vc="0" uspid="1204" ordinal="0" offset="20" sl="36" path="0" offsetend="22" fileid="104" />
                <BranchPoint vc="33" uspid="1205" ordinal="1" offset="20" sl="36" path="1" offsetend="25" fileid="104" />
              </BranchPoints>
              <MethodPoint xsi:type="SequencePoint" vc="33" uspid="1200" ordinal="0" offset="0" sl="34" sc="9" el="34" ec="10" bec="0" bev="0" fileid="104" />
            </Method>
          </Methods>
        </Class>
        <Class>
          <Summary numSequencePoints="7" visitedSequencePoints="7" numBranchPoints="3" visitedBranchPoints="3" sequenceCoverage="100" branchCoverage="100" maxCyclomaticComplexity="2" minCyclomaticComplexity="2" visitedClasses="1" numClasses="1" visitedMethods="1" numMethods="1" />
          <FullName>NetUtils.MemoryCache.Utils.RandomUtil</FullName>
          <Methods>
            <Method visited="true" cyclomaticComplexity="2" nPathComplexity="2" sequenceCoverage="100" branchCoverage="100" isConstructor="false" isStatic="true" isGetter="true" isSetter="false">
              <Summary numSequencePoints="7" visitedSequencePoints="7" numBranchPoints="3" visitedBranchPoints="3" sequenceCoverage="100" branchCoverage="100" maxCyclomaticComplexity="2" minCyclomaticComplexity="2" visitedClasses="0" numClasses="0" visitedMethods="1" numMethods="1" />
              <MetadataToken>100663389</MetadataToken>
              <Name>System.Random NetUtils.MemoryCache.Utils.RandomUtil::get_Random()</Name>
              <FileRef uid="105" />
              <SequencePoints>
                <SequencePoint vc="28" uspid="1206" ordinal="0" offset="0" sl="12" sc="13" el="12" ec="14" bec="0" bev="0" fileid="105" />
                <SequencePoint vc="28" uspid="1207" ordinal="1" offset="1" sl="13" sc="17" el="13" ec="37" bec="2" bev="2" fileid="105" />
                <SequencePoint vc="16" uspid="1208" ordinal="2" offset="13" sl="14" sc="17" el="14" ec="18" bec="0" bev="0" fileid="105" />
                <SequencePoint vc="16" uspid="1209" ordinal="3" offset="14" sl="15" sc="21" el="15" ec="72" bec="0" bev="0" fileid="105" />
                <SequencePoint vc="16" uspid="1210" ordinal="4" offset="43" sl="16" sc="17" el="16" ec="18" bec="0" bev="0" fileid="105" />
                <SequencePoint vc="28" uspid="1211" ordinal="5" offset="44" sl="17" sc="17" el="17" ec="32" bec="0" bev="0" fileid="105" />
                <SequencePoint vc="28" uspid="1212" ordinal="6" offset="52" sl="18" sc="13" el="18" ec="14" bec="0" bev="0" fileid="105" />
              </SequencePoints>
              <BranchPoints>
                <BranchPoint vc="16" uspid="1213" ordinal="0" offset="11" sl="13" path="0" offsetend="13" fileid="105" />
                <BranchPoint vc="12" uspid="1214" ordinal="1" offset="11" sl="13" path="1" offsetend="44" fileid="105" />
              </BranchPoints>
              <MethodPoint xsi:type="SequencePoint" vc="28" uspid="1206" ordinal="0" offset="0" sl="12" sc="13" el="12" ec="14" bec="0" bev="0" fileid="105" />
            </Method>
          </Methods>
        </Class>
      </Classes>
    </Module>
    <Module skippedDueTo="Filter" hash="49-CA-DC-14-20-AE-33-DE-95-D2-0D-69-DB-98-CF-97-33-60-AD-B6">
      <ModulePath>C:\Windows\Microsoft.Net\assembly\GAC_MSIL\System.ValueTuple\v4.0_4.0.0.0__cc7b13ffcd2ddd51\System.ValueTuple.dll</ModulePath>
      <ModuleTime>2017-11-07T01:33:23.6048957Z</ModuleTime>
      <ModuleName>System.ValueTuple</ModuleName>
      <Classes />
    </Module>
    <Module skippedDueTo="Filter" hash="72-0F-DC-27-2C-A7-6C-6C-15-7F-68-81-20-4E-A8-75-A3-26-BE-82">
      <ModulePath>C:\Windows\Microsoft.Net\assembly\GAC_MSIL\System.Net.Http\v4.0_4.0.0.0__b03f5f7f11d50a3a\System.Net.Http.dll</ModulePath>
      <ModuleTime>2018-02-02T21:11:26Z</ModuleTime>
      <ModuleName>System.Net.Http</ModuleName>
      <Classes />
    </Module>
    <Module skippedDueTo="Filter" hash="58-2A-4C-0C-25-69-3C-E5-E8-8F-0E-35-DB-19-D0-78-0E-D1-10-FA">
      <ModulePath>C:\Windows\Microsoft.Net\assembly\GAC_MSIL\System.Xml\v4.0_4.0.0.0__b77a5c561934e089\System.Xml.dll</ModulePath>
      <ModuleTime>2017-11-22T20:59:08Z</ModuleTime>
      <ModuleName>System.Xml</ModuleName>
      <Classes />
    </Module>
    <Module skippedDueTo="MissingPdb" hash="F4-A2-17-D2-DD-E7-68-D3-AF-B0-D1-90-F3-BE-0C-83-B7-B1-15-63">
      <ModulePath>D:\Enlistment\git\NetUtils.MemoryCache\test\NetUtils.MemoryCache.Tests\bin\Debug\net462\FluentAssertions.dll</ModulePath>
      <ModuleTime>2018-05-30T14:59:00Z</ModuleTime>
      <ModuleName>FluentAssertions</ModuleName>
      <Classes />
    </Module>
    <Module skippedDueTo="Filter" hash="36-90-87-48-D3-07-71-2D-B3-BF-60-71-4E-1B-2B-3A-D5-07-B5-38">
      <ModulePath>C:\Program Files\dotnet\shared\Microsoft.NETCore.App\2.1.0\System.ComponentModel.TypeConverter.dll</ModulePath>
      <ModuleTime>2018-05-15T21:03:34Z</ModuleTime>
      <ModuleName>System.ComponentModel.TypeConverter</ModuleName>
      <Classes />
    </Module>
    <Module skippedDueTo="Filter" hash="67-F3-8D-FF-58-30-5E-3A-00-E2-F7-7A-6C-29-19-0F-81-5F-8A-FB">
      <ModulePath>C:\Program Files\dotnet\shared\Microsoft.NETCore.App\2.1.0\System.ComponentModel.dll</ModulePath>
      <ModuleTime>2018-05-15T21:03:34Z</ModuleTime>
      <ModuleName>System.ComponentModel</ModuleName>
      <Classes />
    </Module>
    <Module skippedDueTo="Filter" hash="A2-2B-54-37-17-00-1E-EF-79-AE-A3-33-ED-63-E0-49-8A-A8-BA-8F">
      <ModulePath>C:\Program Files\dotnet\shared\Microsoft.NETCore.App\2.1.0\System.Runtime.Serialization.Json.dll</ModulePath>
      <ModuleTime>2018-05-15T21:03:38Z</ModuleTime>
      <ModuleName>System.Runtime.Serialization.Json</ModuleName>
      <Classes />
    </Module>
    <Module skippedDueTo="Filter" hash="30-5E-25-3B-49-95-17-0A-17-F8-FC-10-EE-09-B9-09-D2-96-7E-BC">
      <ModulePath>C:\Program Files\dotnet\shared\Microsoft.NETCore.App\2.1.0\System.Private.DataContractSerialization.dll</ModulePath>
      <ModuleTime>2018-05-15T21:03:36Z</ModuleTime>
      <ModuleName>System.Private.DataContractSerialization</ModuleName>
      <Classes />
    </Module>
    <Module skippedDueTo="Filter" hash="BB-70-F4-68-DD-92-B3-F6-FB-00-D6-D4-4C-56-CB-EF-A3-91-1B-0D">
      <ModulePath>C:\Program Files\dotnet\shared\Microsoft.NETCore.App\2.1.0\System.Reflection.Emit.ILGeneration.dll</ModulePath>
      <ModuleTime>2018-05-15T21:03:38Z</ModuleTime>
      <ModuleName>System.Reflection.Emit.ILGeneration</ModuleName>
      <Classes />
    </Module>
    <Module skippedDueTo="Filter" hash="38-CE-AE-5A-FB-25-CF-0E-7C-94-96-84-5F-7C-AD-3A-56-F4-A2-A4">
      <ModulePath>C:\Program Files\dotnet\shared\Microsoft.NETCore.App\2.1.0\System.Reflection.Emit.Lightweight.dll</ModulePath>
      <ModuleTime>2018-05-15T21:03:38Z</ModuleTime>
      <ModuleName>System.Reflection.Emit.Lightweight</ModuleName>
      <Classes />
    </Module>
    <Module skippedDueTo="Filter" hash="CC-EB-DD-C7-0A-85-19-06-8D-84-86-4E-4E-44-CF-17-AF-4A-84-68">
      <ModulePath>C:\Program Files\dotnet\shared\Microsoft.NETCore.App\2.1.0\System.Reflection.Primitives.dll</ModulePath>
      <ModuleTime>2018-05-15T21:03:38Z</ModuleTime>
      <ModuleName>System.Reflection.Primitives</ModuleName>
      <Classes />
    </Module>
    <Module skippedDueTo="Filter" hash="CB-12-65-F6-90-16-FC-23-6A-26-15-3E-1B-83-6E-7F-57-AF-33-D3">
      <ModulePath>C:\Program Files\dotnet\shared\Microsoft.NETCore.App\2.1.0\System.Runtime.Serialization.Formatters.dll</ModulePath>
      <ModuleTime>2018-05-15T21:03:38Z</ModuleTime>
      <ModuleName>System.Runtime.Serialization.Formatters</ModuleName>
      <Classes />
    </Module>
    <Module skippedDueTo="Filter" hash="81-DE-41-E4-CF-35-79-0F-0A-D0-B6-43-FC-EB-6A-47-5F-D8-69-04">
      <ModulePath>C:\Windows\Microsoft.Net\assembly\GAC_MSIL\System.Configuration\v4.0_4.0.0.0__b03f5f7f11d50a3a\System.Configuration.dll</ModulePath>
      <ModuleTime>2017-11-07T01:33:22.0169058Z</ModuleTime>
      <ModuleName>System.Configuration</ModuleName>
      <Classes />
    </Module>
  </Modules>
</CoverageSession>